Archive member included because of file (symbol)

c:/program files (x86)/atmel/atmel toolchain/avr8 gcc/native/3.4.1061/avr8-gnu-toolchain/bin/../lib/gcc/avr/4.8.1/../../../../avr/lib/avr6\libm.a(addsf3.o)
                              mySharpIR.o (__subsf3)
c:/program files (x86)/atmel/atmel toolchain/avr8 gcc/native/3.4.1061/avr8-gnu-toolchain/bin/../lib/gcc/avr/4.8.1/../../../../avr/lib/avr6\libm.a(addsf3x.o)
                              c:/program files (x86)/atmel/atmel toolchain/avr8 gcc/native/3.4.1061/avr8-gnu-toolchain/bin/../lib/gcc/avr/4.8.1/../../../../avr/lib/avr6\libm.a(addsf3.o) (__addsf3x)
c:/program files (x86)/atmel/atmel toolchain/avr8 gcc/native/3.4.1061/avr8-gnu-toolchain/bin/../lib/gcc/avr/4.8.1/../../../../avr/lib/avr6\libm.a(fixsfsi.o)
                              mySharpIR.o (__fixsfsi)
c:/program files (x86)/atmel/atmel toolchain/avr8 gcc/native/3.4.1061/avr8-gnu-toolchain/bin/../lib/gcc/avr/4.8.1/../../../../avr/lib/avr6\libm.a(fixunssfsi.o)
                              c:/program files (x86)/atmel/atmel toolchain/avr8 gcc/native/3.4.1061/avr8-gnu-toolchain/bin/../lib/gcc/avr/4.8.1/../../../../avr/lib/avr6\libm.a(fixsfsi.o) (__fixunssfsi)
c:/program files (x86)/atmel/atmel toolchain/avr8 gcc/native/3.4.1061/avr8-gnu-toolchain/bin/../lib/gcc/avr/4.8.1/../../../../avr/lib/avr6\libm.a(floatsisf.o)
                              mySharpIR.o (__floatsisf)
c:/program files (x86)/atmel/atmel toolchain/avr8 gcc/native/3.4.1061/avr8-gnu-toolchain/bin/../lib/gcc/avr/4.8.1/../../../../avr/lib/avr6\libm.a(fp_inf.o)
                              c:/program files (x86)/atmel/atmel toolchain/avr8 gcc/native/3.4.1061/avr8-gnu-toolchain/bin/../lib/gcc/avr/4.8.1/../../../../avr/lib/avr6\libm.a(addsf3x.o) (__fp_inf)
c:/program files (x86)/atmel/atmel toolchain/avr8 gcc/native/3.4.1061/avr8-gnu-toolchain/bin/../lib/gcc/avr/4.8.1/../../../../avr/lib/avr6\libm.a(fp_nan.o)
                              c:/program files (x86)/atmel/atmel toolchain/avr8 gcc/native/3.4.1061/avr8-gnu-toolchain/bin/../lib/gcc/avr/4.8.1/../../../../avr/lib/avr6\libm.a(addsf3x.o) (__fp_nan)
c:/program files (x86)/atmel/atmel toolchain/avr8 gcc/native/3.4.1061/avr8-gnu-toolchain/bin/../lib/gcc/avr/4.8.1/../../../../avr/lib/avr6\libm.a(fp_pscA.o)
                              c:/program files (x86)/atmel/atmel toolchain/avr8 gcc/native/3.4.1061/avr8-gnu-toolchain/bin/../lib/gcc/avr/4.8.1/../../../../avr/lib/avr6\libm.a(addsf3x.o) (__fp_pscA)
c:/program files (x86)/atmel/atmel toolchain/avr8 gcc/native/3.4.1061/avr8-gnu-toolchain/bin/../lib/gcc/avr/4.8.1/../../../../avr/lib/avr6\libm.a(fp_pscB.o)
                              c:/program files (x86)/atmel/atmel toolchain/avr8 gcc/native/3.4.1061/avr8-gnu-toolchain/bin/../lib/gcc/avr/4.8.1/../../../../avr/lib/avr6\libm.a(addsf3x.o) (__fp_pscB)
c:/program files (x86)/atmel/atmel toolchain/avr8 gcc/native/3.4.1061/avr8-gnu-toolchain/bin/../lib/gcc/avr/4.8.1/../../../../avr/lib/avr6\libm.a(fp_round.o)
                              c:/program files (x86)/atmel/atmel toolchain/avr8 gcc/native/3.4.1061/avr8-gnu-toolchain/bin/../lib/gcc/avr/4.8.1/../../../../avr/lib/avr6\libm.a(addsf3.o) (__fp_round)
c:/program files (x86)/atmel/atmel toolchain/avr8 gcc/native/3.4.1061/avr8-gnu-toolchain/bin/../lib/gcc/avr/4.8.1/../../../../avr/lib/avr6\libm.a(fp_split3.o)
                              c:/program files (x86)/atmel/atmel toolchain/avr8 gcc/native/3.4.1061/avr8-gnu-toolchain/bin/../lib/gcc/avr/4.8.1/../../../../avr/lib/avr6\libm.a(addsf3x.o) (__fp_split3)
c:/program files (x86)/atmel/atmel toolchain/avr8 gcc/native/3.4.1061/avr8-gnu-toolchain/bin/../lib/gcc/avr/4.8.1/../../../../avr/lib/avr6\libm.a(fp_zero.o)
                              c:/program files (x86)/atmel/atmel toolchain/avr8 gcc/native/3.4.1061/avr8-gnu-toolchain/bin/../lib/gcc/avr/4.8.1/../../../../avr/lib/avr6\libm.a(addsf3x.o) (__fp_zero)
c:/program files (x86)/atmel/atmel toolchain/avr8 gcc/native/3.4.1061/avr8-gnu-toolchain/bin/../lib/gcc/avr/4.8.1/../../../../avr/lib/avr6\libm.a(mulsf3.o)
                              mySharpIR.o (__mulsf3)
c:/program files (x86)/atmel/atmel toolchain/avr8 gcc/native/3.4.1061/avr8-gnu-toolchain/bin/../lib/gcc/avr/4.8.1/../../../../avr/lib/avr6\libm.a(mulsf3x.o)
                              c:/program files (x86)/atmel/atmel toolchain/avr8 gcc/native/3.4.1061/avr8-gnu-toolchain/bin/../lib/gcc/avr/4.8.1/../../../../avr/lib/avr6\libm.a(mulsf3.o) (__mulsf3x)
c:/program files (x86)/atmel/atmel toolchain/avr8 gcc/native/3.4.1061/avr8-gnu-toolchain/bin/../lib/gcc/avr/4.8.1/../../../../avr/lib/avr6\libm.a(pow.o)
                              mySharpIR.o (pow)
c:/program files (x86)/atmel/atmel toolchain/avr8 gcc/native/3.4.1061/avr8-gnu-toolchain/bin/../lib/gcc/avr/4.8.1/../../../../avr/lib/avr6\libm.a(exp.o)
                              c:/program files (x86)/atmel/atmel toolchain/avr8 gcc/native/3.4.1061/avr8-gnu-toolchain/bin/../lib/gcc/avr/4.8.1/../../../../avr/lib/avr6\libm.a(pow.o) (exp)
c:/program files (x86)/atmel/atmel toolchain/avr8 gcc/native/3.4.1061/avr8-gnu-toolchain/bin/../lib/gcc/avr/4.8.1/../../../../avr/lib/avr6\libm.a(fp_powser.o)
                              c:/program files (x86)/atmel/atmel toolchain/avr8 gcc/native/3.4.1061/avr8-gnu-toolchain/bin/../lib/gcc/avr/4.8.1/../../../../avr/lib/avr6\libm.a(exp.o) (__fp_powser)
c:/program files (x86)/atmel/atmel toolchain/avr8 gcc/native/3.4.1061/avr8-gnu-toolchain/bin/../lib/gcc/avr/4.8.1/../../../../avr/lib/avr6\libm.a(inverse.o)
                              c:/program files (x86)/atmel/atmel toolchain/avr8 gcc/native/3.4.1061/avr8-gnu-toolchain/bin/../lib/gcc/avr/4.8.1/../../../../avr/lib/avr6\libm.a(exp.o) (inverse)
c:/program files (x86)/atmel/atmel toolchain/avr8 gcc/native/3.4.1061/avr8-gnu-toolchain/bin/../lib/gcc/avr/4.8.1/../../../../avr/lib/avr6\libm.a(ldexp.o)
                              c:/program files (x86)/atmel/atmel toolchain/avr8 gcc/native/3.4.1061/avr8-gnu-toolchain/bin/../lib/gcc/avr/4.8.1/../../../../avr/lib/avr6\libm.a(exp.o) (ldexp)
c:/program files (x86)/atmel/atmel toolchain/avr8 gcc/native/3.4.1061/avr8-gnu-toolchain/bin/../lib/gcc/avr/4.8.1/../../../../avr/lib/avr6\libm.a(log.o)
                              c:/program files (x86)/atmel/atmel toolchain/avr8 gcc/native/3.4.1061/avr8-gnu-toolchain/bin/../lib/gcc/avr/4.8.1/../../../../avr/lib/avr6\libm.a(pow.o) (log)
c:/program files (x86)/atmel/atmel toolchain/avr8 gcc/native/3.4.1061/avr8-gnu-toolchain/bin/../lib/gcc/avr/4.8.1/../../../../avr/lib/avr6\libm.a(modf.o)
                              c:/program files (x86)/atmel/atmel toolchain/avr8 gcc/native/3.4.1061/avr8-gnu-toolchain/bin/../lib/gcc/avr/4.8.1/../../../../avr/lib/avr6\libm.a(exp.o) (modf)
c:/program files (x86)/atmel/atmel toolchain/avr8 gcc/native/3.4.1061/avr8-gnu-toolchain/bin/../lib/gcc/avr/4.8.1/../../../../avr/lib/avr6\libm.a(divsf3.o)
                              c:/program files (x86)/atmel/atmel toolchain/avr8 gcc/native/3.4.1061/avr8-gnu-toolchain/bin/../lib/gcc/avr/4.8.1/../../../../avr/lib/avr6\libm.a(inverse.o) (__divsf3)
c:/program files (x86)/atmel/atmel toolchain/avr8 gcc/native/3.4.1061/avr8-gnu-toolchain/bin/../lib/gcc/avr/4.8.1/../../../../avr/lib/avr6\libm.a(divsf3x.o)
                              c:/program files (x86)/atmel/atmel toolchain/avr8 gcc/native/3.4.1061/avr8-gnu-toolchain/bin/../lib/gcc/avr/4.8.1/../../../../avr/lib/avr6\libm.a(divsf3.o) (__divsf3x)
c:/program files (x86)/atmel/atmel toolchain/avr8 gcc/native/3.4.1061/avr8-gnu-toolchain/bin/../lib/gcc/avr/4.8.1/../../../../avr/lib/avr6\libm.a(fp_mpack.o)
                              c:/program files (x86)/atmel/atmel toolchain/avr8 gcc/native/3.4.1061/avr8-gnu-toolchain/bin/../lib/gcc/avr/4.8.1/../../../../avr/lib/avr6\libm.a(ldexp.o) (__fp_mpack)
c:/program files (x86)/atmel/atmel toolchain/avr8 gcc/native/3.4.1061/avr8-gnu-toolchain/bin/../lib/gcc/avr/4.8.1/avr6\libgcc.a(_divmodhi4.o)
                              FreeRTOS2560.o (__divmodhi4)
c:/program files (x86)/atmel/atmel toolchain/avr8 gcc/native/3.4.1061/avr8-gnu-toolchain/bin/../lib/gcc/avr/4.8.1/avr6\libgcc.a(_exit.o)
                              c:/program files (x86)/atmel/atmel toolchain/avr8 gcc/native/3.4.1061/avr8-gnu-toolchain/bin/../lib/gcc/avr/4.8.1/../../../../avr/lib/avr6/crtm2560.o (exit)
c:/program files (x86)/atmel/atmel toolchain/avr8 gcc/native/3.4.1061/avr8-gnu-toolchain/bin/../lib/gcc/avr/4.8.1/avr6\libgcc.a(_copy_data.o)
                              FreeRTOS2560.o (__do_copy_data)
c:/program files (x86)/atmel/atmel toolchain/avr8 gcc/native/3.4.1061/avr8-gnu-toolchain/bin/../lib/gcc/avr/4.8.1/avr6\libgcc.a(_clear_bss.o)
                              FreeRTOS2560.o (__do_clear_bss)
c:/program files (x86)/atmel/atmel toolchain/avr8 gcc/native/3.4.1061/avr8-gnu-toolchain/bin/../lib/gcc/avr/4.8.1/avr6\libgcc.a(_udivmodhi4.o)
                              c:/program files (x86)/atmel/atmel toolchain/avr8 gcc/native/3.4.1061/avr8-gnu-toolchain/bin/../lib/gcc/avr/4.8.1/avr6\libgcc.a(_divmodhi4.o) (__udivmodhi4)
c:/program files (x86)/atmel/atmel toolchain/avr8 gcc/native/3.4.1061/avr8-gnu-toolchain/bin/../lib/gcc/avr/4.8.1/../../../../avr/lib/avr6\libc.a(memcpy.o)
                              queue.o (memcpy)

Allocating common symbols
Common symbol       size              file

adcReading_L        0x1               myADC.o
uart1_rxBuffer      0x20              myUSART.o
uart0_rxRingBuffer  0x5               myUSART.o
uart0_txBuffer      0x20              myUSART.o
ms_tickStart        0x2               myHcSonar.o
queueObstacleNumber
                    0x2               FreeRTOS2560.o
ms_tickLapsed       0x2               myHcSonar.o
adcReading_H        0x1               myADC.o
semaUsart1HandShake
                    0x2               myUSART.o
uart0_rxBuffer      0x20              myUSART.o
semaGuardStartADC   0x2               myADC.o
uart1_txBuffer      0x20              myUSART.o
us_tickStart        0x2               myHcSonar.o
semaUsart0Receive   0x2               myUSART.o
semaUsart1Receive   0x2               myUSART.o
us_tickLapsed       0x2               myHcSonar.o
uart1_txRingBuffer  0x5               myUSART.o
semaDelayMicro      0x2               myTimer.o
semaReadReady       0x2               myHcSonar.o
uart0_txRingBuffer  0x5               myUSART.o
uart1_rxRingBuffer  0x5               myUSART.o
semaReadADC         0x2               myADC.o
semaDelayMicro2     0x2               myTimer.o
ms_tickEnd          0x2               myHcSonar.o
queueObstacleData   0x2               FreeRTOS2560.o
timerTask           0x2               myTimer.o
us_tickEnd          0x2               myHcSonar.o

Discarded input sections

 .data          0x00000000        0x0 c:/program files (x86)/atmel/atmel toolchain/avr8 gcc/native/3.4.1061/avr8-gnu-toolchain/bin/../lib/gcc/avr/4.8.1/../../../../avr/lib/avr6/crtm2560.o
 .bss           0x00000000        0x0 c:/program files (x86)/atmel/atmel toolchain/avr8 gcc/native/3.4.1061/avr8-gnu-toolchain/bin/../lib/gcc/avr/4.8.1/../../../../avr/lib/avr6/crtm2560.o
 .text          0x00000000        0x0 debugPrint.o
 .data          0x00000000        0x0 debugPrint.o
 .bss           0x00000000        0x0 debugPrint.o
 .debug_line    0x00000000        0x0 debugPrint.o
 .debug_str     0x00000000        0x0 debugPrint.o
 .comment       0x00000000       0x31 debugPrint.o
 .text          0x00000000        0x0 FreeRTOS2560.o
 .data          0x00000000        0x0 FreeRTOS2560.o
 .bss           0x00000000        0x0 FreeRTOS2560.o
 .text.vApplicationIdleHook
                0x00000000        0x2 FreeRTOS2560.o
 .text          0x00000000        0x0 heap_1.o
 .data          0x00000000        0x0 heap_1.o
 .bss           0x00000000        0x0 heap_1.o
 .text.vPortInitialiseBlocks
                0x00000000        0xa heap_1.o
 .text.xPortGetFreeHeapSize
                0x00000000       0x12 heap_1.o
 .text          0x00000000        0x0 list.o
 .data          0x00000000        0x0 list.o
 .bss           0x00000000        0x0 list.o
 .text          0x00000000        0x0 myHcSonar.o
 .data          0x00000000        0x0 myHcSonar.o
 .bss           0x00000000        0x0 myHcSonar.o
 .text.myHcSonar_Start
                0x00000000        0xe myHcSonar.o
 .text.myHcSonar_Read
                0x00000000       0x46 myHcSonar.o
 .text          0x00000000        0x0 myMaxSonar.o
 .data          0x00000000        0x0 myMaxSonar.o
 .bss           0x00000000        0x0 myMaxSonar.o
 .text.myMaxSonar_ReadRaw
                0x00000000        0x6 myMaxSonar.o
 .text          0x00000000        0x0 myADC.o
 .data          0x00000000        0x0 myADC.o
 .bss           0x00000000        0x0 myADC.o
 .text          0x00000000        0x0 myObstacleHandler.o
 .data          0x00000000        0x0 myObstacleHandler.o
 .bss           0x00000000        0x0 myObstacleHandler.o
 .text          0x00000000        0x0 mySharpIR.o
 .data          0x00000000        0x0 mySharpIR.o
 .bss           0x00000000        0x0 mySharpIR.o
 .text          0x00000000        0x0 myTimer.o
 .data          0x00000000        0x0 myTimer.o
 .bss           0x00000000        0x0 myTimer.o
 .text.myTimer_DelayMicro2
                0x00000000       0x4a myTimer.o
 .text          0x00000000        0x0 myUSART.o
 .data          0x00000000        0x0 myUSART.o
 .bss           0x00000000        0x0 myUSART.o
 .text.myUSART_receiveUSART0
                0x00000000       0x4a myUSART.o
 .text          0x00000000        0x0 port.o
 .data          0x00000000        0x0 port.o
 .bss           0x00000000        0x0 port.o
 .text.vPortEndScheduler
                0x00000000        0x2 port.o
 .text          0x00000000        0x0 queue.o
 .data          0x00000000        0x0 queue.o
 .bss           0x00000000        0x0 queue.o
 .text.xQueueReceiveFromISR
                0x00000000       0x66 queue.o
 .text.xQueuePeekFromISR
                0x00000000       0x2e queue.o
 .text.uxQueueMessagesWaiting
                0x00000000       0x10 queue.o
 .text.uxQueueSpacesAvailable
                0x00000000       0x16 queue.o
 .text.uxQueueMessagesWaitingFromISR
                0x00000000        0x6 queue.o
 .text.vQueueDelete
                0x00000000       0x1e queue.o
 .text.xQueueIsQueueEmptyFromISR
                0x00000000        0xc queue.o
 .text.xQueueIsQueueFullFromISR
                0x00000000        0xe queue.o
 .text          0x00000000        0x0 ringBuffer.o
 .data          0x00000000        0x0 ringBuffer.o
 .bss           0x00000000        0x0 ringBuffer.o
 .text.ringBufferClear
                0x00000000        0x6 ringBuffer.o
 .text          0x00000000        0x0 tasks.o
 .data          0x00000000        0x0 tasks.o
 .bss           0x00000000        0x0 tasks.o
 .text.vTaskDelete
                0x00000000       0x8e tasks.o
 .text.xTaskResumeFromISR
                0x00000000       0xaa tasks.o
 .text.vTaskEndScheduler
                0x00000000        0xc tasks.o
 .text.uxTaskGetNumberOfTasks
                0x00000000        0x6 tasks.o
 .text.vTaskDelay
                0x00000000       0x40 tasks.o
 .text.vTaskPlaceOnUnorderedEventList
                0x00000000       0x66 tasks.o
 .text.xTaskRemoveFromUnorderedEventList
                0x00000000       0x74 tasks.o
 .text.xTaskGetCurrentTaskHandle
                0x00000000        0xa tasks.o
 .text.uxTaskResetEventItemValue
                0x00000000       0x2e tasks.o
 .text          0x00000000        0x0 c:/program files (x86)/atmel/atmel toolchain/avr8 gcc/native/3.4.1061/avr8-gnu-toolchain/bin/../lib/gcc/avr/4.8.1/../../../../avr/lib/avr6\libm.a(addsf3.o)
 .data          0x00000000        0x0 c:/program files (x86)/atmel/atmel toolchain/avr8 gcc/native/3.4.1061/avr8-gnu-toolchain/bin/../lib/gcc/avr/4.8.1/../../../../avr/lib/avr6\libm.a(addsf3.o)
 .bss           0x00000000        0x0 c:/program files (x86)/atmel/atmel toolchain/avr8 gcc/native/3.4.1061/avr8-gnu-toolchain/bin/../lib/gcc/avr/4.8.1/../../../../avr/lib/avr6\libm.a(addsf3.o)
 .text          0x00000000        0x0 c:/program files (x86)/atmel/atmel toolchain/avr8 gcc/native/3.4.1061/avr8-gnu-toolchain/bin/../lib/gcc/avr/4.8.1/../../../../avr/lib/avr6\libm.a(addsf3x.o)
 .data          0x00000000        0x0 c:/program files (x86)/atmel/atmel toolchain/avr8 gcc/native/3.4.1061/avr8-gnu-toolchain/bin/../lib/gcc/avr/4.8.1/../../../../avr/lib/avr6\libm.a(addsf3x.o)
 .bss           0x00000000        0x0 c:/program files (x86)/atmel/atmel toolchain/avr8 gcc/native/3.4.1061/avr8-gnu-toolchain/bin/../lib/gcc/avr/4.8.1/../../../../avr/lib/avr6\libm.a(addsf3x.o)
 .text          0x00000000        0x0 c:/program files (x86)/atmel/atmel toolchain/avr8 gcc/native/3.4.1061/avr8-gnu-toolchain/bin/../lib/gcc/avr/4.8.1/../../../../avr/lib/avr6\libm.a(fixsfsi.o)
 .data          0x00000000        0x0 c:/program files (x86)/atmel/atmel toolchain/avr8 gcc/native/3.4.1061/avr8-gnu-toolchain/bin/../lib/gcc/avr/4.8.1/../../../../avr/lib/avr6\libm.a(fixsfsi.o)
 .bss           0x00000000        0x0 c:/program files (x86)/atmel/atmel toolchain/avr8 gcc/native/3.4.1061/avr8-gnu-toolchain/bin/../lib/gcc/avr/4.8.1/../../../../avr/lib/avr6\libm.a(fixsfsi.o)
 .text          0x00000000        0x0 c:/program files (x86)/atmel/atmel toolchain/avr8 gcc/native/3.4.1061/avr8-gnu-toolchain/bin/../lib/gcc/avr/4.8.1/../../../../avr/lib/avr6\libm.a(fixunssfsi.o)
 .data          0x00000000        0x0 c:/program files (x86)/atmel/atmel toolchain/avr8 gcc/native/3.4.1061/avr8-gnu-toolchain/bin/../lib/gcc/avr/4.8.1/../../../../avr/lib/avr6\libm.a(fixunssfsi.o)
 .bss           0x00000000        0x0 c:/program files (x86)/atmel/atmel toolchain/avr8 gcc/native/3.4.1061/avr8-gnu-toolchain/bin/../lib/gcc/avr/4.8.1/../../../../avr/lib/avr6\libm.a(fixunssfsi.o)
 .text          0x00000000        0x0 c:/program files (x86)/atmel/atmel toolchain/avr8 gcc/native/3.4.1061/avr8-gnu-toolchain/bin/../lib/gcc/avr/4.8.1/../../../../avr/lib/avr6\libm.a(floatsisf.o)
 .data          0x00000000        0x0 c:/program files (x86)/atmel/atmel toolchain/avr8 gcc/native/3.4.1061/avr8-gnu-toolchain/bin/../lib/gcc/avr/4.8.1/../../../../avr/lib/avr6\libm.a(floatsisf.o)
 .bss           0x00000000        0x0 c:/program files (x86)/atmel/atmel toolchain/avr8 gcc/native/3.4.1061/avr8-gnu-toolchain/bin/../lib/gcc/avr/4.8.1/../../../../avr/lib/avr6\libm.a(floatsisf.o)
 .text          0x00000000        0x0 c:/program files (x86)/atmel/atmel toolchain/avr8 gcc/native/3.4.1061/avr8-gnu-toolchain/bin/../lib/gcc/avr/4.8.1/../../../../avr/lib/avr6\libm.a(fp_inf.o)
 .data          0x00000000        0x0 c:/program files (x86)/atmel/atmel toolchain/avr8 gcc/native/3.4.1061/avr8-gnu-toolchain/bin/../lib/gcc/avr/4.8.1/../../../../avr/lib/avr6\libm.a(fp_inf.o)
 .bss           0x00000000        0x0 c:/program files (x86)/atmel/atmel toolchain/avr8 gcc/native/3.4.1061/avr8-gnu-toolchain/bin/../lib/gcc/avr/4.8.1/../../../../avr/lib/avr6\libm.a(fp_inf.o)
 .text          0x00000000        0x0 c:/program files (x86)/atmel/atmel toolchain/avr8 gcc/native/3.4.1061/avr8-gnu-toolchain/bin/../lib/gcc/avr/4.8.1/../../../../avr/lib/avr6\libm.a(fp_nan.o)
 .data          0x00000000        0x0 c:/program files (x86)/atmel/atmel toolchain/avr8 gcc/native/3.4.1061/avr8-gnu-toolchain/bin/../lib/gcc/avr/4.8.1/../../../../avr/lib/avr6\libm.a(fp_nan.o)
 .bss           0x00000000        0x0 c:/program files (x86)/atmel/atmel toolchain/avr8 gcc/native/3.4.1061/avr8-gnu-toolchain/bin/../lib/gcc/avr/4.8.1/../../../../avr/lib/avr6\libm.a(fp_nan.o)
 .text          0x00000000        0x0 c:/program files (x86)/atmel/atmel toolchain/avr8 gcc/native/3.4.1061/avr8-gnu-toolchain/bin/../lib/gcc/avr/4.8.1/../../../../avr/lib/avr6\libm.a(fp_pscA.o)
 .data          0x00000000        0x0 c:/program files (x86)/atmel/atmel toolchain/avr8 gcc/native/3.4.1061/avr8-gnu-toolchain/bin/../lib/gcc/avr/4.8.1/../../../../avr/lib/avr6\libm.a(fp_pscA.o)
 .bss           0x00000000        0x0 c:/program files (x86)/atmel/atmel toolchain/avr8 gcc/native/3.4.1061/avr8-gnu-toolchain/bin/../lib/gcc/avr/4.8.1/../../../../avr/lib/avr6\libm.a(fp_pscA.o)
 .text          0x00000000        0x0 c:/program files (x86)/atmel/atmel toolchain/avr8 gcc/native/3.4.1061/avr8-gnu-toolchain/bin/../lib/gcc/avr/4.8.1/../../../../avr/lib/avr6\libm.a(fp_pscB.o)
 .data          0x00000000        0x0 c:/program files (x86)/atmel/atmel toolchain/avr8 gcc/native/3.4.1061/avr8-gnu-toolchain/bin/../lib/gcc/avr/4.8.1/../../../../avr/lib/avr6\libm.a(fp_pscB.o)
 .bss           0x00000000        0x0 c:/program files (x86)/atmel/atmel toolchain/avr8 gcc/native/3.4.1061/avr8-gnu-toolchain/bin/../lib/gcc/avr/4.8.1/../../../../avr/lib/avr6\libm.a(fp_pscB.o)
 .text          0x00000000        0x0 c:/program files (x86)/atmel/atmel toolchain/avr8 gcc/native/3.4.1061/avr8-gnu-toolchain/bin/../lib/gcc/avr/4.8.1/../../../../avr/lib/avr6\libm.a(fp_round.o)
 .data          0x00000000        0x0 c:/program files (x86)/atmel/atmel toolchain/avr8 gcc/native/3.4.1061/avr8-gnu-toolchain/bin/../lib/gcc/avr/4.8.1/../../../../avr/lib/avr6\libm.a(fp_round.o)
 .bss           0x00000000        0x0 c:/program files (x86)/atmel/atmel toolchain/avr8 gcc/native/3.4.1061/avr8-gnu-toolchain/bin/../lib/gcc/avr/4.8.1/../../../../avr/lib/avr6\libm.a(fp_round.o)
 .text          0x00000000        0x0 c:/program files (x86)/atmel/atmel toolchain/avr8 gcc/native/3.4.1061/avr8-gnu-toolchain/bin/../lib/gcc/avr/4.8.1/../../../../avr/lib/avr6\libm.a(fp_split3.o)
 .data          0x00000000        0x0 c:/program files (x86)/atmel/atmel toolchain/avr8 gcc/native/3.4.1061/avr8-gnu-toolchain/bin/../lib/gcc/avr/4.8.1/../../../../avr/lib/avr6\libm.a(fp_split3.o)
 .bss           0x00000000        0x0 c:/program files (x86)/atmel/atmel toolchain/avr8 gcc/native/3.4.1061/avr8-gnu-toolchain/bin/../lib/gcc/avr/4.8.1/../../../../avr/lib/avr6\libm.a(fp_split3.o)
 .text          0x00000000        0x0 c:/program files (x86)/atmel/atmel toolchain/avr8 gcc/native/3.4.1061/avr8-gnu-toolchain/bin/../lib/gcc/avr/4.8.1/../../../../avr/lib/avr6\libm.a(fp_zero.o)
 .data          0x00000000        0x0 c:/program files (x86)/atmel/atmel toolchain/avr8 gcc/native/3.4.1061/avr8-gnu-toolchain/bin/../lib/gcc/avr/4.8.1/../../../../avr/lib/avr6\libm.a(fp_zero.o)
 .bss           0x00000000        0x0 c:/program files (x86)/atmel/atmel toolchain/avr8 gcc/native/3.4.1061/avr8-gnu-toolchain/bin/../lib/gcc/avr/4.8.1/../../../../avr/lib/avr6\libm.a(fp_zero.o)
 .text          0x00000000        0x0 c:/program files (x86)/atmel/atmel toolchain/avr8 gcc/native/3.4.1061/avr8-gnu-toolchain/bin/../lib/gcc/avr/4.8.1/../../../../avr/lib/avr6\libm.a(mulsf3.o)
 .data          0x00000000        0x0 c:/program files (x86)/atmel/atmel toolchain/avr8 gcc/native/3.4.1061/avr8-gnu-toolchain/bin/../lib/gcc/avr/4.8.1/../../../../avr/lib/avr6\libm.a(mulsf3.o)
 .bss           0x00000000        0x0 c:/program files (x86)/atmel/atmel toolchain/avr8 gcc/native/3.4.1061/avr8-gnu-toolchain/bin/../lib/gcc/avr/4.8.1/../../../../avr/lib/avr6\libm.a(mulsf3.o)
 .text          0x00000000        0x0 c:/program files (x86)/atmel/atmel toolchain/avr8 gcc/native/3.4.1061/avr8-gnu-toolchain/bin/../lib/gcc/avr/4.8.1/../../../../avr/lib/avr6\libm.a(mulsf3x.o)
 .data          0x00000000        0x0 c:/program files (x86)/atmel/atmel toolchain/avr8 gcc/native/3.4.1061/avr8-gnu-toolchain/bin/../lib/gcc/avr/4.8.1/../../../../avr/lib/avr6\libm.a(mulsf3x.o)
 .bss           0x00000000        0x0 c:/program files (x86)/atmel/atmel toolchain/avr8 gcc/native/3.4.1061/avr8-gnu-toolchain/bin/../lib/gcc/avr/4.8.1/../../../../avr/lib/avr6\libm.a(mulsf3x.o)
 .text          0x00000000        0x0 c:/program files (x86)/atmel/atmel toolchain/avr8 gcc/native/3.4.1061/avr8-gnu-toolchain/bin/../lib/gcc/avr/4.8.1/../../../../avr/lib/avr6\libm.a(pow.o)
 .data          0x00000000        0x0 c:/program files (x86)/atmel/atmel toolchain/avr8 gcc/native/3.4.1061/avr8-gnu-toolchain/bin/../lib/gcc/avr/4.8.1/../../../../avr/lib/avr6\libm.a(pow.o)
 .bss           0x00000000        0x0 c:/program files (x86)/atmel/atmel toolchain/avr8 gcc/native/3.4.1061/avr8-gnu-toolchain/bin/../lib/gcc/avr/4.8.1/../../../../avr/lib/avr6\libm.a(pow.o)
 .text          0x00000000        0x0 c:/program files (x86)/atmel/atmel toolchain/avr8 gcc/native/3.4.1061/avr8-gnu-toolchain/bin/../lib/gcc/avr/4.8.1/../../../../avr/lib/avr6\libm.a(exp.o)
 .data          0x00000000        0x0 c:/program files (x86)/atmel/atmel toolchain/avr8 gcc/native/3.4.1061/avr8-gnu-toolchain/bin/../lib/gcc/avr/4.8.1/../../../../avr/lib/avr6\libm.a(exp.o)
 .bss           0x00000000        0x0 c:/program files (x86)/atmel/atmel toolchain/avr8 gcc/native/3.4.1061/avr8-gnu-toolchain/bin/../lib/gcc/avr/4.8.1/../../../../avr/lib/avr6\libm.a(exp.o)
 .text          0x00000000        0x0 c:/program files (x86)/atmel/atmel toolchain/avr8 gcc/native/3.4.1061/avr8-gnu-toolchain/bin/../lib/gcc/avr/4.8.1/../../../../avr/lib/avr6\libm.a(fp_powser.o)
 .data          0x00000000        0x0 c:/program files (x86)/atmel/atmel toolchain/avr8 gcc/native/3.4.1061/avr8-gnu-toolchain/bin/../lib/gcc/avr/4.8.1/../../../../avr/lib/avr6\libm.a(fp_powser.o)
 .bss           0x00000000        0x0 c:/program files (x86)/atmel/atmel toolchain/avr8 gcc/native/3.4.1061/avr8-gnu-toolchain/bin/../lib/gcc/avr/4.8.1/../../../../avr/lib/avr6\libm.a(fp_powser.o)
 .text          0x00000000        0x0 c:/program files (x86)/atmel/atmel toolchain/avr8 gcc/native/3.4.1061/avr8-gnu-toolchain/bin/../lib/gcc/avr/4.8.1/../../../../avr/lib/avr6\libm.a(inverse.o)
 .data          0x00000000        0x0 c:/program files (x86)/atmel/atmel toolchain/avr8 gcc/native/3.4.1061/avr8-gnu-toolchain/bin/../lib/gcc/avr/4.8.1/../../../../avr/lib/avr6\libm.a(inverse.o)
 .bss           0x00000000        0x0 c:/program files (x86)/atmel/atmel toolchain/avr8 gcc/native/3.4.1061/avr8-gnu-toolchain/bin/../lib/gcc/avr/4.8.1/../../../../avr/lib/avr6\libm.a(inverse.o)
 .text          0x00000000        0x0 c:/program files (x86)/atmel/atmel toolchain/avr8 gcc/native/3.4.1061/avr8-gnu-toolchain/bin/../lib/gcc/avr/4.8.1/../../../../avr/lib/avr6\libm.a(ldexp.o)
 .data          0x00000000        0x0 c:/program files (x86)/atmel/atmel toolchain/avr8 gcc/native/3.4.1061/avr8-gnu-toolchain/bin/../lib/gcc/avr/4.8.1/../../../../avr/lib/avr6\libm.a(ldexp.o)
 .bss           0x00000000        0x0 c:/program files (x86)/atmel/atmel toolchain/avr8 gcc/native/3.4.1061/avr8-gnu-toolchain/bin/../lib/gcc/avr/4.8.1/../../../../avr/lib/avr6\libm.a(ldexp.o)
 .text          0x00000000        0x0 c:/program files (x86)/atmel/atmel toolchain/avr8 gcc/native/3.4.1061/avr8-gnu-toolchain/bin/../lib/gcc/avr/4.8.1/../../../../avr/lib/avr6\libm.a(log.o)
 .data          0x00000000        0x0 c:/program files (x86)/atmel/atmel toolchain/avr8 gcc/native/3.4.1061/avr8-gnu-toolchain/bin/../lib/gcc/avr/4.8.1/../../../../avr/lib/avr6\libm.a(log.o)
 .bss           0x00000000        0x0 c:/program files (x86)/atmel/atmel toolchain/avr8 gcc/native/3.4.1061/avr8-gnu-toolchain/bin/../lib/gcc/avr/4.8.1/../../../../avr/lib/avr6\libm.a(log.o)
 .text          0x00000000        0x0 c:/program files (x86)/atmel/atmel toolchain/avr8 gcc/native/3.4.1061/avr8-gnu-toolchain/bin/../lib/gcc/avr/4.8.1/../../../../avr/lib/avr6\libm.a(modf.o)
 .data          0x00000000        0x0 c:/program files (x86)/atmel/atmel toolchain/avr8 gcc/native/3.4.1061/avr8-gnu-toolchain/bin/../lib/gcc/avr/4.8.1/../../../../avr/lib/avr6\libm.a(modf.o)
 .bss           0x00000000        0x0 c:/program files (x86)/atmel/atmel toolchain/avr8 gcc/native/3.4.1061/avr8-gnu-toolchain/bin/../lib/gcc/avr/4.8.1/../../../../avr/lib/avr6\libm.a(modf.o)
 .text          0x00000000        0x0 c:/program files (x86)/atmel/atmel toolchain/avr8 gcc/native/3.4.1061/avr8-gnu-toolchain/bin/../lib/gcc/avr/4.8.1/../../../../avr/lib/avr6\libm.a(divsf3.o)
 .data          0x00000000        0x0 c:/program files (x86)/atmel/atmel toolchain/avr8 gcc/native/3.4.1061/avr8-gnu-toolchain/bin/../lib/gcc/avr/4.8.1/../../../../avr/lib/avr6\libm.a(divsf3.o)
 .bss           0x00000000        0x0 c:/program files (x86)/atmel/atmel toolchain/avr8 gcc/native/3.4.1061/avr8-gnu-toolchain/bin/../lib/gcc/avr/4.8.1/../../../../avr/lib/avr6\libm.a(divsf3.o)
 .text          0x00000000        0x0 c:/program files (x86)/atmel/atmel toolchain/avr8 gcc/native/3.4.1061/avr8-gnu-toolchain/bin/../lib/gcc/avr/4.8.1/../../../../avr/lib/avr6\libm.a(divsf3x.o)
 .data          0x00000000        0x0 c:/program files (x86)/atmel/atmel toolchain/avr8 gcc/native/3.4.1061/avr8-gnu-toolchain/bin/../lib/gcc/avr/4.8.1/../../../../avr/lib/avr6\libm.a(divsf3x.o)
 .bss           0x00000000        0x0 c:/program files (x86)/atmel/atmel toolchain/avr8 gcc/native/3.4.1061/avr8-gnu-toolchain/bin/../lib/gcc/avr/4.8.1/../../../../avr/lib/avr6\libm.a(divsf3x.o)
 .text          0x00000000        0x0 c:/program files (x86)/atmel/atmel toolchain/avr8 gcc/native/3.4.1061/avr8-gnu-toolchain/bin/../lib/gcc/avr/4.8.1/../../../../avr/lib/avr6\libm.a(fp_mpack.o)
 .data          0x00000000        0x0 c:/program files (x86)/atmel/atmel toolchain/avr8 gcc/native/3.4.1061/avr8-gnu-toolchain/bin/../lib/gcc/avr/4.8.1/../../../../avr/lib/avr6\libm.a(fp_mpack.o)
 .bss           0x00000000        0x0 c:/program files (x86)/atmel/atmel toolchain/avr8 gcc/native/3.4.1061/avr8-gnu-toolchain/bin/../lib/gcc/avr/4.8.1/../../../../avr/lib/avr6\libm.a(fp_mpack.o)
 .text          0x00000000        0x0 c:/program files (x86)/atmel/atmel toolchain/avr8 gcc/native/3.4.1061/avr8-gnu-toolchain/bin/../lib/gcc/avr/4.8.1/avr6\libgcc.a(_divmodhi4.o)
 .data          0x00000000        0x0 c:/program files (x86)/atmel/atmel toolchain/avr8 gcc/native/3.4.1061/avr8-gnu-toolchain/bin/../lib/gcc/avr/4.8.1/avr6\libgcc.a(_divmodhi4.o)
 .bss           0x00000000        0x0 c:/program files (x86)/atmel/atmel toolchain/avr8 gcc/native/3.4.1061/avr8-gnu-toolchain/bin/../lib/gcc/avr/4.8.1/avr6\libgcc.a(_divmodhi4.o)
 .text.libgcc.mul
                0x00000000        0x0 c:/program files (x86)/atmel/atmel toolchain/avr8 gcc/native/3.4.1061/avr8-gnu-toolchain/bin/../lib/gcc/avr/4.8.1/avr6\libgcc.a(_divmodhi4.o)
 .text.libgcc   0x00000000        0x0 c:/program files (x86)/atmel/atmel toolchain/avr8 gcc/native/3.4.1061/avr8-gnu-toolchain/bin/../lib/gcc/avr/4.8.1/avr6\libgcc.a(_divmodhi4.o)
 .text.libgcc.prologue
                0x00000000        0x0 c:/program files (x86)/atmel/atmel toolchain/avr8 gcc/native/3.4.1061/avr8-gnu-toolchain/bin/../lib/gcc/avr/4.8.1/avr6\libgcc.a(_divmodhi4.o)
 .text.libgcc.builtins
                0x00000000        0x0 c:/program files (x86)/atmel/atmel toolchain/avr8 gcc/native/3.4.1061/avr8-gnu-toolchain/bin/../lib/gcc/avr/4.8.1/avr6\libgcc.a(_divmodhi4.o)
 .text.libgcc.fmul
                0x00000000        0x0 c:/program files (x86)/atmel/atmel toolchain/avr8 gcc/native/3.4.1061/avr8-gnu-toolchain/bin/../lib/gcc/avr/4.8.1/avr6\libgcc.a(_divmodhi4.o)
 .text.libgcc.fixed
                0x00000000        0x0 c:/program files (x86)/atmel/atmel toolchain/avr8 gcc/native/3.4.1061/avr8-gnu-toolchain/bin/../lib/gcc/avr/4.8.1/avr6\libgcc.a(_divmodhi4.o)
 .text          0x00000000        0x0 c:/program files (x86)/atmel/atmel toolchain/avr8 gcc/native/3.4.1061/avr8-gnu-toolchain/bin/../lib/gcc/avr/4.8.1/avr6\libgcc.a(_exit.o)
 .data          0x00000000        0x0 c:/program files (x86)/atmel/atmel toolchain/avr8 gcc/native/3.4.1061/avr8-gnu-toolchain/bin/../lib/gcc/avr/4.8.1/avr6\libgcc.a(_exit.o)
 .bss           0x00000000        0x0 c:/program files (x86)/atmel/atmel toolchain/avr8 gcc/native/3.4.1061/avr8-gnu-toolchain/bin/../lib/gcc/avr/4.8.1/avr6\libgcc.a(_exit.o)
 .text.libgcc.mul
                0x00000000        0x0 c:/program files (x86)/atmel/atmel toolchain/avr8 gcc/native/3.4.1061/avr8-gnu-toolchain/bin/../lib/gcc/avr/4.8.1/avr6\libgcc.a(_exit.o)
 .text.libgcc.div
                0x00000000        0x0 c:/program files (x86)/atmel/atmel toolchain/avr8 gcc/native/3.4.1061/avr8-gnu-toolchain/bin/../lib/gcc/avr/4.8.1/avr6\libgcc.a(_exit.o)
 .text.libgcc   0x00000000        0x0 c:/program files (x86)/atmel/atmel toolchain/avr8 gcc/native/3.4.1061/avr8-gnu-toolchain/bin/../lib/gcc/avr/4.8.1/avr6\libgcc.a(_exit.o)
 .text.libgcc.prologue
                0x00000000        0x0 c:/program files (x86)/atmel/atmel toolchain/avr8 gcc/native/3.4.1061/avr8-gnu-toolchain/bin/../lib/gcc/avr/4.8.1/avr6\libgcc.a(_exit.o)
 .text.libgcc.builtins
                0x00000000        0x0 c:/program files (x86)/atmel/atmel toolchain/avr8 gcc/native/3.4.1061/avr8-gnu-toolchain/bin/../lib/gcc/avr/4.8.1/avr6\libgcc.a(_exit.o)
 .text.libgcc.fmul
                0x00000000        0x0 c:/program files (x86)/atmel/atmel toolchain/avr8 gcc/native/3.4.1061/avr8-gnu-toolchain/bin/../lib/gcc/avr/4.8.1/avr6\libgcc.a(_exit.o)
 .text.libgcc.fixed
                0x00000000        0x0 c:/program files (x86)/atmel/atmel toolchain/avr8 gcc/native/3.4.1061/avr8-gnu-toolchain/bin/../lib/gcc/avr/4.8.1/avr6\libgcc.a(_exit.o)
 .text          0x00000000        0x0 c:/program files (x86)/atmel/atmel toolchain/avr8 gcc/native/3.4.1061/avr8-gnu-toolchain/bin/../lib/gcc/avr/4.8.1/avr6\libgcc.a(_copy_data.o)
 .data          0x00000000        0x0 c:/program files (x86)/atmel/atmel toolchain/avr8 gcc/native/3.4.1061/avr8-gnu-toolchain/bin/../lib/gcc/avr/4.8.1/avr6\libgcc.a(_copy_data.o)
 .bss           0x00000000        0x0 c:/program files (x86)/atmel/atmel toolchain/avr8 gcc/native/3.4.1061/avr8-gnu-toolchain/bin/../lib/gcc/avr/4.8.1/avr6\libgcc.a(_copy_data.o)
 .text.libgcc.mul
                0x00000000        0x0 c:/program files (x86)/atmel/atmel toolchain/avr8 gcc/native/3.4.1061/avr8-gnu-toolchain/bin/../lib/gcc/avr/4.8.1/avr6\libgcc.a(_copy_data.o)
 .text.libgcc.div
                0x00000000        0x0 c:/program files (x86)/atmel/atmel toolchain/avr8 gcc/native/3.4.1061/avr8-gnu-toolchain/bin/../lib/gcc/avr/4.8.1/avr6\libgcc.a(_copy_data.o)
 .text.libgcc   0x00000000        0x0 c:/program files (x86)/atmel/atmel toolchain/avr8 gcc/native/3.4.1061/avr8-gnu-toolchain/bin/../lib/gcc/avr/4.8.1/avr6\libgcc.a(_copy_data.o)
 .text.libgcc.prologue
                0x00000000        0x0 c:/program files (x86)/atmel/atmel toolchain/avr8 gcc/native/3.4.1061/avr8-gnu-toolchain/bin/../lib/gcc/avr/4.8.1/avr6\libgcc.a(_copy_data.o)
 .text.libgcc.builtins
                0x00000000        0x0 c:/program files (x86)/atmel/atmel toolchain/avr8 gcc/native/3.4.1061/avr8-gnu-toolchain/bin/../lib/gcc/avr/4.8.1/avr6\libgcc.a(_copy_data.o)
 .text.libgcc.fmul
                0x00000000        0x0 c:/program files (x86)/atmel/atmel toolchain/avr8 gcc/native/3.4.1061/avr8-gnu-toolchain/bin/../lib/gcc/avr/4.8.1/avr6\libgcc.a(_copy_data.o)
 .text.libgcc.fixed
                0x00000000        0x0 c:/program files (x86)/atmel/atmel toolchain/avr8 gcc/native/3.4.1061/avr8-gnu-toolchain/bin/../lib/gcc/avr/4.8.1/avr6\libgcc.a(_copy_data.o)
 .text          0x00000000        0x0 c:/program files (x86)/atmel/atmel toolchain/avr8 gcc/native/3.4.1061/avr8-gnu-toolchain/bin/../lib/gcc/avr/4.8.1/avr6\libgcc.a(_clear_bss.o)
 .data          0x00000000        0x0 c:/program files (x86)/atmel/atmel toolchain/avr8 gcc/native/3.4.1061/avr8-gnu-toolchain/bin/../lib/gcc/avr/4.8.1/avr6\libgcc.a(_clear_bss.o)
 .bss           0x00000000        0x0 c:/program files (x86)/atmel/atmel toolchain/avr8 gcc/native/3.4.1061/avr8-gnu-toolchain/bin/../lib/gcc/avr/4.8.1/avr6\libgcc.a(_clear_bss.o)
 .text.libgcc.mul
                0x00000000        0x0 c:/program files (x86)/atmel/atmel toolchain/avr8 gcc/native/3.4.1061/avr8-gnu-toolchain/bin/../lib/gcc/avr/4.8.1/avr6\libgcc.a(_clear_bss.o)
 .text.libgcc.div
                0x00000000        0x0 c:/program files (x86)/atmel/atmel toolchain/avr8 gcc/native/3.4.1061/avr8-gnu-toolchain/bin/../lib/gcc/avr/4.8.1/avr6\libgcc.a(_clear_bss.o)
 .text.libgcc   0x00000000        0x0 c:/program files (x86)/atmel/atmel toolchain/avr8 gcc/native/3.4.1061/avr8-gnu-toolchain/bin/../lib/gcc/avr/4.8.1/avr6\libgcc.a(_clear_bss.o)
 .text.libgcc.prologue
                0x00000000        0x0 c:/program files (x86)/atmel/atmel toolchain/avr8 gcc/native/3.4.1061/avr8-gnu-toolchain/bin/../lib/gcc/avr/4.8.1/avr6\libgcc.a(_clear_bss.o)
 .text.libgcc.builtins
                0x00000000        0x0 c:/program files (x86)/atmel/atmel toolchain/avr8 gcc/native/3.4.1061/avr8-gnu-toolchain/bin/../lib/gcc/avr/4.8.1/avr6\libgcc.a(_clear_bss.o)
 .text.libgcc.fmul
                0x00000000        0x0 c:/program files (x86)/atmel/atmel toolchain/avr8 gcc/native/3.4.1061/avr8-gnu-toolchain/bin/../lib/gcc/avr/4.8.1/avr6\libgcc.a(_clear_bss.o)
 .text.libgcc.fixed
                0x00000000        0x0 c:/program files (x86)/atmel/atmel toolchain/avr8 gcc/native/3.4.1061/avr8-gnu-toolchain/bin/../lib/gcc/avr/4.8.1/avr6\libgcc.a(_clear_bss.o)
 .text          0x00000000        0x0 c:/program files (x86)/atmel/atmel toolchain/avr8 gcc/native/3.4.1061/avr8-gnu-toolchain/bin/../lib/gcc/avr/4.8.1/avr6\libgcc.a(_udivmodhi4.o)
 .data          0x00000000        0x0 c:/program files (x86)/atmel/atmel toolchain/avr8 gcc/native/3.4.1061/avr8-gnu-toolchain/bin/../lib/gcc/avr/4.8.1/avr6\libgcc.a(_udivmodhi4.o)
 .bss           0x00000000        0x0 c:/program files (x86)/atmel/atmel toolchain/avr8 gcc/native/3.4.1061/avr8-gnu-toolchain/bin/../lib/gcc/avr/4.8.1/avr6\libgcc.a(_udivmodhi4.o)
 .text.libgcc.mul
                0x00000000        0x0 c:/program files (x86)/atmel/atmel toolchain/avr8 gcc/native/3.4.1061/avr8-gnu-toolchain/bin/../lib/gcc/avr/4.8.1/avr6\libgcc.a(_udivmodhi4.o)
 .text.libgcc   0x00000000        0x0 c:/program files (x86)/atmel/atmel toolchain/avr8 gcc/native/3.4.1061/avr8-gnu-toolchain/bin/../lib/gcc/avr/4.8.1/avr6\libgcc.a(_udivmodhi4.o)
 .text.libgcc.prologue
                0x00000000        0x0 c:/program files (x86)/atmel/atmel toolchain/avr8 gcc/native/3.4.1061/avr8-gnu-toolchain/bin/../lib/gcc/avr/4.8.1/avr6\libgcc.a(_udivmodhi4.o)
 .text.libgcc.builtins
                0x00000000        0x0 c:/program files (x86)/atmel/atmel toolchain/avr8 gcc/native/3.4.1061/avr8-gnu-toolchain/bin/../lib/gcc/avr/4.8.1/avr6\libgcc.a(_udivmodhi4.o)
 .text.libgcc.fmul
                0x00000000        0x0 c:/program files (x86)/atmel/atmel toolchain/avr8 gcc/native/3.4.1061/avr8-gnu-toolchain/bin/../lib/gcc/avr/4.8.1/avr6\libgcc.a(_udivmodhi4.o)
 .text.libgcc.fixed
                0x00000000        0x0 c:/program files (x86)/atmel/atmel toolchain/avr8 gcc/native/3.4.1061/avr8-gnu-toolchain/bin/../lib/gcc/avr/4.8.1/avr6\libgcc.a(_udivmodhi4.o)
 .text          0x00000000        0x0 c:/program files (x86)/atmel/atmel toolchain/avr8 gcc/native/3.4.1061/avr8-gnu-toolchain/bin/../lib/gcc/avr/4.8.1/../../../../avr/lib/avr6\libc.a(memcpy.o)
 .data          0x00000000        0x0 c:/program files (x86)/atmel/atmel toolchain/avr8 gcc/native/3.4.1061/avr8-gnu-toolchain/bin/../lib/gcc/avr/4.8.1/../../../../avr/lib/avr6\libc.a(memcpy.o)
 .bss           0x00000000        0x0 c:/program files (x86)/atmel/atmel toolchain/avr8 gcc/native/3.4.1061/avr8-gnu-toolchain/bin/../lib/gcc/avr/4.8.1/../../../../avr/lib/avr6\libc.a(memcpy.o)

Memory Configuration

Name             Origin             Length             Attributes
text             0x00000000         0x00100000         xr
data             0x00800200         0x0000fe00         rw !x
eeprom           0x00810000         0x00010000         rw !x
fuse             0x00820000         0x00000400         rw !x
lock             0x00830000         0x00000400         rw !x
signature        0x00840000         0x00000400         rw !x
user_signatures  0x00850000         0x00000400         rw !x
*default*        0x00000000         0xffffffff

Linker script and memory map

Address of section .data set to 0x800200
LOAD c:/program files (x86)/atmel/atmel toolchain/avr8 gcc/native/3.4.1061/avr8-gnu-toolchain/bin/../lib/gcc/avr/4.8.1/../../../../avr/lib/avr6/crtm2560.o
LOAD debugPrint.o
LOAD FreeRTOS2560.o
LOAD heap_1.o
LOAD list.o
LOAD myHcSonar.o
LOAD myMaxSonar.o
LOAD myADC.o
LOAD myObstacleHandler.o
LOAD mySharpIR.o
LOAD myTimer.o
LOAD myUSART.o
LOAD port.o
LOAD queue.o
LOAD ringBuffer.o
LOAD tasks.o
START GROUP
LOAD c:/program files (x86)/atmel/atmel toolchain/avr8 gcc/native/3.4.1061/avr8-gnu-toolchain/bin/../lib/gcc/avr/4.8.1/../../../../avr/lib/avr6\libm.a
LOAD C:\Users\tienlong\Desktop\CG3002\Project\arduino\Arduino\Debug\libarduino.a
END GROUP
START GROUP
LOAD c:/program files (x86)/atmel/atmel toolchain/avr8 gcc/native/3.4.1061/avr8-gnu-toolchain/bin/../lib/gcc/avr/4.8.1/avr6\libgcc.a
LOAD c:/program files (x86)/atmel/atmel toolchain/avr8 gcc/native/3.4.1061/avr8-gnu-toolchain/bin/../lib/gcc/avr/4.8.1/../../../../avr/lib/avr6\libm.a
LOAD c:/program files (x86)/atmel/atmel toolchain/avr8 gcc/native/3.4.1061/avr8-gnu-toolchain/bin/../lib/gcc/avr/4.8.1/../../../../avr/lib/avr6\libc.a
END GROUP

.hash
 *(.hash)

.dynsym
 *(.dynsym)

.dynstr
 *(.dynstr)

.gnu.version
 *(.gnu.version)

.gnu.version_d
 *(.gnu.version_d)

.gnu.version_r
 *(.gnu.version_r)

.rel.init
 *(.rel.init)

.rela.init
 *(.rela.init)

.rel.text
 *(.rel.text)
 *(.rel.text.*)
 *(.rel.gnu.linkonce.t*)

.rela.text
 *(.rela.text)
 *(.rela.text.*)
 *(.rela.gnu.linkonce.t*)

.rel.fini
 *(.rel.fini)

.rela.fini
 *(.rela.fini)

.rel.rodata
 *(.rel.rodata)
 *(.rel.rodata.*)
 *(.rel.gnu.linkonce.r*)

.rela.rodata
 *(.rela.rodata)
 *(.rela.rodata.*)
 *(.rela.gnu.linkonce.r*)

.rel.data
 *(.rel.data)
 *(.rel.data.*)
 *(.rel.gnu.linkonce.d*)

.rela.data
 *(.rela.data)
 *(.rela.data.*)
 *(.rela.gnu.linkonce.d*)

.rel.ctors
 *(.rel.ctors)

.rela.ctors
 *(.rela.ctors)

.rel.dtors
 *(.rel.dtors)

.rela.dtors
 *(.rela.dtors)

.rel.got
 *(.rel.got)

.rela.got
 *(.rela.got)

.rel.bss
 *(.rel.bss)

.rela.bss
 *(.rela.bss)

.rel.plt
 *(.rel.plt)

.rela.plt
 *(.rela.plt)

.text           0x00000000     0x2e70
 *(.vectors)
 .vectors       0x00000000       0xe4 c:/program files (x86)/atmel/atmel toolchain/avr8 gcc/native/3.4.1061/avr8-gnu-toolchain/bin/../lib/gcc/avr/4.8.1/../../../../avr/lib/avr6/crtm2560.o
                0x00000000                __vector_default
                0x00000000                __vectors
 *(.vectors)
 *(.progmem.gcc*)
 .progmem.gcc_fplib
                0x000000e4       0x28 c:/program files (x86)/atmel/atmel toolchain/avr8 gcc/native/3.4.1061/avr8-gnu-toolchain/bin/../lib/gcc/avr/4.8.1/../../../../avr/lib/avr6\libm.a(exp.o)
 .progmem.gcc_fplib
                0x0000010c       0x5a c:/program files (x86)/atmel/atmel toolchain/avr8 gcc/native/3.4.1061/avr8-gnu-toolchain/bin/../lib/gcc/avr/4.8.1/../../../../avr/lib/avr6\libm.a(log.o)
                0x00000166                . = ALIGN (0x2)
                0x00000166                __trampolines_start = .
 *(.trampolines)
 .trampolines   0x00000166        0x0 linker stubs
 *(.trampolines*)
                0x00000166                __trampolines_end = .
 *(.progmem*)
                0x00000166                . = ALIGN (0x2)
 *(.jumptables)
 *(.jumptables*)
 *(.lowtext)
 *(.lowtext*)
                0x00000166                __ctors_start = .
 *(.ctors)
                0x00000166                __ctors_end = .
                0x00000166                __dtors_start = .
 *(.dtors)
                0x00000166                __dtors_end = .
 SORT(*)(.ctors)
 SORT(*)(.dtors)
 *(.init0)
 .init0         0x00000166        0x0 c:/program files (x86)/atmel/atmel toolchain/avr8 gcc/native/3.4.1061/avr8-gnu-toolchain/bin/../lib/gcc/avr/4.8.1/../../../../avr/lib/avr6/crtm2560.o
                0x00000166                __init
 *(.init0)
 *(.init1)
 *(.init1)
 *(.init2)
 .init2         0x00000166       0x10 c:/program files (x86)/atmel/atmel toolchain/avr8 gcc/native/3.4.1061/avr8-gnu-toolchain/bin/../lib/gcc/avr/4.8.1/../../../../avr/lib/avr6/crtm2560.o
 *(.init2)
 *(.init3)
 *(.init3)
 *(.init4)
 .init4         0x00000176       0x1a c:/program files (x86)/atmel/atmel toolchain/avr8 gcc/native/3.4.1061/avr8-gnu-toolchain/bin/../lib/gcc/avr/4.8.1/avr6\libgcc.a(_copy_data.o)
                0x00000176                __do_copy_data
 .init4         0x00000190       0x10 c:/program files (x86)/atmel/atmel toolchain/avr8 gcc/native/3.4.1061/avr8-gnu-toolchain/bin/../lib/gcc/avr/4.8.1/avr6\libgcc.a(_clear_bss.o)
                0x00000190                __do_clear_bss
 *(.init4)
 *(.init5)
 *(.init5)
 *(.init6)
 *(.init6)
 *(.init7)
 *(.init7)
 *(.init8)
 *(.init8)
 *(.init9)
 .init9         0x000001a0        0x6 c:/program files (x86)/atmel/atmel toolchain/avr8 gcc/native/3.4.1061/avr8-gnu-toolchain/bin/../lib/gcc/avr/4.8.1/../../../../avr/lib/avr6/crtm2560.o
 *(.init9)
 *(.text)
 .text          0x000001a6        0x2 c:/program files (x86)/atmel/atmel toolchain/avr8 gcc/native/3.4.1061/avr8-gnu-toolchain/bin/../lib/gcc/avr/4.8.1/../../../../avr/lib/avr6/crtm2560.o
                0x000001a6                __vector_38
                0x000001a6                __vector_22
                0x000001a6                __vector_28
                0x000001a6                __vector_1
                0x000001a6                __vector_32
                0x000001a6                __vector_34
                0x000001a6                __vector_24
                0x000001a6                __vector_12
                0x000001a6                __vector_55
                0x000001a6                __vector_46
                0x000001a6                __bad_interrupt
                0x000001a6                __vector_6
                0x000001a6                __vector_31
                0x000001a6                __vector_35
                0x000001a6                __vector_39
                0x000001a6                __vector_3
                0x000001a6                __vector_23
                0x000001a6                __vector_30
                0x000001a6                __vector_45
                0x000001a6                __vector_11
                0x000001a6                __vector_54
                0x000001a6                __vector_13
                0x000001a6                __vector_17
                0x000001a6                __vector_19
                0x000001a6                __vector_56
                0x000001a6                __vector_7
                0x000001a6                __vector_49
                0x000001a6                __vector_41
                0x000001a6                __vector_43
                0x000001a6                __vector_27
                0x000001a6                __vector_5
                0x000001a6                __vector_33
                0x000001a6                __vector_47
                0x000001a6                __vector_52
                0x000001a6                __vector_4
                0x000001a6                __vector_44
                0x000001a6                __vector_51
                0x000001a6                __vector_2
                0x000001a6                __vector_15
                0x000001a6                __vector_40
                0x000001a6                __vector_8
                0x000001a6                __vector_48
                0x000001a6                __vector_14
                0x000001a6                __vector_53
                0x000001a6                __vector_10
                0x000001a6                __vector_50
                0x000001a6                __vector_16
                0x000001a6                __vector_18
                0x000001a6                __vector_20
                0x000001a6                __vector_42
                0x000001a8                . = ALIGN (0x2)
 *(.text.*)
 .text.RPI_receiveTask
                0x000001a8       0x6c FreeRTOS2560.o
                0x000001a8                RPI_receiveTask
 .text.RPI_sendTask
                0x00000214       0x8a FreeRTOS2560.o
                0x00000214                RPI_sendTask
 .text.myTimerTask
                0x0000029e        0x6 FreeRTOS2560.o
                0x0000029e                myTimerTask
 .text.setDigitalInputPowerReduction
                0x000002a4       0x16 FreeRTOS2560.o
                0x000002a4                setDigitalInputPowerReduction
 .text.setPowerReduction
                0x000002ba       0x10 FreeRTOS2560.o
                0x000002ba                setPowerReduction
 .text.clearTimer
                0x000002ca       0x3e FreeRTOS2560.o
                0x000002ca                clearTimer
 .text.init     0x00000308       0x50 FreeRTOS2560.o
                0x00000308                init
 .text.main     0x00000358       0x92 FreeRTOS2560.o
                0x00000358                main
 .text.myItoa   0x000003ea       0x4a FreeRTOS2560.o
                0x000003ea                myItoa
 .text.obstacleSend
                0x00000434       0x4c FreeRTOS2560.o
                0x00000434                obstacleSend
 .text.sendObstacleDetected
                0x00000480       0x8a FreeRTOS2560.o
                0x00000480                sendObstacleDetected
 .text.Sonar_Task
                0x0000050a      0x116 FreeRTOS2560.o
                0x0000050a                Sonar_Task
 .text.pvPortMalloc
                0x00000620       0x6a heap_1.o
                0x00000620                pvPortMalloc
 .text.vPortFree
                0x0000068a        0x2 heap_1.o
                0x0000068a                vPortFree
 .text.vListInitialise
                0x0000068c       0x1c list.o
                0x0000068c                vListInitialise
 .text.vListInitialiseItem
                0x000006a8        0x8 list.o
                0x000006a8                vListInitialiseItem
 .text.vListInsertEnd
                0x000006b0       0x42 list.o
                0x000006b0                vListInsertEnd
 .text.vListInsert
                0x000006f2       0x62 list.o
                0x000006f2                vListInsert
 .text.uxListRemove
                0x00000754       0x4c list.o
                0x00000754                uxListRemove
 .text.__vector_9
                0x000007a0      0x116 myHcSonar.o
                0x000007a0                __vector_9
 .text.myHcSonar_Init
                0x000008b6       0x2a myHcSonar.o
                0x000008b6                myHcSonar_Init
 .text.myMaxSonar_BtmStart
                0x000008e0        0xc myMaxSonar.o
                0x000008e0                myMaxSonar_BtmStart
 .text.myMaxSonar_TopStart
                0x000008ec        0xc myMaxSonar.o
                0x000008ec                myMaxSonar_TopStart
 .text.myMaxSonar_extractMedian
                0x000008f8       0x3e myMaxSonar.o
                0x000008f8                myMaxSonar_extractMedian
 .text.myMaxSonar_Stabilizer
                0x00000936       0x1c myMaxSonar.o
                0x00000936                myMaxSonar_Stabilizer
 .text.myMaxSonar_AddSample
                0x00000952       0x48 myMaxSonar.o
                0x00000952                myMaxSonar_AddSample
 .text.myMaxSonar_getFilteredReading
                0x0000099a       0x12 myMaxSonar.o
                0x0000099a                myMaxSonar_getFilteredReading
 .text.myMaxSonar_Read
                0x000009ac       0x14 myMaxSonar.o
                0x000009ac                myMaxSonar_Read
 .text.__vector_29
                0x000009c0       0x70 myADC.o
                0x000009c0                __vector_29
 .text.myADC_Init
                0x00000a30       0x3a myADC.o
                0x00000a30                myADC_Init
 .text.myADC_startADC
                0x00000a6a       0x52 myADC.o
                0x00000a6a                myADC_startADC
 .text.myADC_readADC
                0x00000abc       0x48 myADC.o
                0x00000abc                myADC_readADC
 .text.myADC_analogRead
                0x00000b04        0xe myADC.o
                0x00000b04                myADC_analogRead
 .text.detectStairs
                0x00000b12       0x20 myObstacleHandler.o
                0x00000b12                detectStairs
 .text.obstacleAvoidance
                0x00000b32       0xce myObstacleHandler.o
                0x00000b32                obstacleAvoidance
 .text.cheatPrintAll
                0x00000c00       0x1e myObstacleHandler.o
                0x00000c00                cheatPrintAll
 .text.obstacleDetection
                0x00000c1e       0x60 myObstacleHandler.o
                0x00000c1e                obstacleDetection
 .text.mySharpIR_Read
                0x00000c7e       0x48 mySharpIR.o
                0x00000c7e                mySharpIR_Read
 .text.checkWithinRange
                0x00000cc6       0x2a mySharpIR.o
                0x00000cc6                checkWithinRange
 .text.mySharpIR_ReCalibrate
                0x00000cf0       0xaa mySharpIR.o
                0x00000cf0                mySharpIR_ReCalibrate
 .text.myTimer_Init
                0x00000d9a       0x34 myTimer.o
                0x00000d9a                myTimer_Init
 .text.myTimer_Read
                0x00000dce        0x4 myTimer.o
                0x00000dce                myTimer_Read
 .text.myTimer_DelayMicro
                0x00000dd2       0x48 myTimer.o
                0x00000dd2                myTimer_DelayMicro
 .text.myTimer_DelayChecker
                0x00000e1a       0xde myTimer.o
                0x00000e1a                myTimer_DelayChecker
 .text.__vector_36
                0x00000ef8       0x70 myUSART.o
                0x00000ef8                __vector_36
 .text.__vector_25
                0x00000f68       0x70 myUSART.o
                0x00000f68                __vector_25
 .text.__vector_37
                0x00000fd8       0x6c myUSART.o
                0x00000fd8                __vector_37
 .text.__vector_26
                0x00001044       0x6c myUSART.o
                0x00001044                __vector_26
 .text.myUSART_USART0_Init
                0x000010b0       0x40 myUSART.o
                0x000010b0                myUSART_USART0_Init
 .text.myUSART_USART1_Init
                0x000010f0       0x50 myUSART.o
                0x000010f0                myUSART_USART1_Init
 .text.myUSART_transmitUSART0_c
                0x00001140       0x2e myUSART.o
                0x00001140                myUSART_transmitUSART0_c
 .text.myUSART_transmitUSART1_c
                0x0000116e       0x2e myUSART.o
                0x0000116e                myUSART_transmitUSART1_c
 .text.myUSART_transmitUSART1
                0x0000119c       0x1c myUSART.o
                0x0000119c                myUSART_transmitUSART1
 .text.myUSART_transmitUSART0
                0x000011b8       0x1c myUSART.o
                0x000011b8                myUSART_transmitUSART0
 .text.myUSART_receiveUSART1
                0x000011d4       0x42 myUSART.o
                0x000011d4                myUSART_receiveUSART1
 .text.myUSART_startHandShake
                0x00001216       0x28 myUSART.o
                0x00001216                myUSART_startHandShake
 .text.myUSART_completeHandShake
                0x0000123e       0x16 myUSART.o
                0x0000123e                myUSART_completeHandShake
 .text.myUSART_receiveHandShakeAck
                0x00001254        0xc myUSART.o
                0x00001254                myUSART_receiveHandShakeAck
 .text.myUSART_receiveHandShakeStart
                0x00001260        0xc myUSART.o
                0x00001260                myUSART_receiveHandShakeStart
 .text.myUSART_receiveHandShakeFin
                0x0000126c        0xc myUSART.o
                0x0000126c                myUSART_receiveHandShakeFin
 .text.myUSART_receiveMessageACK
                0x00001278        0xc myUSART.o
                0x00001278                myUSART_receiveMessageACK
 .text.myUSART_peekReceiveUSART1
                0x00001284       0x42 myUSART.o
                0x00001284                myUSART_peekReceiveUSART1
 .text.pxPortInitialiseStack
                0x000012c6       0xe4 port.o
                0x000012c6                pxPortInitialiseStack
 .text.xPortStartScheduler
                0x000013aa       0x7a port.o
                0x000013aa                xPortStartScheduler
 .text.vPortYield
                0x00001424       0xc0 port.o
                0x00001424                vPortYield
 .text.vPortYieldFromTick
                0x000014e4       0xc4 port.o
                0x000014e4                vPortYieldFromTick
 .text.__vector_21
                0x000015a8        0x4 port.o
                0x000015a8                __vector_21
 .text.prvCopyDataToQueue
                0x000015ac       0xc4 queue.o
 .text.prvCopyDataFromQueue
                0x00001670       0x34 queue.o
 .text.prvUnlockQueue
                0x000016a4       0x8c queue.o
 .text.xQueueGenericReset
                0x00001730       0x76 queue.o
                0x00001730                xQueueGenericReset
 .text.xQueueGenericCreate
                0x000017a6       0x5a queue.o
                0x000017a6                xQueueGenericCreate
 .text.xQueueGenericSend
                0x00001800      0x126 queue.o
                0x00001800                xQueueGenericSend
 .text.xQueueCreateMutex
                0x00001926       0x56 queue.o
                0x00001926                xQueueCreateMutex
 .text.xQueueGenericSendFromISR
                0x0000197c       0x74 queue.o
                0x0000197c                xQueueGenericSendFromISR
 .text.xQueueGenericReceive
                0x000019f0      0x166 queue.o
                0x000019f0                xQueueGenericReceive
 .text.ringBufferInit
                0x00001b56        0xe ringBuffer.o
                0x00001b56                ringBufferInit
 .text.ringBufferPeek
                0x00001b64       0x14 ringBuffer.o
                0x00001b64                ringBufferPeek
 .text.ringBufferPop
                0x00001b78       0x24 ringBuffer.o
                0x00001b78                ringBufferPop
 .text.ringBufferPush
                0x00001b9c       0x2e ringBuffer.o
                0x00001b9c                ringBufferPush
 .text.ringBufferFull
                0x00001bca        0xe ringBuffer.o
                0x00001bca                ringBufferFull
 .text.ringBufferNotEmpty
                0x00001bd8       0x10 ringBuffer.o
                0x00001bd8                ringBufferNotEmpty
 .text.prvResetNextTaskUnblockTime
                0x00001be8       0x3e tasks.o
 .text.prvAddCurrentTaskToDelayedList
                0x00001c26       0x6e tasks.o
 .text.xTaskGenericCreate
                0x00001c94      0x22a tasks.o
                0x00001c94                xTaskGenericCreate
 .text.vTaskResume
                0x00001ebe       0x96 tasks.o
                0x00001ebe                vTaskResume
 .text.vTaskStartScheduler
                0x00001f54       0x52 tasks.o
                0x00001f54                vTaskStartScheduler
 .text.vTaskSuspendAll
                0x00001fa6        0xc tasks.o
                0x00001fa6                vTaskSuspendAll
 .text.xTaskGetTickCount
                0x00001fb2       0x14 tasks.o
                0x00001fb2                xTaskGetTickCount
 .text.xTaskGetTickCountFromISR
                0x00001fc6        0xa tasks.o
                0x00001fc6                xTaskGetTickCountFromISR
 .text.xTaskIncrementTick
                0x00001fd0      0x17c tasks.o
                0x00001fd0                xTaskIncrementTick
 .text.xTaskResumeAll
                0x0000214c      0x102 tasks.o
                0x0000214c                xTaskResumeAll
 .text.vTaskDelayUntil
                0x0000224e       0x7c tasks.o
                0x0000224e                vTaskDelayUntil
 .text.prvIdleTask
                0x000022ca       0x72 tasks.o
 .text.vTaskSwitchContext
                0x0000233c       0xbc tasks.o
                0x0000233c                vTaskSwitchContext
 .text.vTaskSuspend
                0x000023f8       0x9a tasks.o
                0x000023f8                vTaskSuspend
 .text.vTaskPlaceOnEventList
                0x00002492       0x56 tasks.o
                0x00002492                vTaskPlaceOnEventList
 .text.xTaskRemoveFromEventList
                0x000024e8       0x90 tasks.o
                0x000024e8                xTaskRemoveFromEventList
 .text.vTaskSetTimeOutState
                0x00002578       0x16 tasks.o
                0x00002578                vTaskSetTimeOutState
 .text.xTaskCheckForTimeOut
                0x0000258e       0x70 tasks.o
                0x0000258e                xTaskCheckForTimeOut
 .text.vTaskMissedYield
                0x000025fe        0x8 tasks.o
                0x000025fe                vTaskMissedYield
 .text.vTaskPriorityInherit
                0x00002606       0xbc tasks.o
                0x00002606                vTaskPriorityInherit
 .text.xTaskPriorityDisinherit
                0x000026c2       0x7e tasks.o
                0x000026c2                xTaskPriorityDisinherit
 .text.pvTaskIncrementMutexHeldCount
                0x00002740       0x24 tasks.o
                0x00002740                pvTaskIncrementMutexHeldCount
 .text.avr-libc.fplib
                0x00002764        0xa c:/program files (x86)/atmel/atmel toolchain/avr8 gcc/native/3.4.1061/avr8-gnu-toolchain/bin/../lib/gcc/avr/4.8.1/../../../../avr/lib/avr6\libm.a(addsf3.o)
                0x00002764                __subsf3
                0x00002766                __addsf3
 .text.avr-libc.fplib
                0x0000276e       0xc0 c:/program files (x86)/atmel/atmel toolchain/avr8 gcc/native/3.4.1061/avr8-gnu-toolchain/bin/../lib/gcc/avr/4.8.1/../../../../avr/lib/avr6\libm.a(addsf3x.o)
                0x00002788                __addsf3x
 .text.avr-libc.fplib
                0x0000282e        0xa c:/program files (x86)/atmel/atmel toolchain/avr8 gcc/native/3.4.1061/avr8-gnu-toolchain/bin/../lib/gcc/avr/4.8.1/../../../../avr/lib/avr6\libm.a(fixsfsi.o)
                0x0000282e                __fixsfsi
 .text.avr-libc.fplib
                0x00002838       0x58 c:/program files (x86)/atmel/atmel toolchain/avr8 gcc/native/3.4.1061/avr8-gnu-toolchain/bin/../lib/gcc/avr/4.8.1/../../../../avr/lib/avr6\libm.a(fixunssfsi.o)
                0x00002838                __fixunssfsi
 .text.avr-libc.fplib
                0x00002890       0x7a c:/program files (x86)/atmel/atmel toolchain/avr8 gcc/native/3.4.1061/avr8-gnu-toolchain/bin/../lib/gcc/avr/4.8.1/../../../../avr/lib/avr6\libm.a(floatsisf.o)
                0x00002890                __floatunsisf
                0x00002894                __floatsisf
 .text.avr-libc.fplib
                0x0000290a        0xc c:/program files (x86)/atmel/atmel toolchain/avr8 gcc/native/3.4.1061/avr8-gnu-toolchain/bin/../lib/gcc/avr/4.8.1/../../../../avr/lib/avr6\libm.a(fp_inf.o)
                0x0000290a                __fp_inf
 .text.avr-libc.fplib
                0x00002916        0x6 c:/program files (x86)/atmel/atmel toolchain/avr8 gcc/native/3.4.1061/avr8-gnu-toolchain/bin/../lib/gcc/avr/4.8.1/../../../../avr/lib/avr6\libm.a(fp_nan.o)
                0x00002916                __fp_nan
 .text.avr-libc.fplib
                0x0000291c        0xe c:/program files (x86)/atmel/atmel toolchain/avr8 gcc/native/3.4.1061/avr8-gnu-toolchain/bin/../lib/gcc/avr/4.8.1/../../../../avr/lib/avr6\libm.a(fp_pscA.o)
                0x0000291c                __fp_pscA
 .text.avr-libc.fplib
                0x0000292a        0xe c:/program files (x86)/atmel/atmel toolchain/avr8 gcc/native/3.4.1061/avr8-gnu-toolchain/bin/../lib/gcc/avr/4.8.1/../../../../avr/lib/avr6\libm.a(fp_pscB.o)
                0x0000292a                __fp_pscB
 .text.avr-libc.fplib
                0x00002938       0x22 c:/program files (x86)/atmel/atmel toolchain/avr8 gcc/native/3.4.1061/avr8-gnu-toolchain/bin/../lib/gcc/avr/4.8.1/../../../../avr/lib/avr6\libm.a(fp_round.o)
                0x00002938                __fp_round
 .text.avr-libc.fplib
                0x0000295a       0x44 c:/program files (x86)/atmel/atmel toolchain/avr8 gcc/native/3.4.1061/avr8-gnu-toolchain/bin/../lib/gcc/avr/4.8.1/../../../../avr/lib/avr6\libm.a(fp_split3.o)
                0x0000295a                __fp_split3
                0x0000296a                __fp_splitA
 .text.avr-libc.fplib
                0x0000299e        0xe c:/program files (x86)/atmel/atmel toolchain/avr8 gcc/native/3.4.1061/avr8-gnu-toolchain/bin/../lib/gcc/avr/4.8.1/../../../../avr/lib/avr6\libm.a(fp_zero.o)
                0x0000299e                __fp_zero
                0x000029a0                __fp_szero
 .text.avr-libc.fplib
                0x000029ac        0x4 c:/program files (x86)/atmel/atmel toolchain/avr8 gcc/native/3.4.1061/avr8-gnu-toolchain/bin/../lib/gcc/avr/4.8.1/../../../../avr/lib/avr6\libm.a(mulsf3.o)
                0x000029ac                __mulsf3
 .text.avr-libc.fplib
                0x000029b0       0xc2 c:/program files (x86)/atmel/atmel toolchain/avr8 gcc/native/3.4.1061/avr8-gnu-toolchain/bin/../lib/gcc/avr/4.8.1/../../../../avr/lib/avr6\libm.a(mulsf3x.o)
                0x000029c4                __mulsf3x
                0x000029c8                __mulsf3_pse
 .text.avr-libc.fplib
                0x00002a72       0x98 c:/program files (x86)/atmel/atmel toolchain/avr8 gcc/native/3.4.1061/avr8-gnu-toolchain/bin/../lib/gcc/avr/4.8.1/../../../../avr/lib/avr6\libm.a(pow.o)
                0x00002a72                pow
 .text.avr-libc.fplib
                0x00002b0a       0x62 c:/program files (x86)/atmel/atmel toolchain/avr8 gcc/native/3.4.1061/avr8-gnu-toolchain/bin/../lib/gcc/avr/4.8.1/../../../../avr/lib/avr6\libm.a(exp.o)
                0x00002b14                exp
 .text.avr-libc.fplib
                0x00002b6c       0x4a c:/program files (x86)/atmel/atmel toolchain/avr8 gcc/native/3.4.1061/avr8-gnu-toolchain/bin/../lib/gcc/avr/4.8.1/../../../../avr/lib/avr6\libm.a(fp_powser.o)
                0x00002b6c                __fp_powser
 .text.avr-libc.fplib
                0x00002bb6        0xe c:/program files (x86)/atmel/atmel toolchain/avr8 gcc/native/3.4.1061/avr8-gnu-toolchain/bin/../lib/gcc/avr/4.8.1/../../../../avr/lib/avr6\libm.a(inverse.o)
                0x00002bb6                inverse
 .text.avr-libc.fplib
                0x00002bc4       0x6c c:/program files (x86)/atmel/atmel toolchain/avr8 gcc/native/3.4.1061/avr8-gnu-toolchain/bin/../lib/gcc/avr/4.8.1/../../../../avr/lib/avr6\libm.a(ldexp.o)
                0x00002bc8                ldexp
 .text.avr-libc.fplib
                0x00002c30       0x8a c:/program files (x86)/atmel/atmel toolchain/avr8 gcc/native/3.4.1061/avr8-gnu-toolchain/bin/../lib/gcc/avr/4.8.1/../../../../avr/lib/avr6\libm.a(log.o)
                0x00002c3a                log
 .text.avr-libc.fplib
                0x00002cba       0x66 c:/program files (x86)/atmel/atmel toolchain/avr8 gcc/native/3.4.1061/avr8-gnu-toolchain/bin/../lib/gcc/avr/4.8.1/../../../../avr/lib/avr6\libm.a(modf.o)
                0x00002cba                modf
                0x00002cba                modff
 .text.avr-libc.fplib
                0x00002d20        0x4 c:/program files (x86)/atmel/atmel toolchain/avr8 gcc/native/3.4.1061/avr8-gnu-toolchain/bin/../lib/gcc/avr/4.8.1/../../../../avr/lib/avr6\libm.a(divsf3.o)
                0x00002d20                __divsf3
 .text.avr-libc.fplib
                0x00002d24       0xcc c:/program files (x86)/atmel/atmel toolchain/avr8 gcc/native/3.4.1061/avr8-gnu-toolchain/bin/../lib/gcc/avr/4.8.1/../../../../avr/lib/avr6\libm.a(divsf3x.o)
                0x00002d3a                __divsf3x
                0x00002d3e                __divsf3_pse
 .text.avr-libc.fplib
                0x00002df0       0x1c c:/program files (x86)/atmel/atmel toolchain/avr8 gcc/native/3.4.1061/avr8-gnu-toolchain/bin/../lib/gcc/avr/4.8.1/../../../../avr/lib/avr6\libm.a(fp_mpack.o)
                0x00002df0                __fp_mpack
                0x00002df4                __fp_mpack_finite
 .text.libgcc.div
                0x00002e0c       0x26 c:/program files (x86)/atmel/atmel toolchain/avr8 gcc/native/3.4.1061/avr8-gnu-toolchain/bin/../lib/gcc/avr/4.8.1/avr6\libgcc.a(_divmodhi4.o)
                0x00002e0c                _div
                0x00002e0c                __divmodhi4
 .text.libgcc.div
                0x00002e32       0x28 c:/program files (x86)/atmel/atmel toolchain/avr8 gcc/native/3.4.1061/avr8-gnu-toolchain/bin/../lib/gcc/avr/4.8.1/avr6\libgcc.a(_udivmodhi4.o)
                0x00002e32                __udivmodhi4
 .text.avr-libc
                0x00002e5a       0x12 c:/program files (x86)/atmel/atmel toolchain/avr8 gcc/native/3.4.1061/avr8-gnu-toolchain/bin/../lib/gcc/avr/4.8.1/../../../../avr/lib/avr6\libc.a(memcpy.o)
                0x00002e5a                memcpy
                0x00002e6c                . = ALIGN (0x2)
 *(.fini9)
 .fini9         0x00002e6c        0x0 c:/program files (x86)/atmel/atmel toolchain/avr8 gcc/native/3.4.1061/avr8-gnu-toolchain/bin/../lib/gcc/avr/4.8.1/avr6\libgcc.a(_exit.o)
                0x00002e6c                _exit
                0x00002e6c                exit
 *(.fini9)
 *(.fini8)
 *(.fini8)
 *(.fini7)
 *(.fini7)
 *(.fini6)
 *(.fini6)
 *(.fini5)
 *(.fini5)
 *(.fini4)
 *(.fini4)
 *(.fini3)
 *(.fini3)
 *(.fini2)
 *(.fini2)
 *(.fini1)
 *(.fini1)
 *(.fini0)
 .fini0         0x00002e6c        0x4 c:/program files (x86)/atmel/atmel toolchain/avr8 gcc/native/3.4.1061/avr8-gnu-toolchain/bin/../lib/gcc/avr/4.8.1/avr6\libgcc.a(_exit.o)
 *(.fini0)
                0x00002e70                _etext = .

.data           0x00800200       0x38 load address 0x00002e70
                0x00800200                PROVIDE (__data_start, .)
 *(.data)
 *(.data*)
 .data.i.1832   0x00800200        0x1 myMaxSonar.o
 .data.expectedTick2
                0x00800201        0x2 myTimer.o
                0x00800201                expectedTick2
 .data.expectedTick
                0x00800203        0x2 myTimer.o
                0x00800203                expectedTick
 .data.xNextTaskUnblockTime
                0x00800205        0x2 tasks.o
 *(.rodata)
 *(.rodata*)
 .rodata.str1.1
                0x00800207       0x2c FreeRTOS2560.o
 .rodata.str1.1
                0x00800233        0x5 tasks.o
 *(.gnu.linkonce.d*)
                0x00800238                . = ALIGN (0x2)
                0x00800238                _edata = .
                0x00800238                PROVIDE (__data_end, .)

.bss            0x00800238      0x709
                0x00800238                PROVIDE (__bss_start, .)
 *(.bss)
 *(.bss*)
 .bss.receiveState.1945
                0x00800238        0x1 FreeRTOS2560.o
 .bss.pucAlignedHeap.1837
                0x00800239        0x2 heap_1.o
 .bss.xNextFreeByte
                0x0080023b        0x2 heap_1.o
 .bss.ucHeap    0x0080023d      0x5dc heap_1.o
 .bss.checkReading.1912
                0x00800819        0x4 mySharpIR.o
 .bss.i.1911    0x0080081d        0x1 mySharpIR.o
 .bss.uxSchedulerSuspended
                0x0080081e        0x1 tasks.o
 .bss.uxTaskNumber
                0x0080081f        0x1 tasks.o
 .bss.xNumOfOverflows
                0x00800820        0x1 tasks.o
 .bss.xYieldPending
                0x00800821        0x1 tasks.o
 .bss.uxPendedTicks
                0x00800822        0x1 tasks.o
 .bss.xSchedulerRunning
                0x00800823        0x1 tasks.o
 .bss.uxTopReadyPriority
                0x00800824        0x1 tasks.o
 .bss.xTickCount
                0x00800825        0x2 tasks.o
 .bss.uxCurrentNumberOfTasks
                0x00800827        0x1 tasks.o
 .bss.xSuspendedTaskList
                0x00800828        0x9 tasks.o
 .bss.uxTasksDeleted
                0x00800831        0x1 tasks.o
 .bss.xTasksWaitingTermination
                0x00800832        0x9 tasks.o
 .bss.xPendingReadyList
                0x0080083b        0x9 tasks.o
 .bss.pxOverflowDelayedTaskList
                0x00800844        0x2 tasks.o
 .bss.pxDelayedTaskList
                0x00800846        0x2 tasks.o
 .bss.xDelayedTaskList2
                0x00800848        0x9 tasks.o
 .bss.xDelayedTaskList1
                0x00800851        0x9 tasks.o
 .bss.pxReadyTasksLists
                0x0080085a       0x2d tasks.o
 .bss.pxCurrentTCB
                0x00800887        0x2 tasks.o
                0x00800887                pxCurrentTCB
 *(COMMON)
 COMMON         0x00800889        0x4 FreeRTOS2560.o
                0x00800889                queueObstacleNumber
                0x0080088b                queueObstacleData
 COMMON         0x0080088d        0xe myHcSonar.o
                0x0080088d                ms_tickStart
                0x0080088f                ms_tickLapsed
                0x00800891                us_tickStart
                0x00800893                us_tickLapsed
                0x00800895                semaReadReady
                0x00800897                ms_tickEnd
                0x00800899                us_tickEnd
 COMMON         0x0080089b        0x6 myADC.o
                0x0080089b                adcReading_L
                0x0080089c                adcReading_H
                0x0080089d                semaGuardStartADC
                0x0080089f                semaReadADC
 COMMON         0x008008a1        0x6 myTimer.o
                0x008008a1                semaDelayMicro
                0x008008a3                semaDelayMicro2
                0x008008a5                timerTask
 COMMON         0x008008a7       0x9a myUSART.o
                0x008008a7                uart1_rxBuffer
                0x008008c7                uart0_rxRingBuffer
                0x008008cc                uart0_txBuffer
                0x008008ec                semaUsart1HandShake
                0x008008ee                uart0_rxBuffer
                0x0080090e                uart1_txBuffer
                0x0080092e                semaUsart0Receive
                0x00800930                semaUsart1Receive
                0x00800932                uart1_txRingBuffer
                0x00800937                uart0_txRingBuffer
                0x0080093c                uart1_rxRingBuffer
                0x00800941                PROVIDE (__bss_end, .)
                0x00002e70                __data_load_start = LOADADDR (.data)
                0x00002ea8                __data_load_end = (__data_load_start + SIZEOF (.data))

.noinit         0x00800941        0x0
                0x00800941                PROVIDE (__noinit_start, .)
 *(.noinit*)
                0x00800941                PROVIDE (__noinit_end, .)
                0x00800941                _end = .
                0x00800941                PROVIDE (__heap_start, .)

.eeprom         0x00810000        0x0
 *(.eeprom*)
                0x00810000                __eeprom_end = .

.fuse
 *(.fuse)
 *(.lfuse)
 *(.hfuse)
 *(.efuse)

.lock
 *(.lock*)

.signature
 *(.signature*)

.user_signatures
 *(.user_signatures*)

.stab
 *(.stab)

.stabstr
 *(.stabstr)

.stab.excl
 *(.stab.excl)

.stab.exclstr
 *(.stab.exclstr)

.stab.index
 *(.stab.index)

.stab.indexstr
 *(.stab.indexstr)

.comment        0x00000000       0x30
 *(.comment)
 .comment       0x00000000       0x30 FreeRTOS2560.o
                                 0x31 (size before relaxing)
 .comment       0x00000000       0x31 heap_1.o
 .comment       0x00000000       0x31 list.o
 .comment       0x00000000       0x31 myHcSonar.o
 .comment       0x00000000       0x31 myMaxSonar.o
 .comment       0x00000000       0x31 myADC.o
 .comment       0x00000000       0x31 myObstacleHandler.o
 .comment       0x00000000       0x31 mySharpIR.o
 .comment       0x00000000       0x31 myTimer.o
 .comment       0x00000000       0x31 myUSART.o
 .comment       0x00000000       0x31 port.o
 .comment       0x00000000       0x31 queue.o
 .comment       0x00000000       0x31 ringBuffer.o
 .comment       0x00000000       0x31 tasks.o

.note.gnu.build-id
 *(.note.gnu.build-id)

.debug
 *(.debug)

.line
 *(.line)

.debug_srcinfo
 *(.debug_srcinfo)

.debug_sfnames
 *(.debug_sfnames)

.debug_aranges  0x00000000      0x568
 *(.debug_aranges)
 .debug_aranges
                0x00000000       0x80 FreeRTOS2560.o
 .debug_aranges
                0x00000080       0x38 heap_1.o
 .debug_aranges
                0x000000b8       0x40 list.o
 .debug_aranges
                0x000000f8       0x38 myHcSonar.o
 .debug_aranges
                0x00000130       0x58 myMaxSonar.o
 .debug_aranges
                0x00000188       0x40 myADC.o
 .debug_aranges
                0x000001c8       0x38 myObstacleHandler.o
 .debug_aranges
                0x00000200       0x30 mySharpIR.o
 .debug_aranges
                0x00000230       0x40 myTimer.o
 .debug_aranges
                0x00000270       0xb0 myUSART.o
 .debug_aranges
                0x00000320       0x48 port.o
 .debug_aranges
                0x00000368       0xa0 queue.o
 .debug_aranges
                0x00000408       0x50 ringBuffer.o
 .debug_aranges
                0x00000458      0x110 tasks.o

.debug_pubnames
 *(.debug_pubnames)

.debug_info     0x00000000     0x5e55
 *(.debug_info .gnu.linkonce.wi.*)
 .debug_info    0x00000000     0x10db FreeRTOS2560.o
 .debug_info    0x000010db      0x1ad heap_1.o
 .debug_info    0x00001288      0x2c6 list.o
 .debug_info    0x0000154e      0x344 myHcSonar.o
 .debug_info    0x00001892      0x2ec myMaxSonar.o
 .debug_info    0x00001b7e      0x3bf myADC.o
 .debug_info    0x00001f3d      0x215 myObstacleHandler.o
 .debug_info    0x00002152      0x26e mySharpIR.o
 .debug_info    0x000023c0      0x3e1 myTimer.o
 .debug_info    0x000027a1      0xad9 myUSART.o
 .debug_info    0x0000327a      0x20d port.o
 .debug_info    0x00003487     0x1023 queue.o
 .debug_info    0x000044aa      0x23b ringBuffer.o
 .debug_info    0x000046e5     0x1770 tasks.o

.debug_abbrev   0x00000000     0x161f
 *(.debug_abbrev)
 .debug_abbrev  0x00000000      0x32b FreeRTOS2560.o
 .debug_abbrev  0x0000032b      0x12e heap_1.o
 .debug_abbrev  0x00000459       0xf8 list.o
 .debug_abbrev  0x00000551      0x153 myHcSonar.o
 .debug_abbrev  0x000006a4      0x14f myMaxSonar.o
 .debug_abbrev  0x000007f3      0x119 myADC.o
 .debug_abbrev  0x0000090c       0xe1 myObstacleHandler.o
 .debug_abbrev  0x000009ed      0x13e mySharpIR.o
 .debug_abbrev  0x00000b2b      0x149 myTimer.o
 .debug_abbrev  0x00000c74      0x1d4 myUSART.o
 .debug_abbrev  0x00000e48      0x13d port.o
 .debug_abbrev  0x00000f85      0x2b6 queue.o
 .debug_abbrev  0x0000123b       0xd9 ringBuffer.o
 .debug_abbrev  0x00001314      0x30b tasks.o

.debug_line     0x00000000     0x38a6
 *(.debug_line .debug_line.* .debug_line_end)
 .debug_line    0x00000000      0x6bf FreeRTOS2560.o
 .debug_line    0x000006bf      0x26e heap_1.o
 .debug_line    0x0000092d      0x282 list.o
 .debug_line    0x00000baf      0x2a4 myHcSonar.o
 .debug_line    0x00000e53      0x228 myMaxSonar.o
 .debug_line    0x0000107b      0x23e myADC.o
 .debug_line    0x000012b9      0x233 myObstacleHandler.o
 .debug_line    0x000014ec      0x1bd mySharpIR.o
 .debug_line    0x000016a9      0x291 myTimer.o
 .debug_line    0x0000193a      0x4e6 myUSART.o
 .debug_line    0x00001e20      0x343 port.o
 .debug_line    0x00002163      0x8f0 queue.o
 .debug_line    0x00002a53      0x16c ringBuffer.o
 .debug_line    0x00002bbf      0xce7 tasks.o

.debug_frame    0x00000000      0xf60
 *(.debug_frame)
 .debug_frame   0x00000000      0x180 FreeRTOS2560.o
 .debug_frame   0x00000180       0x60 heap_1.o
 .debug_frame   0x000001e0       0x88 list.o
 .debug_frame   0x00000268       0x9c myHcSonar.o
 .debug_frame   0x00000304       0xb4 myMaxSonar.o
 .debug_frame   0x000003b8       0xc8 myADC.o
 .debug_frame   0x00000480       0x90 myObstacleHandler.o
 .debug_frame   0x00000510       0x58 mySharpIR.o
 .debug_frame   0x00000568       0x70 myTimer.o
 .debug_frame   0x000005d8      0x2a4 myUSART.o
 .debug_frame   0x0000087c       0x74 port.o
 .debug_frame   0x000008f0      0x23c queue.o
 .debug_frame   0x00000b2c       0x84 ringBuffer.o
 .debug_frame   0x00000bb0      0x3b0 tasks.o

.debug_str      0x00000000     0x176f
 *(.debug_str)
 .debug_str     0x00000000      0x6e7 FreeRTOS2560.o
                                0x72b (size before relaxing)
 .debug_str     0x000006e7       0xaf heap_1.o
                                0x226 (size before relaxing)
 .debug_str     0x00000796      0x129 list.o
                                0x2a1 (size before relaxing)
 .debug_str     0x000008bf      0x10c myHcSonar.o
                                0x2e0 (size before relaxing)
 .debug_str     0x000009cb       0xc8 myMaxSonar.o
                                0x289 (size before relaxing)
 .debug_str     0x00000a93       0x88 myADC.o
                                0x2b1 (size before relaxing)
 .debug_str     0x00000b1b       0x26 myObstacleHandler.o
                                0x210 (size before relaxing)
 .debug_str     0x00000b41       0x54 mySharpIR.o
                                0x20e (size before relaxing)
 .debug_str     0x00000b95       0x7d myTimer.o
                                0x2cf (size before relaxing)
 .debug_str     0x00000c12      0x1aa myUSART.o
                                0x50a (size before relaxing)
 .debug_str     0x00000dbc       0xda port.o
                                0x277 (size before relaxing)
 .debug_str     0x00000e96      0x3b9 queue.o
                                0x6ea (size before relaxing)
 .debug_str     0x0000124f       0x2f ringBuffer.o
                                0x21b (size before relaxing)
 .debug_str     0x0000127e      0x4f1 tasks.o
                                0xa53 (size before relaxing)

.debug_loc      0x00000000     0x4280
 *(.debug_loc)
 .debug_loc     0x00000000      0x674 FreeRTOS2560.o
 .debug_loc     0x00000674       0xf1 heap_1.o
 .debug_loc     0x00000765      0x155 list.o
 .debug_loc     0x000008ba       0xf2 myHcSonar.o
 .debug_loc     0x000009ac      0x204 myMaxSonar.o
 .debug_loc     0x00000bb0      0x1eb myADC.o
 .debug_loc     0x00000d9b      0x315 myObstacleHandler.o
 .debug_loc     0x000010b0      0x1a3 mySharpIR.o
 .debug_loc     0x00001253       0xd3 myTimer.o
 .debug_loc     0x00001326      0x61b myUSART.o
 .debug_loc     0x00001941      0x29b port.o
 .debug_loc     0x00001bdc     0x10b5 queue.o
 .debug_loc     0x00002c91       0xe6 ringBuffer.o
 .debug_loc     0x00002d77     0x1509 tasks.o

.debug_macinfo
 *(.debug_macinfo)

.debug_weaknames
 *(.debug_weaknames)

.debug_funcnames
 *(.debug_funcnames)

.debug_typenames
 *(.debug_typenames)

.debug_varnames
 *(.debug_varnames)

.debug_pubtypes
 *(.debug_pubtypes)

.debug_ranges   0x00000000      0x4f8
 *(.debug_ranges)
 .debug_ranges  0x00000000       0x70 FreeRTOS2560.o
 .debug_ranges  0x00000070       0x28 heap_1.o
 .debug_ranges  0x00000098       0x30 list.o
 .debug_ranges  0x000000c8       0x28 myHcSonar.o
 .debug_ranges  0x000000f0       0x48 myMaxSonar.o
 .debug_ranges  0x00000138       0x30 myADC.o
 .debug_ranges  0x00000168       0x28 myObstacleHandler.o
 .debug_ranges  0x00000190       0x20 mySharpIR.o
 .debug_ranges  0x000001b0       0x30 myTimer.o
 .debug_ranges  0x000001e0       0xa0 myUSART.o
 .debug_ranges  0x00000280       0x38 port.o
 .debug_ranges  0x000002b8       0x90 queue.o
 .debug_ranges  0x00000348       0x40 ringBuffer.o
 .debug_ranges  0x00000388      0x170 tasks.o

.debug_macro
 *(.debug_macro)
OUTPUT(FreeRTOS2560.elf elf32-avr)
LOAD linker stubs
