Archive member included because of file (symbol)

c:/program files (x86)/atmel/atmel toolchain/avr8 gcc/native/3.4.1061/avr8-gnu-toolchain/bin/../lib/gcc/avr/4.8.1/avr6\libgcc.a(_divmodhi4.o)
                              myHcSonar.o (__divmodhi4)
c:/program files (x86)/atmel/atmel toolchain/avr8 gcc/native/3.4.1061/avr8-gnu-toolchain/bin/../lib/gcc/avr/4.8.1/avr6\libgcc.a(_exit.o)
                              c:/program files (x86)/atmel/atmel toolchain/avr8 gcc/native/3.4.1061/avr8-gnu-toolchain/bin/../lib/gcc/avr/4.8.1/../../../../avr/lib/avr6/crtm2560.o (exit)
c:/program files (x86)/atmel/atmel toolchain/avr8 gcc/native/3.4.1061/avr8-gnu-toolchain/bin/../lib/gcc/avr/4.8.1/avr6\libgcc.a(_copy_data.o)
                              FreeRTOS2560.o (__do_copy_data)
c:/program files (x86)/atmel/atmel toolchain/avr8 gcc/native/3.4.1061/avr8-gnu-toolchain/bin/../lib/gcc/avr/4.8.1/avr6\libgcc.a(_clear_bss.o)
                              FreeRTOS2560.o (__do_clear_bss)
c:/program files (x86)/atmel/atmel toolchain/avr8 gcc/native/3.4.1061/avr8-gnu-toolchain/bin/../lib/gcc/avr/4.8.1/avr6\libgcc.a(_udivmodhi4.o)
                              c:/program files (x86)/atmel/atmel toolchain/avr8 gcc/native/3.4.1061/avr8-gnu-toolchain/bin/../lib/gcc/avr/4.8.1/avr6\libgcc.a(_divmodhi4.o) (__udivmodhi4)
c:/program files (x86)/atmel/atmel toolchain/avr8 gcc/native/3.4.1061/avr8-gnu-toolchain/bin/../lib/gcc/avr/4.8.1/../../../../avr/lib/avr6\libc.a(memcpy.o)
                              queue.o (memcpy)
c:/program files (x86)/atmel/atmel toolchain/avr8 gcc/native/3.4.1061/avr8-gnu-toolchain/bin/../lib/gcc/avr/4.8.1/../../../../avr/lib/avr6\libc.a(itoa_ncheck.o)
                              FreeRTOS2560.o (__itoa_ncheck)
c:/program files (x86)/atmel/atmel toolchain/avr8 gcc/native/3.4.1061/avr8-gnu-toolchain/bin/../lib/gcc/avr/4.8.1/../../../../avr/lib/avr6\libc.a(utoa_ncheck.o)
                              c:/program files (x86)/atmel/atmel toolchain/avr8 gcc/native/3.4.1061/avr8-gnu-toolchain/bin/../lib/gcc/avr/4.8.1/../../../../avr/lib/avr6\libc.a(itoa_ncheck.o) (__utoa_common)
c:/program files (x86)/atmel/atmel toolchain/avr8 gcc/native/3.4.1061/avr8-gnu-toolchain/bin/../lib/gcc/avr/4.8.1/../../../../avr/lib/avr6\libc.a(strrev.o)
                              c:/program files (x86)/atmel/atmel toolchain/avr8 gcc/native/3.4.1061/avr8-gnu-toolchain/bin/../lib/gcc/avr/4.8.1/../../../../avr/lib/avr6\libc.a(utoa_ncheck.o) (strrev)

Allocating common symbols
Common symbol       size              file

uart1_rxBuffer      0x20              myUSART.o
uart0_rxRingBuffer  0x5               myUSART.o
uart0_txBuffer      0x20              myUSART.o
ms_tickStart        0x2               myHcSonar.o
queueObstacleNumber
                    0x2               FreeRTOS2560.o
adcReading          0x1               myADC.o
ms_tickLapsed       0x2               myHcSonar.o
uart0_rxBuffer      0x20              myUSART.o
semaGuardStartADC   0x2               myADC.o
uart1_txBuffer      0x20              myUSART.o
us_tickStart        0x2               myHcSonar.o
semaUsart0Receive   0x2               myUSART.o
semaUsart1Receive   0x2               myUSART.o
us_tickLapsed       0x2               myHcSonar.o
uart1_txRingBuffer  0x5               myUSART.o
semaDelayMicro      0x2               myTimer.o
semaReadReady       0x2               myHcSonar.o
uart0_txRingBuffer  0x5               myUSART.o
uart1_rxRingBuffer  0x5               myUSART.o
semaReadADC         0x2               myADC.o
semaDelayMicro2     0x2               myTimer.o
ms_tickEnd          0x2               myHcSonar.o
queueObstacleData   0x2               FreeRTOS2560.o
timerTask           0x2               myTimer.o
us_tickEnd          0x2               myHcSonar.o

Discarded input sections

 .data          0x00000000        0x0 c:/program files (x86)/atmel/atmel toolchain/avr8 gcc/native/3.4.1061/avr8-gnu-toolchain/bin/../lib/gcc/avr/4.8.1/../../../../avr/lib/avr6/crtm2560.o
 .bss           0x00000000        0x0 c:/program files (x86)/atmel/atmel toolchain/avr8 gcc/native/3.4.1061/avr8-gnu-toolchain/bin/../lib/gcc/avr/4.8.1/../../../../avr/lib/avr6/crtm2560.o
 .text          0x00000000        0x0 debugPrint.o
 .data          0x00000000        0x0 debugPrint.o
 .bss           0x00000000        0x0 debugPrint.o
 .debug_line    0x00000000        0x0 debugPrint.o
 .debug_str     0x00000000        0x0 debugPrint.o
 .comment       0x00000000       0x31 debugPrint.o
 .text          0x00000000        0x0 FreeRTOS2560.o
 .data          0x00000000        0x0 FreeRTOS2560.o
 .bss           0x00000000        0x0 FreeRTOS2560.o
 .text.vApplicationIdleHook
                0x00000000        0x2 FreeRTOS2560.o
 .text.setDigitalInputPowerReduction
                0x00000000        0x2 FreeRTOS2560.o
 .text          0x00000000        0x0 heap_1.o
 .data          0x00000000        0x0 heap_1.o
 .bss           0x00000000        0x0 heap_1.o
 .text.vPortInitialiseBlocks
                0x00000000        0xa heap_1.o
 .text.xPortGetFreeHeapSize
                0x00000000       0x12 heap_1.o
 .text          0x00000000        0x0 list.o
 .data          0x00000000        0x0 list.o
 .bss           0x00000000        0x0 list.o
 .text          0x00000000        0x0 myHcSonar.o
 .data          0x00000000        0x0 myHcSonar.o
 .bss           0x00000000        0x0 myHcSonar.o
 .text          0x00000000        0x0 myMaxSonar.o
 .data          0x00000000        0x0 myMaxSonar.o
 .bss           0x00000000        0x0 myMaxSonar.o
 .text.myMaxSonar_ReadRaw
                0x00000000        0x8 myMaxSonar.o
 .text          0x00000000        0x0 myADC.o
 .data          0x00000000        0x0 myADC.o
 .bss           0x00000000        0x0 myADC.o
 .text          0x00000000        0x0 myTimer.o
 .data          0x00000000        0x0 myTimer.o
 .bss           0x00000000        0x0 myTimer.o
 .text          0x00000000        0x0 myUSART.o
 .data          0x00000000        0x0 myUSART.o
 .bss           0x00000000        0x0 myUSART.o
 .text.myUSART_transmitUSART1
                0x00000000       0x1e myUSART.o
 .text.myUSART_receiveUSART0
                0x00000000       0x4a myUSART.o
 .text.myUSART_startHandShake
                0x00000000       0x1c myUSART.o
 .text.myUSART_receiveHandShakeAck
                0x00000000        0xc myUSART.o
 .text.myUSART_receiveHandShakeStart
                0x00000000        0xa myUSART.o
 .text.myUSART_receiveHandShakeFin
                0x00000000        0xc myUSART.o
 .text          0x00000000        0x0 port.o
 .data          0x00000000        0x0 port.o
 .bss           0x00000000        0x0 port.o
 .text.vPortEndScheduler
                0x00000000        0x2 port.o
 .text          0x00000000        0x0 queue.o
 .data          0x00000000        0x0 queue.o
 .bss           0x00000000        0x0 queue.o
 .text.xQueueReceiveFromISR
                0x00000000       0x66 queue.o
 .text.xQueuePeekFromISR
                0x00000000       0x2e queue.o
 .text.uxQueueMessagesWaiting
                0x00000000       0x10 queue.o
 .text.uxQueueSpacesAvailable
                0x00000000       0x16 queue.o
 .text.uxQueueMessagesWaitingFromISR
                0x00000000        0x6 queue.o
 .text.vQueueDelete
                0x00000000       0x1e queue.o
 .text.xQueueIsQueueEmptyFromISR
                0x00000000        0xc queue.o
 .text.xQueueIsQueueFullFromISR
                0x00000000        0xe queue.o
 .text          0x00000000        0x0 ringBuffer.o
 .data          0x00000000        0x0 ringBuffer.o
 .bss           0x00000000        0x0 ringBuffer.o
 .text.ringBufferClear
                0x00000000        0x6 ringBuffer.o
 .text          0x00000000        0x0 tasks.o
 .data          0x00000000        0x0 tasks.o
 .bss           0x00000000        0x0 tasks.o
 .text.vTaskDelete
                0x00000000       0x8e tasks.o
 .text.xTaskResumeFromISR
                0x00000000       0xaa tasks.o
 .text.vTaskEndScheduler
                0x00000000        0xc tasks.o
 .text.uxTaskGetNumberOfTasks
                0x00000000        0x6 tasks.o
 .text.vTaskPlaceOnUnorderedEventList
                0x00000000       0x66 tasks.o
 .text.xTaskRemoveFromUnorderedEventList
                0x00000000       0x74 tasks.o
 .text.xTaskGetCurrentTaskHandle
                0x00000000        0xa tasks.o
 .text.uxTaskResetEventItemValue
                0x00000000       0x2e tasks.o
 .text          0x00000000        0x0 c:/program files (x86)/atmel/atmel toolchain/avr8 gcc/native/3.4.1061/avr8-gnu-toolchain/bin/../lib/gcc/avr/4.8.1/avr6\libgcc.a(_divmodhi4.o)
 .data          0x00000000        0x0 c:/program files (x86)/atmel/atmel toolchain/avr8 gcc/native/3.4.1061/avr8-gnu-toolchain/bin/../lib/gcc/avr/4.8.1/avr6\libgcc.a(_divmodhi4.o)
 .bss           0x00000000        0x0 c:/program files (x86)/atmel/atmel toolchain/avr8 gcc/native/3.4.1061/avr8-gnu-toolchain/bin/../lib/gcc/avr/4.8.1/avr6\libgcc.a(_divmodhi4.o)
 .text.libgcc.mul
                0x00000000        0x0 c:/program files (x86)/atmel/atmel toolchain/avr8 gcc/native/3.4.1061/avr8-gnu-toolchain/bin/../lib/gcc/avr/4.8.1/avr6\libgcc.a(_divmodhi4.o)
 .text.libgcc   0x00000000        0x0 c:/program files (x86)/atmel/atmel toolchain/avr8 gcc/native/3.4.1061/avr8-gnu-toolchain/bin/../lib/gcc/avr/4.8.1/avr6\libgcc.a(_divmodhi4.o)
 .text.libgcc.prologue
                0x00000000        0x0 c:/program files (x86)/atmel/atmel toolchain/avr8 gcc/native/3.4.1061/avr8-gnu-toolchain/bin/../lib/gcc/avr/4.8.1/avr6\libgcc.a(_divmodhi4.o)
 .text.libgcc.builtins
                0x00000000        0x0 c:/program files (x86)/atmel/atmel toolchain/avr8 gcc/native/3.4.1061/avr8-gnu-toolchain/bin/../lib/gcc/avr/4.8.1/avr6\libgcc.a(_divmodhi4.o)
 .text.libgcc.fmul
                0x00000000        0x0 c:/program files (x86)/atmel/atmel toolchain/avr8 gcc/native/3.4.1061/avr8-gnu-toolchain/bin/../lib/gcc/avr/4.8.1/avr6\libgcc.a(_divmodhi4.o)
 .text.libgcc.fixed
                0x00000000        0x0 c:/program files (x86)/atmel/atmel toolchain/avr8 gcc/native/3.4.1061/avr8-gnu-toolchain/bin/../lib/gcc/avr/4.8.1/avr6\libgcc.a(_divmodhi4.o)
 .text          0x00000000        0x0 c:/program files (x86)/atmel/atmel toolchain/avr8 gcc/native/3.4.1061/avr8-gnu-toolchain/bin/../lib/gcc/avr/4.8.1/avr6\libgcc.a(_exit.o)
 .data          0x00000000        0x0 c:/program files (x86)/atmel/atmel toolchain/avr8 gcc/native/3.4.1061/avr8-gnu-toolchain/bin/../lib/gcc/avr/4.8.1/avr6\libgcc.a(_exit.o)
 .bss           0x00000000        0x0 c:/program files (x86)/atmel/atmel toolchain/avr8 gcc/native/3.4.1061/avr8-gnu-toolchain/bin/../lib/gcc/avr/4.8.1/avr6\libgcc.a(_exit.o)
 .text.libgcc.mul
                0x00000000        0x0 c:/program files (x86)/atmel/atmel toolchain/avr8 gcc/native/3.4.1061/avr8-gnu-toolchain/bin/../lib/gcc/avr/4.8.1/avr6\libgcc.a(_exit.o)
 .text.libgcc.div
                0x00000000        0x0 c:/program files (x86)/atmel/atmel toolchain/avr8 gcc/native/3.4.1061/avr8-gnu-toolchain/bin/../lib/gcc/avr/4.8.1/avr6\libgcc.a(_exit.o)
 .text.libgcc   0x00000000        0x0 c:/program files (x86)/atmel/atmel toolchain/avr8 gcc/native/3.4.1061/avr8-gnu-toolchain/bin/../lib/gcc/avr/4.8.1/avr6\libgcc.a(_exit.o)
 .text.libgcc.prologue
                0x00000000        0x0 c:/program files (x86)/atmel/atmel toolchain/avr8 gcc/native/3.4.1061/avr8-gnu-toolchain/bin/../lib/gcc/avr/4.8.1/avr6\libgcc.a(_exit.o)
 .text.libgcc.builtins
                0x00000000        0x0 c:/program files (x86)/atmel/atmel toolchain/avr8 gcc/native/3.4.1061/avr8-gnu-toolchain/bin/../lib/gcc/avr/4.8.1/avr6\libgcc.a(_exit.o)
 .text.libgcc.fmul
                0x00000000        0x0 c:/program files (x86)/atmel/atmel toolchain/avr8 gcc/native/3.4.1061/avr8-gnu-toolchain/bin/../lib/gcc/avr/4.8.1/avr6\libgcc.a(_exit.o)
 .text.libgcc.fixed
                0x00000000        0x0 c:/program files (x86)/atmel/atmel toolchain/avr8 gcc/native/3.4.1061/avr8-gnu-toolchain/bin/../lib/gcc/avr/4.8.1/avr6\libgcc.a(_exit.o)
 .text          0x00000000        0x0 c:/program files (x86)/atmel/atmel toolchain/avr8 gcc/native/3.4.1061/avr8-gnu-toolchain/bin/../lib/gcc/avr/4.8.1/avr6\libgcc.a(_copy_data.o)
 .data          0x00000000        0x0 c:/program files (x86)/atmel/atmel toolchain/avr8 gcc/native/3.4.1061/avr8-gnu-toolchain/bin/../lib/gcc/avr/4.8.1/avr6\libgcc.a(_copy_data.o)
 .bss           0x00000000        0x0 c:/program files (x86)/atmel/atmel toolchain/avr8 gcc/native/3.4.1061/avr8-gnu-toolchain/bin/../lib/gcc/avr/4.8.1/avr6\libgcc.a(_copy_data.o)
 .text.libgcc.mul
                0x00000000        0x0 c:/program files (x86)/atmel/atmel toolchain/avr8 gcc/native/3.4.1061/avr8-gnu-toolchain/bin/../lib/gcc/avr/4.8.1/avr6\libgcc.a(_copy_data.o)
 .text.libgcc.div
                0x00000000        0x0 c:/program files (x86)/atmel/atmel toolchain/avr8 gcc/native/3.4.1061/avr8-gnu-toolchain/bin/../lib/gcc/avr/4.8.1/avr6\libgcc.a(_copy_data.o)
 .text.libgcc   0x00000000        0x0 c:/program files (x86)/atmel/atmel toolchain/avr8 gcc/native/3.4.1061/avr8-gnu-toolchain/bin/../lib/gcc/avr/4.8.1/avr6\libgcc.a(_copy_data.o)
 .text.libgcc.prologue
                0x00000000        0x0 c:/program files (x86)/atmel/atmel toolchain/avr8 gcc/native/3.4.1061/avr8-gnu-toolchain/bin/../lib/gcc/avr/4.8.1/avr6\libgcc.a(_copy_data.o)
 .text.libgcc.builtins
                0x00000000        0x0 c:/program files (x86)/atmel/atmel toolchain/avr8 gcc/native/3.4.1061/avr8-gnu-toolchain/bin/../lib/gcc/avr/4.8.1/avr6\libgcc.a(_copy_data.o)
 .text.libgcc.fmul
                0x00000000        0x0 c:/program files (x86)/atmel/atmel toolchain/avr8 gcc/native/3.4.1061/avr8-gnu-toolchain/bin/../lib/gcc/avr/4.8.1/avr6\libgcc.a(_copy_data.o)
 .text.libgcc.fixed
                0x00000000        0x0 c:/program files (x86)/atmel/atmel toolchain/avr8 gcc/native/3.4.1061/avr8-gnu-toolchain/bin/../lib/gcc/avr/4.8.1/avr6\libgcc.a(_copy_data.o)
 .text          0x00000000        0x0 c:/program files (x86)/atmel/atmel toolchain/avr8 gcc/native/3.4.1061/avr8-gnu-toolchain/bin/../lib/gcc/avr/4.8.1/avr6\libgcc.a(_clear_bss.o)
 .data          0x00000000        0x0 c:/program files (x86)/atmel/atmel toolchain/avr8 gcc/native/3.4.1061/avr8-gnu-toolchain/bin/../lib/gcc/avr/4.8.1/avr6\libgcc.a(_clear_bss.o)
 .bss           0x00000000        0x0 c:/program files (x86)/atmel/atmel toolchain/avr8 gcc/native/3.4.1061/avr8-gnu-toolchain/bin/../lib/gcc/avr/4.8.1/avr6\libgcc.a(_clear_bss.o)
 .text.libgcc.mul
                0x00000000        0x0 c:/program files (x86)/atmel/atmel toolchain/avr8 gcc/native/3.4.1061/avr8-gnu-toolchain/bin/../lib/gcc/avr/4.8.1/avr6\libgcc.a(_clear_bss.o)
 .text.libgcc.div
                0x00000000        0x0 c:/program files (x86)/atmel/atmel toolchain/avr8 gcc/native/3.4.1061/avr8-gnu-toolchain/bin/../lib/gcc/avr/4.8.1/avr6\libgcc.a(_clear_bss.o)
 .text.libgcc   0x00000000        0x0 c:/program files (x86)/atmel/atmel toolchain/avr8 gcc/native/3.4.1061/avr8-gnu-toolchain/bin/../lib/gcc/avr/4.8.1/avr6\libgcc.a(_clear_bss.o)
 .text.libgcc.prologue
                0x00000000        0x0 c:/program files (x86)/atmel/atmel toolchain/avr8 gcc/native/3.4.1061/avr8-gnu-toolchain/bin/../lib/gcc/avr/4.8.1/avr6\libgcc.a(_clear_bss.o)
 .text.libgcc.builtins
                0x00000000        0x0 c:/program files (x86)/atmel/atmel toolchain/avr8 gcc/native/3.4.1061/avr8-gnu-toolchain/bin/../lib/gcc/avr/4.8.1/avr6\libgcc.a(_clear_bss.o)
 .text.libgcc.fmul
                0x00000000        0x0 c:/program files (x86)/atmel/atmel toolchain/avr8 gcc/native/3.4.1061/avr8-gnu-toolchain/bin/../lib/gcc/avr/4.8.1/avr6\libgcc.a(_clear_bss.o)
 .text.libgcc.fixed
                0x00000000        0x0 c:/program files (x86)/atmel/atmel toolchain/avr8 gcc/native/3.4.1061/avr8-gnu-toolchain/bin/../lib/gcc/avr/4.8.1/avr6\libgcc.a(_clear_bss.o)
 .text          0x00000000        0x0 c:/program files (x86)/atmel/atmel toolchain/avr8 gcc/native/3.4.1061/avr8-gnu-toolchain/bin/../lib/gcc/avr/4.8.1/avr6\libgcc.a(_udivmodhi4.o)
 .data          0x00000000        0x0 c:/program files (x86)/atmel/atmel toolchain/avr8 gcc/native/3.4.1061/avr8-gnu-toolchain/bin/../lib/gcc/avr/4.8.1/avr6\libgcc.a(_udivmodhi4.o)
 .bss           0x00000000        0x0 c:/program files (x86)/atmel/atmel toolchain/avr8 gcc/native/3.4.1061/avr8-gnu-toolchain/bin/../lib/gcc/avr/4.8.1/avr6\libgcc.a(_udivmodhi4.o)
 .text.libgcc.mul
                0x00000000        0x0 c:/program files (x86)/atmel/atmel toolchain/avr8 gcc/native/3.4.1061/avr8-gnu-toolchain/bin/../lib/gcc/avr/4.8.1/avr6\libgcc.a(_udivmodhi4.o)
 .text.libgcc   0x00000000        0x0 c:/program files (x86)/atmel/atmel toolchain/avr8 gcc/native/3.4.1061/avr8-gnu-toolchain/bin/../lib/gcc/avr/4.8.1/avr6\libgcc.a(_udivmodhi4.o)
 .text.libgcc.prologue
                0x00000000        0x0 c:/program files (x86)/atmel/atmel toolchain/avr8 gcc/native/3.4.1061/avr8-gnu-toolchain/bin/../lib/gcc/avr/4.8.1/avr6\libgcc.a(_udivmodhi4.o)
 .text.libgcc.builtins
                0x00000000        0x0 c:/program files (x86)/atmel/atmel toolchain/avr8 gcc/native/3.4.1061/avr8-gnu-toolchain/bin/../lib/gcc/avr/4.8.1/avr6\libgcc.a(_udivmodhi4.o)
 .text.libgcc.fmul
                0x00000000        0x0 c:/program files (x86)/atmel/atmel toolchain/avr8 gcc/native/3.4.1061/avr8-gnu-toolchain/bin/../lib/gcc/avr/4.8.1/avr6\libgcc.a(_udivmodhi4.o)
 .text.libgcc.fixed
                0x00000000        0x0 c:/program files (x86)/atmel/atmel toolchain/avr8 gcc/native/3.4.1061/avr8-gnu-toolchain/bin/../lib/gcc/avr/4.8.1/avr6\libgcc.a(_udivmodhi4.o)
 .text          0x00000000        0x0 c:/program files (x86)/atmel/atmel toolchain/avr8 gcc/native/3.4.1061/avr8-gnu-toolchain/bin/../lib/gcc/avr/4.8.1/../../../../avr/lib/avr6\libc.a(memcpy.o)
 .data          0x00000000        0x0 c:/program files (x86)/atmel/atmel toolchain/avr8 gcc/native/3.4.1061/avr8-gnu-toolchain/bin/../lib/gcc/avr/4.8.1/../../../../avr/lib/avr6\libc.a(memcpy.o)
 .bss           0x00000000        0x0 c:/program files (x86)/atmel/atmel toolchain/avr8 gcc/native/3.4.1061/avr8-gnu-toolchain/bin/../lib/gcc/avr/4.8.1/../../../../avr/lib/avr6\libc.a(memcpy.o)
 .text          0x00000000        0x0 c:/program files (x86)/atmel/atmel toolchain/avr8 gcc/native/3.4.1061/avr8-gnu-toolchain/bin/../lib/gcc/avr/4.8.1/../../../../avr/lib/avr6\libc.a(itoa_ncheck.o)
 .data          0x00000000        0x0 c:/program files (x86)/atmel/atmel toolchain/avr8 gcc/native/3.4.1061/avr8-gnu-toolchain/bin/../lib/gcc/avr/4.8.1/../../../../avr/lib/avr6\libc.a(itoa_ncheck.o)
 .bss           0x00000000        0x0 c:/program files (x86)/atmel/atmel toolchain/avr8 gcc/native/3.4.1061/avr8-gnu-toolchain/bin/../lib/gcc/avr/4.8.1/../../../../avr/lib/avr6\libc.a(itoa_ncheck.o)
 .text          0x00000000        0x0 c:/program files (x86)/atmel/atmel toolchain/avr8 gcc/native/3.4.1061/avr8-gnu-toolchain/bin/../lib/gcc/avr/4.8.1/../../../../avr/lib/avr6\libc.a(utoa_ncheck.o)
 .data          0x00000000        0x0 c:/program files (x86)/atmel/atmel toolchain/avr8 gcc/native/3.4.1061/avr8-gnu-toolchain/bin/../lib/gcc/avr/4.8.1/../../../../avr/lib/avr6\libc.a(utoa_ncheck.o)
 .bss           0x00000000        0x0 c:/program files (x86)/atmel/atmel toolchain/avr8 gcc/native/3.4.1061/avr8-gnu-toolchain/bin/../lib/gcc/avr/4.8.1/../../../../avr/lib/avr6\libc.a(utoa_ncheck.o)
 .text          0x00000000        0x0 c:/program files (x86)/atmel/atmel toolchain/avr8 gcc/native/3.4.1061/avr8-gnu-toolchain/bin/../lib/gcc/avr/4.8.1/../../../../avr/lib/avr6\libc.a(strrev.o)
 .data          0x00000000        0x0 c:/program files (x86)/atmel/atmel toolchain/avr8 gcc/native/3.4.1061/avr8-gnu-toolchain/bin/../lib/gcc/avr/4.8.1/../../../../avr/lib/avr6\libc.a(strrev.o)
 .bss           0x00000000        0x0 c:/program files (x86)/atmel/atmel toolchain/avr8 gcc/native/3.4.1061/avr8-gnu-toolchain/bin/../lib/gcc/avr/4.8.1/../../../../avr/lib/avr6\libc.a(strrev.o)

Memory Configuration

Name             Origin             Length             Attributes
text             0x00000000         0x00100000         xr
data             0x00800200         0x0000fe00         rw !x
eeprom           0x00810000         0x00010000         rw !x
fuse             0x00820000         0x00000400         rw !x
lock             0x00830000         0x00000400         rw !x
signature        0x00840000         0x00000400         rw !x
user_signatures  0x00850000         0x00000400         rw !x
*default*        0x00000000         0xffffffff

Linker script and memory map

Address of section .data set to 0x800200
LOAD c:/program files (x86)/atmel/atmel toolchain/avr8 gcc/native/3.4.1061/avr8-gnu-toolchain/bin/../lib/gcc/avr/4.8.1/../../../../avr/lib/avr6/crtm2560.o
LOAD debugPrint.o
LOAD FreeRTOS2560.o
LOAD heap_1.o
LOAD list.o
LOAD myHcSonar.o
LOAD myMaxSonar.o
LOAD myADC.o
LOAD myTimer.o
LOAD myUSART.o
LOAD port.o
LOAD queue.o
LOAD ringBuffer.o
LOAD tasks.o
START GROUP
LOAD c:/program files (x86)/atmel/atmel toolchain/avr8 gcc/native/3.4.1061/avr8-gnu-toolchain/bin/../lib/gcc/avr/4.8.1/../../../../avr/lib/avr6\libm.a
LOAD C:\Users\tienlong\Desktop\CG3002\Project\arduino\Arduino\Debug\libarduino.a
END GROUP
START GROUP
LOAD c:/program files (x86)/atmel/atmel toolchain/avr8 gcc/native/3.4.1061/avr8-gnu-toolchain/bin/../lib/gcc/avr/4.8.1/avr6\libgcc.a
LOAD c:/program files (x86)/atmel/atmel toolchain/avr8 gcc/native/3.4.1061/avr8-gnu-toolchain/bin/../lib/gcc/avr/4.8.1/../../../../avr/lib/avr6\libm.a
LOAD c:/program files (x86)/atmel/atmel toolchain/avr8 gcc/native/3.4.1061/avr8-gnu-toolchain/bin/../lib/gcc/avr/4.8.1/../../../../avr/lib/avr6\libc.a
END GROUP

.hash
 *(.hash)

.dynsym
 *(.dynsym)

.dynstr
 *(.dynstr)

.gnu.version
 *(.gnu.version)

.gnu.version_d
 *(.gnu.version_d)

.gnu.version_r
 *(.gnu.version_r)

.rel.init
 *(.rel.init)

.rela.init
 *(.rela.init)

.rel.text
 *(.rel.text)
 *(.rel.text.*)
 *(.rel.gnu.linkonce.t*)

.rela.text
 *(.rela.text)
 *(.rela.text.*)
 *(.rela.gnu.linkonce.t*)

.rel.fini
 *(.rel.fini)

.rela.fini
 *(.rela.fini)

.rel.rodata
 *(.rel.rodata)
 *(.rel.rodata.*)
 *(.rel.gnu.linkonce.r*)

.rela.rodata
 *(.rela.rodata)
 *(.rela.rodata.*)
 *(.rela.gnu.linkonce.r*)

.rel.data
 *(.rel.data)
 *(.rel.data.*)
 *(.rel.gnu.linkonce.d*)

.rela.data
 *(.rela.data)
 *(.rela.data.*)
 *(.rela.gnu.linkonce.d*)

.rel.ctors
 *(.rel.ctors)

.rela.ctors
 *(.rela.ctors)

.rel.dtors
 *(.rel.dtors)

.rela.dtors
 *(.rela.dtors)

.rel.got
 *(.rel.got)

.rela.got
 *(.rela.got)

.rel.bss
 *(.rel.bss)

.rela.bss
 *(.rela.bss)

.rel.plt
 *(.rel.plt)

.rela.plt
 *(.rela.plt)

.text           0x00000000     0x22a4
 *(.vectors)
 .vectors       0x00000000       0xe4 c:/program files (x86)/atmel/atmel toolchain/avr8 gcc/native/3.4.1061/avr8-gnu-toolchain/bin/../lib/gcc/avr/4.8.1/../../../../avr/lib/avr6/crtm2560.o
                0x00000000                __vector_default
                0x00000000                __vectors
 *(.vectors)
 *(.progmem.gcc*)
                0x000000e4                . = ALIGN (0x2)
                0x000000e4                __trampolines_start = .
 *(.trampolines)
 .trampolines   0x000000e4        0x0 linker stubs
 *(.trampolines*)
                0x000000e4                __trampolines_end = .
 *(.progmem*)
                0x000000e4                . = ALIGN (0x2)
 *(.jumptables)
 *(.jumptables*)
 *(.lowtext)
 *(.lowtext*)
                0x000000e4                __ctors_start = .
 *(.ctors)
                0x000000e4                __ctors_end = .
                0x000000e4                __dtors_start = .
 *(.dtors)
                0x000000e4                __dtors_end = .
 SORT(*)(.ctors)
 SORT(*)(.dtors)
 *(.init0)
 .init0         0x000000e4        0x0 c:/program files (x86)/atmel/atmel toolchain/avr8 gcc/native/3.4.1061/avr8-gnu-toolchain/bin/../lib/gcc/avr/4.8.1/../../../../avr/lib/avr6/crtm2560.o
                0x000000e4                __init
 *(.init0)
 *(.init1)
 *(.init1)
 *(.init2)
 .init2         0x000000e4       0x10 c:/program files (x86)/atmel/atmel toolchain/avr8 gcc/native/3.4.1061/avr8-gnu-toolchain/bin/../lib/gcc/avr/4.8.1/../../../../avr/lib/avr6/crtm2560.o
 *(.init2)
 *(.init3)
 *(.init3)
 *(.init4)
 .init4         0x000000f4       0x1a c:/program files (x86)/atmel/atmel toolchain/avr8 gcc/native/3.4.1061/avr8-gnu-toolchain/bin/../lib/gcc/avr/4.8.1/avr6\libgcc.a(_copy_data.o)
                0x000000f4                __do_copy_data
 .init4         0x0000010e       0x10 c:/program files (x86)/atmel/atmel toolchain/avr8 gcc/native/3.4.1061/avr8-gnu-toolchain/bin/../lib/gcc/avr/4.8.1/avr6\libgcc.a(_clear_bss.o)
                0x0000010e                __do_clear_bss
 *(.init4)
 *(.init5)
 *(.init5)
 *(.init6)
 *(.init6)
 *(.init7)
 *(.init7)
 *(.init8)
 *(.init8)
 *(.init9)
 .init9         0x0000011e        0x6 c:/program files (x86)/atmel/atmel toolchain/avr8 gcc/native/3.4.1061/avr8-gnu-toolchain/bin/../lib/gcc/avr/4.8.1/../../../../avr/lib/avr6/crtm2560.o
 *(.init9)
 *(.text)
 .text          0x00000124        0x2 c:/program files (x86)/atmel/atmel toolchain/avr8 gcc/native/3.4.1061/avr8-gnu-toolchain/bin/../lib/gcc/avr/4.8.1/../../../../avr/lib/avr6/crtm2560.o
                0x00000124                __vector_38
                0x00000124                __vector_22
                0x00000124                __vector_28
                0x00000124                __vector_1
                0x00000124                __vector_32
                0x00000124                __vector_34
                0x00000124                __vector_24
                0x00000124                __vector_12
                0x00000124                __vector_55
                0x00000124                __vector_46
                0x00000124                __bad_interrupt
                0x00000124                __vector_6
                0x00000124                __vector_31
                0x00000124                __vector_35
                0x00000124                __vector_39
                0x00000124                __vector_3
                0x00000124                __vector_23
                0x00000124                __vector_30
                0x00000124                __vector_45
                0x00000124                __vector_11
                0x00000124                __vector_54
                0x00000124                __vector_13
                0x00000124                __vector_17
                0x00000124                __vector_19
                0x00000124                __vector_56
                0x00000124                __vector_7
                0x00000124                __vector_49
                0x00000124                __vector_41
                0x00000124                __vector_43
                0x00000124                __vector_27
                0x00000124                __vector_5
                0x00000124                __vector_33
                0x00000124                __vector_47
                0x00000124                __vector_52
                0x00000124                __vector_4
                0x00000124                __vector_44
                0x00000124                __vector_51
                0x00000124                __vector_2
                0x00000124                __vector_15
                0x00000124                __vector_40
                0x00000124                __vector_8
                0x00000124                __vector_48
                0x00000124                __vector_14
                0x00000124                __vector_53
                0x00000124                __vector_10
                0x00000124                __vector_50
                0x00000124                __vector_16
                0x00000124                __vector_18
                0x00000124                __vector_20
                0x00000124                __vector_42
                0x00000126                . = ALIGN (0x2)
 *(.text.*)
 .text.RPI_receiveTask
                0x00000126        0xa FreeRTOS2560.o
                0x00000126                RPI_receiveTask
 .text.RPI_sendTask
                0x00000130       0x78 FreeRTOS2560.o
                0x00000130                RPI_sendTask
 .text.myTimerTask
                0x000001a8        0x6 FreeRTOS2560.o
                0x000001a8                myTimerTask
 .text.obstacleSend
                0x000001ae       0x50 FreeRTOS2560.o
                0x000001ae                obstacleSend
 .text.Sonar_Task
                0x000001fe       0xf6 FreeRTOS2560.o
                0x000001fe                Sonar_Task
 .text.setPowerReduction
                0x000002f4        0xe FreeRTOS2560.o
                0x000002f4                setPowerReduction
 .text.clearTimer
                0x00000302       0x3e FreeRTOS2560.o
                0x00000302                clearTimer
 .text.init     0x00000340       0x48 FreeRTOS2560.o
                0x00000340                init
 .text.main     0x00000388       0x92 FreeRTOS2560.o
                0x00000388                main
 .text.pvPortMalloc
                0x0000041a       0x6a heap_1.o
                0x0000041a                pvPortMalloc
 .text.vPortFree
                0x00000484        0x2 heap_1.o
                0x00000484                vPortFree
 .text.vListInitialise
                0x00000486       0x1c list.o
                0x00000486                vListInitialise
 .text.vListInitialiseItem
                0x000004a2        0x8 list.o
                0x000004a2                vListInitialiseItem
 .text.vListInsertEnd
                0x000004aa       0x42 list.o
                0x000004aa                vListInsertEnd
 .text.vListInsert
                0x000004ec       0x62 list.o
                0x000004ec                vListInsert
 .text.uxListRemove
                0x0000054e       0x4c list.o
                0x0000054e                uxListRemove
 .text.__vector_9
                0x0000059a      0x114 myHcSonar.o
                0x0000059a                __vector_9
 .text.myHcSonar_Init
                0x000006ae       0x2a myHcSonar.o
                0x000006ae                myHcSonar_Init
 .text.myHcSonar_Start
                0x000006d8        0xc myHcSonar.o
                0x000006d8                myHcSonar_Start
 .text.myHcSonar_Read
                0x000006e4       0x42 myHcSonar.o
                0x000006e4                myHcSonar_Read
 .text.myMaxSonar_Start
                0x00000726        0xc myMaxSonar.o
                0x00000726                myMaxSonar_Start
 .text.myMaxSonar_Read
                0x00000732       0x14 myMaxSonar.o
                0x00000732                myMaxSonar_Read
 .text.__vector_29
                0x00000746       0x68 myADC.o
                0x00000746                __vector_29
 .text.myADC_Init
                0x000007ae       0x3a myADC.o
                0x000007ae                myADC_Init
 .text.myADC_startADC
                0x000007e8       0x52 myADC.o
                0x000007e8                myADC_startADC
 .text.myADC_readADC
                0x0000083a       0x2e myADC.o
                0x0000083a                myADC_readADC
 .text.myADC_analogRead
                0x00000868        0xe myADC.o
                0x00000868                myADC_analogRead
 .text.myTimer_Init
                0x00000876       0x34 myTimer.o
                0x00000876                myTimer_Init
 .text.myTimer_Read
                0x000008aa        0x4 myTimer.o
                0x000008aa                myTimer_Read
 .text.myTimer_DelayMicro
                0x000008ae       0x48 myTimer.o
                0x000008ae                myTimer_DelayMicro
 .text.myTimer_DelayMicro2
                0x000008f6       0x46 myTimer.o
                0x000008f6                myTimer_DelayMicro2
 .text.myTimer_DelayChecker
                0x0000093c       0xde myTimer.o
                0x0000093c                myTimer_DelayChecker
 .text.__vector_36
                0x00000a1a       0x70 myUSART.o
                0x00000a1a                __vector_36
 .text.__vector_25
                0x00000a8a       0x70 myUSART.o
                0x00000a8a                __vector_25
 .text.__vector_37
                0x00000afa       0x6c myUSART.o
                0x00000afa                __vector_37
 .text.__vector_26
                0x00000b66       0x6c myUSART.o
                0x00000b66                __vector_26
 .text.myUSART_USART0_Init
                0x00000bd2       0x40 myUSART.o
                0x00000bd2                myUSART_USART0_Init
 .text.myUSART_USART1_Init
                0x00000c12       0x40 myUSART.o
                0x00000c12                myUSART_USART1_Init
 .text.myUSART_transmitUSART0_c
                0x00000c52       0x2e myUSART.o
                0x00000c52                myUSART_transmitUSART0_c
 .text.myUSART_transmitUSART1_c
                0x00000c80       0x2e myUSART.o
                0x00000c80                myUSART_transmitUSART1_c
 .text.myUSART_transmitUSART0
                0x00000cae       0x1c myUSART.o
                0x00000cae                myUSART_transmitUSART0
 .text.myUSART_receiveUSART1
                0x00000cca       0x42 myUSART.o
                0x00000cca                myUSART_receiveUSART1
 .text.myUSART_waitForHandshake
                0x00000d0c       0x1e myUSART.o
                0x00000d0c                myUSART_waitForHandshake
 .text.pxPortInitialiseStack
                0x00000d2a       0xe4 port.o
                0x00000d2a                pxPortInitialiseStack
 .text.xPortStartScheduler
                0x00000e0e       0x7a port.o
                0x00000e0e                xPortStartScheduler
 .text.vPortYield
                0x00000e88       0xc0 port.o
                0x00000e88                vPortYield
 .text.vPortYieldFromTick
                0x00000f48       0xc4 port.o
                0x00000f48                vPortYieldFromTick
 .text.__vector_21
                0x0000100c        0x4 port.o
                0x0000100c                __vector_21
 .text.prvCopyDataToQueue
                0x00001010       0xc4 queue.o
 .text.prvCopyDataFromQueue
                0x000010d4       0x34 queue.o
 .text.prvUnlockQueue
                0x00001108       0x8c queue.o
 .text.xQueueGenericReset
                0x00001194       0x72 queue.o
                0x00001194                xQueueGenericReset
 .text.xQueueGenericCreate
                0x00001206       0x54 queue.o
                0x00001206                xQueueGenericCreate
 .text.xQueueGenericSend
                0x0000125a      0x126 queue.o
                0x0000125a                xQueueGenericSend
 .text.xQueueCreateMutex
                0x00001380       0x50 queue.o
                0x00001380                xQueueCreateMutex
 .text.xQueueGenericSendFromISR
                0x000013d0       0x74 queue.o
                0x000013d0                xQueueGenericSendFromISR
 .text.xQueueGenericReceive
                0x00001444      0x166 queue.o
                0x00001444                xQueueGenericReceive
 .text.ringBufferInit
                0x000015aa        0xe ringBuffer.o
                0x000015aa                ringBufferInit
 .text.ringBufferPop
                0x000015b8       0x24 ringBuffer.o
                0x000015b8                ringBufferPop
 .text.ringBufferPush
                0x000015dc       0x2c ringBuffer.o
                0x000015dc                ringBufferPush
 .text.ringBufferFull
                0x00001608        0xe ringBuffer.o
                0x00001608                ringBufferFull
 .text.ringBufferNotEmpty
                0x00001616       0x10 ringBuffer.o
                0x00001616                ringBufferNotEmpty
 .text.prvResetNextTaskUnblockTime
                0x00001626       0x3e tasks.o
 .text.prvAddCurrentTaskToDelayedList
                0x00001664       0x6e tasks.o
 .text.xTaskGenericCreate
                0x000016d2      0x22a tasks.o
                0x000016d2                xTaskGenericCreate
 .text.vTaskResume
                0x000018fc       0x96 tasks.o
                0x000018fc                vTaskResume
 .text.vTaskStartScheduler
                0x00001992       0x52 tasks.o
                0x00001992                vTaskStartScheduler
 .text.vTaskSuspendAll
                0x000019e4        0xc tasks.o
                0x000019e4                vTaskSuspendAll
 .text.xTaskGetTickCount
                0x000019f0       0x14 tasks.o
                0x000019f0                xTaskGetTickCount
 .text.xTaskGetTickCountFromISR
                0x00001a04        0xa tasks.o
                0x00001a04                xTaskGetTickCountFromISR
 .text.xTaskIncrementTick
                0x00001a0e      0x17c tasks.o
                0x00001a0e                xTaskIncrementTick
 .text.xTaskResumeAll
                0x00001b8a      0x102 tasks.o
                0x00001b8a                xTaskResumeAll
 .text.vTaskDelayUntil
                0x00001c8c       0x7c tasks.o
                0x00001c8c                vTaskDelayUntil
 .text.vTaskDelay
                0x00001d08       0x38 tasks.o
                0x00001d08                vTaskDelay
 .text.prvIdleTask
                0x00001d40       0x72 tasks.o
 .text.vTaskSwitchContext
                0x00001db2       0xbc tasks.o
                0x00001db2                vTaskSwitchContext
 .text.vTaskSuspend
                0x00001e6e       0x9a tasks.o
                0x00001e6e                vTaskSuspend
 .text.vTaskPlaceOnEventList
                0x00001f08       0x56 tasks.o
                0x00001f08                vTaskPlaceOnEventList
 .text.xTaskRemoveFromEventList
                0x00001f5e       0x90 tasks.o
                0x00001f5e                xTaskRemoveFromEventList
 .text.vTaskSetTimeOutState
                0x00001fee       0x16 tasks.o
                0x00001fee                vTaskSetTimeOutState
 .text.xTaskCheckForTimeOut
                0x00002004       0x70 tasks.o
                0x00002004                xTaskCheckForTimeOut
 .text.vTaskMissedYield
                0x00002074        0x8 tasks.o
                0x00002074                vTaskMissedYield
 .text.vTaskPriorityInherit
                0x0000207c       0xbc tasks.o
                0x0000207c                vTaskPriorityInherit
 .text.xTaskPriorityDisinherit
                0x00002138       0x7e tasks.o
                0x00002138                xTaskPriorityDisinherit
 .text.pvTaskIncrementMutexHeldCount
                0x000021b6       0x24 tasks.o
                0x000021b6                pvTaskIncrementMutexHeldCount
 .text.libgcc.div
                0x000021da       0x26 c:/program files (x86)/atmel/atmel toolchain/avr8 gcc/native/3.4.1061/avr8-gnu-toolchain/bin/../lib/gcc/avr/4.8.1/avr6\libgcc.a(_divmodhi4.o)
                0x000021da                _div
                0x000021da                __divmodhi4
 .text.libgcc.div
                0x00002200       0x28 c:/program files (x86)/atmel/atmel toolchain/avr8 gcc/native/3.4.1061/avr8-gnu-toolchain/bin/../lib/gcc/avr/4.8.1/avr6\libgcc.a(_udivmodhi4.o)
                0x00002200                __udivmodhi4
 .text.avr-libc
                0x00002228       0x12 c:/program files (x86)/atmel/atmel toolchain/avr8 gcc/native/3.4.1061/avr8-gnu-toolchain/bin/../lib/gcc/avr/4.8.1/../../../../avr/lib/avr6\libc.a(memcpy.o)
                0x00002228                memcpy
 .text.avr-libc
                0x0000223a       0x14 c:/program files (x86)/atmel/atmel toolchain/avr8 gcc/native/3.4.1061/avr8-gnu-toolchain/bin/../lib/gcc/avr/4.8.1/../../../../avr/lib/avr6\libc.a(itoa_ncheck.o)
                0x0000223a                __itoa_ncheck
 .text.avr-libc
                0x0000224e       0x32 c:/program files (x86)/atmel/atmel toolchain/avr8 gcc/native/3.4.1061/avr8-gnu-toolchain/bin/../lib/gcc/avr/4.8.1/../../../../avr/lib/avr6\libc.a(utoa_ncheck.o)
                0x0000224e                __utoa_ncheck
                0x00002250                __utoa_common
 .text.avr-libc
                0x00002280       0x20 c:/program files (x86)/atmel/atmel toolchain/avr8 gcc/native/3.4.1061/avr8-gnu-toolchain/bin/../lib/gcc/avr/4.8.1/../../../../avr/lib/avr6\libc.a(strrev.o)
                0x00002280                strrev
                0x000022a0                . = ALIGN (0x2)
 *(.fini9)
 .fini9         0x000022a0        0x0 c:/program files (x86)/atmel/atmel toolchain/avr8 gcc/native/3.4.1061/avr8-gnu-toolchain/bin/../lib/gcc/avr/4.8.1/avr6\libgcc.a(_exit.o)
                0x000022a0                _exit
                0x000022a0                exit
 *(.fini9)
 *(.fini8)
 *(.fini8)
 *(.fini7)
 *(.fini7)
 *(.fini6)
 *(.fini6)
 *(.fini5)
 *(.fini5)
 *(.fini4)
 *(.fini4)
 *(.fini3)
 *(.fini3)
 *(.fini2)
 *(.fini2)
 *(.fini1)
 *(.fini1)
 *(.fini0)
 .fini0         0x000022a0        0x4 c:/program files (x86)/atmel/atmel toolchain/avr8 gcc/native/3.4.1061/avr8-gnu-toolchain/bin/../lib/gcc/avr/4.8.1/avr6\libgcc.a(_exit.o)
 *(.fini0)
                0x000022a4                _etext = .

.data           0x00800200       0x4e load address 0x000022a4
                0x00800200                PROVIDE (__data_start, .)
 *(.data)
 *(.data*)
 .data.expectedTick2
                0x00800200        0x2 myTimer.o
                0x00800200                expectedTick2
 .data.expectedTick
                0x00800202        0x2 myTimer.o
                0x00800202                expectedTick
 .data.xNextTaskUnblockTime
                0x00800204        0x2 tasks.o
 *(.rodata)
 *(.rodata*)
 .rodata.str1.1
                0x00800206       0x43 FreeRTOS2560.o
 .rodata.str1.1
                0x00800249        0x5 tasks.o
 *(.gnu.linkonce.d*)
                0x0080024e                . = ALIGN (0x2)
                0x0080024e                _edata = .
                0x0080024e                PROVIDE (__data_end, .)

.bss            0x0080024e      0x700
                0x0080024e                PROVIDE (__bss_start, .)
 *(.bss)
 *(.bss*)
 .bss.pucAlignedHeap.1837
                0x0080024e        0x2 heap_1.o
 .bss.xNextFreeByte
                0x00800250        0x2 heap_1.o
 .bss.ucHeap    0x00800252      0x5dc heap_1.o
 .bss.uxSchedulerSuspended
                0x0080082e        0x1 tasks.o
 .bss.uxTaskNumber
                0x0080082f        0x1 tasks.o
 .bss.xNumOfOverflows
                0x00800830        0x1 tasks.o
 .bss.xYieldPending
                0x00800831        0x1 tasks.o
 .bss.uxPendedTicks
                0x00800832        0x1 tasks.o
 .bss.xSchedulerRunning
                0x00800833        0x1 tasks.o
 .bss.uxTopReadyPriority
                0x00800834        0x1 tasks.o
 .bss.xTickCount
                0x00800835        0x2 tasks.o
 .bss.uxCurrentNumberOfTasks
                0x00800837        0x1 tasks.o
 .bss.xSuspendedTaskList
                0x00800838        0x9 tasks.o
 .bss.uxTasksDeleted
                0x00800841        0x1 tasks.o
 .bss.xTasksWaitingTermination
                0x00800842        0x9 tasks.o
 .bss.xPendingReadyList
                0x0080084b        0x9 tasks.o
 .bss.pxOverflowDelayedTaskList
                0x00800854        0x2 tasks.o
 .bss.pxDelayedTaskList
                0x00800856        0x2 tasks.o
 .bss.xDelayedTaskList2
                0x00800858        0x9 tasks.o
 .bss.xDelayedTaskList1
                0x00800861        0x9 tasks.o
 .bss.pxReadyTasksLists
                0x0080086a       0x2d tasks.o
 .bss.pxCurrentTCB
                0x00800897        0x2 tasks.o
                0x00800897                pxCurrentTCB
 *(COMMON)
 COMMON         0x00800899        0x4 FreeRTOS2560.o
                0x00800899                queueObstacleNumber
                0x0080089b                queueObstacleData
 COMMON         0x0080089d        0xe myHcSonar.o
                0x0080089d                ms_tickStart
                0x0080089f                ms_tickLapsed
                0x008008a1                us_tickStart
                0x008008a3                us_tickLapsed
                0x008008a5                semaReadReady
                0x008008a7                ms_tickEnd
                0x008008a9                us_tickEnd
 COMMON         0x008008ab        0x5 myADC.o
                0x008008ab                adcReading
                0x008008ac                semaGuardStartADC
                0x008008ae                semaReadADC
 COMMON         0x008008b0        0x6 myTimer.o
                0x008008b0                semaDelayMicro
                0x008008b2                semaDelayMicro2
                0x008008b4                timerTask
 COMMON         0x008008b6       0x98 myUSART.o
                0x008008b6                uart1_rxBuffer
                0x008008d6                uart0_rxRingBuffer
                0x008008db                uart0_txBuffer
                0x008008fb                uart0_rxBuffer
                0x0080091b                uart1_txBuffer
                0x0080093b                semaUsart0Receive
                0x0080093d                semaUsart1Receive
                0x0080093f                uart1_txRingBuffer
                0x00800944                uart0_txRingBuffer
                0x00800949                uart1_rxRingBuffer
                0x0080094e                PROVIDE (__bss_end, .)
                0x000022a4                __data_load_start = LOADADDR (.data)
                0x000022f2                __data_load_end = (__data_load_start + SIZEOF (.data))

.noinit         0x0080094e        0x0
                0x0080094e                PROVIDE (__noinit_start, .)
 *(.noinit*)
                0x0080094e                PROVIDE (__noinit_end, .)
                0x0080094e                _end = .
                0x0080094e                PROVIDE (__heap_start, .)

.eeprom         0x00810000        0x0
 *(.eeprom*)
                0x00810000                __eeprom_end = .

.fuse
 *(.fuse)
 *(.lfuse)
 *(.hfuse)
 *(.efuse)

.lock
 *(.lock*)

.signature
 *(.signature*)

.user_signatures
 *(.user_signatures*)

.stab
 *(.stab)

.stabstr
 *(.stabstr)

.stab.excl
 *(.stab.excl)

.stab.exclstr
 *(.stab.exclstr)

.stab.index
 *(.stab.index)

.stab.indexstr
 *(.stab.indexstr)

.comment        0x00000000       0x30
 *(.comment)
 .comment       0x00000000       0x30 FreeRTOS2560.o
                                 0x31 (size before relaxing)
 .comment       0x00000000       0x31 heap_1.o
 .comment       0x00000000       0x31 list.o
 .comment       0x00000000       0x31 myHcSonar.o
 .comment       0x00000000       0x31 myMaxSonar.o
 .comment       0x00000000       0x31 myADC.o
 .comment       0x00000000       0x31 myTimer.o
 .comment       0x00000000       0x31 myUSART.o
 .comment       0x00000000       0x31 port.o
 .comment       0x00000000       0x31 queue.o
 .comment       0x00000000       0x31 ringBuffer.o
 .comment       0x00000000       0x31 tasks.o

.note.gnu.build-id
 *(.note.gnu.build-id)

.debug
 *(.debug)

.line
 *(.line)

.debug_srcinfo
 *(.debug_srcinfo)

.debug_sfnames
 *(.debug_sfnames)

.debug_aranges  0x00000000      0x4b0
 *(.debug_aranges)
 .debug_aranges
                0x00000000       0x70 FreeRTOS2560.o
 .debug_aranges
                0x00000070       0x38 heap_1.o
 .debug_aranges
                0x000000a8       0x40 list.o
 .debug_aranges
                0x000000e8       0x38 myHcSonar.o
 .debug_aranges
                0x00000120       0x30 myMaxSonar.o
 .debug_aranges
                0x00000150       0x40 myADC.o
 .debug_aranges
                0x00000190       0x40 myTimer.o
 .debug_aranges
                0x000001d0       0xa0 myUSART.o
 .debug_aranges
                0x00000270       0x48 port.o
 .debug_aranges
                0x000002b8       0xa0 queue.o
 .debug_aranges
                0x00000358       0x48 ringBuffer.o
 .debug_aranges
                0x000003a0      0x110 tasks.o

.debug_pubnames
 *(.debug_pubnames)

.debug_info     0x00000000     0x5235
 *(.debug_info .gnu.linkonce.wi.*)
 .debug_info    0x00000000      0xc47 FreeRTOS2560.o
 .debug_info    0x00000c47      0x1ad heap_1.o
 .debug_info    0x00000df4      0x2c6 list.o
 .debug_info    0x000010ba      0x344 myHcSonar.o
 .debug_info    0x000013fe      0x14f myMaxSonar.o
 .debug_info    0x0000154d      0x39d myADC.o
 .debug_info    0x000018ea      0x3e1 myTimer.o
 .debug_info    0x00001ccb      0x9bd myUSART.o
 .debug_info    0x00002688      0x20d port.o
 .debug_info    0x00002895     0x1023 queue.o
 .debug_info    0x000038b8      0x20d ringBuffer.o
 .debug_info    0x00003ac5     0x1770 tasks.o

.debug_abbrev   0x00000000     0x13ee
 *(.debug_abbrev)
 .debug_abbrev  0x00000000      0x376 FreeRTOS2560.o
 .debug_abbrev  0x00000376      0x12e heap_1.o
 .debug_abbrev  0x000004a4       0xf8 list.o
 .debug_abbrev  0x0000059c      0x153 myHcSonar.o
 .debug_abbrev  0x000006ef       0xc0 myMaxSonar.o
 .debug_abbrev  0x000007af      0x126 myADC.o
 .debug_abbrev  0x000008d5      0x149 myTimer.o
 .debug_abbrev  0x00000a1e      0x1f9 myUSART.o
 .debug_abbrev  0x00000c17      0x13d port.o
 .debug_abbrev  0x00000d54      0x2b6 queue.o
 .debug_abbrev  0x0000100a       0xd9 ringBuffer.o
 .debug_abbrev  0x000010e3      0x30b tasks.o

.debug_line     0x00000000     0x326a
 *(.debug_line .debug_line.* .debug_line_end)
 .debug_line    0x00000000      0x5a9 FreeRTOS2560.o
 .debug_line    0x000005a9      0x26e heap_1.o
 .debug_line    0x00000817      0x282 list.o
 .debug_line    0x00000a99      0x2a4 myHcSonar.o
 .debug_line    0x00000d3d      0x155 myMaxSonar.o
 .debug_line    0x00000e92      0x232 myADC.o
 .debug_line    0x000010c4      0x291 myTimer.o
 .debug_line    0x00001355      0x4ac myUSART.o
 .debug_line    0x00001801      0x343 port.o
 .debug_line    0x00001b44      0x8f0 queue.o
 .debug_line    0x00002434      0x14f ringBuffer.o
 .debug_line    0x00002583      0xce7 tasks.o

.debug_frame    0x00000000      0xd58
 *(.debug_frame)
 .debug_frame   0x00000000      0x114 FreeRTOS2560.o
 .debug_frame   0x00000114       0x60 heap_1.o
 .debug_frame   0x00000174       0x88 list.o
 .debug_frame   0x000001fc       0x9c myHcSonar.o
 .debug_frame   0x00000298       0x44 myMaxSonar.o
 .debug_frame   0x000002dc       0xbc myADC.o
 .debug_frame   0x00000398       0x70 myTimer.o
 .debug_frame   0x00000408      0x27c myUSART.o
 .debug_frame   0x00000684       0x74 port.o
 .debug_frame   0x000006f8      0x23c queue.o
 .debug_frame   0x00000934       0x74 ringBuffer.o
 .debug_frame   0x000009a8      0x3b0 tasks.o

.debug_str      0x00000000     0x1514
 *(.debug_str)
 .debug_str     0x00000000      0x509 FreeRTOS2560.o
                                0x552 (size before relaxing)
 .debug_str     0x00000509       0xaf heap_1.o
                                0x226 (size before relaxing)
 .debug_str     0x000005b8      0x129 list.o
                                0x2a1 (size before relaxing)
 .debug_str     0x000006e1       0xfd myHcSonar.o
                                0x2e0 (size before relaxing)
 .debug_str     0x000007de       0x57 myMaxSonar.o
                                0x1db (size before relaxing)
 .debug_str     0x00000835       0x79 myADC.o
                                0x297 (size before relaxing)
 .debug_str     0x000008ae       0x7d myTimer.o
                                0x2cf (size before relaxing)
 .debug_str     0x0000092b      0x23a myUSART.o
                                0x4b2 (size before relaxing)
 .debug_str     0x00000b65       0xda port.o
                                0x277 (size before relaxing)
 .debug_str     0x00000c3f      0x3b9 queue.o
                                0x6ea (size before relaxing)
 .debug_str     0x00000ff8       0x36 ringBuffer.o
                                0x20c (size before relaxing)
 .debug_str     0x0000102e      0x4e6 tasks.o
                                0xa53 (size before relaxing)

.debug_loc      0x00000000     0x37fa
 *(.debug_loc)
 .debug_loc     0x00000000      0x35f FreeRTOS2560.o
 .debug_loc     0x0000035f       0xf1 heap_1.o
 .debug_loc     0x00000450      0x155 list.o
 .debug_loc     0x000005a5       0xf2 myHcSonar.o
 .debug_loc     0x00000697       0x42 myMaxSonar.o
 .debug_loc     0x000006d9      0x188 myADC.o
 .debug_loc     0x00000861       0xd3 myTimer.o
 .debug_loc     0x00000934      0x5af myUSART.o
 .debug_loc     0x00000ee3      0x29b port.o
 .debug_loc     0x0000117e     0x10b5 queue.o
 .debug_loc     0x00002233       0xbe ringBuffer.o
 .debug_loc     0x000022f1     0x1509 tasks.o

.debug_macinfo
 *(.debug_macinfo)

.debug_weaknames
 *(.debug_weaknames)

.debug_funcnames
 *(.debug_funcnames)

.debug_typenames
 *(.debug_typenames)

.debug_varnames
 *(.debug_varnames)

.debug_pubtypes
 *(.debug_pubtypes)

.debug_ranges   0x00000000      0x460
 *(.debug_ranges)
 .debug_ranges  0x00000000       0x60 FreeRTOS2560.o
 .debug_ranges  0x00000060       0x28 heap_1.o
 .debug_ranges  0x00000088       0x30 list.o
 .debug_ranges  0x000000b8       0x28 myHcSonar.o
 .debug_ranges  0x000000e0       0x20 myMaxSonar.o
 .debug_ranges  0x00000100       0x30 myADC.o
 .debug_ranges  0x00000130       0x30 myTimer.o
 .debug_ranges  0x00000160       0x90 myUSART.o
 .debug_ranges  0x000001f0       0x38 port.o
 .debug_ranges  0x00000228       0x90 queue.o
 .debug_ranges  0x000002b8       0x38 ringBuffer.o
 .debug_ranges  0x000002f0      0x170 tasks.o

.debug_macro
 *(.debug_macro)
OUTPUT(FreeRTOS2560.elf elf32-avr)
LOAD linker stubs
