Archive member included because of file (symbol)

c:/program files (x86)/atmel/atmel toolchain/avr8 gcc/native/3.4.1061/avr8-gnu-toolchain/bin/../lib/gcc/avr/4.8.1/../../../../avr/lib/avr6\libm.a(addsf3.o)
                              mySharpIR.o (__subsf3)
c:/program files (x86)/atmel/atmel toolchain/avr8 gcc/native/3.4.1061/avr8-gnu-toolchain/bin/../lib/gcc/avr/4.8.1/../../../../avr/lib/avr6\libm.a(addsf3x.o)
                              c:/program files (x86)/atmel/atmel toolchain/avr8 gcc/native/3.4.1061/avr8-gnu-toolchain/bin/../lib/gcc/avr/4.8.1/../../../../avr/lib/avr6\libm.a(addsf3.o) (__addsf3x)
c:/program files (x86)/atmel/atmel toolchain/avr8 gcc/native/3.4.1061/avr8-gnu-toolchain/bin/../lib/gcc/avr/4.8.1/../../../../avr/lib/avr6\libm.a(fixsfsi.o)
                              mySharpIR.o (__fixsfsi)
c:/program files (x86)/atmel/atmel toolchain/avr8 gcc/native/3.4.1061/avr8-gnu-toolchain/bin/../lib/gcc/avr/4.8.1/../../../../avr/lib/avr6\libm.a(fixunssfsi.o)
                              c:/program files (x86)/atmel/atmel toolchain/avr8 gcc/native/3.4.1061/avr8-gnu-toolchain/bin/../lib/gcc/avr/4.8.1/../../../../avr/lib/avr6\libm.a(fixsfsi.o) (__fixunssfsi)
c:/program files (x86)/atmel/atmel toolchain/avr8 gcc/native/3.4.1061/avr8-gnu-toolchain/bin/../lib/gcc/avr/4.8.1/../../../../avr/lib/avr6\libm.a(floatsisf.o)
                              mySharpIR.o (__floatsisf)
c:/program files (x86)/atmel/atmel toolchain/avr8 gcc/native/3.4.1061/avr8-gnu-toolchain/bin/../lib/gcc/avr/4.8.1/../../../../avr/lib/avr6\libm.a(fp_inf.o)
                              c:/program files (x86)/atmel/atmel toolchain/avr8 gcc/native/3.4.1061/avr8-gnu-toolchain/bin/../lib/gcc/avr/4.8.1/../../../../avr/lib/avr6\libm.a(addsf3x.o) (__fp_inf)
c:/program files (x86)/atmel/atmel toolchain/avr8 gcc/native/3.4.1061/avr8-gnu-toolchain/bin/../lib/gcc/avr/4.8.1/../../../../avr/lib/avr6\libm.a(fp_nan.o)
                              c:/program files (x86)/atmel/atmel toolchain/avr8 gcc/native/3.4.1061/avr8-gnu-toolchain/bin/../lib/gcc/avr/4.8.1/../../../../avr/lib/avr6\libm.a(addsf3x.o) (__fp_nan)
c:/program files (x86)/atmel/atmel toolchain/avr8 gcc/native/3.4.1061/avr8-gnu-toolchain/bin/../lib/gcc/avr/4.8.1/../../../../avr/lib/avr6\libm.a(fp_pscA.o)
                              c:/program files (x86)/atmel/atmel toolchain/avr8 gcc/native/3.4.1061/avr8-gnu-toolchain/bin/../lib/gcc/avr/4.8.1/../../../../avr/lib/avr6\libm.a(addsf3x.o) (__fp_pscA)
c:/program files (x86)/atmel/atmel toolchain/avr8 gcc/native/3.4.1061/avr8-gnu-toolchain/bin/../lib/gcc/avr/4.8.1/../../../../avr/lib/avr6\libm.a(fp_pscB.o)
                              c:/program files (x86)/atmel/atmel toolchain/avr8 gcc/native/3.4.1061/avr8-gnu-toolchain/bin/../lib/gcc/avr/4.8.1/../../../../avr/lib/avr6\libm.a(addsf3x.o) (__fp_pscB)
c:/program files (x86)/atmel/atmel toolchain/avr8 gcc/native/3.4.1061/avr8-gnu-toolchain/bin/../lib/gcc/avr/4.8.1/../../../../avr/lib/avr6\libm.a(fp_round.o)
                              c:/program files (x86)/atmel/atmel toolchain/avr8 gcc/native/3.4.1061/avr8-gnu-toolchain/bin/../lib/gcc/avr/4.8.1/../../../../avr/lib/avr6\libm.a(addsf3.o) (__fp_round)
c:/program files (x86)/atmel/atmel toolchain/avr8 gcc/native/3.4.1061/avr8-gnu-toolchain/bin/../lib/gcc/avr/4.8.1/../../../../avr/lib/avr6\libm.a(fp_split3.o)
                              c:/program files (x86)/atmel/atmel toolchain/avr8 gcc/native/3.4.1061/avr8-gnu-toolchain/bin/../lib/gcc/avr/4.8.1/../../../../avr/lib/avr6\libm.a(addsf3x.o) (__fp_split3)
c:/program files (x86)/atmel/atmel toolchain/avr8 gcc/native/3.4.1061/avr8-gnu-toolchain/bin/../lib/gcc/avr/4.8.1/../../../../avr/lib/avr6\libm.a(fp_zero.o)
                              c:/program files (x86)/atmel/atmel toolchain/avr8 gcc/native/3.4.1061/avr8-gnu-toolchain/bin/../lib/gcc/avr/4.8.1/../../../../avr/lib/avr6\libm.a(addsf3x.o) (__fp_zero)
c:/program files (x86)/atmel/atmel toolchain/avr8 gcc/native/3.4.1061/avr8-gnu-toolchain/bin/../lib/gcc/avr/4.8.1/../../../../avr/lib/avr6\libm.a(mulsf3.o)
                              mySharpIR.o (__mulsf3)
c:/program files (x86)/atmel/atmel toolchain/avr8 gcc/native/3.4.1061/avr8-gnu-toolchain/bin/../lib/gcc/avr/4.8.1/../../../../avr/lib/avr6\libm.a(mulsf3x.o)
                              c:/program files (x86)/atmel/atmel toolchain/avr8 gcc/native/3.4.1061/avr8-gnu-toolchain/bin/../lib/gcc/avr/4.8.1/../../../../avr/lib/avr6\libm.a(mulsf3.o) (__mulsf3x)
c:/program files (x86)/atmel/atmel toolchain/avr8 gcc/native/3.4.1061/avr8-gnu-toolchain/bin/../lib/gcc/avr/4.8.1/../../../../avr/lib/avr6\libm.a(pow.o)
                              mySharpIR.o (pow)
c:/program files (x86)/atmel/atmel toolchain/avr8 gcc/native/3.4.1061/avr8-gnu-toolchain/bin/../lib/gcc/avr/4.8.1/../../../../avr/lib/avr6\libm.a(exp.o)
                              c:/program files (x86)/atmel/atmel toolchain/avr8 gcc/native/3.4.1061/avr8-gnu-toolchain/bin/../lib/gcc/avr/4.8.1/../../../../avr/lib/avr6\libm.a(pow.o) (exp)
c:/program files (x86)/atmel/atmel toolchain/avr8 gcc/native/3.4.1061/avr8-gnu-toolchain/bin/../lib/gcc/avr/4.8.1/../../../../avr/lib/avr6\libm.a(fp_powser.o)
                              c:/program files (x86)/atmel/atmel toolchain/avr8 gcc/native/3.4.1061/avr8-gnu-toolchain/bin/../lib/gcc/avr/4.8.1/../../../../avr/lib/avr6\libm.a(exp.o) (__fp_powser)
c:/program files (x86)/atmel/atmel toolchain/avr8 gcc/native/3.4.1061/avr8-gnu-toolchain/bin/../lib/gcc/avr/4.8.1/../../../../avr/lib/avr6\libm.a(inverse.o)
                              c:/program files (x86)/atmel/atmel toolchain/avr8 gcc/native/3.4.1061/avr8-gnu-toolchain/bin/../lib/gcc/avr/4.8.1/../../../../avr/lib/avr6\libm.a(exp.o) (inverse)
c:/program files (x86)/atmel/atmel toolchain/avr8 gcc/native/3.4.1061/avr8-gnu-toolchain/bin/../lib/gcc/avr/4.8.1/../../../../avr/lib/avr6\libm.a(ldexp.o)
                              c:/program files (x86)/atmel/atmel toolchain/avr8 gcc/native/3.4.1061/avr8-gnu-toolchain/bin/../lib/gcc/avr/4.8.1/../../../../avr/lib/avr6\libm.a(exp.o) (ldexp)
c:/program files (x86)/atmel/atmel toolchain/avr8 gcc/native/3.4.1061/avr8-gnu-toolchain/bin/../lib/gcc/avr/4.8.1/../../../../avr/lib/avr6\libm.a(log.o)
                              c:/program files (x86)/atmel/atmel toolchain/avr8 gcc/native/3.4.1061/avr8-gnu-toolchain/bin/../lib/gcc/avr/4.8.1/../../../../avr/lib/avr6\libm.a(pow.o) (log)
c:/program files (x86)/atmel/atmel toolchain/avr8 gcc/native/3.4.1061/avr8-gnu-toolchain/bin/../lib/gcc/avr/4.8.1/../../../../avr/lib/avr6\libm.a(modf.o)
                              c:/program files (x86)/atmel/atmel toolchain/avr8 gcc/native/3.4.1061/avr8-gnu-toolchain/bin/../lib/gcc/avr/4.8.1/../../../../avr/lib/avr6\libm.a(exp.o) (modf)
c:/program files (x86)/atmel/atmel toolchain/avr8 gcc/native/3.4.1061/avr8-gnu-toolchain/bin/../lib/gcc/avr/4.8.1/../../../../avr/lib/avr6\libm.a(divsf3.o)
                              c:/program files (x86)/atmel/atmel toolchain/avr8 gcc/native/3.4.1061/avr8-gnu-toolchain/bin/../lib/gcc/avr/4.8.1/../../../../avr/lib/avr6\libm.a(inverse.o) (__divsf3)
c:/program files (x86)/atmel/atmel toolchain/avr8 gcc/native/3.4.1061/avr8-gnu-toolchain/bin/../lib/gcc/avr/4.8.1/../../../../avr/lib/avr6\libm.a(divsf3x.o)
                              c:/program files (x86)/atmel/atmel toolchain/avr8 gcc/native/3.4.1061/avr8-gnu-toolchain/bin/../lib/gcc/avr/4.8.1/../../../../avr/lib/avr6\libm.a(divsf3.o) (__divsf3x)
c:/program files (x86)/atmel/atmel toolchain/avr8 gcc/native/3.4.1061/avr8-gnu-toolchain/bin/../lib/gcc/avr/4.8.1/../../../../avr/lib/avr6\libm.a(fp_mpack.o)
                              c:/program files (x86)/atmel/atmel toolchain/avr8 gcc/native/3.4.1061/avr8-gnu-toolchain/bin/../lib/gcc/avr/4.8.1/../../../../avr/lib/avr6\libm.a(ldexp.o) (__fp_mpack)
c:/program files (x86)/atmel/atmel toolchain/avr8 gcc/native/3.4.1061/avr8-gnu-toolchain/bin/../lib/gcc/avr/4.8.1/avr6\libgcc.a(_divmodhi4.o)
                              FreeRTOS2560.o (__divmodhi4)
c:/program files (x86)/atmel/atmel toolchain/avr8 gcc/native/3.4.1061/avr8-gnu-toolchain/bin/../lib/gcc/avr/4.8.1/avr6\libgcc.a(_exit.o)
                              c:/program files (x86)/atmel/atmel toolchain/avr8 gcc/native/3.4.1061/avr8-gnu-toolchain/bin/../lib/gcc/avr/4.8.1/../../../../avr/lib/avr6/crtm2560.o (exit)
c:/program files (x86)/atmel/atmel toolchain/avr8 gcc/native/3.4.1061/avr8-gnu-toolchain/bin/../lib/gcc/avr/4.8.1/avr6\libgcc.a(_copy_data.o)
                              FreeRTOS2560.o (__do_copy_data)
c:/program files (x86)/atmel/atmel toolchain/avr8 gcc/native/3.4.1061/avr8-gnu-toolchain/bin/../lib/gcc/avr/4.8.1/avr6\libgcc.a(_clear_bss.o)
                              FreeRTOS2560.o (__do_clear_bss)
c:/program files (x86)/atmel/atmel toolchain/avr8 gcc/native/3.4.1061/avr8-gnu-toolchain/bin/../lib/gcc/avr/4.8.1/avr6\libgcc.a(_udivmodhi4.o)
                              c:/program files (x86)/atmel/atmel toolchain/avr8 gcc/native/3.4.1061/avr8-gnu-toolchain/bin/../lib/gcc/avr/4.8.1/avr6\libgcc.a(_divmodhi4.o) (__udivmodhi4)
c:/program files (x86)/atmel/atmel toolchain/avr8 gcc/native/3.4.1061/avr8-gnu-toolchain/bin/../lib/gcc/avr/4.8.1/../../../../avr/lib/avr6\libc.a(memcpy.o)
                              queue.o (memcpy)
c:/program files (x86)/atmel/atmel toolchain/avr8 gcc/native/3.4.1061/avr8-gnu-toolchain/bin/../lib/gcc/avr/4.8.1/../../../../avr/lib/avr6\libc.a(itoa_ncheck.o)
                              FreeRTOS2560.o (__itoa_ncheck)
c:/program files (x86)/atmel/atmel toolchain/avr8 gcc/native/3.4.1061/avr8-gnu-toolchain/bin/../lib/gcc/avr/4.8.1/../../../../avr/lib/avr6\libc.a(utoa_ncheck.o)
                              c:/program files (x86)/atmel/atmel toolchain/avr8 gcc/native/3.4.1061/avr8-gnu-toolchain/bin/../lib/gcc/avr/4.8.1/../../../../avr/lib/avr6\libc.a(itoa_ncheck.o) (__utoa_common)
c:/program files (x86)/atmel/atmel toolchain/avr8 gcc/native/3.4.1061/avr8-gnu-toolchain/bin/../lib/gcc/avr/4.8.1/../../../../avr/lib/avr6\libc.a(strrev.o)
                              c:/program files (x86)/atmel/atmel toolchain/avr8 gcc/native/3.4.1061/avr8-gnu-toolchain/bin/../lib/gcc/avr/4.8.1/../../../../avr/lib/avr6\libc.a(utoa_ncheck.o) (strrev)

Allocating common symbols
Common symbol       size              file

adcReading_L        0x1               myADC.o
uart1_rxBuffer      0x20              myUSART.o
uart0_rxRingBuffer  0x5               myUSART.o
uart0_txBuffer      0x20              myUSART.o
ms_tickStart        0x2               myHcSonar.o
queueObstacleNumber
                    0x2               FreeRTOS2560.o
ms_tickLapsed       0x2               myHcSonar.o
adcReading_H        0x1               myADC.o
semaUsart1HandShake
                    0x2               myUSART.o
uart0_rxBuffer      0x20              myUSART.o
semaGuardStartADC   0x2               myADC.o
uart1_txBuffer      0x20              myUSART.o
us_tickStart        0x2               myHcSonar.o
semaUsart0Receive   0x2               myUSART.o
semaUsart1Receive   0x2               myUSART.o
us_tickLapsed       0x2               myHcSonar.o
uart1_txRingBuffer  0x5               myUSART.o
semaDelayMicro      0x2               myTimer.o
semaReadReady       0x2               myHcSonar.o
uart0_txRingBuffer  0x5               myUSART.o
uart1_rxRingBuffer  0x5               myUSART.o
semaReadADC         0x2               myADC.o
semaDelayMicro2     0x2               myTimer.o
ms_tickEnd          0x2               myHcSonar.o
queueObstacleData   0x2               FreeRTOS2560.o
timerTask           0x2               myTimer.o
us_tickEnd          0x2               myHcSonar.o

Discarded input sections

 .data          0x00000000        0x0 c:/program files (x86)/atmel/atmel toolchain/avr8 gcc/native/3.4.1061/avr8-gnu-toolchain/bin/../lib/gcc/avr/4.8.1/../../../../avr/lib/avr6/crtm2560.o
 .bss           0x00000000        0x0 c:/program files (x86)/atmel/atmel toolchain/avr8 gcc/native/3.4.1061/avr8-gnu-toolchain/bin/../lib/gcc/avr/4.8.1/../../../../avr/lib/avr6/crtm2560.o
 .text          0x00000000        0x0 debugPrint.o
 .data          0x00000000        0x0 debugPrint.o
 .bss           0x00000000        0x0 debugPrint.o
 .debug_line    0x00000000        0x0 debugPrint.o
 .debug_str     0x00000000        0x0 debugPrint.o
 .comment       0x00000000       0x31 debugPrint.o
 .text          0x00000000        0x0 FreeRTOS2560.o
 .data          0x00000000        0x0 FreeRTOS2560.o
 .bss           0x00000000        0x0 FreeRTOS2560.o
 .text.vApplicationIdleHook
                0x00000000        0x2 FreeRTOS2560.o
 .text          0x00000000        0x0 heap_1.o
 .data          0x00000000        0x0 heap_1.o
 .bss           0x00000000        0x0 heap_1.o
 .text.vPortInitialiseBlocks
                0x00000000        0xa heap_1.o
 .text.xPortGetFreeHeapSize
                0x00000000       0x12 heap_1.o
 .text          0x00000000        0x0 list.o
 .data          0x00000000        0x0 list.o
 .bss           0x00000000        0x0 list.o
 .text          0x00000000        0x0 myHcSonar.o
 .data          0x00000000        0x0 myHcSonar.o
 .bss           0x00000000        0x0 myHcSonar.o
 .text.myHcSonar_Start
                0x00000000        0xe myHcSonar.o
 .text.myHcSonar_Read
                0x00000000       0x46 myHcSonar.o
 .text          0x00000000        0x0 myMaxSonar.o
 .data          0x00000000        0x0 myMaxSonar.o
 .bss           0x00000000        0x0 myMaxSonar.o
 .text.myMaxSonar_ReadRaw
                0x00000000        0x6 myMaxSonar.o
 .text          0x00000000        0x0 myADC.o
 .data          0x00000000        0x0 myADC.o
 .bss           0x00000000        0x0 myADC.o
 .text          0x00000000        0x0 mySharpIR.o
 .data          0x00000000        0x0 mySharpIR.o
 .bss           0x00000000        0x0 mySharpIR.o
 .text          0x00000000        0x0 myTimer.o
 .data          0x00000000        0x0 myTimer.o
 .bss           0x00000000        0x0 myTimer.o
 .text.myTimer_DelayMicro2
                0x00000000       0x4a myTimer.o
 .text          0x00000000        0x0 myUSART.o
 .data          0x00000000        0x0 myUSART.o
 .bss           0x00000000        0x0 myUSART.o
 .text.myUSART_receiveUSART0
                0x00000000       0x4a myUSART.o
 .rodata.str1.1
                0x00000000        0x8 myUSART.o
 .text.myUSART_startHandShake
                0x00000000       0x2e myUSART.o
 .text.myUSART_receiveHandShakeFin
                0x00000000        0xc myUSART.o
 .text          0x00000000        0x0 port.o
 .data          0x00000000        0x0 port.o
 .bss           0x00000000        0x0 port.o
 .text.vPortEndScheduler
                0x00000000        0x2 port.o
 .text          0x00000000        0x0 queue.o
 .data          0x00000000        0x0 queue.o
 .bss           0x00000000        0x0 queue.o
 .text.xQueueReceiveFromISR
                0x00000000       0x66 queue.o
 .text.xQueuePeekFromISR
                0x00000000       0x2e queue.o
 .text.uxQueueMessagesWaiting
                0x00000000       0x10 queue.o
 .text.uxQueueSpacesAvailable
                0x00000000       0x16 queue.o
 .text.uxQueueMessagesWaitingFromISR
                0x00000000        0x6 queue.o
 .text.vQueueDelete
                0x00000000       0x1e queue.o
 .text.xQueueIsQueueEmptyFromISR
                0x00000000        0xc queue.o
 .text.xQueueIsQueueFullFromISR
                0x00000000        0xe queue.o
 .text          0x00000000        0x0 ringBuffer.o
 .data          0x00000000        0x0 ringBuffer.o
 .bss           0x00000000        0x0 ringBuffer.o
 .text.ringBufferClear
                0x00000000        0x6 ringBuffer.o
 .text          0x00000000        0x0 tasks.o
 .data          0x00000000        0x0 tasks.o
 .bss           0x00000000        0x0 tasks.o
 .text.vTaskDelete
                0x00000000       0x8e tasks.o
 .text.xTaskResumeFromISR
                0x00000000       0xaa tasks.o
 .text.vTaskEndScheduler
                0x00000000        0xc tasks.o
 .text.uxTaskGetNumberOfTasks
                0x00000000        0x6 tasks.o
 .text.vTaskPlaceOnUnorderedEventList
                0x00000000       0x66 tasks.o
 .text.xTaskRemoveFromUnorderedEventList
                0x00000000       0x74 tasks.o
 .text.xTaskGetCurrentTaskHandle
                0x00000000        0xa tasks.o
 .text.uxTaskResetEventItemValue
                0x00000000       0x2e tasks.o
 .text          0x00000000        0x0 c:/program files (x86)/atmel/atmel toolchain/avr8 gcc/native/3.4.1061/avr8-gnu-toolchain/bin/../lib/gcc/avr/4.8.1/../../../../avr/lib/avr6\libm.a(addsf3.o)
 .data          0x00000000        0x0 c:/program files (x86)/atmel/atmel toolchain/avr8 gcc/native/3.4.1061/avr8-gnu-toolchain/bin/../lib/gcc/avr/4.8.1/../../../../avr/lib/avr6\libm.a(addsf3.o)
 .bss           0x00000000        0x0 c:/program files (x86)/atmel/atmel toolchain/avr8 gcc/native/3.4.1061/avr8-gnu-toolchain/bin/../lib/gcc/avr/4.8.1/../../../../avr/lib/avr6\libm.a(addsf3.o)
 .text          0x00000000        0x0 c:/program files (x86)/atmel/atmel toolchain/avr8 gcc/native/3.4.1061/avr8-gnu-toolchain/bin/../lib/gcc/avr/4.8.1/../../../../avr/lib/avr6\libm.a(addsf3x.o)
 .data          0x00000000        0x0 c:/program files (x86)/atmel/atmel toolchain/avr8 gcc/native/3.4.1061/avr8-gnu-toolchain/bin/../lib/gcc/avr/4.8.1/../../../../avr/lib/avr6\libm.a(addsf3x.o)
 .bss           0x00000000        0x0 c:/program files (x86)/atmel/atmel toolchain/avr8 gcc/native/3.4.1061/avr8-gnu-toolchain/bin/../lib/gcc/avr/4.8.1/../../../../avr/lib/avr6\libm.a(addsf3x.o)
 .text          0x00000000        0x0 c:/program files (x86)/atmel/atmel toolchain/avr8 gcc/native/3.4.1061/avr8-gnu-toolchain/bin/../lib/gcc/avr/4.8.1/../../../../avr/lib/avr6\libm.a(fixsfsi.o)
 .data          0x00000000        0x0 c:/program files (x86)/atmel/atmel toolchain/avr8 gcc/native/3.4.1061/avr8-gnu-toolchain/bin/../lib/gcc/avr/4.8.1/../../../../avr/lib/avr6\libm.a(fixsfsi.o)
 .bss           0x00000000        0x0 c:/program files (x86)/atmel/atmel toolchain/avr8 gcc/native/3.4.1061/avr8-gnu-toolchain/bin/../lib/gcc/avr/4.8.1/../../../../avr/lib/avr6\libm.a(fixsfsi.o)
 .text          0x00000000        0x0 c:/program files (x86)/atmel/atmel toolchain/avr8 gcc/native/3.4.1061/avr8-gnu-toolchain/bin/../lib/gcc/avr/4.8.1/../../../../avr/lib/avr6\libm.a(fixunssfsi.o)
 .data          0x00000000        0x0 c:/program files (x86)/atmel/atmel toolchain/avr8 gcc/native/3.4.1061/avr8-gnu-toolchain/bin/../lib/gcc/avr/4.8.1/../../../../avr/lib/avr6\libm.a(fixunssfsi.o)
 .bss           0x00000000        0x0 c:/program files (x86)/atmel/atmel toolchain/avr8 gcc/native/3.4.1061/avr8-gnu-toolchain/bin/../lib/gcc/avr/4.8.1/../../../../avr/lib/avr6\libm.a(fixunssfsi.o)
 .text          0x00000000        0x0 c:/program files (x86)/atmel/atmel toolchain/avr8 gcc/native/3.4.1061/avr8-gnu-toolchain/bin/../lib/gcc/avr/4.8.1/../../../../avr/lib/avr6\libm.a(floatsisf.o)
 .data          0x00000000        0x0 c:/program files (x86)/atmel/atmel toolchain/avr8 gcc/native/3.4.1061/avr8-gnu-toolchain/bin/../lib/gcc/avr/4.8.1/../../../../avr/lib/avr6\libm.a(floatsisf.o)
 .bss           0x00000000        0x0 c:/program files (x86)/atmel/atmel toolchain/avr8 gcc/native/3.4.1061/avr8-gnu-toolchain/bin/../lib/gcc/avr/4.8.1/../../../../avr/lib/avr6\libm.a(floatsisf.o)
 .text          0x00000000        0x0 c:/program files (x86)/atmel/atmel toolchain/avr8 gcc/native/3.4.1061/avr8-gnu-toolchain/bin/../lib/gcc/avr/4.8.1/../../../../avr/lib/avr6\libm.a(fp_inf.o)
 .data          0x00000000        0x0 c:/program files (x86)/atmel/atmel toolchain/avr8 gcc/native/3.4.1061/avr8-gnu-toolchain/bin/../lib/gcc/avr/4.8.1/../../../../avr/lib/avr6\libm.a(fp_inf.o)
 .bss           0x00000000        0x0 c:/program files (x86)/atmel/atmel toolchain/avr8 gcc/native/3.4.1061/avr8-gnu-toolchain/bin/../lib/gcc/avr/4.8.1/../../../../avr/lib/avr6\libm.a(fp_inf.o)
 .text          0x00000000        0x0 c:/program files (x86)/atmel/atmel toolchain/avr8 gcc/native/3.4.1061/avr8-gnu-toolchain/bin/../lib/gcc/avr/4.8.1/../../../../avr/lib/avr6\libm.a(fp_nan.o)
 .data          0x00000000        0x0 c:/program files (x86)/atmel/atmel toolchain/avr8 gcc/native/3.4.1061/avr8-gnu-toolchain/bin/../lib/gcc/avr/4.8.1/../../../../avr/lib/avr6\libm.a(fp_nan.o)
 .bss           0x00000000        0x0 c:/program files (x86)/atmel/atmel toolchain/avr8 gcc/native/3.4.1061/avr8-gnu-toolchain/bin/../lib/gcc/avr/4.8.1/../../../../avr/lib/avr6\libm.a(fp_nan.o)
 .text          0x00000000        0x0 c:/program files (x86)/atmel/atmel toolchain/avr8 gcc/native/3.4.1061/avr8-gnu-toolchain/bin/../lib/gcc/avr/4.8.1/../../../../avr/lib/avr6\libm.a(fp_pscA.o)
 .data          0x00000000        0x0 c:/program files (x86)/atmel/atmel toolchain/avr8 gcc/native/3.4.1061/avr8-gnu-toolchain/bin/../lib/gcc/avr/4.8.1/../../../../avr/lib/avr6\libm.a(fp_pscA.o)
 .bss           0x00000000        0x0 c:/program files (x86)/atmel/atmel toolchain/avr8 gcc/native/3.4.1061/avr8-gnu-toolchain/bin/../lib/gcc/avr/4.8.1/../../../../avr/lib/avr6\libm.a(fp_pscA.o)
 .text          0x00000000        0x0 c:/program files (x86)/atmel/atmel toolchain/avr8 gcc/native/3.4.1061/avr8-gnu-toolchain/bin/../lib/gcc/avr/4.8.1/../../../../avr/lib/avr6\libm.a(fp_pscB.o)
 .data          0x00000000        0x0 c:/program files (x86)/atmel/atmel toolchain/avr8 gcc/native/3.4.1061/avr8-gnu-toolchain/bin/../lib/gcc/avr/4.8.1/../../../../avr/lib/avr6\libm.a(fp_pscB.o)
 .bss           0x00000000        0x0 c:/program files (x86)/atmel/atmel toolchain/avr8 gcc/native/3.4.1061/avr8-gnu-toolchain/bin/../lib/gcc/avr/4.8.1/../../../../avr/lib/avr6\libm.a(fp_pscB.o)
 .text          0x00000000        0x0 c:/program files (x86)/atmel/atmel toolchain/avr8 gcc/native/3.4.1061/avr8-gnu-toolchain/bin/../lib/gcc/avr/4.8.1/../../../../avr/lib/avr6\libm.a(fp_round.o)
 .data          0x00000000        0x0 c:/program files (x86)/atmel/atmel toolchain/avr8 gcc/native/3.4.1061/avr8-gnu-toolchain/bin/../lib/gcc/avr/4.8.1/../../../../avr/lib/avr6\libm.a(fp_round.o)
 .bss           0x00000000        0x0 c:/program files (x86)/atmel/atmel toolchain/avr8 gcc/native/3.4.1061/avr8-gnu-toolchain/bin/../lib/gcc/avr/4.8.1/../../../../avr/lib/avr6\libm.a(fp_round.o)
 .text          0x00000000        0x0 c:/program files (x86)/atmel/atmel toolchain/avr8 gcc/native/3.4.1061/avr8-gnu-toolchain/bin/../lib/gcc/avr/4.8.1/../../../../avr/lib/avr6\libm.a(fp_split3.o)
 .data          0x00000000        0x0 c:/program files (x86)/atmel/atmel toolchain/avr8 gcc/native/3.4.1061/avr8-gnu-toolchain/bin/../lib/gcc/avr/4.8.1/../../../../avr/lib/avr6\libm.a(fp_split3.o)
 .bss           0x00000000        0x0 c:/program files (x86)/atmel/atmel toolchain/avr8 gcc/native/3.4.1061/avr8-gnu-toolchain/bin/../lib/gcc/avr/4.8.1/../../../../avr/lib/avr6\libm.a(fp_split3.o)
 .text          0x00000000        0x0 c:/program files (x86)/atmel/atmel toolchain/avr8 gcc/native/3.4.1061/avr8-gnu-toolchain/bin/../lib/gcc/avr/4.8.1/../../../../avr/lib/avr6\libm.a(fp_zero.o)
 .data          0x00000000        0x0 c:/program files (x86)/atmel/atmel toolchain/avr8 gcc/native/3.4.1061/avr8-gnu-toolchain/bin/../lib/gcc/avr/4.8.1/../../../../avr/lib/avr6\libm.a(fp_zero.o)
 .bss           0x00000000        0x0 c:/program files (x86)/atmel/atmel toolchain/avr8 gcc/native/3.4.1061/avr8-gnu-toolchain/bin/../lib/gcc/avr/4.8.1/../../../../avr/lib/avr6\libm.a(fp_zero.o)
 .text          0x00000000        0x0 c:/program files (x86)/atmel/atmel toolchain/avr8 gcc/native/3.4.1061/avr8-gnu-toolchain/bin/../lib/gcc/avr/4.8.1/../../../../avr/lib/avr6\libm.a(mulsf3.o)
 .data          0x00000000        0x0 c:/program files (x86)/atmel/atmel toolchain/avr8 gcc/native/3.4.1061/avr8-gnu-toolchain/bin/../lib/gcc/avr/4.8.1/../../../../avr/lib/avr6\libm.a(mulsf3.o)
 .bss           0x00000000        0x0 c:/program files (x86)/atmel/atmel toolchain/avr8 gcc/native/3.4.1061/avr8-gnu-toolchain/bin/../lib/gcc/avr/4.8.1/../../../../avr/lib/avr6\libm.a(mulsf3.o)
 .text          0x00000000        0x0 c:/program files (x86)/atmel/atmel toolchain/avr8 gcc/native/3.4.1061/avr8-gnu-toolchain/bin/../lib/gcc/avr/4.8.1/../../../../avr/lib/avr6\libm.a(mulsf3x.o)
 .data          0x00000000        0x0 c:/program files (x86)/atmel/atmel toolchain/avr8 gcc/native/3.4.1061/avr8-gnu-toolchain/bin/../lib/gcc/avr/4.8.1/../../../../avr/lib/avr6\libm.a(mulsf3x.o)
 .bss           0x00000000        0x0 c:/program files (x86)/atmel/atmel toolchain/avr8 gcc/native/3.4.1061/avr8-gnu-toolchain/bin/../lib/gcc/avr/4.8.1/../../../../avr/lib/avr6\libm.a(mulsf3x.o)
 .text          0x00000000        0x0 c:/program files (x86)/atmel/atmel toolchain/avr8 gcc/native/3.4.1061/avr8-gnu-toolchain/bin/../lib/gcc/avr/4.8.1/../../../../avr/lib/avr6\libm.a(pow.o)
 .data          0x00000000        0x0 c:/program files (x86)/atmel/atmel toolchain/avr8 gcc/native/3.4.1061/avr8-gnu-toolchain/bin/../lib/gcc/avr/4.8.1/../../../../avr/lib/avr6\libm.a(pow.o)
 .bss           0x00000000        0x0 c:/program files (x86)/atmel/atmel toolchain/avr8 gcc/native/3.4.1061/avr8-gnu-toolchain/bin/../lib/gcc/avr/4.8.1/../../../../avr/lib/avr6\libm.a(pow.o)
 .text          0x00000000        0x0 c:/program files (x86)/atmel/atmel toolchain/avr8 gcc/native/3.4.1061/avr8-gnu-toolchain/bin/../lib/gcc/avr/4.8.1/../../../../avr/lib/avr6\libm.a(exp.o)
 .data          0x00000000        0x0 c:/program files (x86)/atmel/atmel toolchain/avr8 gcc/native/3.4.1061/avr8-gnu-toolchain/bin/../lib/gcc/avr/4.8.1/../../../../avr/lib/avr6\libm.a(exp.o)
 .bss           0x00000000        0x0 c:/program files (x86)/atmel/atmel toolchain/avr8 gcc/native/3.4.1061/avr8-gnu-toolchain/bin/../lib/gcc/avr/4.8.1/../../../../avr/lib/avr6\libm.a(exp.o)
 .text          0x00000000        0x0 c:/program files (x86)/atmel/atmel toolchain/avr8 gcc/native/3.4.1061/avr8-gnu-toolchain/bin/../lib/gcc/avr/4.8.1/../../../../avr/lib/avr6\libm.a(fp_powser.o)
 .data          0x00000000        0x0 c:/program files (x86)/atmel/atmel toolchain/avr8 gcc/native/3.4.1061/avr8-gnu-toolchain/bin/../lib/gcc/avr/4.8.1/../../../../avr/lib/avr6\libm.a(fp_powser.o)
 .bss           0x00000000        0x0 c:/program files (x86)/atmel/atmel toolchain/avr8 gcc/native/3.4.1061/avr8-gnu-toolchain/bin/../lib/gcc/avr/4.8.1/../../../../avr/lib/avr6\libm.a(fp_powser.o)
 .text          0x00000000        0x0 c:/program files (x86)/atmel/atmel toolchain/avr8 gcc/native/3.4.1061/avr8-gnu-toolchain/bin/../lib/gcc/avr/4.8.1/../../../../avr/lib/avr6\libm.a(inverse.o)
 .data          0x00000000        0x0 c:/program files (x86)/atmel/atmel toolchain/avr8 gcc/native/3.4.1061/avr8-gnu-toolchain/bin/../lib/gcc/avr/4.8.1/../../../../avr/lib/avr6\libm.a(inverse.o)
 .bss           0x00000000        0x0 c:/program files (x86)/atmel/atmel toolchain/avr8 gcc/native/3.4.1061/avr8-gnu-toolchain/bin/../lib/gcc/avr/4.8.1/../../../../avr/lib/avr6\libm.a(inverse.o)
 .text          0x00000000        0x0 c:/program files (x86)/atmel/atmel toolchain/avr8 gcc/native/3.4.1061/avr8-gnu-toolchain/bin/../lib/gcc/avr/4.8.1/../../../../avr/lib/avr6\libm.a(ldexp.o)
 .data          0x00000000        0x0 c:/program files (x86)/atmel/atmel toolchain/avr8 gcc/native/3.4.1061/avr8-gnu-toolchain/bin/../lib/gcc/avr/4.8.1/../../../../avr/lib/avr6\libm.a(ldexp.o)
 .bss           0x00000000        0x0 c:/program files (x86)/atmel/atmel toolchain/avr8 gcc/native/3.4.1061/avr8-gnu-toolchain/bin/../lib/gcc/avr/4.8.1/../../../../avr/lib/avr6\libm.a(ldexp.o)
 .text          0x00000000        0x0 c:/program files (x86)/atmel/atmel toolchain/avr8 gcc/native/3.4.1061/avr8-gnu-toolchain/bin/../lib/gcc/avr/4.8.1/../../../../avr/lib/avr6\libm.a(log.o)
 .data          0x00000000        0x0 c:/program files (x86)/atmel/atmel toolchain/avr8 gcc/native/3.4.1061/avr8-gnu-toolchain/bin/../lib/gcc/avr/4.8.1/../../../../avr/lib/avr6\libm.a(log.o)
 .bss           0x00000000        0x0 c:/program files (x86)/atmel/atmel toolchain/avr8 gcc/native/3.4.1061/avr8-gnu-toolchain/bin/../lib/gcc/avr/4.8.1/../../../../avr/lib/avr6\libm.a(log.o)
 .text          0x00000000        0x0 c:/program files (x86)/atmel/atmel toolchain/avr8 gcc/native/3.4.1061/avr8-gnu-toolchain/bin/../lib/gcc/avr/4.8.1/../../../../avr/lib/avr6\libm.a(modf.o)
 .data          0x00000000        0x0 c:/program files (x86)/atmel/atmel toolchain/avr8 gcc/native/3.4.1061/avr8-gnu-toolchain/bin/../lib/gcc/avr/4.8.1/../../../../avr/lib/avr6\libm.a(modf.o)
 .bss           0x00000000        0x0 c:/program files (x86)/atmel/atmel toolchain/avr8 gcc/native/3.4.1061/avr8-gnu-toolchain/bin/../lib/gcc/avr/4.8.1/../../../../avr/lib/avr6\libm.a(modf.o)
 .text          0x00000000        0x0 c:/program files (x86)/atmel/atmel toolchain/avr8 gcc/native/3.4.1061/avr8-gnu-toolchain/bin/../lib/gcc/avr/4.8.1/../../../../avr/lib/avr6\libm.a(divsf3.o)
 .data          0x00000000        0x0 c:/program files (x86)/atmel/atmel toolchain/avr8 gcc/native/3.4.1061/avr8-gnu-toolchain/bin/../lib/gcc/avr/4.8.1/../../../../avr/lib/avr6\libm.a(divsf3.o)
 .bss           0x00000000        0x0 c:/program files (x86)/atmel/atmel toolchain/avr8 gcc/native/3.4.1061/avr8-gnu-toolchain/bin/../lib/gcc/avr/4.8.1/../../../../avr/lib/avr6\libm.a(divsf3.o)
 .text          0x00000000        0x0 c:/program files (x86)/atmel/atmel toolchain/avr8 gcc/native/3.4.1061/avr8-gnu-toolchain/bin/../lib/gcc/avr/4.8.1/../../../../avr/lib/avr6\libm.a(divsf3x.o)
 .data          0x00000000        0x0 c:/program files (x86)/atmel/atmel toolchain/avr8 gcc/native/3.4.1061/avr8-gnu-toolchain/bin/../lib/gcc/avr/4.8.1/../../../../avr/lib/avr6\libm.a(divsf3x.o)
 .bss           0x00000000        0x0 c:/program files (x86)/atmel/atmel toolchain/avr8 gcc/native/3.4.1061/avr8-gnu-toolchain/bin/../lib/gcc/avr/4.8.1/../../../../avr/lib/avr6\libm.a(divsf3x.o)
 .text          0x00000000        0x0 c:/program files (x86)/atmel/atmel toolchain/avr8 gcc/native/3.4.1061/avr8-gnu-toolchain/bin/../lib/gcc/avr/4.8.1/../../../../avr/lib/avr6\libm.a(fp_mpack.o)
 .data          0x00000000        0x0 c:/program files (x86)/atmel/atmel toolchain/avr8 gcc/native/3.4.1061/avr8-gnu-toolchain/bin/../lib/gcc/avr/4.8.1/../../../../avr/lib/avr6\libm.a(fp_mpack.o)
 .bss           0x00000000        0x0 c:/program files (x86)/atmel/atmel toolchain/avr8 gcc/native/3.4.1061/avr8-gnu-toolchain/bin/../lib/gcc/avr/4.8.1/../../../../avr/lib/avr6\libm.a(fp_mpack.o)
 .text          0x00000000        0x0 c:/program files (x86)/atmel/atmel toolchain/avr8 gcc/native/3.4.1061/avr8-gnu-toolchain/bin/../lib/gcc/avr/4.8.1/avr6\libgcc.a(_divmodhi4.o)
 .data          0x00000000        0x0 c:/program files (x86)/atmel/atmel toolchain/avr8 gcc/native/3.4.1061/avr8-gnu-toolchain/bin/../lib/gcc/avr/4.8.1/avr6\libgcc.a(_divmodhi4.o)
 .bss           0x00000000        0x0 c:/program files (x86)/atmel/atmel toolchain/avr8 gcc/native/3.4.1061/avr8-gnu-toolchain/bin/../lib/gcc/avr/4.8.1/avr6\libgcc.a(_divmodhi4.o)
 .text.libgcc.mul
                0x00000000        0x0 c:/program files (x86)/atmel/atmel toolchain/avr8 gcc/native/3.4.1061/avr8-gnu-toolchain/bin/../lib/gcc/avr/4.8.1/avr6\libgcc.a(_divmodhi4.o)
 .text.libgcc   0x00000000        0x0 c:/program files (x86)/atmel/atmel toolchain/avr8 gcc/native/3.4.1061/avr8-gnu-toolchain/bin/../lib/gcc/avr/4.8.1/avr6\libgcc.a(_divmodhi4.o)
 .text.libgcc.prologue
                0x00000000        0x0 c:/program files (x86)/atmel/atmel toolchain/avr8 gcc/native/3.4.1061/avr8-gnu-toolchain/bin/../lib/gcc/avr/4.8.1/avr6\libgcc.a(_divmodhi4.o)
 .text.libgcc.builtins
                0x00000000        0x0 c:/program files (x86)/atmel/atmel toolchain/avr8 gcc/native/3.4.1061/avr8-gnu-toolchain/bin/../lib/gcc/avr/4.8.1/avr6\libgcc.a(_divmodhi4.o)
 .text.libgcc.fmul
                0x00000000        0x0 c:/program files (x86)/atmel/atmel toolchain/avr8 gcc/native/3.4.1061/avr8-gnu-toolchain/bin/../lib/gcc/avr/4.8.1/avr6\libgcc.a(_divmodhi4.o)
 .text.libgcc.fixed
                0x00000000        0x0 c:/program files (x86)/atmel/atmel toolchain/avr8 gcc/native/3.4.1061/avr8-gnu-toolchain/bin/../lib/gcc/avr/4.8.1/avr6\libgcc.a(_divmodhi4.o)
 .text          0x00000000        0x0 c:/program files (x86)/atmel/atmel toolchain/avr8 gcc/native/3.4.1061/avr8-gnu-toolchain/bin/../lib/gcc/avr/4.8.1/avr6\libgcc.a(_exit.o)
 .data          0x00000000        0x0 c:/program files (x86)/atmel/atmel toolchain/avr8 gcc/native/3.4.1061/avr8-gnu-toolchain/bin/../lib/gcc/avr/4.8.1/avr6\libgcc.a(_exit.o)
 .bss           0x00000000        0x0 c:/program files (x86)/atmel/atmel toolchain/avr8 gcc/native/3.4.1061/avr8-gnu-toolchain/bin/../lib/gcc/avr/4.8.1/avr6\libgcc.a(_exit.o)
 .text.libgcc.mul
                0x00000000        0x0 c:/program files (x86)/atmel/atmel toolchain/avr8 gcc/native/3.4.1061/avr8-gnu-toolchain/bin/../lib/gcc/avr/4.8.1/avr6\libgcc.a(_exit.o)
 .text.libgcc.div
                0x00000000        0x0 c:/program files (x86)/atmel/atmel toolchain/avr8 gcc/native/3.4.1061/avr8-gnu-toolchain/bin/../lib/gcc/avr/4.8.1/avr6\libgcc.a(_exit.o)
 .text.libgcc   0x00000000        0x0 c:/program files (x86)/atmel/atmel toolchain/avr8 gcc/native/3.4.1061/avr8-gnu-toolchain/bin/../lib/gcc/avr/4.8.1/avr6\libgcc.a(_exit.o)
 .text.libgcc.prologue
                0x00000000        0x0 c:/program files (x86)/atmel/atmel toolchain/avr8 gcc/native/3.4.1061/avr8-gnu-toolchain/bin/../lib/gcc/avr/4.8.1/avr6\libgcc.a(_exit.o)
 .text.libgcc.builtins
                0x00000000        0x0 c:/program files (x86)/atmel/atmel toolchain/avr8 gcc/native/3.4.1061/avr8-gnu-toolchain/bin/../lib/gcc/avr/4.8.1/avr6\libgcc.a(_exit.o)
 .text.libgcc.fmul
                0x00000000        0x0 c:/program files (x86)/atmel/atmel toolchain/avr8 gcc/native/3.4.1061/avr8-gnu-toolchain/bin/../lib/gcc/avr/4.8.1/avr6\libgcc.a(_exit.o)
 .text.libgcc.fixed
                0x00000000        0x0 c:/program files (x86)/atmel/atmel toolchain/avr8 gcc/native/3.4.1061/avr8-gnu-toolchain/bin/../lib/gcc/avr/4.8.1/avr6\libgcc.a(_exit.o)
 .text          0x00000000        0x0 c:/program files (x86)/atmel/atmel toolchain/avr8 gcc/native/3.4.1061/avr8-gnu-toolchain/bin/../lib/gcc/avr/4.8.1/avr6\libgcc.a(_copy_data.o)
 .data          0x00000000        0x0 c:/program files (x86)/atmel/atmel toolchain/avr8 gcc/native/3.4.1061/avr8-gnu-toolchain/bin/../lib/gcc/avr/4.8.1/avr6\libgcc.a(_copy_data.o)
 .bss           0x00000000        0x0 c:/program files (x86)/atmel/atmel toolchain/avr8 gcc/native/3.4.1061/avr8-gnu-toolchain/bin/../lib/gcc/avr/4.8.1/avr6\libgcc.a(_copy_data.o)
 .text.libgcc.mul
                0x00000000        0x0 c:/program files (x86)/atmel/atmel toolchain/avr8 gcc/native/3.4.1061/avr8-gnu-toolchain/bin/../lib/gcc/avr/4.8.1/avr6\libgcc.a(_copy_data.o)
 .text.libgcc.div
                0x00000000        0x0 c:/program files (x86)/atmel/atmel toolchain/avr8 gcc/native/3.4.1061/avr8-gnu-toolchain/bin/../lib/gcc/avr/4.8.1/avr6\libgcc.a(_copy_data.o)
 .text.libgcc   0x00000000        0x0 c:/program files (x86)/atmel/atmel toolchain/avr8 gcc/native/3.4.1061/avr8-gnu-toolchain/bin/../lib/gcc/avr/4.8.1/avr6\libgcc.a(_copy_data.o)
 .text.libgcc.prologue
                0x00000000        0x0 c:/program files (x86)/atmel/atmel toolchain/avr8 gcc/native/3.4.1061/avr8-gnu-toolchain/bin/../lib/gcc/avr/4.8.1/avr6\libgcc.a(_copy_data.o)
 .text.libgcc.builtins
                0x00000000        0x0 c:/program files (x86)/atmel/atmel toolchain/avr8 gcc/native/3.4.1061/avr8-gnu-toolchain/bin/../lib/gcc/avr/4.8.1/avr6\libgcc.a(_copy_data.o)
 .text.libgcc.fmul
                0x00000000        0x0 c:/program files (x86)/atmel/atmel toolchain/avr8 gcc/native/3.4.1061/avr8-gnu-toolchain/bin/../lib/gcc/avr/4.8.1/avr6\libgcc.a(_copy_data.o)
 .text.libgcc.fixed
                0x00000000        0x0 c:/program files (x86)/atmel/atmel toolchain/avr8 gcc/native/3.4.1061/avr8-gnu-toolchain/bin/../lib/gcc/avr/4.8.1/avr6\libgcc.a(_copy_data.o)
 .text          0x00000000        0x0 c:/program files (x86)/atmel/atmel toolchain/avr8 gcc/native/3.4.1061/avr8-gnu-toolchain/bin/../lib/gcc/avr/4.8.1/avr6\libgcc.a(_clear_bss.o)
 .data          0x00000000        0x0 c:/program files (x86)/atmel/atmel toolchain/avr8 gcc/native/3.4.1061/avr8-gnu-toolchain/bin/../lib/gcc/avr/4.8.1/avr6\libgcc.a(_clear_bss.o)
 .bss           0x00000000        0x0 c:/program files (x86)/atmel/atmel toolchain/avr8 gcc/native/3.4.1061/avr8-gnu-toolchain/bin/../lib/gcc/avr/4.8.1/avr6\libgcc.a(_clear_bss.o)
 .text.libgcc.mul
                0x00000000        0x0 c:/program files (x86)/atmel/atmel toolchain/avr8 gcc/native/3.4.1061/avr8-gnu-toolchain/bin/../lib/gcc/avr/4.8.1/avr6\libgcc.a(_clear_bss.o)
 .text.libgcc.div
                0x00000000        0x0 c:/program files (x86)/atmel/atmel toolchain/avr8 gcc/native/3.4.1061/avr8-gnu-toolchain/bin/../lib/gcc/avr/4.8.1/avr6\libgcc.a(_clear_bss.o)
 .text.libgcc   0x00000000        0x0 c:/program files (x86)/atmel/atmel toolchain/avr8 gcc/native/3.4.1061/avr8-gnu-toolchain/bin/../lib/gcc/avr/4.8.1/avr6\libgcc.a(_clear_bss.o)
 .text.libgcc.prologue
                0x00000000        0x0 c:/program files (x86)/atmel/atmel toolchain/avr8 gcc/native/3.4.1061/avr8-gnu-toolchain/bin/../lib/gcc/avr/4.8.1/avr6\libgcc.a(_clear_bss.o)
 .text.libgcc.builtins
                0x00000000        0x0 c:/program files (x86)/atmel/atmel toolchain/avr8 gcc/native/3.4.1061/avr8-gnu-toolchain/bin/../lib/gcc/avr/4.8.1/avr6\libgcc.a(_clear_bss.o)
 .text.libgcc.fmul
                0x00000000        0x0 c:/program files (x86)/atmel/atmel toolchain/avr8 gcc/native/3.4.1061/avr8-gnu-toolchain/bin/../lib/gcc/avr/4.8.1/avr6\libgcc.a(_clear_bss.o)
 .text.libgcc.fixed
                0x00000000        0x0 c:/program files (x86)/atmel/atmel toolchain/avr8 gcc/native/3.4.1061/avr8-gnu-toolchain/bin/../lib/gcc/avr/4.8.1/avr6\libgcc.a(_clear_bss.o)
 .text          0x00000000        0x0 c:/program files (x86)/atmel/atmel toolchain/avr8 gcc/native/3.4.1061/avr8-gnu-toolchain/bin/../lib/gcc/avr/4.8.1/avr6\libgcc.a(_udivmodhi4.o)
 .data          0x00000000        0x0 c:/program files (x86)/atmel/atmel toolchain/avr8 gcc/native/3.4.1061/avr8-gnu-toolchain/bin/../lib/gcc/avr/4.8.1/avr6\libgcc.a(_udivmodhi4.o)
 .bss           0x00000000        0x0 c:/program files (x86)/atmel/atmel toolchain/avr8 gcc/native/3.4.1061/avr8-gnu-toolchain/bin/../lib/gcc/avr/4.8.1/avr6\libgcc.a(_udivmodhi4.o)
 .text.libgcc.mul
                0x00000000        0x0 c:/program files (x86)/atmel/atmel toolchain/avr8 gcc/native/3.4.1061/avr8-gnu-toolchain/bin/../lib/gcc/avr/4.8.1/avr6\libgcc.a(_udivmodhi4.o)
 .text.libgcc   0x00000000        0x0 c:/program files (x86)/atmel/atmel toolchain/avr8 gcc/native/3.4.1061/avr8-gnu-toolchain/bin/../lib/gcc/avr/4.8.1/avr6\libgcc.a(_udivmodhi4.o)
 .text.libgcc.prologue
                0x00000000        0x0 c:/program files (x86)/atmel/atmel toolchain/avr8 gcc/native/3.4.1061/avr8-gnu-toolchain/bin/../lib/gcc/avr/4.8.1/avr6\libgcc.a(_udivmodhi4.o)
 .text.libgcc.builtins
                0x00000000        0x0 c:/program files (x86)/atmel/atmel toolchain/avr8 gcc/native/3.4.1061/avr8-gnu-toolchain/bin/../lib/gcc/avr/4.8.1/avr6\libgcc.a(_udivmodhi4.o)
 .text.libgcc.fmul
                0x00000000        0x0 c:/program files (x86)/atmel/atmel toolchain/avr8 gcc/native/3.4.1061/avr8-gnu-toolchain/bin/../lib/gcc/avr/4.8.1/avr6\libgcc.a(_udivmodhi4.o)
 .text.libgcc.fixed
                0x00000000        0x0 c:/program files (x86)/atmel/atmel toolchain/avr8 gcc/native/3.4.1061/avr8-gnu-toolchain/bin/../lib/gcc/avr/4.8.1/avr6\libgcc.a(_udivmodhi4.o)
 .text          0x00000000        0x0 c:/program files (x86)/atmel/atmel toolchain/avr8 gcc/native/3.4.1061/avr8-gnu-toolchain/bin/../lib/gcc/avr/4.8.1/../../../../avr/lib/avr6\libc.a(memcpy.o)
 .data          0x00000000        0x0 c:/program files (x86)/atmel/atmel toolchain/avr8 gcc/native/3.4.1061/avr8-gnu-toolchain/bin/../lib/gcc/avr/4.8.1/../../../../avr/lib/avr6\libc.a(memcpy.o)
 .bss           0x00000000        0x0 c:/program files (x86)/atmel/atmel toolchain/avr8 gcc/native/3.4.1061/avr8-gnu-toolchain/bin/../lib/gcc/avr/4.8.1/../../../../avr/lib/avr6\libc.a(memcpy.o)
 .text          0x00000000        0x0 c:/program files (x86)/atmel/atmel toolchain/avr8 gcc/native/3.4.1061/avr8-gnu-toolchain/bin/../lib/gcc/avr/4.8.1/../../../../avr/lib/avr6\libc.a(itoa_ncheck.o)
 .data          0x00000000        0x0 c:/program files (x86)/atmel/atmel toolchain/avr8 gcc/native/3.4.1061/avr8-gnu-toolchain/bin/../lib/gcc/avr/4.8.1/../../../../avr/lib/avr6\libc.a(itoa_ncheck.o)
 .bss           0x00000000        0x0 c:/program files (x86)/atmel/atmel toolchain/avr8 gcc/native/3.4.1061/avr8-gnu-toolchain/bin/../lib/gcc/avr/4.8.1/../../../../avr/lib/avr6\libc.a(itoa_ncheck.o)
 .text          0x00000000        0x0 c:/program files (x86)/atmel/atmel toolchain/avr8 gcc/native/3.4.1061/avr8-gnu-toolchain/bin/../lib/gcc/avr/4.8.1/../../../../avr/lib/avr6\libc.a(utoa_ncheck.o)
 .data          0x00000000        0x0 c:/program files (x86)/atmel/atmel toolchain/avr8 gcc/native/3.4.1061/avr8-gnu-toolchain/bin/../lib/gcc/avr/4.8.1/../../../../avr/lib/avr6\libc.a(utoa_ncheck.o)
 .bss           0x00000000        0x0 c:/program files (x86)/atmel/atmel toolchain/avr8 gcc/native/3.4.1061/avr8-gnu-toolchain/bin/../lib/gcc/avr/4.8.1/../../../../avr/lib/avr6\libc.a(utoa_ncheck.o)
 .text          0x00000000        0x0 c:/program files (x86)/atmel/atmel toolchain/avr8 gcc/native/3.4.1061/avr8-gnu-toolchain/bin/../lib/gcc/avr/4.8.1/../../../../avr/lib/avr6\libc.a(strrev.o)
 .data          0x00000000        0x0 c:/program files (x86)/atmel/atmel toolchain/avr8 gcc/native/3.4.1061/avr8-gnu-toolchain/bin/../lib/gcc/avr/4.8.1/../../../../avr/lib/avr6\libc.a(strrev.o)
 .bss           0x00000000        0x0 c:/program files (x86)/atmel/atmel toolchain/avr8 gcc/native/3.4.1061/avr8-gnu-toolchain/bin/../lib/gcc/avr/4.8.1/../../../../avr/lib/avr6\libc.a(strrev.o)

Memory Configuration

Name             Origin             Length             Attributes
text             0x00000000         0x00100000         xr
data             0x00800200         0x0000fe00         rw !x
eeprom           0x00810000         0x00010000         rw !x
fuse             0x00820000         0x00000400         rw !x
lock             0x00830000         0x00000400         rw !x
signature        0x00840000         0x00000400         rw !x
user_signatures  0x00850000         0x00000400         rw !x
*default*        0x00000000         0xffffffff

Linker script and memory map

Address of section .data set to 0x800200
LOAD c:/program files (x86)/atmel/atmel toolchain/avr8 gcc/native/3.4.1061/avr8-gnu-toolchain/bin/../lib/gcc/avr/4.8.1/../../../../avr/lib/avr6/crtm2560.o
LOAD debugPrint.o
LOAD FreeRTOS2560.o
LOAD heap_1.o
LOAD list.o
LOAD myHcSonar.o
LOAD myMaxSonar.o
LOAD myADC.o
LOAD mySharpIR.o
LOAD myTimer.o
LOAD myUSART.o
LOAD port.o
LOAD queue.o
LOAD ringBuffer.o
LOAD tasks.o
START GROUP
LOAD c:/program files (x86)/atmel/atmel toolchain/avr8 gcc/native/3.4.1061/avr8-gnu-toolchain/bin/../lib/gcc/avr/4.8.1/../../../../avr/lib/avr6\libm.a
LOAD C:\Users\tienlong\Desktop\CG3002\Project\arduino\Arduino\Debug\libarduino.a
END GROUP
START GROUP
LOAD c:/program files (x86)/atmel/atmel toolchain/avr8 gcc/native/3.4.1061/avr8-gnu-toolchain/bin/../lib/gcc/avr/4.8.1/avr6\libgcc.a
LOAD c:/program files (x86)/atmel/atmel toolchain/avr8 gcc/native/3.4.1061/avr8-gnu-toolchain/bin/../lib/gcc/avr/4.8.1/../../../../avr/lib/avr6\libm.a
LOAD c:/program files (x86)/atmel/atmel toolchain/avr8 gcc/native/3.4.1061/avr8-gnu-toolchain/bin/../lib/gcc/avr/4.8.1/../../../../avr/lib/avr6\libc.a
END GROUP

.hash
 *(.hash)

.dynsym
 *(.dynsym)

.dynstr
 *(.dynstr)

.gnu.version
 *(.gnu.version)

.gnu.version_d
 *(.gnu.version_d)

.gnu.version_r
 *(.gnu.version_r)

.rel.init
 *(.rel.init)

.rela.init
 *(.rela.init)

.rel.text
 *(.rel.text)
 *(.rel.text.*)
 *(.rel.gnu.linkonce.t*)

.rela.text
 *(.rela.text)
 *(.rela.text.*)
 *(.rela.gnu.linkonce.t*)

.rel.fini
 *(.rel.fini)

.rela.fini
 *(.rela.fini)

.rel.rodata
 *(.rel.rodata)
 *(.rel.rodata.*)
 *(.rel.gnu.linkonce.r*)

.rela.rodata
 *(.rela.rodata)
 *(.rela.rodata.*)
 *(.rela.gnu.linkonce.r*)

.rel.data
 *(.rel.data)
 *(.rel.data.*)
 *(.rel.gnu.linkonce.d*)

.rela.data
 *(.rela.data)
 *(.rela.data.*)
 *(.rela.gnu.linkonce.d*)

.rel.ctors
 *(.rel.ctors)

.rela.ctors
 *(.rela.ctors)

.rel.dtors
 *(.rel.dtors)

.rela.dtors
 *(.rela.dtors)

.rel.got
 *(.rel.got)

.rela.got
 *(.rela.got)

.rel.bss
 *(.rel.bss)

.rela.bss
 *(.rela.bss)

.rel.plt
 *(.rel.plt)

.rela.plt
 *(.rela.plt)

.text           0x00000000     0x2c46
 *(.vectors)
 .vectors       0x00000000       0xe4 c:/program files (x86)/atmel/atmel toolchain/avr8 gcc/native/3.4.1061/avr8-gnu-toolchain/bin/../lib/gcc/avr/4.8.1/../../../../avr/lib/avr6/crtm2560.o
                0x00000000                __vector_default
                0x00000000                __vectors
 *(.vectors)
 *(.progmem.gcc*)
 .progmem.gcc_fplib
                0x000000e4       0x28 c:/program files (x86)/atmel/atmel toolchain/avr8 gcc/native/3.4.1061/avr8-gnu-toolchain/bin/../lib/gcc/avr/4.8.1/../../../../avr/lib/avr6\libm.a(exp.o)
 .progmem.gcc_fplib
                0x0000010c       0x5a c:/program files (x86)/atmel/atmel toolchain/avr8 gcc/native/3.4.1061/avr8-gnu-toolchain/bin/../lib/gcc/avr/4.8.1/../../../../avr/lib/avr6\libm.a(log.o)
                0x00000166                . = ALIGN (0x2)
                0x00000166                __trampolines_start = .
 *(.trampolines)
 .trampolines   0x00000166        0x0 linker stubs
 *(.trampolines*)
                0x00000166                __trampolines_end = .
 *(.progmem*)
                0x00000166                . = ALIGN (0x2)
 *(.jumptables)
 *(.jumptables*)
 *(.lowtext)
 *(.lowtext*)
                0x00000166                __ctors_start = .
 *(.ctors)
                0x00000166                __ctors_end = .
                0x00000166                __dtors_start = .
 *(.dtors)
                0x00000166                __dtors_end = .
 SORT(*)(.ctors)
 SORT(*)(.dtors)
 *(.init0)
 .init0         0x00000166        0x0 c:/program files (x86)/atmel/atmel toolchain/avr8 gcc/native/3.4.1061/avr8-gnu-toolchain/bin/../lib/gcc/avr/4.8.1/../../../../avr/lib/avr6/crtm2560.o
                0x00000166                __init
 *(.init0)
 *(.init1)
 *(.init1)
 *(.init2)
 .init2         0x00000166       0x10 c:/program files (x86)/atmel/atmel toolchain/avr8 gcc/native/3.4.1061/avr8-gnu-toolchain/bin/../lib/gcc/avr/4.8.1/../../../../avr/lib/avr6/crtm2560.o
 *(.init2)
 *(.init3)
 *(.init3)
 *(.init4)
 .init4         0x00000176       0x1a c:/program files (x86)/atmel/atmel toolchain/avr8 gcc/native/3.4.1061/avr8-gnu-toolchain/bin/../lib/gcc/avr/4.8.1/avr6\libgcc.a(_copy_data.o)
                0x00000176                __do_copy_data
 .init4         0x00000190       0x10 c:/program files (x86)/atmel/atmel toolchain/avr8 gcc/native/3.4.1061/avr8-gnu-toolchain/bin/../lib/gcc/avr/4.8.1/avr6\libgcc.a(_clear_bss.o)
                0x00000190                __do_clear_bss
 *(.init4)
 *(.init5)
 *(.init5)
 *(.init6)
 *(.init6)
 *(.init7)
 *(.init7)
 *(.init8)
 *(.init8)
 *(.init9)
 .init9         0x000001a0        0x6 c:/program files (x86)/atmel/atmel toolchain/avr8 gcc/native/3.4.1061/avr8-gnu-toolchain/bin/../lib/gcc/avr/4.8.1/../../../../avr/lib/avr6/crtm2560.o
 *(.init9)
 *(.text)
 .text          0x000001a6        0x2 c:/program files (x86)/atmel/atmel toolchain/avr8 gcc/native/3.4.1061/avr8-gnu-toolchain/bin/../lib/gcc/avr/4.8.1/../../../../avr/lib/avr6/crtm2560.o
                0x000001a6                __vector_38
                0x000001a6                __vector_22
                0x000001a6                __vector_28
                0x000001a6                __vector_1
                0x000001a6                __vector_32
                0x000001a6                __vector_34
                0x000001a6                __vector_24
                0x000001a6                __vector_12
                0x000001a6                __vector_55
                0x000001a6                __vector_46
                0x000001a6                __bad_interrupt
                0x000001a6                __vector_6
                0x000001a6                __vector_31
                0x000001a6                __vector_35
                0x000001a6                __vector_39
                0x000001a6                __vector_3
                0x000001a6                __vector_23
                0x000001a6                __vector_30
                0x000001a6                __vector_45
                0x000001a6                __vector_11
                0x000001a6                __vector_54
                0x000001a6                __vector_13
                0x000001a6                __vector_17
                0x000001a6                __vector_19
                0x000001a6                __vector_56
                0x000001a6                __vector_7
                0x000001a6                __vector_49
                0x000001a6                __vector_41
                0x000001a6                __vector_43
                0x000001a6                __vector_27
                0x000001a6                __vector_5
                0x000001a6                __vector_33
                0x000001a6                __vector_47
                0x000001a6                __vector_52
                0x000001a6                __vector_4
                0x000001a6                __vector_44
                0x000001a6                __vector_51
                0x000001a6                __vector_2
                0x000001a6                __vector_15
                0x000001a6                __vector_40
                0x000001a6                __vector_8
                0x000001a6                __vector_48
                0x000001a6                __vector_14
                0x000001a6                __vector_53
                0x000001a6                __vector_10
                0x000001a6                __vector_50
                0x000001a6                __vector_16
                0x000001a6                __vector_18
                0x000001a6                __vector_20
                0x000001a6                __vector_42
                0x000001a8                . = ALIGN (0x2)
 *(.text.*)
 .text.RPI_receiveTask
                0x000001a8       0x2c FreeRTOS2560.o
                0x000001a8                RPI_receiveTask
 .text.RPI_sendTask
                0x000001d4       0x88 FreeRTOS2560.o
                0x000001d4                RPI_sendTask
 .text.myTimerTask
                0x0000025c        0x6 FreeRTOS2560.o
                0x0000025c                myTimerTask
 .text.task1    0x00000262       0x1a FreeRTOS2560.o
                0x00000262                task1
 .text.checkWithinRange
                0x0000027c       0x2a FreeRTOS2560.o
                0x0000027c                checkWithinRange
 .text.activeCalibration
                0x000002a6       0xc8 FreeRTOS2560.o
                0x000002a6                activeCalibration
 .text.obstacleSend
                0x0000036e       0x50 FreeRTOS2560.o
                0x0000036e                obstacleSend
 .text.detectStairs
                0x000003be       0x20 FreeRTOS2560.o
                0x000003be                detectStairs
 .text.obstacleDetection
                0x000003de       0xae FreeRTOS2560.o
                0x000003de                obstacleDetection
 .text.Sonar_Task
                0x0000048c       0x9a FreeRTOS2560.o
                0x0000048c                Sonar_Task
 .text.setDigitalInputPowerReduction
                0x00000526       0x16 FreeRTOS2560.o
                0x00000526                setDigitalInputPowerReduction
 .text.setPowerReduction
                0x0000053c       0x10 FreeRTOS2560.o
                0x0000053c                setPowerReduction
 .text.clearTimer
                0x0000054c       0x3e FreeRTOS2560.o
                0x0000054c                clearTimer
 .text.init     0x0000058a       0x48 FreeRTOS2560.o
                0x0000058a                init
 .text.main     0x000005d2       0xae FreeRTOS2560.o
                0x000005d2                main
 .text.pvPortMalloc
                0x00000680       0x6a heap_1.o
                0x00000680                pvPortMalloc
 .text.vPortFree
                0x000006ea        0x2 heap_1.o
                0x000006ea                vPortFree
 .text.vListInitialise
                0x000006ec       0x1c list.o
                0x000006ec                vListInitialise
 .text.vListInitialiseItem
                0x00000708        0x8 list.o
                0x00000708                vListInitialiseItem
 .text.vListInsertEnd
                0x00000710       0x42 list.o
                0x00000710                vListInsertEnd
 .text.vListInsert
                0x00000752       0x62 list.o
                0x00000752                vListInsert
 .text.uxListRemove
                0x000007b4       0x4c list.o
                0x000007b4                uxListRemove
 .text.__vector_9
                0x00000800      0x114 myHcSonar.o
                0x00000800                __vector_9
 .text.myHcSonar_Init
                0x00000914       0x2a myHcSonar.o
                0x00000914                myHcSonar_Init
 .text.myMaxSonar_Start
                0x0000093e        0xc myMaxSonar.o
                0x0000093e                myMaxSonar_Start
 .text.myMaxSonar_Read
                0x0000094a       0x14 myMaxSonar.o
                0x0000094a                myMaxSonar_Read
 .text.__vector_29
                0x0000095e       0x70 myADC.o
                0x0000095e                __vector_29
 .text.myADC_Init
                0x000009ce       0x3a myADC.o
                0x000009ce                myADC_Init
 .text.myADC_startADC
                0x00000a08       0x52 myADC.o
                0x00000a08                myADC_startADC
 .text.myADC_readADC
                0x00000a5a       0x48 myADC.o
                0x00000a5a                myADC_readADC
 .text.myADC_analogRead
                0x00000aa2        0xe myADC.o
                0x00000aa2                myADC_analogRead
 .text.mySharpIR_Read
                0x00000ab0       0x48 mySharpIR.o
                0x00000ab0                mySharpIR_Read
 .text.myTimer_Init
                0x00000af8       0x34 myTimer.o
                0x00000af8                myTimer_Init
 .text.myTimer_Read
                0x00000b2c        0x4 myTimer.o
                0x00000b2c                myTimer_Read
 .text.myTimer_DelayMicro
                0x00000b30       0x48 myTimer.o
                0x00000b30                myTimer_DelayMicro
 .text.myTimer_DelayChecker
                0x00000b78       0xde myTimer.o
                0x00000b78                myTimer_DelayChecker
 .text.__vector_36
                0x00000c56       0x70 myUSART.o
                0x00000c56                __vector_36
 .text.__vector_25
                0x00000cc6       0x70 myUSART.o
                0x00000cc6                __vector_25
 .text.__vector_37
                0x00000d36       0x6c myUSART.o
                0x00000d36                __vector_37
 .text.__vector_26
                0x00000da2       0x6c myUSART.o
                0x00000da2                __vector_26
 .text.myUSART_USART0_Init
                0x00000e0e       0x40 myUSART.o
                0x00000e0e                myUSART_USART0_Init
 .text.myUSART_USART1_Init
                0x00000e4e       0x50 myUSART.o
                0x00000e4e                myUSART_USART1_Init
 .text.myUSART_transmitUSART0_c
                0x00000e9e       0x2e myUSART.o
                0x00000e9e                myUSART_transmitUSART0_c
 .text.myUSART_transmitUSART1_c
                0x00000ecc       0x2e myUSART.o
                0x00000ecc                myUSART_transmitUSART1_c
 .text.myUSART_transmitUSART1
                0x00000efa       0x1c myUSART.o
                0x00000efa                myUSART_transmitUSART1
 .text.myUSART_transmitUSART0
                0x00000f16       0x1c myUSART.o
                0x00000f16                myUSART_transmitUSART0
 .text.myUSART_receiveUSART1
                0x00000f32       0x42 myUSART.o
                0x00000f32                myUSART_receiveUSART1
 .text.myUSART_waitForHandshake
                0x00000f74       0x1e myUSART.o
                0x00000f74                myUSART_waitForHandshake
 .text.myUSART_completeHandShake
                0x00000f92       0x16 myUSART.o
                0x00000f92                myUSART_completeHandShake
 .text.myUSART_receiveHandShakeAck
                0x00000fa8        0xc myUSART.o
                0x00000fa8                myUSART_receiveHandShakeAck
 .text.myUSART_receiveHandShakeStart
                0x00000fb4        0xc myUSART.o
                0x00000fb4                myUSART_receiveHandShakeStart
 .text.myUSART_receiveMessageACK
                0x00000fc0        0xc myUSART.o
                0x00000fc0                myUSART_receiveMessageACK
 .text.myUSART_peekReceiveUSART1
                0x00000fcc       0x42 myUSART.o
                0x00000fcc                myUSART_peekReceiveUSART1
 .text.pxPortInitialiseStack
                0x0000100e       0xe4 port.o
                0x0000100e                pxPortInitialiseStack
 .text.xPortStartScheduler
                0x000010f2       0x7a port.o
                0x000010f2                xPortStartScheduler
 .text.vPortYield
                0x0000116c       0xc0 port.o
                0x0000116c                vPortYield
 .text.vPortYieldFromTick
                0x0000122c       0xc4 port.o
                0x0000122c                vPortYieldFromTick
 .text.__vector_21
                0x000012f0        0x4 port.o
                0x000012f0                __vector_21
 .text.prvCopyDataToQueue
                0x000012f4       0xc4 queue.o
 .text.prvCopyDataFromQueue
                0x000013b8       0x34 queue.o
 .text.prvUnlockQueue
                0x000013ec       0x8c queue.o
 .text.xQueueGenericReset
                0x00001478       0x72 queue.o
                0x00001478                xQueueGenericReset
 .text.xQueueGenericCreate
                0x000014ea       0x54 queue.o
                0x000014ea                xQueueGenericCreate
 .text.xQueueGenericSend
                0x0000153e      0x126 queue.o
                0x0000153e                xQueueGenericSend
 .text.xQueueCreateMutex
                0x00001664       0x50 queue.o
                0x00001664                xQueueCreateMutex
 .text.xQueueGenericSendFromISR
                0x000016b4       0x74 queue.o
                0x000016b4                xQueueGenericSendFromISR
 .text.xQueueGenericReceive
                0x00001728      0x166 queue.o
                0x00001728                xQueueGenericReceive
 .text.ringBufferInit
                0x0000188e        0xe ringBuffer.o
                0x0000188e                ringBufferInit
 .text.ringBufferPeek
                0x0000189c       0x14 ringBuffer.o
                0x0000189c                ringBufferPeek
 .text.ringBufferPop
                0x000018b0       0x24 ringBuffer.o
                0x000018b0                ringBufferPop
 .text.ringBufferPush
                0x000018d4       0x2e ringBuffer.o
                0x000018d4                ringBufferPush
 .text.ringBufferFull
                0x00001902        0xe ringBuffer.o
                0x00001902                ringBufferFull
 .text.ringBufferNotEmpty
                0x00001910       0x10 ringBuffer.o
                0x00001910                ringBufferNotEmpty
 .text.prvResetNextTaskUnblockTime
                0x00001920       0x3e tasks.o
 .text.prvAddCurrentTaskToDelayedList
                0x0000195e       0x6e tasks.o
 .text.xTaskGenericCreate
                0x000019cc      0x22a tasks.o
                0x000019cc                xTaskGenericCreate
 .text.vTaskResume
                0x00001bf6       0x96 tasks.o
                0x00001bf6                vTaskResume
 .text.vTaskStartScheduler
                0x00001c8c       0x52 tasks.o
                0x00001c8c                vTaskStartScheduler
 .text.vTaskSuspendAll
                0x00001cde        0xc tasks.o
                0x00001cde                vTaskSuspendAll
 .text.xTaskGetTickCount
                0x00001cea       0x14 tasks.o
                0x00001cea                xTaskGetTickCount
 .text.xTaskGetTickCountFromISR
                0x00001cfe        0xa tasks.o
                0x00001cfe                xTaskGetTickCountFromISR
 .text.xTaskIncrementTick
                0x00001d08      0x17c tasks.o
                0x00001d08                xTaskIncrementTick
 .text.xTaskResumeAll
                0x00001e84      0x102 tasks.o
                0x00001e84                xTaskResumeAll
 .text.vTaskDelayUntil
                0x00001f86       0x7c tasks.o
                0x00001f86                vTaskDelayUntil
 .text.vTaskDelay
                0x00002002       0x38 tasks.o
                0x00002002                vTaskDelay
 .text.prvIdleTask
                0x0000203a       0x72 tasks.o
 .text.vTaskSwitchContext
                0x000020ac       0xbc tasks.o
                0x000020ac                vTaskSwitchContext
 .text.vTaskSuspend
                0x00002168       0x9a tasks.o
                0x00002168                vTaskSuspend
 .text.vTaskPlaceOnEventList
                0x00002202       0x56 tasks.o
                0x00002202                vTaskPlaceOnEventList
 .text.xTaskRemoveFromEventList
                0x00002258       0x90 tasks.o
                0x00002258                xTaskRemoveFromEventList
 .text.vTaskSetTimeOutState
                0x000022e8       0x16 tasks.o
                0x000022e8                vTaskSetTimeOutState
 .text.xTaskCheckForTimeOut
                0x000022fe       0x70 tasks.o
                0x000022fe                xTaskCheckForTimeOut
 .text.vTaskMissedYield
                0x0000236e        0x8 tasks.o
                0x0000236e                vTaskMissedYield
 .text.vTaskPriorityInherit
                0x00002376       0xbc tasks.o
                0x00002376                vTaskPriorityInherit
 .text.xTaskPriorityDisinherit
                0x00002432       0x7e tasks.o
                0x00002432                xTaskPriorityDisinherit
 .text.pvTaskIncrementMutexHeldCount
                0x000024b0       0x24 tasks.o
                0x000024b0                pvTaskIncrementMutexHeldCount
 .text.avr-libc.fplib
                0x000024d4        0xa c:/program files (x86)/atmel/atmel toolchain/avr8 gcc/native/3.4.1061/avr8-gnu-toolchain/bin/../lib/gcc/avr/4.8.1/../../../../avr/lib/avr6\libm.a(addsf3.o)
                0x000024d4                __subsf3
                0x000024d6                __addsf3
 .text.avr-libc.fplib
                0x000024de       0xc0 c:/program files (x86)/atmel/atmel toolchain/avr8 gcc/native/3.4.1061/avr8-gnu-toolchain/bin/../lib/gcc/avr/4.8.1/../../../../avr/lib/avr6\libm.a(addsf3x.o)
                0x000024f8                __addsf3x
 .text.avr-libc.fplib
                0x0000259e        0xa c:/program files (x86)/atmel/atmel toolchain/avr8 gcc/native/3.4.1061/avr8-gnu-toolchain/bin/../lib/gcc/avr/4.8.1/../../../../avr/lib/avr6\libm.a(fixsfsi.o)
                0x0000259e                __fixsfsi
 .text.avr-libc.fplib
                0x000025a8       0x58 c:/program files (x86)/atmel/atmel toolchain/avr8 gcc/native/3.4.1061/avr8-gnu-toolchain/bin/../lib/gcc/avr/4.8.1/../../../../avr/lib/avr6\libm.a(fixunssfsi.o)
                0x000025a8                __fixunssfsi
 .text.avr-libc.fplib
                0x00002600       0x7a c:/program files (x86)/atmel/atmel toolchain/avr8 gcc/native/3.4.1061/avr8-gnu-toolchain/bin/../lib/gcc/avr/4.8.1/../../../../avr/lib/avr6\libm.a(floatsisf.o)
                0x00002600                __floatunsisf
                0x00002604                __floatsisf
 .text.avr-libc.fplib
                0x0000267a        0xc c:/program files (x86)/atmel/atmel toolchain/avr8 gcc/native/3.4.1061/avr8-gnu-toolchain/bin/../lib/gcc/avr/4.8.1/../../../../avr/lib/avr6\libm.a(fp_inf.o)
                0x0000267a                __fp_inf
 .text.avr-libc.fplib
                0x00002686        0x6 c:/program files (x86)/atmel/atmel toolchain/avr8 gcc/native/3.4.1061/avr8-gnu-toolchain/bin/../lib/gcc/avr/4.8.1/../../../../avr/lib/avr6\libm.a(fp_nan.o)
                0x00002686                __fp_nan
 .text.avr-libc.fplib
                0x0000268c        0xe c:/program files (x86)/atmel/atmel toolchain/avr8 gcc/native/3.4.1061/avr8-gnu-toolchain/bin/../lib/gcc/avr/4.8.1/../../../../avr/lib/avr6\libm.a(fp_pscA.o)
                0x0000268c                __fp_pscA
 .text.avr-libc.fplib
                0x0000269a        0xe c:/program files (x86)/atmel/atmel toolchain/avr8 gcc/native/3.4.1061/avr8-gnu-toolchain/bin/../lib/gcc/avr/4.8.1/../../../../avr/lib/avr6\libm.a(fp_pscB.o)
                0x0000269a                __fp_pscB
 .text.avr-libc.fplib
                0x000026a8       0x22 c:/program files (x86)/atmel/atmel toolchain/avr8 gcc/native/3.4.1061/avr8-gnu-toolchain/bin/../lib/gcc/avr/4.8.1/../../../../avr/lib/avr6\libm.a(fp_round.o)
                0x000026a8                __fp_round
 .text.avr-libc.fplib
                0x000026ca       0x44 c:/program files (x86)/atmel/atmel toolchain/avr8 gcc/native/3.4.1061/avr8-gnu-toolchain/bin/../lib/gcc/avr/4.8.1/../../../../avr/lib/avr6\libm.a(fp_split3.o)
                0x000026ca                __fp_split3
                0x000026da                __fp_splitA
 .text.avr-libc.fplib
                0x0000270e        0xe c:/program files (x86)/atmel/atmel toolchain/avr8 gcc/native/3.4.1061/avr8-gnu-toolchain/bin/../lib/gcc/avr/4.8.1/../../../../avr/lib/avr6\libm.a(fp_zero.o)
                0x0000270e                __fp_zero
                0x00002710                __fp_szero
 .text.avr-libc.fplib
                0x0000271c        0x4 c:/program files (x86)/atmel/atmel toolchain/avr8 gcc/native/3.4.1061/avr8-gnu-toolchain/bin/../lib/gcc/avr/4.8.1/../../../../avr/lib/avr6\libm.a(mulsf3.o)
                0x0000271c                __mulsf3
 .text.avr-libc.fplib
                0x00002720       0xc2 c:/program files (x86)/atmel/atmel toolchain/avr8 gcc/native/3.4.1061/avr8-gnu-toolchain/bin/../lib/gcc/avr/4.8.1/../../../../avr/lib/avr6\libm.a(mulsf3x.o)
                0x00002734                __mulsf3x
                0x00002738                __mulsf3_pse
 .text.avr-libc.fplib
                0x000027e2       0x98 c:/program files (x86)/atmel/atmel toolchain/avr8 gcc/native/3.4.1061/avr8-gnu-toolchain/bin/../lib/gcc/avr/4.8.1/../../../../avr/lib/avr6\libm.a(pow.o)
                0x000027e2                pow
 .text.avr-libc.fplib
                0x0000287a       0x62 c:/program files (x86)/atmel/atmel toolchain/avr8 gcc/native/3.4.1061/avr8-gnu-toolchain/bin/../lib/gcc/avr/4.8.1/../../../../avr/lib/avr6\libm.a(exp.o)
                0x00002884                exp
 .text.avr-libc.fplib
                0x000028dc       0x4a c:/program files (x86)/atmel/atmel toolchain/avr8 gcc/native/3.4.1061/avr8-gnu-toolchain/bin/../lib/gcc/avr/4.8.1/../../../../avr/lib/avr6\libm.a(fp_powser.o)
                0x000028dc                __fp_powser
 .text.avr-libc.fplib
                0x00002926        0xe c:/program files (x86)/atmel/atmel toolchain/avr8 gcc/native/3.4.1061/avr8-gnu-toolchain/bin/../lib/gcc/avr/4.8.1/../../../../avr/lib/avr6\libm.a(inverse.o)
                0x00002926                inverse
 .text.avr-libc.fplib
                0x00002934       0x6c c:/program files (x86)/atmel/atmel toolchain/avr8 gcc/native/3.4.1061/avr8-gnu-toolchain/bin/../lib/gcc/avr/4.8.1/../../../../avr/lib/avr6\libm.a(ldexp.o)
                0x00002938                ldexp
 .text.avr-libc.fplib
                0x000029a0       0x8a c:/program files (x86)/atmel/atmel toolchain/avr8 gcc/native/3.4.1061/avr8-gnu-toolchain/bin/../lib/gcc/avr/4.8.1/../../../../avr/lib/avr6\libm.a(log.o)
                0x000029aa                log
 .text.avr-libc.fplib
                0x00002a2a       0x66 c:/program files (x86)/atmel/atmel toolchain/avr8 gcc/native/3.4.1061/avr8-gnu-toolchain/bin/../lib/gcc/avr/4.8.1/../../../../avr/lib/avr6\libm.a(modf.o)
                0x00002a2a                modf
                0x00002a2a                modff
 .text.avr-libc.fplib
                0x00002a90        0x4 c:/program files (x86)/atmel/atmel toolchain/avr8 gcc/native/3.4.1061/avr8-gnu-toolchain/bin/../lib/gcc/avr/4.8.1/../../../../avr/lib/avr6\libm.a(divsf3.o)
                0x00002a90                __divsf3
 .text.avr-libc.fplib
                0x00002a94       0xcc c:/program files (x86)/atmel/atmel toolchain/avr8 gcc/native/3.4.1061/avr8-gnu-toolchain/bin/../lib/gcc/avr/4.8.1/../../../../avr/lib/avr6\libm.a(divsf3x.o)
                0x00002aaa                __divsf3x
                0x00002aae                __divsf3_pse
 .text.avr-libc.fplib
                0x00002b60       0x1c c:/program files (x86)/atmel/atmel toolchain/avr8 gcc/native/3.4.1061/avr8-gnu-toolchain/bin/../lib/gcc/avr/4.8.1/../../../../avr/lib/avr6\libm.a(fp_mpack.o)
                0x00002b60                __fp_mpack
                0x00002b64                __fp_mpack_finite
 .text.libgcc.div
                0x00002b7c       0x26 c:/program files (x86)/atmel/atmel toolchain/avr8 gcc/native/3.4.1061/avr8-gnu-toolchain/bin/../lib/gcc/avr/4.8.1/avr6\libgcc.a(_divmodhi4.o)
                0x00002b7c                _div
                0x00002b7c                __divmodhi4
 .text.libgcc.div
                0x00002ba2       0x28 c:/program files (x86)/atmel/atmel toolchain/avr8 gcc/native/3.4.1061/avr8-gnu-toolchain/bin/../lib/gcc/avr/4.8.1/avr6\libgcc.a(_udivmodhi4.o)
                0x00002ba2                __udivmodhi4
 .text.avr-libc
                0x00002bca       0x12 c:/program files (x86)/atmel/atmel toolchain/avr8 gcc/native/3.4.1061/avr8-gnu-toolchain/bin/../lib/gcc/avr/4.8.1/../../../../avr/lib/avr6\libc.a(memcpy.o)
                0x00002bca                memcpy
 .text.avr-libc
                0x00002bdc       0x14 c:/program files (x86)/atmel/atmel toolchain/avr8 gcc/native/3.4.1061/avr8-gnu-toolchain/bin/../lib/gcc/avr/4.8.1/../../../../avr/lib/avr6\libc.a(itoa_ncheck.o)
                0x00002bdc                __itoa_ncheck
 .text.avr-libc
                0x00002bf0       0x32 c:/program files (x86)/atmel/atmel toolchain/avr8 gcc/native/3.4.1061/avr8-gnu-toolchain/bin/../lib/gcc/avr/4.8.1/../../../../avr/lib/avr6\libc.a(utoa_ncheck.o)
                0x00002bf0                __utoa_ncheck
                0x00002bf2                __utoa_common
 .text.avr-libc
                0x00002c22       0x20 c:/program files (x86)/atmel/atmel toolchain/avr8 gcc/native/3.4.1061/avr8-gnu-toolchain/bin/../lib/gcc/avr/4.8.1/../../../../avr/lib/avr6\libc.a(strrev.o)
                0x00002c22                strrev
                0x00002c42                . = ALIGN (0x2)
 *(.fini9)
 .fini9         0x00002c42        0x0 c:/program files (x86)/atmel/atmel toolchain/avr8 gcc/native/3.4.1061/avr8-gnu-toolchain/bin/../lib/gcc/avr/4.8.1/avr6\libgcc.a(_exit.o)
                0x00002c42                _exit
                0x00002c42                exit
 *(.fini9)
 *(.fini8)
 *(.fini8)
 *(.fini7)
 *(.fini7)
 *(.fini6)
 *(.fini6)
 *(.fini5)
 *(.fini5)
 *(.fini4)
 *(.fini4)
 *(.fini3)
 *(.fini3)
 *(.fini2)
 *(.fini2)
 *(.fini1)
 *(.fini1)
 *(.fini0)
 .fini0         0x00002c42        0x4 c:/program files (x86)/atmel/atmel toolchain/avr8 gcc/native/3.4.1061/avr8-gnu-toolchain/bin/../lib/gcc/avr/4.8.1/avr6\libgcc.a(_exit.o)
 *(.fini0)
                0x00002c46                _etext = .

.data           0x00800200       0x3e load address 0x00002c46
                0x00800200                PROVIDE (__data_start, .)
 *(.data)
 *(.data*)
 .data.expectedTick2
                0x00800200        0x2 myTimer.o
                0x00800200                expectedTick2
 .data.expectedTick
                0x00800202        0x2 myTimer.o
                0x00800202                expectedTick
 .data.xNextTaskUnblockTime
                0x00800204        0x2 tasks.o
 *(.rodata)
 *(.rodata*)
 .rodata.str1.1
                0x00800206       0x33 FreeRTOS2560.o
 .rodata.str1.1
                0x00800239        0x5 tasks.o
 *(.gnu.linkonce.d*)
                0x0080023e                . = ALIGN (0x2)
                0x0080023e                _edata = .
                0x0080023e                PROVIDE (__data_end, .)

.bss            0x0080023e      0x709
                0x0080023e                PROVIDE (__bss_start, .)
 *(.bss)
 *(.bss*)
 .bss.checkReading.2064
                0x0080023e        0x4 FreeRTOS2560.o
 .bss.i.2063    0x00800242        0x2 FreeRTOS2560.o
 .bss.pucAlignedHeap.1837
                0x00800244        0x2 heap_1.o
 .bss.xNextFreeByte
                0x00800246        0x2 heap_1.o
 .bss.ucHeap    0x00800248      0x5dc heap_1.o
 .bss.uxSchedulerSuspended
                0x00800824        0x1 tasks.o
 .bss.uxTaskNumber
                0x00800825        0x1 tasks.o
 .bss.xNumOfOverflows
                0x00800826        0x1 tasks.o
 .bss.xYieldPending
                0x00800827        0x1 tasks.o
 .bss.uxPendedTicks
                0x00800828        0x1 tasks.o
 .bss.xSchedulerRunning
                0x00800829        0x1 tasks.o
 .bss.uxTopReadyPriority
                0x0080082a        0x1 tasks.o
 .bss.xTickCount
                0x0080082b        0x2 tasks.o
 .bss.uxCurrentNumberOfTasks
                0x0080082d        0x1 tasks.o
 .bss.xSuspendedTaskList
                0x0080082e        0x9 tasks.o
 .bss.uxTasksDeleted
                0x00800837        0x1 tasks.o
 .bss.xTasksWaitingTermination
                0x00800838        0x9 tasks.o
 .bss.xPendingReadyList
                0x00800841        0x9 tasks.o
 .bss.pxOverflowDelayedTaskList
                0x0080084a        0x2 tasks.o
 .bss.pxDelayedTaskList
                0x0080084c        0x2 tasks.o
 .bss.xDelayedTaskList2
                0x0080084e        0x9 tasks.o
 .bss.xDelayedTaskList1
                0x00800857        0x9 tasks.o
 .bss.pxReadyTasksLists
                0x00800860       0x2d tasks.o
 .bss.pxCurrentTCB
                0x0080088d        0x2 tasks.o
                0x0080088d                pxCurrentTCB
 *(COMMON)
 COMMON         0x0080088f        0x4 FreeRTOS2560.o
                0x0080088f                queueObstacleNumber
                0x00800891                queueObstacleData
 COMMON         0x00800893        0xe myHcSonar.o
                0x00800893                ms_tickStart
                0x00800895                ms_tickLapsed
                0x00800897                us_tickStart
                0x00800899                us_tickLapsed
                0x0080089b                semaReadReady
                0x0080089d                ms_tickEnd
                0x0080089f                us_tickEnd
 COMMON         0x008008a1        0x6 myADC.o
                0x008008a1                adcReading_L
                0x008008a2                adcReading_H
                0x008008a3                semaGuardStartADC
                0x008008a5                semaReadADC
 COMMON         0x008008a7        0x6 myTimer.o
                0x008008a7                semaDelayMicro
                0x008008a9                semaDelayMicro2
                0x008008ab                timerTask
 COMMON         0x008008ad       0x9a myUSART.o
                0x008008ad                uart1_rxBuffer
                0x008008cd                uart0_rxRingBuffer
                0x008008d2                uart0_txBuffer
                0x008008f2                semaUsart1HandShake
                0x008008f4                uart0_rxBuffer
                0x00800914                uart1_txBuffer
                0x00800934                semaUsart0Receive
                0x00800936                semaUsart1Receive
                0x00800938                uart1_txRingBuffer
                0x0080093d                uart0_txRingBuffer
                0x00800942                uart1_rxRingBuffer
                0x00800947                PROVIDE (__bss_end, .)
                0x00002c46                __data_load_start = LOADADDR (.data)
                0x00002c84                __data_load_end = (__data_load_start + SIZEOF (.data))

.noinit         0x00800947        0x0
                0x00800947                PROVIDE (__noinit_start, .)
 *(.noinit*)
                0x00800947                PROVIDE (__noinit_end, .)
                0x00800947                _end = .
                0x00800947                PROVIDE (__heap_start, .)

.eeprom         0x00810000        0x0
 *(.eeprom*)
                0x00810000                __eeprom_end = .

.fuse
 *(.fuse)
 *(.lfuse)
 *(.hfuse)
 *(.efuse)

.lock
 *(.lock*)

.signature
 *(.signature*)

.user_signatures
 *(.user_signatures*)

.stab
 *(.stab)

.stabstr
 *(.stabstr)

.stab.excl
 *(.stab.excl)

.stab.exclstr
 *(.stab.exclstr)

.stab.index
 *(.stab.index)

.stab.indexstr
 *(.stab.indexstr)

.comment        0x00000000       0x30
 *(.comment)
 .comment       0x00000000       0x30 FreeRTOS2560.o
                                 0x31 (size before relaxing)
 .comment       0x00000000       0x31 heap_1.o
 .comment       0x00000000       0x31 list.o
 .comment       0x00000000       0x31 myHcSonar.o
 .comment       0x00000000       0x31 myMaxSonar.o
 .comment       0x00000000       0x31 myADC.o
 .comment       0x00000000       0x31 mySharpIR.o
 .comment       0x00000000       0x31 myTimer.o
 .comment       0x00000000       0x31 myUSART.o
 .comment       0x00000000       0x31 port.o
 .comment       0x00000000       0x31 queue.o
 .comment       0x00000000       0x31 ringBuffer.o
 .comment       0x00000000       0x31 tasks.o

.note.gnu.build-id
 *(.note.gnu.build-id)

.debug
 *(.debug)

.line
 *(.line)

.debug_srcinfo
 *(.debug_srcinfo)

.debug_sfnames
 *(.debug_sfnames)

.debug_aranges  0x00000000      0x518
 *(.debug_aranges)
 .debug_aranges
                0x00000000       0x98 FreeRTOS2560.o
 .debug_aranges
                0x00000098       0x38 heap_1.o
 .debug_aranges
                0x000000d0       0x40 list.o
 .debug_aranges
                0x00000110       0x38 myHcSonar.o
 .debug_aranges
                0x00000148       0x30 myMaxSonar.o
 .debug_aranges
                0x00000178       0x40 myADC.o
 .debug_aranges
                0x000001b8       0x20 mySharpIR.o
 .debug_aranges
                0x000001d8       0x40 myTimer.o
 .debug_aranges
                0x00000218       0xb8 myUSART.o
 .debug_aranges
                0x000002d0       0x48 port.o
 .debug_aranges
                0x00000318       0xa0 queue.o
 .debug_aranges
                0x000003b8       0x50 ringBuffer.o
 .debug_aranges
                0x00000408      0x110 tasks.o

.debug_pubnames
 *(.debug_pubnames)

.debug_info     0x00000000     0x5a5f
 *(.debug_info .gnu.linkonce.wi.*)
 .debug_info    0x00000000     0x113d FreeRTOS2560.o
 .debug_info    0x0000113d      0x1ad heap_1.o
 .debug_info    0x000012ea      0x2c6 list.o
 .debug_info    0x000015b0      0x344 myHcSonar.o
 .debug_info    0x000018f4      0x170 myMaxSonar.o
 .debug_info    0x00001a64      0x3bf myADC.o
 .debug_info    0x00001e23      0x126 mySharpIR.o
 .debug_info    0x00001f49      0x3e1 myTimer.o
 .debug_info    0x0000232a      0xb5a myUSART.o
 .debug_info    0x00002e84      0x20d port.o
 .debug_info    0x00003091     0x1023 queue.o
 .debug_info    0x000040b4      0x23b ringBuffer.o
 .debug_info    0x000042ef     0x1770 tasks.o

.debug_abbrev   0x00000000     0x15c3
 *(.debug_abbrev)
 .debug_abbrev  0x00000000      0x428 FreeRTOS2560.o
 .debug_abbrev  0x00000428      0x12e heap_1.o
 .debug_abbrev  0x00000556       0xf8 list.o
 .debug_abbrev  0x0000064e      0x153 myHcSonar.o
 .debug_abbrev  0x000007a1       0xde myMaxSonar.o
 .debug_abbrev  0x0000087f      0x119 myADC.o
 .debug_abbrev  0x00000998       0xbb mySharpIR.o
 .debug_abbrev  0x00000a53      0x149 myTimer.o
 .debug_abbrev  0x00000b9c      0x250 myUSART.o
 .debug_abbrev  0x00000dec      0x13d port.o
 .debug_abbrev  0x00000f29      0x2b6 queue.o
 .debug_abbrev  0x000011df       0xd9 ringBuffer.o
 .debug_abbrev  0x000012b8      0x30b tasks.o

.debug_line     0x00000000     0x3608
 *(.debug_line .debug_line.* .debug_line_end)
 .debug_line    0x00000000      0x7a8 FreeRTOS2560.o
 .debug_line    0x000007a8      0x26e heap_1.o
 .debug_line    0x00000a16      0x282 list.o
 .debug_line    0x00000c98      0x2a4 myHcSonar.o
 .debug_line    0x00000f3c      0x15b myMaxSonar.o
 .debug_line    0x00001097      0x23e myADC.o
 .debug_line    0x000012d5      0x10d mySharpIR.o
 .debug_line    0x000013e2      0x291 myTimer.o
 .debug_line    0x00001673      0x50f myUSART.o
 .debug_line    0x00001b82      0x343 port.o
 .debug_line    0x00001ec5      0x8f0 queue.o
 .debug_line    0x000027b5      0x16c ringBuffer.o
 .debug_line    0x00002921      0xce7 tasks.o

.debug_frame    0x00000000      0xe40
 *(.debug_frame)
 .debug_frame   0x00000000      0x184 FreeRTOS2560.o
 .debug_frame   0x00000184       0x60 heap_1.o
 .debug_frame   0x000001e4       0x88 list.o
 .debug_frame   0x0000026c       0x9c myHcSonar.o
 .debug_frame   0x00000308       0x44 myMaxSonar.o
 .debug_frame   0x0000034c       0xc8 myADC.o
 .debug_frame   0x00000414       0x24 mySharpIR.o
 .debug_frame   0x00000438       0x70 myTimer.o
 .debug_frame   0x000004a8      0x2b4 myUSART.o
 .debug_frame   0x0000075c       0x74 port.o
 .debug_frame   0x000007d0      0x23c queue.o
 .debug_frame   0x00000a0c       0x84 ringBuffer.o
 .debug_frame   0x00000a90      0x3b0 tasks.o

.debug_str      0x00000000     0x1656
 *(.debug_str)
 .debug_str     0x00000000      0x661 FreeRTOS2560.o
                                0x6aa (size before relaxing)
 .debug_str     0x00000661       0xaf heap_1.o
                                0x226 (size before relaxing)
 .debug_str     0x00000710      0x129 list.o
                                0x2a1 (size before relaxing)
 .debug_str     0x00000839      0x10c myHcSonar.o
                                0x2e0 (size before relaxing)
 .debug_str     0x00000945       0x62 myMaxSonar.o
                                0x1ee (size before relaxing)
 .debug_str     0x000009a7       0x88 myADC.o
                                0x2b1 (size before relaxing)
 .debug_str     0x00000a2f       0x1e mySharpIR.o
                                0x1b2 (size before relaxing)
 .debug_str     0x00000a4d       0x7d myTimer.o
                                0x2cf (size before relaxing)
 .debug_str     0x00000aca      0x1dd myUSART.o
                                0x523 (size before relaxing)
 .debug_str     0x00000ca7       0xda port.o
                                0x277 (size before relaxing)
 .debug_str     0x00000d81      0x3b9 queue.o
                                0x6ea (size before relaxing)
 .debug_str     0x0000113a       0x36 ringBuffer.o
                                0x21b (size before relaxing)
 .debug_str     0x00001170      0x4e6 tasks.o
                                0xa53 (size before relaxing)

.debug_loc      0x00000000     0x3cc7
 *(.debug_loc)
 .debug_loc     0x00000000      0x6ab FreeRTOS2560.o
 .debug_loc     0x000006ab       0xf1 heap_1.o
 .debug_loc     0x0000079c      0x155 list.o
 .debug_loc     0x000008f1       0xf2 myHcSonar.o
 .debug_loc     0x000009e3       0x76 myMaxSonar.o
 .debug_loc     0x00000a59      0x1eb myADC.o
 .debug_loc     0x00000c44       0x56 mySharpIR.o
 .debug_loc     0x00000c9a       0xd3 myTimer.o
 .debug_loc     0x00000d6d      0x61b myUSART.o
 .debug_loc     0x00001388      0x29b port.o
 .debug_loc     0x00001623     0x10b5 queue.o
 .debug_loc     0x000026d8       0xe6 ringBuffer.o
 .debug_loc     0x000027be     0x1509 tasks.o

.debug_macinfo
 *(.debug_macinfo)

.debug_weaknames
 *(.debug_weaknames)

.debug_funcnames
 *(.debug_funcnames)

.debug_typenames
 *(.debug_typenames)

.debug_varnames
 *(.debug_varnames)

.debug_pubtypes
 *(.debug_pubtypes)

.debug_ranges   0x00000000      0x4b8
 *(.debug_ranges)
 .debug_ranges  0x00000000       0x88 FreeRTOS2560.o
 .debug_ranges  0x00000088       0x28 heap_1.o
 .debug_ranges  0x000000b0       0x30 list.o
 .debug_ranges  0x000000e0       0x28 myHcSonar.o
 .debug_ranges  0x00000108       0x20 myMaxSonar.o
 .debug_ranges  0x00000128       0x30 myADC.o
 .debug_ranges  0x00000158       0x10 mySharpIR.o
 .debug_ranges  0x00000168       0x30 myTimer.o
 .debug_ranges  0x00000198       0xa8 myUSART.o
 .debug_ranges  0x00000240       0x38 port.o
 .debug_ranges  0x00000278       0x90 queue.o
 .debug_ranges  0x00000308       0x40 ringBuffer.o
 .debug_ranges  0x00000348      0x170 tasks.o

.debug_macro
 *(.debug_macro)
OUTPUT(FreeRTOS2560.elf elf32-avr)
LOAD linker stubs
