Archive member included because of file (symbol)

c:/program files (x86)/atmel/atmel toolchain/avr8 gcc/native/3.4.1061/avr8-gnu-toolchain/bin/../lib/gcc/avr/4.8.1/avr6\libgcc.a(_divmodhi4.o)
                              myHcSonar.o (__divmodhi4)
c:/program files (x86)/atmel/atmel toolchain/avr8 gcc/native/3.4.1061/avr8-gnu-toolchain/bin/../lib/gcc/avr/4.8.1/avr6\libgcc.a(_exit.o)
                              c:/program files (x86)/atmel/atmel toolchain/avr8 gcc/native/3.4.1061/avr8-gnu-toolchain/bin/../lib/gcc/avr/4.8.1/../../../../avr/lib/avr6/crtm2560.o (exit)
c:/program files (x86)/atmel/atmel toolchain/avr8 gcc/native/3.4.1061/avr8-gnu-toolchain/bin/../lib/gcc/avr/4.8.1/avr6\libgcc.a(_copy_data.o)
                              FreeRTOS2560.o (__do_copy_data)
c:/program files (x86)/atmel/atmel toolchain/avr8 gcc/native/3.4.1061/avr8-gnu-toolchain/bin/../lib/gcc/avr/4.8.1/avr6\libgcc.a(_clear_bss.o)
                              heap_1.o (__do_clear_bss)
c:/program files (x86)/atmel/atmel toolchain/avr8 gcc/native/3.4.1061/avr8-gnu-toolchain/bin/../lib/gcc/avr/4.8.1/avr6\libgcc.a(_udivmodhi4.o)
                              c:/program files (x86)/atmel/atmel toolchain/avr8 gcc/native/3.4.1061/avr8-gnu-toolchain/bin/../lib/gcc/avr/4.8.1/avr6\libgcc.a(_divmodhi4.o) (__udivmodhi4)
c:/program files (x86)/atmel/atmel toolchain/avr8 gcc/native/3.4.1061/avr8-gnu-toolchain/bin/../lib/gcc/avr/4.8.1/../../../../avr/lib/avr6\libc.a(memcpy.o)
                              queue.o (memcpy)
c:/program files (x86)/atmel/atmel toolchain/avr8 gcc/native/3.4.1061/avr8-gnu-toolchain/bin/../lib/gcc/avr/4.8.1/../../../../avr/lib/avr6\libc.a(itoa_ncheck.o)
                              FreeRTOS2560.o (__itoa_ncheck)
c:/program files (x86)/atmel/atmel toolchain/avr8 gcc/native/3.4.1061/avr8-gnu-toolchain/bin/../lib/gcc/avr/4.8.1/../../../../avr/lib/avr6\libc.a(utoa_ncheck.o)
                              c:/program files (x86)/atmel/atmel toolchain/avr8 gcc/native/3.4.1061/avr8-gnu-toolchain/bin/../lib/gcc/avr/4.8.1/../../../../avr/lib/avr6\libc.a(itoa_ncheck.o) (__utoa_common)
c:/program files (x86)/atmel/atmel toolchain/avr8 gcc/native/3.4.1061/avr8-gnu-toolchain/bin/../lib/gcc/avr/4.8.1/../../../../avr/lib/avr6\libc.a(strrev.o)
                              c:/program files (x86)/atmel/atmel toolchain/avr8 gcc/native/3.4.1061/avr8-gnu-toolchain/bin/../lib/gcc/avr/4.8.1/../../../../avr/lib/avr6\libc.a(utoa_ncheck.o) (strrev)

Allocating common symbols
Common symbol       size              file

uart1_rxBuffer      0x20              myUSART.o
uart0_rxRingBuffer  0x5               myUSART.o
uart0_txBuffer      0x20              myUSART.o
ms_tickStart        0x2               myHcSonar.o
adcReading          0x1               myADC.o
ms_tickLapsed       0x2               myHcSonar.o
uart0_rxBuffer      0x20              myUSART.o
semaGuardStartADC   0x2               myADC.o
uart1_txBuffer      0x20              myUSART.o
us_tickStart        0x2               myHcSonar.o
semaUsart0Receive   0x2               myUSART.o
semaUsart1Receive   0x2               myUSART.o
us_tickLapsed       0x2               myHcSonar.o
uart1_txRingBuffer  0x5               myUSART.o
semaDelayMicro      0x2               myTimer.o
semaReadReady       0x2               myHcSonar.o
uart0_txRingBuffer  0x5               myUSART.o
uart1_rxRingBuffer  0x5               myUSART.o
semaReadADC         0x2               myADC.o
semaDelayMicro2     0x2               myTimer.o
timerTask           0x2               myTimer.o
us_tickEnd          0x2               myHcSonar.o

Discarded input sections

 .data          0x00000000        0x0 c:/program files (x86)/atmel/atmel toolchain/avr8 gcc/native/3.4.1061/avr8-gnu-toolchain/bin/../lib/gcc/avr/4.8.1/../../../../avr/lib/avr6/crtm2560.o
 .bss           0x00000000        0x0 c:/program files (x86)/atmel/atmel toolchain/avr8 gcc/native/3.4.1061/avr8-gnu-toolchain/bin/../lib/gcc/avr/4.8.1/../../../../avr/lib/avr6/crtm2560.o
 .text          0x00000000        0x0 debugPrint.o
 .data          0x00000000        0x0 debugPrint.o
 .bss           0x00000000        0x0 debugPrint.o
 .debug_line    0x00000000        0x0 debugPrint.o
 .debug_str     0x00000000        0x0 debugPrint.o
 .comment       0x00000000       0x31 debugPrint.o
 .text          0x00000000        0x0 FreeRTOS2560.o
 .data          0x00000000        0x0 FreeRTOS2560.o
 .bss           0x00000000        0x0 FreeRTOS2560.o
 .text.vApplicationIdleHook
                0x00000000        0x2 FreeRTOS2560.o
 .text.setDigitalInputPowerReduction
                0x00000000        0x2 FreeRTOS2560.o
 .text          0x00000000        0x0 heap_1.o
 .data          0x00000000        0x0 heap_1.o
 .bss           0x00000000        0x0 heap_1.o
 .text.vPortInitialiseBlocks
                0x00000000        0xa heap_1.o
 .text.xPortGetFreeHeapSize
                0x00000000       0x12 heap_1.o
 .text          0x00000000        0x0 list.o
 .data          0x00000000        0x0 list.o
 .bss           0x00000000        0x0 list.o
 .text          0x00000000        0x0 myHcSonar.o
 .data          0x00000000        0x0 myHcSonar.o
 .bss           0x00000000        0x0 myHcSonar.o
 .text          0x00000000        0x0 myMaxSonar.o
 .data          0x00000000        0x0 myMaxSonar.o
 .bss           0x00000000        0x0 myMaxSonar.o
 .text.myMaxSonar_ReadRaw
                0x00000000        0x8 myMaxSonar.o
 .text          0x00000000        0x0 myADC.o
 .data          0x00000000        0x0 myADC.o
 .bss           0x00000000        0x0 myADC.o
 .text          0x00000000        0x0 myTimer.o
 .data          0x00000000        0x0 myTimer.o
 .bss           0x00000000        0x0 myTimer.o
 .text          0x00000000        0x0 myUSART.o
 .data          0x00000000        0x0 myUSART.o
 .bss           0x00000000        0x0 myUSART.o
 .text.myUSART_transmitUSART1
                0x00000000       0x1e myUSART.o
 .text.myUSART_receiveUSART0
                0x00000000       0x4a myUSART.o
 .text.myUSART_receiveHandShakeAck
                0x00000000        0xc myUSART.o
 .text.myUSART_receiveHandShakeStart
                0x00000000        0xa myUSART.o
 .text.myUSART_receiveHandShakeFin
                0x00000000        0xc myUSART.o
 .text          0x00000000        0x0 port.o
 .data          0x00000000        0x0 port.o
 .bss           0x00000000        0x0 port.o
 .text.vPortEndScheduler
                0x00000000        0x2 port.o
 .text          0x00000000        0x0 queue.o
 .data          0x00000000        0x0 queue.o
 .bss           0x00000000        0x0 queue.o
 .text.xQueueReceiveFromISR
                0x00000000       0x66 queue.o
 .text.xQueuePeekFromISR
                0x00000000       0x2e queue.o
 .text.uxQueueMessagesWaiting
                0x00000000       0x10 queue.o
 .text.uxQueueSpacesAvailable
                0x00000000       0x16 queue.o
 .text.uxQueueMessagesWaitingFromISR
                0x00000000        0x6 queue.o
 .text.vQueueDelete
                0x00000000       0x1e queue.o
 .text.xQueueIsQueueEmptyFromISR
                0x00000000        0xc queue.o
 .text.xQueueIsQueueFullFromISR
                0x00000000        0xe queue.o
 .text          0x00000000        0x0 ringBuffer.o
 .data          0x00000000        0x0 ringBuffer.o
 .bss           0x00000000        0x0 ringBuffer.o
 .text.ringBufferClear
                0x00000000        0x6 ringBuffer.o
 .text          0x00000000        0x0 tasks.o
 .data          0x00000000        0x0 tasks.o
 .bss           0x00000000        0x0 tasks.o
 .text.vTaskDelete
                0x00000000       0x8e tasks.o
 .text.xTaskResumeFromISR
                0x00000000       0xaa tasks.o
 .text.vTaskEndScheduler
                0x00000000        0xc tasks.o
 .text.uxTaskGetNumberOfTasks
                0x00000000        0x6 tasks.o
 .text.vTaskPlaceOnUnorderedEventList
                0x00000000       0x66 tasks.o
 .text.xTaskRemoveFromUnorderedEventList
                0x00000000       0x74 tasks.o
 .text.xTaskGetCurrentTaskHandle
                0x00000000        0xa tasks.o
 .text.uxTaskResetEventItemValue
                0x00000000       0x2e tasks.o
 .text          0x00000000        0x0 c:/program files (x86)/atmel/atmel toolchain/avr8 gcc/native/3.4.1061/avr8-gnu-toolchain/bin/../lib/gcc/avr/4.8.1/avr6\libgcc.a(_divmodhi4.o)
 .data          0x00000000        0x0 c:/program files (x86)/atmel/atmel toolchain/avr8 gcc/native/3.4.1061/avr8-gnu-toolchain/bin/../lib/gcc/avr/4.8.1/avr6\libgcc.a(_divmodhi4.o)
 .bss           0x00000000        0x0 c:/program files (x86)/atmel/atmel toolchain/avr8 gcc/native/3.4.1061/avr8-gnu-toolchain/bin/../lib/gcc/avr/4.8.1/avr6\libgcc.a(_divmodhi4.o)
 .text.libgcc.mul
                0x00000000        0x0 c:/program files (x86)/atmel/atmel toolchain/avr8 gcc/native/3.4.1061/avr8-gnu-toolchain/bin/../lib/gcc/avr/4.8.1/avr6\libgcc.a(_divmodhi4.o)
 .text.libgcc   0x00000000        0x0 c:/program files (x86)/atmel/atmel toolchain/avr8 gcc/native/3.4.1061/avr8-gnu-toolchain/bin/../lib/gcc/avr/4.8.1/avr6\libgcc.a(_divmodhi4.o)
 .text.libgcc.prologue
                0x00000000        0x0 c:/program files (x86)/atmel/atmel toolchain/avr8 gcc/native/3.4.1061/avr8-gnu-toolchain/bin/../lib/gcc/avr/4.8.1/avr6\libgcc.a(_divmodhi4.o)
 .text.libgcc.builtins
                0x00000000        0x0 c:/program files (x86)/atmel/atmel toolchain/avr8 gcc/native/3.4.1061/avr8-gnu-toolchain/bin/../lib/gcc/avr/4.8.1/avr6\libgcc.a(_divmodhi4.o)
 .text.libgcc.fmul
                0x00000000        0x0 c:/program files (x86)/atmel/atmel toolchain/avr8 gcc/native/3.4.1061/avr8-gnu-toolchain/bin/../lib/gcc/avr/4.8.1/avr6\libgcc.a(_divmodhi4.o)
 .text.libgcc.fixed
                0x00000000        0x0 c:/program files (x86)/atmel/atmel toolchain/avr8 gcc/native/3.4.1061/avr8-gnu-toolchain/bin/../lib/gcc/avr/4.8.1/avr6\libgcc.a(_divmodhi4.o)
 .text          0x00000000        0x0 c:/program files (x86)/atmel/atmel toolchain/avr8 gcc/native/3.4.1061/avr8-gnu-toolchain/bin/../lib/gcc/avr/4.8.1/avr6\libgcc.a(_exit.o)
 .data          0x00000000        0x0 c:/program files (x86)/atmel/atmel toolchain/avr8 gcc/native/3.4.1061/avr8-gnu-toolchain/bin/../lib/gcc/avr/4.8.1/avr6\libgcc.a(_exit.o)
 .bss           0x00000000        0x0 c:/program files (x86)/atmel/atmel toolchain/avr8 gcc/native/3.4.1061/avr8-gnu-toolchain/bin/../lib/gcc/avr/4.8.1/avr6\libgcc.a(_exit.o)
 .text.libgcc.mul
                0x00000000        0x0 c:/program files (x86)/atmel/atmel toolchain/avr8 gcc/native/3.4.1061/avr8-gnu-toolchain/bin/../lib/gcc/avr/4.8.1/avr6\libgcc.a(_exit.o)
 .text.libgcc.div
                0x00000000        0x0 c:/program files (x86)/atmel/atmel toolchain/avr8 gcc/native/3.4.1061/avr8-gnu-toolchain/bin/../lib/gcc/avr/4.8.1/avr6\libgcc.a(_exit.o)
 .text.libgcc   0x00000000        0x0 c:/program files (x86)/atmel/atmel toolchain/avr8 gcc/native/3.4.1061/avr8-gnu-toolchain/bin/../lib/gcc/avr/4.8.1/avr6\libgcc.a(_exit.o)
 .text.libgcc.prologue
                0x00000000        0x0 c:/program files (x86)/atmel/atmel toolchain/avr8 gcc/native/3.4.1061/avr8-gnu-toolchain/bin/../lib/gcc/avr/4.8.1/avr6\libgcc.a(_exit.o)
 .text.libgcc.builtins
                0x00000000        0x0 c:/program files (x86)/atmel/atmel toolchain/avr8 gcc/native/3.4.1061/avr8-gnu-toolchain/bin/../lib/gcc/avr/4.8.1/avr6\libgcc.a(_exit.o)
 .text.libgcc.fmul
                0x00000000        0x0 c:/program files (x86)/atmel/atmel toolchain/avr8 gcc/native/3.4.1061/avr8-gnu-toolchain/bin/../lib/gcc/avr/4.8.1/avr6\libgcc.a(_exit.o)
 .text.libgcc.fixed
                0x00000000        0x0 c:/program files (x86)/atmel/atmel toolchain/avr8 gcc/native/3.4.1061/avr8-gnu-toolchain/bin/../lib/gcc/avr/4.8.1/avr6\libgcc.a(_exit.o)
 .text          0x00000000        0x0 c:/program files (x86)/atmel/atmel toolchain/avr8 gcc/native/3.4.1061/avr8-gnu-toolchain/bin/../lib/gcc/avr/4.8.1/avr6\libgcc.a(_copy_data.o)
 .data          0x00000000        0x0 c:/program files (x86)/atmel/atmel toolchain/avr8 gcc/native/3.4.1061/avr8-gnu-toolchain/bin/../lib/gcc/avr/4.8.1/avr6\libgcc.a(_copy_data.o)
 .bss           0x00000000        0x0 c:/program files (x86)/atmel/atmel toolchain/avr8 gcc/native/3.4.1061/avr8-gnu-toolchain/bin/../lib/gcc/avr/4.8.1/avr6\libgcc.a(_copy_data.o)
 .text.libgcc.mul
                0x00000000        0x0 c:/program files (x86)/atmel/atmel toolchain/avr8 gcc/native/3.4.1061/avr8-gnu-toolchain/bin/../lib/gcc/avr/4.8.1/avr6\libgcc.a(_copy_data.o)
 .text.libgcc.div
                0x00000000        0x0 c:/program files (x86)/atmel/atmel toolchain/avr8 gcc/native/3.4.1061/avr8-gnu-toolchain/bin/../lib/gcc/avr/4.8.1/avr6\libgcc.a(_copy_data.o)
 .text.libgcc   0x00000000        0x0 c:/program files (x86)/atmel/atmel toolchain/avr8 gcc/native/3.4.1061/avr8-gnu-toolchain/bin/../lib/gcc/avr/4.8.1/avr6\libgcc.a(_copy_data.o)
 .text.libgcc.prologue
                0x00000000        0x0 c:/program files (x86)/atmel/atmel toolchain/avr8 gcc/native/3.4.1061/avr8-gnu-toolchain/bin/../lib/gcc/avr/4.8.1/avr6\libgcc.a(_copy_data.o)
 .text.libgcc.builtins
                0x00000000        0x0 c:/program files (x86)/atmel/atmel toolchain/avr8 gcc/native/3.4.1061/avr8-gnu-toolchain/bin/../lib/gcc/avr/4.8.1/avr6\libgcc.a(_copy_data.o)
 .text.libgcc.fmul
                0x00000000        0x0 c:/program files (x86)/atmel/atmel toolchain/avr8 gcc/native/3.4.1061/avr8-gnu-toolchain/bin/../lib/gcc/avr/4.8.1/avr6\libgcc.a(_copy_data.o)
 .text.libgcc.fixed
                0x00000000        0x0 c:/program files (x86)/atmel/atmel toolchain/avr8 gcc/native/3.4.1061/avr8-gnu-toolchain/bin/../lib/gcc/avr/4.8.1/avr6\libgcc.a(_copy_data.o)
 .text          0x00000000        0x0 c:/program files (x86)/atmel/atmel toolchain/avr8 gcc/native/3.4.1061/avr8-gnu-toolchain/bin/../lib/gcc/avr/4.8.1/avr6\libgcc.a(_clear_bss.o)
 .data          0x00000000        0x0 c:/program files (x86)/atmel/atmel toolchain/avr8 gcc/native/3.4.1061/avr8-gnu-toolchain/bin/../lib/gcc/avr/4.8.1/avr6\libgcc.a(_clear_bss.o)
 .bss           0x00000000        0x0 c:/program files (x86)/atmel/atmel toolchain/avr8 gcc/native/3.4.1061/avr8-gnu-toolchain/bin/../lib/gcc/avr/4.8.1/avr6\libgcc.a(_clear_bss.o)
 .text.libgcc.mul
                0x00000000        0x0 c:/program files (x86)/atmel/atmel toolchain/avr8 gcc/native/3.4.1061/avr8-gnu-toolchain/bin/../lib/gcc/avr/4.8.1/avr6\libgcc.a(_clear_bss.o)
 .text.libgcc.div
                0x00000000        0x0 c:/program files (x86)/atmel/atmel toolchain/avr8 gcc/native/3.4.1061/avr8-gnu-toolchain/bin/../lib/gcc/avr/4.8.1/avr6\libgcc.a(_clear_bss.o)
 .text.libgcc   0x00000000        0x0 c:/program files (x86)/atmel/atmel toolchain/avr8 gcc/native/3.4.1061/avr8-gnu-toolchain/bin/../lib/gcc/avr/4.8.1/avr6\libgcc.a(_clear_bss.o)
 .text.libgcc.prologue
                0x00000000        0x0 c:/program files (x86)/atmel/atmel toolchain/avr8 gcc/native/3.4.1061/avr8-gnu-toolchain/bin/../lib/gcc/avr/4.8.1/avr6\libgcc.a(_clear_bss.o)
 .text.libgcc.builtins
                0x00000000        0x0 c:/program files (x86)/atmel/atmel toolchain/avr8 gcc/native/3.4.1061/avr8-gnu-toolchain/bin/../lib/gcc/avr/4.8.1/avr6\libgcc.a(_clear_bss.o)
 .text.libgcc.fmul
                0x00000000        0x0 c:/program files (x86)/atmel/atmel toolchain/avr8 gcc/native/3.4.1061/avr8-gnu-toolchain/bin/../lib/gcc/avr/4.8.1/avr6\libgcc.a(_clear_bss.o)
 .text.libgcc.fixed
                0x00000000        0x0 c:/program files (x86)/atmel/atmel toolchain/avr8 gcc/native/3.4.1061/avr8-gnu-toolchain/bin/../lib/gcc/avr/4.8.1/avr6\libgcc.a(_clear_bss.o)
 .text          0x00000000        0x0 c:/program files (x86)/atmel/atmel toolchain/avr8 gcc/native/3.4.1061/avr8-gnu-toolchain/bin/../lib/gcc/avr/4.8.1/avr6\libgcc.a(_udivmodhi4.o)
 .data          0x00000000        0x0 c:/program files (x86)/atmel/atmel toolchain/avr8 gcc/native/3.4.1061/avr8-gnu-toolchain/bin/../lib/gcc/avr/4.8.1/avr6\libgcc.a(_udivmodhi4.o)
 .bss           0x00000000        0x0 c:/program files (x86)/atmel/atmel toolchain/avr8 gcc/native/3.4.1061/avr8-gnu-toolchain/bin/../lib/gcc/avr/4.8.1/avr6\libgcc.a(_udivmodhi4.o)
 .text.libgcc.mul
                0x00000000        0x0 c:/program files (x86)/atmel/atmel toolchain/avr8 gcc/native/3.4.1061/avr8-gnu-toolchain/bin/../lib/gcc/avr/4.8.1/avr6\libgcc.a(_udivmodhi4.o)
 .text.libgcc   0x00000000        0x0 c:/program files (x86)/atmel/atmel toolchain/avr8 gcc/native/3.4.1061/avr8-gnu-toolchain/bin/../lib/gcc/avr/4.8.1/avr6\libgcc.a(_udivmodhi4.o)
 .text.libgcc.prologue
                0x00000000        0x0 c:/program files (x86)/atmel/atmel toolchain/avr8 gcc/native/3.4.1061/avr8-gnu-toolchain/bin/../lib/gcc/avr/4.8.1/avr6\libgcc.a(_udivmodhi4.o)
 .text.libgcc.builtins
                0x00000000        0x0 c:/program files (x86)/atmel/atmel toolchain/avr8 gcc/native/3.4.1061/avr8-gnu-toolchain/bin/../lib/gcc/avr/4.8.1/avr6\libgcc.a(_udivmodhi4.o)
 .text.libgcc.fmul
                0x00000000        0x0 c:/program files (x86)/atmel/atmel toolchain/avr8 gcc/native/3.4.1061/avr8-gnu-toolchain/bin/../lib/gcc/avr/4.8.1/avr6\libgcc.a(_udivmodhi4.o)
 .text.libgcc.fixed
                0x00000000        0x0 c:/program files (x86)/atmel/atmel toolchain/avr8 gcc/native/3.4.1061/avr8-gnu-toolchain/bin/../lib/gcc/avr/4.8.1/avr6\libgcc.a(_udivmodhi4.o)
 .text          0x00000000        0x0 c:/program files (x86)/atmel/atmel toolchain/avr8 gcc/native/3.4.1061/avr8-gnu-toolchain/bin/../lib/gcc/avr/4.8.1/../../../../avr/lib/avr6\libc.a(memcpy.o)
 .data          0x00000000        0x0 c:/program files (x86)/atmel/atmel toolchain/avr8 gcc/native/3.4.1061/avr8-gnu-toolchain/bin/../lib/gcc/avr/4.8.1/../../../../avr/lib/avr6\libc.a(memcpy.o)
 .bss           0x00000000        0x0 c:/program files (x86)/atmel/atmel toolchain/avr8 gcc/native/3.4.1061/avr8-gnu-toolchain/bin/../lib/gcc/avr/4.8.1/../../../../avr/lib/avr6\libc.a(memcpy.o)
 .text          0x00000000        0x0 c:/program files (x86)/atmel/atmel toolchain/avr8 gcc/native/3.4.1061/avr8-gnu-toolchain/bin/../lib/gcc/avr/4.8.1/../../../../avr/lib/avr6\libc.a(itoa_ncheck.o)
 .data          0x00000000        0x0 c:/program files (x86)/atmel/atmel toolchain/avr8 gcc/native/3.4.1061/avr8-gnu-toolchain/bin/../lib/gcc/avr/4.8.1/../../../../avr/lib/avr6\libc.a(itoa_ncheck.o)
 .bss           0x00000000        0x0 c:/program files (x86)/atmel/atmel toolchain/avr8 gcc/native/3.4.1061/avr8-gnu-toolchain/bin/../lib/gcc/avr/4.8.1/../../../../avr/lib/avr6\libc.a(itoa_ncheck.o)
 .text          0x00000000        0x0 c:/program files (x86)/atmel/atmel toolchain/avr8 gcc/native/3.4.1061/avr8-gnu-toolchain/bin/../lib/gcc/avr/4.8.1/../../../../avr/lib/avr6\libc.a(utoa_ncheck.o)
 .data          0x00000000        0x0 c:/program files (x86)/atmel/atmel toolchain/avr8 gcc/native/3.4.1061/avr8-gnu-toolchain/bin/../lib/gcc/avr/4.8.1/../../../../avr/lib/avr6\libc.a(utoa_ncheck.o)
 .bss           0x00000000        0x0 c:/program files (x86)/atmel/atmel toolchain/avr8 gcc/native/3.4.1061/avr8-gnu-toolchain/bin/../lib/gcc/avr/4.8.1/../../../../avr/lib/avr6\libc.a(utoa_ncheck.o)
 .text          0x00000000        0x0 c:/program files (x86)/atmel/atmel toolchain/avr8 gcc/native/3.4.1061/avr8-gnu-toolchain/bin/../lib/gcc/avr/4.8.1/../../../../avr/lib/avr6\libc.a(strrev.o)
 .data          0x00000000        0x0 c:/program files (x86)/atmel/atmel toolchain/avr8 gcc/native/3.4.1061/avr8-gnu-toolchain/bin/../lib/gcc/avr/4.8.1/../../../../avr/lib/avr6\libc.a(strrev.o)
 .bss           0x00000000        0x0 c:/program files (x86)/atmel/atmel toolchain/avr8 gcc/native/3.4.1061/avr8-gnu-toolchain/bin/../lib/gcc/avr/4.8.1/../../../../avr/lib/avr6\libc.a(strrev.o)

Memory Configuration

Name             Origin             Length             Attributes
text             0x00000000         0x00100000         xr
data             0x00800200         0x0000fe00         rw !x
eeprom           0x00810000         0x00010000         rw !x
fuse             0x00820000         0x00000400         rw !x
lock             0x00830000         0x00000400         rw !x
signature        0x00840000         0x00000400         rw !x
user_signatures  0x00850000         0x00000400         rw !x
*default*        0x00000000         0xffffffff

Linker script and memory map

Address of section .data set to 0x800200
LOAD c:/program files (x86)/atmel/atmel toolchain/avr8 gcc/native/3.4.1061/avr8-gnu-toolchain/bin/../lib/gcc/avr/4.8.1/../../../../avr/lib/avr6/crtm2560.o
LOAD debugPrint.o
LOAD FreeRTOS2560.o
LOAD heap_1.o
LOAD list.o
LOAD myHcSonar.o
LOAD myMaxSonar.o
LOAD myADC.o
LOAD myTimer.o
LOAD myUSART.o
LOAD port.o
LOAD queue.o
LOAD ringBuffer.o
LOAD tasks.o
START GROUP
LOAD c:/program files (x86)/atmel/atmel toolchain/avr8 gcc/native/3.4.1061/avr8-gnu-toolchain/bin/../lib/gcc/avr/4.8.1/../../../../avr/lib/avr6\libm.a
LOAD C:\Users\tienlong\Desktop\CG3002\Project\arduino\Arduino\Debug\libarduino.a
END GROUP
START GROUP
LOAD c:/program files (x86)/atmel/atmel toolchain/avr8 gcc/native/3.4.1061/avr8-gnu-toolchain/bin/../lib/gcc/avr/4.8.1/avr6\libgcc.a
LOAD c:/program files (x86)/atmel/atmel toolchain/avr8 gcc/native/3.4.1061/avr8-gnu-toolchain/bin/../lib/gcc/avr/4.8.1/../../../../avr/lib/avr6\libm.a
LOAD c:/program files (x86)/atmel/atmel toolchain/avr8 gcc/native/3.4.1061/avr8-gnu-toolchain/bin/../lib/gcc/avr/4.8.1/../../../../avr/lib/avr6\libc.a
END GROUP

.hash
 *(.hash)

.dynsym
 *(.dynsym)

.dynstr
 *(.dynstr)

.gnu.version
 *(.gnu.version)

.gnu.version_d
 *(.gnu.version_d)

.gnu.version_r
 *(.gnu.version_r)

.rel.init
 *(.rel.init)

.rela.init
 *(.rela.init)

.rel.text
 *(.rel.text)
 *(.rel.text.*)
 *(.rel.gnu.linkonce.t*)

.rela.text
 *(.rela.text)
 *(.rela.text.*)
 *(.rela.gnu.linkonce.t*)

.rel.fini
 *(.rel.fini)

.rela.fini
 *(.rela.fini)

.rel.rodata
 *(.rel.rodata)
 *(.rel.rodata.*)
 *(.rel.gnu.linkonce.r*)

.rela.rodata
 *(.rela.rodata)
 *(.rela.rodata.*)
 *(.rela.gnu.linkonce.r*)

.rel.data
 *(.rel.data)
 *(.rel.data.*)
 *(.rel.gnu.linkonce.d*)

.rela.data
 *(.rela.data)
 *(.rela.data.*)
 *(.rela.gnu.linkonce.d*)

.rel.ctors
 *(.rel.ctors)

.rela.ctors
 *(.rela.ctors)

.rel.dtors
 *(.rel.dtors)

.rela.dtors
 *(.rela.dtors)

.rel.got
 *(.rel.got)

.rela.got
 *(.rela.got)

.rel.bss
 *(.rel.bss)

.rela.bss
 *(.rela.bss)

.rel.plt
 *(.rel.plt)

.rela.plt
 *(.rela.plt)

.text           0x00000000     0x2230
 *(.vectors)
 .vectors       0x00000000       0xe4 c:/program files (x86)/atmel/atmel toolchain/avr8 gcc/native/3.4.1061/avr8-gnu-toolchain/bin/../lib/gcc/avr/4.8.1/../../../../avr/lib/avr6/crtm2560.o
                0x00000000                __vector_default
                0x00000000                __vectors
 *(.vectors)
 *(.progmem.gcc*)
                0x000000e4                . = ALIGN (0x2)
                0x000000e4                __trampolines_start = .
 *(.trampolines)
 .trampolines   0x000000e4        0x0 linker stubs
 *(.trampolines*)
                0x000000e4                __trampolines_end = .
 *(.progmem*)
                0x000000e4                . = ALIGN (0x2)
 *(.jumptables)
 *(.jumptables*)
 *(.lowtext)
 *(.lowtext*)
                0x000000e4                __ctors_start = .
 *(.ctors)
                0x000000e4                __ctors_end = .
                0x000000e4                __dtors_start = .
 *(.dtors)
                0x000000e4                __dtors_end = .
 SORT(*)(.ctors)
 SORT(*)(.dtors)
 *(.init0)
 .init0         0x000000e4        0x0 c:/program files (x86)/atmel/atmel toolchain/avr8 gcc/native/3.4.1061/avr8-gnu-toolchain/bin/../lib/gcc/avr/4.8.1/../../../../avr/lib/avr6/crtm2560.o
                0x000000e4                __init
 *(.init0)
 *(.init1)
 *(.init1)
 *(.init2)
 .init2         0x000000e4       0x10 c:/program files (x86)/atmel/atmel toolchain/avr8 gcc/native/3.4.1061/avr8-gnu-toolchain/bin/../lib/gcc/avr/4.8.1/../../../../avr/lib/avr6/crtm2560.o
 *(.init2)
 *(.init3)
 *(.init3)
 *(.init4)
 .init4         0x000000f4       0x1a c:/program files (x86)/atmel/atmel toolchain/avr8 gcc/native/3.4.1061/avr8-gnu-toolchain/bin/../lib/gcc/avr/4.8.1/avr6\libgcc.a(_copy_data.o)
                0x000000f4                __do_copy_data
 .init4         0x0000010e       0x10 c:/program files (x86)/atmel/atmel toolchain/avr8 gcc/native/3.4.1061/avr8-gnu-toolchain/bin/../lib/gcc/avr/4.8.1/avr6\libgcc.a(_clear_bss.o)
                0x0000010e                __do_clear_bss
 *(.init4)
 *(.init5)
 *(.init5)
 *(.init6)
 *(.init6)
 *(.init7)
 *(.init7)
 *(.init8)
 *(.init8)
 *(.init9)
 .init9         0x0000011e        0x6 c:/program files (x86)/atmel/atmel toolchain/avr8 gcc/native/3.4.1061/avr8-gnu-toolchain/bin/../lib/gcc/avr/4.8.1/../../../../avr/lib/avr6/crtm2560.o
 *(.init9)
 *(.text)
 .text          0x00000124        0x2 c:/program files (x86)/atmel/atmel toolchain/avr8 gcc/native/3.4.1061/avr8-gnu-toolchain/bin/../lib/gcc/avr/4.8.1/../../../../avr/lib/avr6/crtm2560.o
                0x00000124                __vector_38
                0x00000124                __vector_22
                0x00000124                __vector_28
                0x00000124                __vector_1
                0x00000124                __vector_32
                0x00000124                __vector_34
                0x00000124                __vector_24
                0x00000124                __vector_12
                0x00000124                __vector_55
                0x00000124                __vector_46
                0x00000124                __bad_interrupt
                0x00000124                __vector_6
                0x00000124                __vector_31
                0x00000124                __vector_35
                0x00000124                __vector_39
                0x00000124                __vector_3
                0x00000124                __vector_23
                0x00000124                __vector_30
                0x00000124                __vector_45
                0x00000124                __vector_11
                0x00000124                __vector_54
                0x00000124                __vector_13
                0x00000124                __vector_17
                0x00000124                __vector_19
                0x00000124                __vector_56
                0x00000124                __vector_7
                0x00000124                __vector_49
                0x00000124                __vector_41
                0x00000124                __vector_43
                0x00000124                __vector_27
                0x00000124                __vector_5
                0x00000124                __vector_33
                0x00000124                __vector_47
                0x00000124                __vector_52
                0x00000124                __vector_4
                0x00000124                __vector_44
                0x00000124                __vector_51
                0x00000124                __vector_2
                0x00000124                __vector_15
                0x00000124                __vector_40
                0x00000124                __vector_8
                0x00000124                __vector_48
                0x00000124                __vector_14
                0x00000124                __vector_53
                0x00000124                __vector_10
                0x00000124                __vector_50
                0x00000124                __vector_16
                0x00000124                __vector_18
                0x00000124                __vector_20
                0x00000124                __vector_42
                0x00000126                . = ALIGN (0x2)
 *(.text.*)
 .text.task1    0x00000126       0x18 FreeRTOS2560.o
                0x00000126                task1
 .text.task2    0x0000013e       0x18 FreeRTOS2560.o
                0x0000013e                task2
 .text.RPI_receiveTask
                0x00000156        0xa FreeRTOS2560.o
                0x00000156                RPI_receiveTask
 .text.RPI_sendTask
                0x00000160        0xa FreeRTOS2560.o
                0x00000160                RPI_sendTask
 .text.maxSonarTask
                0x0000016a      0x120 FreeRTOS2560.o
                0x0000016a                maxSonarTask
 .text.myTimerTask
                0x0000028a        0x6 FreeRTOS2560.o
                0x0000028a                myTimerTask
 .text.setPowerReduction
                0x00000290        0xe FreeRTOS2560.o
                0x00000290                setPowerReduction
 .text.clearTimer
                0x0000029e       0x3e FreeRTOS2560.o
                0x0000029e                clearTimer
 .text.init     0x000002dc       0x22 FreeRTOS2560.o
                0x000002dc                init
 .text.main     0x000002fe       0xc8 FreeRTOS2560.o
                0x000002fe                main
 .text.pvPortMalloc
                0x000003c6       0x6a heap_1.o
                0x000003c6                pvPortMalloc
 .text.vPortFree
                0x00000430        0x2 heap_1.o
                0x00000430                vPortFree
 .text.vListInitialise
                0x00000432       0x1c list.o
                0x00000432                vListInitialise
 .text.vListInitialiseItem
                0x0000044e        0x8 list.o
                0x0000044e                vListInitialiseItem
 .text.vListInsertEnd
                0x00000456       0x42 list.o
                0x00000456                vListInsertEnd
 .text.vListInsert
                0x00000498       0x62 list.o
                0x00000498                vListInsert
 .text.uxListRemove
                0x000004fa       0x4c list.o
                0x000004fa                uxListRemove
 .text.__vector_9
                0x00000546       0xe0 myHcSonar.o
                0x00000546                __vector_9
 .text.myHcSonar_Init
                0x00000626       0x2a myHcSonar.o
                0x00000626                myHcSonar_Init
 .text.myHcSonar_Start
                0x00000650        0xc myHcSonar.o
                0x00000650                myHcSonar_Start
 .text.myHcSonar_Read
                0x0000065c       0x40 myHcSonar.o
                0x0000065c                myHcSonar_Read
 .text.myMaxSonar_Start
                0x0000069c        0xc myMaxSonar.o
                0x0000069c                myMaxSonar_Start
 .text.myMaxSonar_Read
                0x000006a8       0x14 myMaxSonar.o
                0x000006a8                myMaxSonar_Read
 .text.__vector_29
                0x000006bc       0x68 myADC.o
                0x000006bc                __vector_29
 .text.myADC_Init
                0x00000724       0x3a myADC.o
                0x00000724                myADC_Init
 .text.myADC_startADC
                0x0000075e       0x52 myADC.o
                0x0000075e                myADC_startADC
 .text.myADC_readADC
                0x000007b0       0x2e myADC.o
                0x000007b0                myADC_readADC
 .text.myADC_analogRead
                0x000007de        0xe myADC.o
                0x000007de                myADC_analogRead
 .text.myTimer_Init
                0x000007ec       0x34 myTimer.o
                0x000007ec                myTimer_Init
 .text.myTimer_Read
                0x00000820        0x4 myTimer.o
                0x00000820                myTimer_Read
 .text.myTimer_DelayMicro
                0x00000824       0x48 myTimer.o
                0x00000824                myTimer_DelayMicro
 .text.myTimer_DelayMicro2
                0x0000086c       0x46 myTimer.o
                0x0000086c                myTimer_DelayMicro2
 .text.myTimer_DelayChecker
                0x000008b2       0xde myTimer.o
                0x000008b2                myTimer_DelayChecker
 .text.__vector_36
                0x00000990       0x70 myUSART.o
                0x00000990                __vector_36
 .text.__vector_25
                0x00000a00       0x70 myUSART.o
                0x00000a00                __vector_25
 .text.__vector_37
                0x00000a70       0x6c myUSART.o
                0x00000a70                __vector_37
 .text.__vector_26
                0x00000adc       0x6c myUSART.o
                0x00000adc                __vector_26
 .text.myUSART_USART0_Init
                0x00000b48       0x40 myUSART.o
                0x00000b48                myUSART_USART0_Init
 .text.myUSART_USART1_Init
                0x00000b88       0x40 myUSART.o
                0x00000b88                myUSART_USART1_Init
 .text.myUSART_transmitUSART0_c
                0x00000bc8       0x2e myUSART.o
                0x00000bc8                myUSART_transmitUSART0_c
 .text.myUSART_transmitUSART1_c
                0x00000bf6       0x2e myUSART.o
                0x00000bf6                myUSART_transmitUSART1_c
 .text.myUSART_transmitUSART0
                0x00000c24       0x1c myUSART.o
                0x00000c24                myUSART_transmitUSART0
 .text.myUSART_receiveUSART1
                0x00000c40       0x42 myUSART.o
                0x00000c40                myUSART_receiveUSART1
 .text.myUSART_startHandShake
                0x00000c82       0x16 myUSART.o
                0x00000c82                myUSART_startHandShake
 .text.myUSART_waitForHandshake
                0x00000c98       0x1e myUSART.o
                0x00000c98                myUSART_waitForHandshake
 .text.pxPortInitialiseStack
                0x00000cb6       0xe4 port.o
                0x00000cb6                pxPortInitialiseStack
 .text.xPortStartScheduler
                0x00000d9a       0x7a port.o
                0x00000d9a                xPortStartScheduler
 .text.vPortYield
                0x00000e14       0xc0 port.o
                0x00000e14                vPortYield
 .text.vPortYieldFromTick
                0x00000ed4       0xc4 port.o
                0x00000ed4                vPortYieldFromTick
 .text.__vector_21
                0x00000f98        0x4 port.o
                0x00000f98                __vector_21
 .text.prvCopyDataToQueue
                0x00000f9c       0xc4 queue.o
 .text.prvCopyDataFromQueue
                0x00001060       0x34 queue.o
 .text.prvUnlockQueue
                0x00001094       0x8c queue.o
 .text.xQueueGenericReset
                0x00001120       0x72 queue.o
                0x00001120                xQueueGenericReset
 .text.xQueueGenericCreate
                0x00001192       0x54 queue.o
                0x00001192                xQueueGenericCreate
 .text.xQueueGenericSend
                0x000011e6      0x126 queue.o
                0x000011e6                xQueueGenericSend
 .text.xQueueCreateMutex
                0x0000130c       0x50 queue.o
                0x0000130c                xQueueCreateMutex
 .text.xQueueGenericSendFromISR
                0x0000135c       0x74 queue.o
                0x0000135c                xQueueGenericSendFromISR
 .text.xQueueGenericReceive
                0x000013d0      0x166 queue.o
                0x000013d0                xQueueGenericReceive
 .text.ringBufferInit
                0x00001536        0xe ringBuffer.o
                0x00001536                ringBufferInit
 .text.ringBufferPop
                0x00001544       0x24 ringBuffer.o
                0x00001544                ringBufferPop
 .text.ringBufferPush
                0x00001568       0x2c ringBuffer.o
                0x00001568                ringBufferPush
 .text.ringBufferFull
                0x00001594        0xe ringBuffer.o
                0x00001594                ringBufferFull
 .text.ringBufferNotEmpty
                0x000015a2       0x10 ringBuffer.o
                0x000015a2                ringBufferNotEmpty
 .text.prvResetNextTaskUnblockTime
                0x000015b2       0x3e tasks.o
 .text.prvAddCurrentTaskToDelayedList
                0x000015f0       0x6e tasks.o
 .text.xTaskGenericCreate
                0x0000165e      0x22a tasks.o
                0x0000165e                xTaskGenericCreate
 .text.vTaskResume
                0x00001888       0x96 tasks.o
                0x00001888                vTaskResume
 .text.vTaskStartScheduler
                0x0000191e       0x52 tasks.o
                0x0000191e                vTaskStartScheduler
 .text.vTaskSuspendAll
                0x00001970        0xc tasks.o
                0x00001970                vTaskSuspendAll
 .text.xTaskGetTickCount
                0x0000197c       0x14 tasks.o
                0x0000197c                xTaskGetTickCount
 .text.xTaskGetTickCountFromISR
                0x00001990        0xa tasks.o
                0x00001990                xTaskGetTickCountFromISR
 .text.xTaskIncrementTick
                0x0000199a      0x17c tasks.o
                0x0000199a                xTaskIncrementTick
 .text.xTaskResumeAll
                0x00001b16      0x102 tasks.o
                0x00001b16                xTaskResumeAll
 .text.vTaskDelayUntil
                0x00001c18       0x7c tasks.o
                0x00001c18                vTaskDelayUntil
 .text.vTaskDelay
                0x00001c94       0x38 tasks.o
                0x00001c94                vTaskDelay
 .text.prvIdleTask
                0x00001ccc       0x72 tasks.o
 .text.vTaskSwitchContext
                0x00001d3e       0xbc tasks.o
                0x00001d3e                vTaskSwitchContext
 .text.vTaskSuspend
                0x00001dfa       0x9a tasks.o
                0x00001dfa                vTaskSuspend
 .text.vTaskPlaceOnEventList
                0x00001e94       0x56 tasks.o
                0x00001e94                vTaskPlaceOnEventList
 .text.xTaskRemoveFromEventList
                0x00001eea       0x90 tasks.o
                0x00001eea                xTaskRemoveFromEventList
 .text.vTaskSetTimeOutState
                0x00001f7a       0x16 tasks.o
                0x00001f7a                vTaskSetTimeOutState
 .text.xTaskCheckForTimeOut
                0x00001f90       0x70 tasks.o
                0x00001f90                xTaskCheckForTimeOut
 .text.vTaskMissedYield
                0x00002000        0x8 tasks.o
                0x00002000                vTaskMissedYield
 .text.vTaskPriorityInherit
                0x00002008       0xbc tasks.o
                0x00002008                vTaskPriorityInherit
 .text.xTaskPriorityDisinherit
                0x000020c4       0x7e tasks.o
                0x000020c4                xTaskPriorityDisinherit
 .text.pvTaskIncrementMutexHeldCount
                0x00002142       0x24 tasks.o
                0x00002142                pvTaskIncrementMutexHeldCount
 .text.libgcc.div
                0x00002166       0x26 c:/program files (x86)/atmel/atmel toolchain/avr8 gcc/native/3.4.1061/avr8-gnu-toolchain/bin/../lib/gcc/avr/4.8.1/avr6\libgcc.a(_divmodhi4.o)
                0x00002166                _div
                0x00002166                __divmodhi4
 .text.libgcc.div
                0x0000218c       0x28 c:/program files (x86)/atmel/atmel toolchain/avr8 gcc/native/3.4.1061/avr8-gnu-toolchain/bin/../lib/gcc/avr/4.8.1/avr6\libgcc.a(_udivmodhi4.o)
                0x0000218c                __udivmodhi4
 .text.avr-libc
                0x000021b4       0x12 c:/program files (x86)/atmel/atmel toolchain/avr8 gcc/native/3.4.1061/avr8-gnu-toolchain/bin/../lib/gcc/avr/4.8.1/../../../../avr/lib/avr6\libc.a(memcpy.o)
                0x000021b4                memcpy
 .text.avr-libc
                0x000021c6       0x14 c:/program files (x86)/atmel/atmel toolchain/avr8 gcc/native/3.4.1061/avr8-gnu-toolchain/bin/../lib/gcc/avr/4.8.1/../../../../avr/lib/avr6\libc.a(itoa_ncheck.o)
                0x000021c6                __itoa_ncheck
 .text.avr-libc
                0x000021da       0x32 c:/program files (x86)/atmel/atmel toolchain/avr8 gcc/native/3.4.1061/avr8-gnu-toolchain/bin/../lib/gcc/avr/4.8.1/../../../../avr/lib/avr6\libc.a(utoa_ncheck.o)
                0x000021da                __utoa_ncheck
                0x000021dc                __utoa_common
 .text.avr-libc
                0x0000220c       0x20 c:/program files (x86)/atmel/atmel toolchain/avr8 gcc/native/3.4.1061/avr8-gnu-toolchain/bin/../lib/gcc/avr/4.8.1/../../../../avr/lib/avr6\libc.a(strrev.o)
                0x0000220c                strrev
                0x0000222c                . = ALIGN (0x2)
 *(.fini9)
 .fini9         0x0000222c        0x0 c:/program files (x86)/atmel/atmel toolchain/avr8 gcc/native/3.4.1061/avr8-gnu-toolchain/bin/../lib/gcc/avr/4.8.1/avr6\libgcc.a(_exit.o)
                0x0000222c                _exit
                0x0000222c                exit
 *(.fini9)
 *(.fini8)
 *(.fini8)
 *(.fini7)
 *(.fini7)
 *(.fini6)
 *(.fini6)
 *(.fini5)
 *(.fini5)
 *(.fini4)
 *(.fini4)
 *(.fini3)
 *(.fini3)
 *(.fini2)
 *(.fini2)
 *(.fini1)
 *(.fini1)
 *(.fini0)
 .fini0         0x0000222c        0x4 c:/program files (x86)/atmel/atmel toolchain/avr8 gcc/native/3.4.1061/avr8-gnu-toolchain/bin/../lib/gcc/avr/4.8.1/avr6\libgcc.a(_exit.o)
 *(.fini0)
                0x00002230                _etext = .

.data           0x00800200       0x94 load address 0x00002230
                0x00800200                PROVIDE (__data_start, .)
 *(.data)
 *(.data*)
 .data.expectedTick2
                0x00800200        0x2 myTimer.o
                0x00800200                expectedTick2
 .data.expectedTick
                0x00800202        0x2 myTimer.o
                0x00800202                expectedTick
 .data.xNextTaskUnblockTime
                0x00800204        0x2 tasks.o
 *(.rodata)
 *(.rodata*)
 .rodata.str1.1
                0x00800206       0x89 FreeRTOS2560.o
 .rodata.str1.1
                0x0080028f        0x5 tasks.o
 *(.gnu.linkonce.d*)
                0x00800294                . = ALIGN (0x2)
                0x00800294                _edata = .
                0x00800294                PROVIDE (__data_end, .)

.bss            0x00800294      0x6fa
                0x00800294                PROVIDE (__bss_start, .)
 *(.bss)
 *(.bss*)
 .bss.pucAlignedHeap.1837
                0x00800294        0x2 heap_1.o
 .bss.xNextFreeByte
                0x00800296        0x2 heap_1.o
 .bss.ucHeap    0x00800298      0x5dc heap_1.o
 .bss.uxSchedulerSuspended
                0x00800874        0x1 tasks.o
 .bss.uxTaskNumber
                0x00800875        0x1 tasks.o
 .bss.xNumOfOverflows
                0x00800876        0x1 tasks.o
 .bss.xYieldPending
                0x00800877        0x1 tasks.o
 .bss.uxPendedTicks
                0x00800878        0x1 tasks.o
 .bss.xSchedulerRunning
                0x00800879        0x1 tasks.o
 .bss.uxTopReadyPriority
                0x0080087a        0x1 tasks.o
 .bss.xTickCount
                0x0080087b        0x2 tasks.o
 .bss.uxCurrentNumberOfTasks
                0x0080087d        0x1 tasks.o
 .bss.xSuspendedTaskList
                0x0080087e        0x9 tasks.o
 .bss.uxTasksDeleted
                0x00800887        0x1 tasks.o
 .bss.xTasksWaitingTermination
                0x00800888        0x9 tasks.o
 .bss.xPendingReadyList
                0x00800891        0x9 tasks.o
 .bss.pxOverflowDelayedTaskList
                0x0080089a        0x2 tasks.o
 .bss.pxDelayedTaskList
                0x0080089c        0x2 tasks.o
 .bss.xDelayedTaskList2
                0x0080089e        0x9 tasks.o
 .bss.xDelayedTaskList1
                0x008008a7        0x9 tasks.o
 .bss.pxReadyTasksLists
                0x008008b0       0x2d tasks.o
 .bss.pxCurrentTCB
                0x008008dd        0x2 tasks.o
                0x008008dd                pxCurrentTCB
 *(COMMON)
 COMMON         0x008008df        0xc myHcSonar.o
                0x008008df                ms_tickStart
                0x008008e1                ms_tickLapsed
                0x008008e3                us_tickStart
                0x008008e5                us_tickLapsed
                0x008008e7                semaReadReady
                0x008008e9                us_tickEnd
 COMMON         0x008008eb        0x5 myADC.o
                0x008008eb                adcReading
                0x008008ec                semaGuardStartADC
                0x008008ee                semaReadADC
 COMMON         0x008008f0        0x6 myTimer.o
                0x008008f0                semaDelayMicro
                0x008008f2                semaDelayMicro2
                0x008008f4                timerTask
 COMMON         0x008008f6       0x98 myUSART.o
                0x008008f6                uart1_rxBuffer
                0x00800916                uart0_rxRingBuffer
                0x0080091b                uart0_txBuffer
                0x0080093b                uart0_rxBuffer
                0x0080095b                uart1_txBuffer
                0x0080097b                semaUsart0Receive
                0x0080097d                semaUsart1Receive
                0x0080097f                uart1_txRingBuffer
                0x00800984                uart0_txRingBuffer
                0x00800989                uart1_rxRingBuffer
                0x0080098e                PROVIDE (__bss_end, .)
                0x00002230                __data_load_start = LOADADDR (.data)
                0x000022c4                __data_load_end = (__data_load_start + SIZEOF (.data))

.noinit         0x0080098e        0x0
                0x0080098e                PROVIDE (__noinit_start, .)
 *(.noinit*)
                0x0080098e                PROVIDE (__noinit_end, .)
                0x0080098e                _end = .
                0x0080098e                PROVIDE (__heap_start, .)

.eeprom         0x00810000        0x0
 *(.eeprom*)
                0x00810000                __eeprom_end = .

.fuse
 *(.fuse)
 *(.lfuse)
 *(.hfuse)
 *(.efuse)

.lock
 *(.lock*)

.signature
 *(.signature*)

.user_signatures
 *(.user_signatures*)

.stab
 *(.stab)

.stabstr
 *(.stabstr)

.stab.excl
 *(.stab.excl)

.stab.exclstr
 *(.stab.exclstr)

.stab.index
 *(.stab.index)

.stab.indexstr
 *(.stab.indexstr)

.comment        0x00000000       0x30
 *(.comment)
 .comment       0x00000000       0x30 FreeRTOS2560.o
                                 0x31 (size before relaxing)
 .comment       0x00000000       0x31 heap_1.o
 .comment       0x00000000       0x31 list.o
 .comment       0x00000000       0x31 myHcSonar.o
 .comment       0x00000000       0x31 myMaxSonar.o
 .comment       0x00000000       0x31 myADC.o
 .comment       0x00000000       0x31 myTimer.o
 .comment       0x00000000       0x31 myUSART.o
 .comment       0x00000000       0x31 port.o
 .comment       0x00000000       0x31 queue.o
 .comment       0x00000000       0x31 ringBuffer.o
 .comment       0x00000000       0x31 tasks.o

.note.gnu.build-id
 *(.note.gnu.build-id)

.debug
 *(.debug)

.line
 *(.line)

.debug_srcinfo
 *(.debug_srcinfo)

.debug_sfnames
 *(.debug_sfnames)

.debug_aranges  0x00000000      0x4b8
 *(.debug_aranges)
 .debug_aranges
                0x00000000       0x78 FreeRTOS2560.o
 .debug_aranges
                0x00000078       0x38 heap_1.o
 .debug_aranges
                0x000000b0       0x40 list.o
 .debug_aranges
                0x000000f0       0x38 myHcSonar.o
 .debug_aranges
                0x00000128       0x30 myMaxSonar.o
 .debug_aranges
                0x00000158       0x40 myADC.o
 .debug_aranges
                0x00000198       0x40 myTimer.o
 .debug_aranges
                0x000001d8       0xa0 myUSART.o
 .debug_aranges
                0x00000278       0x48 port.o
 .debug_aranges
                0x000002c0       0xa0 queue.o
 .debug_aranges
                0x00000360       0x48 ringBuffer.o
 .debug_aranges
                0x000003a8      0x110 tasks.o

.debug_pubnames
 *(.debug_pubnames)

.debug_info     0x00000000     0x5349
 *(.debug_info .gnu.linkonce.wi.*)
 .debug_info    0x00000000      0xd64 FreeRTOS2560.o
 .debug_info    0x00000d64      0x1ad heap_1.o
 .debug_info    0x00000f11      0x2c6 list.o
 .debug_info    0x000011d7      0x33b myHcSonar.o
 .debug_info    0x00001512      0x14f myMaxSonar.o
 .debug_info    0x00001661      0x39d myADC.o
 .debug_info    0x000019fe      0x3e1 myTimer.o
 .debug_info    0x00001ddf      0x9bd myUSART.o
 .debug_info    0x0000279c      0x20d port.o
 .debug_info    0x000029a9     0x1023 queue.o
 .debug_info    0x000039cc      0x20d ringBuffer.o
 .debug_info    0x00003bd9     0x1770 tasks.o

.debug_abbrev   0x00000000     0x13a3
 *(.debug_abbrev)
 .debug_abbrev  0x00000000      0x32b FreeRTOS2560.o
 .debug_abbrev  0x0000032b      0x12e heap_1.o
 .debug_abbrev  0x00000459       0xf8 list.o
 .debug_abbrev  0x00000551      0x153 myHcSonar.o
 .debug_abbrev  0x000006a4       0xc0 myMaxSonar.o
 .debug_abbrev  0x00000764      0x126 myADC.o
 .debug_abbrev  0x0000088a      0x149 myTimer.o
 .debug_abbrev  0x000009d3      0x1f9 myUSART.o
 .debug_abbrev  0x00000bcc      0x13d port.o
 .debug_abbrev  0x00000d09      0x2b6 queue.o
 .debug_abbrev  0x00000fbf       0xd9 ringBuffer.o
 .debug_abbrev  0x00001098      0x30b tasks.o

.debug_line     0x00000000     0x328e
 *(.debug_line .debug_line.* .debug_line_end)
 .debug_line    0x00000000      0x5da FreeRTOS2560.o
 .debug_line    0x000005da      0x26e heap_1.o
 .debug_line    0x00000848      0x282 list.o
 .debug_line    0x00000aca      0x297 myHcSonar.o
 .debug_line    0x00000d61      0x155 myMaxSonar.o
 .debug_line    0x00000eb6      0x232 myADC.o
 .debug_line    0x000010e8      0x291 myTimer.o
 .debug_line    0x00001379      0x4ac myUSART.o
 .debug_line    0x00001825      0x343 port.o
 .debug_line    0x00001b68      0x8f0 queue.o
 .debug_line    0x00002458      0x14f ringBuffer.o
 .debug_line    0x000025a7      0xce7 tasks.o

.debug_frame    0x00000000      0xd40
 *(.debug_frame)
 .debug_frame   0x00000000       0xfc FreeRTOS2560.o
 .debug_frame   0x000000fc       0x60 heap_1.o
 .debug_frame   0x0000015c       0x88 list.o
 .debug_frame   0x000001e4       0x9c myHcSonar.o
 .debug_frame   0x00000280       0x44 myMaxSonar.o
 .debug_frame   0x000002c4       0xbc myADC.o
 .debug_frame   0x00000380       0x70 myTimer.o
 .debug_frame   0x000003f0      0x27c myUSART.o
 .debug_frame   0x0000066c       0x74 port.o
 .debug_frame   0x000006e0      0x23c queue.o
 .debug_frame   0x0000091c       0x74 ringBuffer.o
 .debug_frame   0x00000990      0x3b0 tasks.o

.debug_str      0x00000000     0x14b6
 *(.debug_str)
 .debug_str     0x00000000      0x466 FreeRTOS2560.o
                                0x4af (size before relaxing)
 .debug_str     0x00000466       0xaf heap_1.o
                                0x226 (size before relaxing)
 .debug_str     0x00000515      0x129 list.o
                                0x2a1 (size before relaxing)
 .debug_str     0x0000063e      0x129 myHcSonar.o
                                0x2d5 (size before relaxing)
 .debug_str     0x00000767       0x57 myMaxSonar.o
                                0x1db (size before relaxing)
 .debug_str     0x000007be       0x8b myADC.o
                                0x297 (size before relaxing)
 .debug_str     0x00000849       0x7d myTimer.o
                                0x2cf (size before relaxing)
 .debug_str     0x000008c6      0x241 myUSART.o
                                0x4b2 (size before relaxing)
 .debug_str     0x00000b07       0xda port.o
                                0x277 (size before relaxing)
 .debug_str     0x00000be1      0x3b9 queue.o
                                0x6ea (size before relaxing)
 .debug_str     0x00000f9a       0x36 ringBuffer.o
                                0x20c (size before relaxing)
 .debug_str     0x00000fd0      0x4e6 tasks.o
                                0xa53 (size before relaxing)

.debug_loc      0x00000000     0x368f
 *(.debug_loc)
 .debug_loc     0x00000000      0x1f4 FreeRTOS2560.o
 .debug_loc     0x000001f4       0xf1 heap_1.o
 .debug_loc     0x000002e5      0x155 list.o
 .debug_loc     0x0000043a       0xf2 myHcSonar.o
 .debug_loc     0x0000052c       0x42 myMaxSonar.o
 .debug_loc     0x0000056e      0x188 myADC.o
 .debug_loc     0x000006f6       0xd3 myTimer.o
 .debug_loc     0x000007c9      0x5af myUSART.o
 .debug_loc     0x00000d78      0x29b port.o
 .debug_loc     0x00001013     0x10b5 queue.o
 .debug_loc     0x000020c8       0xbe ringBuffer.o
 .debug_loc     0x00002186     0x1509 tasks.o

.debug_macinfo
 *(.debug_macinfo)

.debug_weaknames
 *(.debug_weaknames)

.debug_funcnames
 *(.debug_funcnames)

.debug_typenames
 *(.debug_typenames)

.debug_varnames
 *(.debug_varnames)

.debug_pubtypes
 *(.debug_pubtypes)

.debug_ranges   0x00000000      0x468
 *(.debug_ranges)
 .debug_ranges  0x00000000       0x68 FreeRTOS2560.o
 .debug_ranges  0x00000068       0x28 heap_1.o
 .debug_ranges  0x00000090       0x30 list.o
 .debug_ranges  0x000000c0       0x28 myHcSonar.o
 .debug_ranges  0x000000e8       0x20 myMaxSonar.o
 .debug_ranges  0x00000108       0x30 myADC.o
 .debug_ranges  0x00000138       0x30 myTimer.o
 .debug_ranges  0x00000168       0x90 myUSART.o
 .debug_ranges  0x000001f8       0x38 port.o
 .debug_ranges  0x00000230       0x90 queue.o
 .debug_ranges  0x000002c0       0x38 ringBuffer.o
 .debug_ranges  0x000002f8      0x170 tasks.o

.debug_macro
 *(.debug_macro)
OUTPUT(FreeRTOS2560.elf elf32-avr)
LOAD linker stubs
