Archive member included because of file (symbol)

c:/program files (x86)/atmel/atmel toolchain/avr8 gcc/native/3.4.1061/avr8-gnu-toolchain/bin/../lib/gcc/avr/4.8.1/avr6\libgcc.a(_divmodhi4.o)
                              ringBuffer.o (__divmodhi4)
c:/program files (x86)/atmel/atmel toolchain/avr8 gcc/native/3.4.1061/avr8-gnu-toolchain/bin/../lib/gcc/avr/4.8.1/avr6\libgcc.a(_exit.o)
                              c:/program files (x86)/atmel/atmel toolchain/avr8 gcc/native/3.4.1061/avr8-gnu-toolchain/bin/../lib/gcc/avr/4.8.1/../../../../avr/lib/avr6/crtm2560.o (exit)
c:/program files (x86)/atmel/atmel toolchain/avr8 gcc/native/3.4.1061/avr8-gnu-toolchain/bin/../lib/gcc/avr/4.8.1/avr6\libgcc.a(_copy_data.o)
                              FreeRTOS2560.o (__do_copy_data)
c:/program files (x86)/atmel/atmel toolchain/avr8 gcc/native/3.4.1061/avr8-gnu-toolchain/bin/../lib/gcc/avr/4.8.1/avr6\libgcc.a(_clear_bss.o)
                              heap_1.o (__do_clear_bss)
c:/program files (x86)/atmel/atmel toolchain/avr8 gcc/native/3.4.1061/avr8-gnu-toolchain/bin/../lib/gcc/avr/4.8.1/avr6\libgcc.a(_udivmodhi4.o)
                              c:/program files (x86)/atmel/atmel toolchain/avr8 gcc/native/3.4.1061/avr8-gnu-toolchain/bin/../lib/gcc/avr/4.8.1/avr6\libgcc.a(_divmodhi4.o) (__udivmodhi4)
c:/program files (x86)/atmel/atmel toolchain/avr8 gcc/native/3.4.1061/avr8-gnu-toolchain/bin/../lib/gcc/avr/4.8.1/../../../../avr/lib/avr6\libc.a(memcpy.o)
                              queue.o (memcpy)
c:/program files (x86)/atmel/atmel toolchain/avr8 gcc/native/3.4.1061/avr8-gnu-toolchain/bin/../lib/gcc/avr/4.8.1/../../../../avr/lib/avr6\libc.a(itoa_ncheck.o)
                              FreeRTOS2560.o (__itoa_ncheck)
c:/program files (x86)/atmel/atmel toolchain/avr8 gcc/native/3.4.1061/avr8-gnu-toolchain/bin/../lib/gcc/avr/4.8.1/../../../../avr/lib/avr6\libc.a(utoa_ncheck.o)
                              c:/program files (x86)/atmel/atmel toolchain/avr8 gcc/native/3.4.1061/avr8-gnu-toolchain/bin/../lib/gcc/avr/4.8.1/../../../../avr/lib/avr6\libc.a(itoa_ncheck.o) (__utoa_common)
c:/program files (x86)/atmel/atmel toolchain/avr8 gcc/native/3.4.1061/avr8-gnu-toolchain/bin/../lib/gcc/avr/4.8.1/../../../../avr/lib/avr6\libc.a(strrev.o)
                              c:/program files (x86)/atmel/atmel toolchain/avr8 gcc/native/3.4.1061/avr8-gnu-toolchain/bin/../lib/gcc/avr/4.8.1/../../../../avr/lib/avr6\libc.a(utoa_ncheck.o) (strrev)

Allocating common symbols
Common symbol       size              file

uart1_rxBuffer      0x20              myUSART.o
uart0_rxRingBuffer  0x5               myUSART.o
uart0_txBuffer      0x20              myUSART.o
adcReading          0x1               myADC.o
uart0_rxBuffer      0x20              myUSART.o
semaGuardStartADC   0x2               myADC.o
uart1_txBuffer      0x20              myUSART.o
semaUsart0Receive   0x2               myUSART.o
semaUsart1Receive   0x2               myUSART.o
uart1_txRingBuffer  0x5               myUSART.o
semaDelayMicro      0x2               myTimer.o
uart0_txRingBuffer  0x5               myUSART.o
uart1_rxRingBuffer  0x5               myUSART.o
semaReadADC         0x2               myADC.o
timerTask           0x2               myTimer.o

Discarded input sections

 .data          0x00000000        0x0 c:/program files (x86)/atmel/atmel toolchain/avr8 gcc/native/3.4.1061/avr8-gnu-toolchain/bin/../lib/gcc/avr/4.8.1/../../../../avr/lib/avr6/crtm2560.o
 .bss           0x00000000        0x0 c:/program files (x86)/atmel/atmel toolchain/avr8 gcc/native/3.4.1061/avr8-gnu-toolchain/bin/../lib/gcc/avr/4.8.1/../../../../avr/lib/avr6/crtm2560.o
 .text          0x00000000        0x0 debugPrint.o
 .data          0x00000000        0x0 debugPrint.o
 .bss           0x00000000        0x0 debugPrint.o
 .debug_line    0x00000000        0x0 debugPrint.o
 .debug_str     0x00000000        0x0 debugPrint.o
 .comment       0x00000000       0x31 debugPrint.o
 .text          0x00000000        0x0 FreeRTOS2560.o
 .data          0x00000000        0x0 FreeRTOS2560.o
 .bss           0x00000000        0x0 FreeRTOS2560.o
 .text.vApplicationIdleHook
                0x00000000        0x2 FreeRTOS2560.o
 .text.setDigitalInputPowerReduction
                0x00000000        0x2 FreeRTOS2560.o
 .text          0x00000000        0x0 heap_1.o
 .data          0x00000000        0x0 heap_1.o
 .bss           0x00000000        0x0 heap_1.o
 .text.vPortInitialiseBlocks
                0x00000000        0xa heap_1.o
 .text.xPortGetFreeHeapSize
                0x00000000       0x12 heap_1.o
 .text          0x00000000        0x0 list.o
 .data          0x00000000        0x0 list.o
 .bss           0x00000000        0x0 list.o
 .text          0x00000000        0x0 myMaxSonar.o
 .data          0x00000000        0x0 myMaxSonar.o
 .bss           0x00000000        0x0 myMaxSonar.o
 .text.MaxSonar_ReadRaw
                0x00000000        0x8 myMaxSonar.o
 .text          0x00000000        0x0 myADC.o
 .data          0x00000000        0x0 myADC.o
 .bss           0x00000000        0x0 myADC.o
 .text          0x00000000        0x0 myTimer.o
 .data          0x00000000        0x0 myTimer.o
 .bss           0x00000000        0x0 myTimer.o
 .text.readTimer
                0x00000000        0x4 myTimer.o
 .text          0x00000000        0x0 myUSART.o
 .data          0x00000000        0x0 myUSART.o
 .bss           0x00000000        0x0 myUSART.o
 .text.transmitUSART1
                0x00000000       0x1e myUSART.o
 .text.receiveUSART0
                0x00000000       0x4a myUSART.o
 .text.receiveHandShakeAck
                0x00000000        0xc myUSART.o
 .text.receiveHandShakeStart
                0x00000000        0xa myUSART.o
 .text.receiveHandShakeFin
                0x00000000        0xc myUSART.o
 .text          0x00000000        0x0 port.o
 .data          0x00000000        0x0 port.o
 .bss           0x00000000        0x0 port.o
 .text.vPortEndScheduler
                0x00000000        0x2 port.o
 .text          0x00000000        0x0 queue.o
 .data          0x00000000        0x0 queue.o
 .bss           0x00000000        0x0 queue.o
 .text.xQueueReceiveFromISR
                0x00000000       0x66 queue.o
 .text.xQueuePeekFromISR
                0x00000000       0x2e queue.o
 .text.uxQueueMessagesWaiting
                0x00000000       0x10 queue.o
 .text.uxQueueSpacesAvailable
                0x00000000       0x16 queue.o
 .text.uxQueueMessagesWaitingFromISR
                0x00000000        0x6 queue.o
 .text.vQueueDelete
                0x00000000       0x1e queue.o
 .text.xQueueIsQueueEmptyFromISR
                0x00000000        0xc queue.o
 .text.xQueueIsQueueFullFromISR
                0x00000000        0xe queue.o
 .text          0x00000000        0x0 ringBuffer.o
 .data          0x00000000        0x0 ringBuffer.o
 .bss           0x00000000        0x0 ringBuffer.o
 .text.ringBufferClear
                0x00000000        0x6 ringBuffer.o
 .text          0x00000000        0x0 tasks.o
 .data          0x00000000        0x0 tasks.o
 .bss           0x00000000        0x0 tasks.o
 .text.vTaskDelete
                0x00000000       0x8e tasks.o
 .text.xTaskResumeFromISR
                0x00000000       0xaa tasks.o
 .text.vTaskEndScheduler
                0x00000000        0xc tasks.o
 .text.xTaskGetTickCount
                0x00000000       0x14 tasks.o
 .text.xTaskGetTickCountFromISR
                0x00000000        0xa tasks.o
 .text.uxTaskGetNumberOfTasks
                0x00000000        0x6 tasks.o
 .text.vTaskDelayUntil
                0x00000000       0x84 tasks.o
 .text.vTaskPlaceOnUnorderedEventList
                0x00000000       0x66 tasks.o
 .text.xTaskRemoveFromUnorderedEventList
                0x00000000       0x74 tasks.o
 .text.xTaskGetCurrentTaskHandle
                0x00000000        0xa tasks.o
 .text.uxTaskResetEventItemValue
                0x00000000       0x2e tasks.o
 .text          0x00000000        0x0 c:/program files (x86)/atmel/atmel toolchain/avr8 gcc/native/3.4.1061/avr8-gnu-toolchain/bin/../lib/gcc/avr/4.8.1/avr6\libgcc.a(_divmodhi4.o)
 .data          0x00000000        0x0 c:/program files (x86)/atmel/atmel toolchain/avr8 gcc/native/3.4.1061/avr8-gnu-toolchain/bin/../lib/gcc/avr/4.8.1/avr6\libgcc.a(_divmodhi4.o)
 .bss           0x00000000        0x0 c:/program files (x86)/atmel/atmel toolchain/avr8 gcc/native/3.4.1061/avr8-gnu-toolchain/bin/../lib/gcc/avr/4.8.1/avr6\libgcc.a(_divmodhi4.o)
 .text.libgcc.mul
                0x00000000        0x0 c:/program files (x86)/atmel/atmel toolchain/avr8 gcc/native/3.4.1061/avr8-gnu-toolchain/bin/../lib/gcc/avr/4.8.1/avr6\libgcc.a(_divmodhi4.o)
 .text.libgcc   0x00000000        0x0 c:/program files (x86)/atmel/atmel toolchain/avr8 gcc/native/3.4.1061/avr8-gnu-toolchain/bin/../lib/gcc/avr/4.8.1/avr6\libgcc.a(_divmodhi4.o)
 .text.libgcc.prologue
                0x00000000        0x0 c:/program files (x86)/atmel/atmel toolchain/avr8 gcc/native/3.4.1061/avr8-gnu-toolchain/bin/../lib/gcc/avr/4.8.1/avr6\libgcc.a(_divmodhi4.o)
 .text.libgcc.builtins
                0x00000000        0x0 c:/program files (x86)/atmel/atmel toolchain/avr8 gcc/native/3.4.1061/avr8-gnu-toolchain/bin/../lib/gcc/avr/4.8.1/avr6\libgcc.a(_divmodhi4.o)
 .text.libgcc.fmul
                0x00000000        0x0 c:/program files (x86)/atmel/atmel toolchain/avr8 gcc/native/3.4.1061/avr8-gnu-toolchain/bin/../lib/gcc/avr/4.8.1/avr6\libgcc.a(_divmodhi4.o)
 .text.libgcc.fixed
                0x00000000        0x0 c:/program files (x86)/atmel/atmel toolchain/avr8 gcc/native/3.4.1061/avr8-gnu-toolchain/bin/../lib/gcc/avr/4.8.1/avr6\libgcc.a(_divmodhi4.o)
 .text          0x00000000        0x0 c:/program files (x86)/atmel/atmel toolchain/avr8 gcc/native/3.4.1061/avr8-gnu-toolchain/bin/../lib/gcc/avr/4.8.1/avr6\libgcc.a(_exit.o)
 .data          0x00000000        0x0 c:/program files (x86)/atmel/atmel toolchain/avr8 gcc/native/3.4.1061/avr8-gnu-toolchain/bin/../lib/gcc/avr/4.8.1/avr6\libgcc.a(_exit.o)
 .bss           0x00000000        0x0 c:/program files (x86)/atmel/atmel toolchain/avr8 gcc/native/3.4.1061/avr8-gnu-toolchain/bin/../lib/gcc/avr/4.8.1/avr6\libgcc.a(_exit.o)
 .text.libgcc.mul
                0x00000000        0x0 c:/program files (x86)/atmel/atmel toolchain/avr8 gcc/native/3.4.1061/avr8-gnu-toolchain/bin/../lib/gcc/avr/4.8.1/avr6\libgcc.a(_exit.o)
 .text.libgcc.div
                0x00000000        0x0 c:/program files (x86)/atmel/atmel toolchain/avr8 gcc/native/3.4.1061/avr8-gnu-toolchain/bin/../lib/gcc/avr/4.8.1/avr6\libgcc.a(_exit.o)
 .text.libgcc   0x00000000        0x0 c:/program files (x86)/atmel/atmel toolchain/avr8 gcc/native/3.4.1061/avr8-gnu-toolchain/bin/../lib/gcc/avr/4.8.1/avr6\libgcc.a(_exit.o)
 .text.libgcc.prologue
                0x00000000        0x0 c:/program files (x86)/atmel/atmel toolchain/avr8 gcc/native/3.4.1061/avr8-gnu-toolchain/bin/../lib/gcc/avr/4.8.1/avr6\libgcc.a(_exit.o)
 .text.libgcc.builtins
                0x00000000        0x0 c:/program files (x86)/atmel/atmel toolchain/avr8 gcc/native/3.4.1061/avr8-gnu-toolchain/bin/../lib/gcc/avr/4.8.1/avr6\libgcc.a(_exit.o)
 .text.libgcc.fmul
                0x00000000        0x0 c:/program files (x86)/atmel/atmel toolchain/avr8 gcc/native/3.4.1061/avr8-gnu-toolchain/bin/../lib/gcc/avr/4.8.1/avr6\libgcc.a(_exit.o)
 .text.libgcc.fixed
                0x00000000        0x0 c:/program files (x86)/atmel/atmel toolchain/avr8 gcc/native/3.4.1061/avr8-gnu-toolchain/bin/../lib/gcc/avr/4.8.1/avr6\libgcc.a(_exit.o)
 .text          0x00000000        0x0 c:/program files (x86)/atmel/atmel toolchain/avr8 gcc/native/3.4.1061/avr8-gnu-toolchain/bin/../lib/gcc/avr/4.8.1/avr6\libgcc.a(_copy_data.o)
 .data          0x00000000        0x0 c:/program files (x86)/atmel/atmel toolchain/avr8 gcc/native/3.4.1061/avr8-gnu-toolchain/bin/../lib/gcc/avr/4.8.1/avr6\libgcc.a(_copy_data.o)
 .bss           0x00000000        0x0 c:/program files (x86)/atmel/atmel toolchain/avr8 gcc/native/3.4.1061/avr8-gnu-toolchain/bin/../lib/gcc/avr/4.8.1/avr6\libgcc.a(_copy_data.o)
 .text.libgcc.mul
                0x00000000        0x0 c:/program files (x86)/atmel/atmel toolchain/avr8 gcc/native/3.4.1061/avr8-gnu-toolchain/bin/../lib/gcc/avr/4.8.1/avr6\libgcc.a(_copy_data.o)
 .text.libgcc.div
                0x00000000        0x0 c:/program files (x86)/atmel/atmel toolchain/avr8 gcc/native/3.4.1061/avr8-gnu-toolchain/bin/../lib/gcc/avr/4.8.1/avr6\libgcc.a(_copy_data.o)
 .text.libgcc   0x00000000        0x0 c:/program files (x86)/atmel/atmel toolchain/avr8 gcc/native/3.4.1061/avr8-gnu-toolchain/bin/../lib/gcc/avr/4.8.1/avr6\libgcc.a(_copy_data.o)
 .text.libgcc.prologue
                0x00000000        0x0 c:/program files (x86)/atmel/atmel toolchain/avr8 gcc/native/3.4.1061/avr8-gnu-toolchain/bin/../lib/gcc/avr/4.8.1/avr6\libgcc.a(_copy_data.o)
 .text.libgcc.builtins
                0x00000000        0x0 c:/program files (x86)/atmel/atmel toolchain/avr8 gcc/native/3.4.1061/avr8-gnu-toolchain/bin/../lib/gcc/avr/4.8.1/avr6\libgcc.a(_copy_data.o)
 .text.libgcc.fmul
                0x00000000        0x0 c:/program files (x86)/atmel/atmel toolchain/avr8 gcc/native/3.4.1061/avr8-gnu-toolchain/bin/../lib/gcc/avr/4.8.1/avr6\libgcc.a(_copy_data.o)
 .text.libgcc.fixed
                0x00000000        0x0 c:/program files (x86)/atmel/atmel toolchain/avr8 gcc/native/3.4.1061/avr8-gnu-toolchain/bin/../lib/gcc/avr/4.8.1/avr6\libgcc.a(_copy_data.o)
 .text          0x00000000        0x0 c:/program files (x86)/atmel/atmel toolchain/avr8 gcc/native/3.4.1061/avr8-gnu-toolchain/bin/../lib/gcc/avr/4.8.1/avr6\libgcc.a(_clear_bss.o)
 .data          0x00000000        0x0 c:/program files (x86)/atmel/atmel toolchain/avr8 gcc/native/3.4.1061/avr8-gnu-toolchain/bin/../lib/gcc/avr/4.8.1/avr6\libgcc.a(_clear_bss.o)
 .bss           0x00000000        0x0 c:/program files (x86)/atmel/atmel toolchain/avr8 gcc/native/3.4.1061/avr8-gnu-toolchain/bin/../lib/gcc/avr/4.8.1/avr6\libgcc.a(_clear_bss.o)
 .text.libgcc.mul
                0x00000000        0x0 c:/program files (x86)/atmel/atmel toolchain/avr8 gcc/native/3.4.1061/avr8-gnu-toolchain/bin/../lib/gcc/avr/4.8.1/avr6\libgcc.a(_clear_bss.o)
 .text.libgcc.div
                0x00000000        0x0 c:/program files (x86)/atmel/atmel toolchain/avr8 gcc/native/3.4.1061/avr8-gnu-toolchain/bin/../lib/gcc/avr/4.8.1/avr6\libgcc.a(_clear_bss.o)
 .text.libgcc   0x00000000        0x0 c:/program files (x86)/atmel/atmel toolchain/avr8 gcc/native/3.4.1061/avr8-gnu-toolchain/bin/../lib/gcc/avr/4.8.1/avr6\libgcc.a(_clear_bss.o)
 .text.libgcc.prologue
                0x00000000        0x0 c:/program files (x86)/atmel/atmel toolchain/avr8 gcc/native/3.4.1061/avr8-gnu-toolchain/bin/../lib/gcc/avr/4.8.1/avr6\libgcc.a(_clear_bss.o)
 .text.libgcc.builtins
                0x00000000        0x0 c:/program files (x86)/atmel/atmel toolchain/avr8 gcc/native/3.4.1061/avr8-gnu-toolchain/bin/../lib/gcc/avr/4.8.1/avr6\libgcc.a(_clear_bss.o)
 .text.libgcc.fmul
                0x00000000        0x0 c:/program files (x86)/atmel/atmel toolchain/avr8 gcc/native/3.4.1061/avr8-gnu-toolchain/bin/../lib/gcc/avr/4.8.1/avr6\libgcc.a(_clear_bss.o)
 .text.libgcc.fixed
                0x00000000        0x0 c:/program files (x86)/atmel/atmel toolchain/avr8 gcc/native/3.4.1061/avr8-gnu-toolchain/bin/../lib/gcc/avr/4.8.1/avr6\libgcc.a(_clear_bss.o)
 .text          0x00000000        0x0 c:/program files (x86)/atmel/atmel toolchain/avr8 gcc/native/3.4.1061/avr8-gnu-toolchain/bin/../lib/gcc/avr/4.8.1/avr6\libgcc.a(_udivmodhi4.o)
 .data          0x00000000        0x0 c:/program files (x86)/atmel/atmel toolchain/avr8 gcc/native/3.4.1061/avr8-gnu-toolchain/bin/../lib/gcc/avr/4.8.1/avr6\libgcc.a(_udivmodhi4.o)
 .bss           0x00000000        0x0 c:/program files (x86)/atmel/atmel toolchain/avr8 gcc/native/3.4.1061/avr8-gnu-toolchain/bin/../lib/gcc/avr/4.8.1/avr6\libgcc.a(_udivmodhi4.o)
 .text.libgcc.mul
                0x00000000        0x0 c:/program files (x86)/atmel/atmel toolchain/avr8 gcc/native/3.4.1061/avr8-gnu-toolchain/bin/../lib/gcc/avr/4.8.1/avr6\libgcc.a(_udivmodhi4.o)
 .text.libgcc   0x00000000        0x0 c:/program files (x86)/atmel/atmel toolchain/avr8 gcc/native/3.4.1061/avr8-gnu-toolchain/bin/../lib/gcc/avr/4.8.1/avr6\libgcc.a(_udivmodhi4.o)
 .text.libgcc.prologue
                0x00000000        0x0 c:/program files (x86)/atmel/atmel toolchain/avr8 gcc/native/3.4.1061/avr8-gnu-toolchain/bin/../lib/gcc/avr/4.8.1/avr6\libgcc.a(_udivmodhi4.o)
 .text.libgcc.builtins
                0x00000000        0x0 c:/program files (x86)/atmel/atmel toolchain/avr8 gcc/native/3.4.1061/avr8-gnu-toolchain/bin/../lib/gcc/avr/4.8.1/avr6\libgcc.a(_udivmodhi4.o)
 .text.libgcc.fmul
                0x00000000        0x0 c:/program files (x86)/atmel/atmel toolchain/avr8 gcc/native/3.4.1061/avr8-gnu-toolchain/bin/../lib/gcc/avr/4.8.1/avr6\libgcc.a(_udivmodhi4.o)
 .text.libgcc.fixed
                0x00000000        0x0 c:/program files (x86)/atmel/atmel toolchain/avr8 gcc/native/3.4.1061/avr8-gnu-toolchain/bin/../lib/gcc/avr/4.8.1/avr6\libgcc.a(_udivmodhi4.o)
 .text          0x00000000        0x0 c:/program files (x86)/atmel/atmel toolchain/avr8 gcc/native/3.4.1061/avr8-gnu-toolchain/bin/../lib/gcc/avr/4.8.1/../../../../avr/lib/avr6\libc.a(memcpy.o)
 .data          0x00000000        0x0 c:/program files (x86)/atmel/atmel toolchain/avr8 gcc/native/3.4.1061/avr8-gnu-toolchain/bin/../lib/gcc/avr/4.8.1/../../../../avr/lib/avr6\libc.a(memcpy.o)
 .bss           0x00000000        0x0 c:/program files (x86)/atmel/atmel toolchain/avr8 gcc/native/3.4.1061/avr8-gnu-toolchain/bin/../lib/gcc/avr/4.8.1/../../../../avr/lib/avr6\libc.a(memcpy.o)
 .text          0x00000000        0x0 c:/program files (x86)/atmel/atmel toolchain/avr8 gcc/native/3.4.1061/avr8-gnu-toolchain/bin/../lib/gcc/avr/4.8.1/../../../../avr/lib/avr6\libc.a(itoa_ncheck.o)
 .data          0x00000000        0x0 c:/program files (x86)/atmel/atmel toolchain/avr8 gcc/native/3.4.1061/avr8-gnu-toolchain/bin/../lib/gcc/avr/4.8.1/../../../../avr/lib/avr6\libc.a(itoa_ncheck.o)
 .bss           0x00000000        0x0 c:/program files (x86)/atmel/atmel toolchain/avr8 gcc/native/3.4.1061/avr8-gnu-toolchain/bin/../lib/gcc/avr/4.8.1/../../../../avr/lib/avr6\libc.a(itoa_ncheck.o)
 .text          0x00000000        0x0 c:/program files (x86)/atmel/atmel toolchain/avr8 gcc/native/3.4.1061/avr8-gnu-toolchain/bin/../lib/gcc/avr/4.8.1/../../../../avr/lib/avr6\libc.a(utoa_ncheck.o)
 .data          0x00000000        0x0 c:/program files (x86)/atmel/atmel toolchain/avr8 gcc/native/3.4.1061/avr8-gnu-toolchain/bin/../lib/gcc/avr/4.8.1/../../../../avr/lib/avr6\libc.a(utoa_ncheck.o)
 .bss           0x00000000        0x0 c:/program files (x86)/atmel/atmel toolchain/avr8 gcc/native/3.4.1061/avr8-gnu-toolchain/bin/../lib/gcc/avr/4.8.1/../../../../avr/lib/avr6\libc.a(utoa_ncheck.o)
 .text          0x00000000        0x0 c:/program files (x86)/atmel/atmel toolchain/avr8 gcc/native/3.4.1061/avr8-gnu-toolchain/bin/../lib/gcc/avr/4.8.1/../../../../avr/lib/avr6\libc.a(strrev.o)
 .data          0x00000000        0x0 c:/program files (x86)/atmel/atmel toolchain/avr8 gcc/native/3.4.1061/avr8-gnu-toolchain/bin/../lib/gcc/avr/4.8.1/../../../../avr/lib/avr6\libc.a(strrev.o)
 .bss           0x00000000        0x0 c:/program files (x86)/atmel/atmel toolchain/avr8 gcc/native/3.4.1061/avr8-gnu-toolchain/bin/../lib/gcc/avr/4.8.1/../../../../avr/lib/avr6\libc.a(strrev.o)

Memory Configuration

Name             Origin             Length             Attributes
text             0x00000000         0x00100000         xr
data             0x00800200         0x0000fe00         rw !x
eeprom           0x00810000         0x00010000         rw !x
fuse             0x00820000         0x00000400         rw !x
lock             0x00830000         0x00000400         rw !x
signature        0x00840000         0x00000400         rw !x
user_signatures  0x00850000         0x00000400         rw !x
*default*        0x00000000         0xffffffff

Linker script and memory map

Address of section .data set to 0x800200
LOAD c:/program files (x86)/atmel/atmel toolchain/avr8 gcc/native/3.4.1061/avr8-gnu-toolchain/bin/../lib/gcc/avr/4.8.1/../../../../avr/lib/avr6/crtm2560.o
LOAD debugPrint.o
LOAD FreeRTOS2560.o
LOAD heap_1.o
LOAD list.o
LOAD myMaxSonar.o
LOAD myADC.o
LOAD myTimer.o
LOAD myUSART.o
LOAD port.o
LOAD queue.o
LOAD ringBuffer.o
LOAD tasks.o
START GROUP
LOAD c:/program files (x86)/atmel/atmel toolchain/avr8 gcc/native/3.4.1061/avr8-gnu-toolchain/bin/../lib/gcc/avr/4.8.1/../../../../avr/lib/avr6\libm.a
LOAD C:\Users\tienlong\Desktop\CG3002\Project\arduino\Arduino\Debug\libarduino.a
END GROUP
START GROUP
LOAD c:/program files (x86)/atmel/atmel toolchain/avr8 gcc/native/3.4.1061/avr8-gnu-toolchain/bin/../lib/gcc/avr/4.8.1/avr6\libgcc.a
LOAD c:/program files (x86)/atmel/atmel toolchain/avr8 gcc/native/3.4.1061/avr8-gnu-toolchain/bin/../lib/gcc/avr/4.8.1/../../../../avr/lib/avr6\libm.a
LOAD c:/program files (x86)/atmel/atmel toolchain/avr8 gcc/native/3.4.1061/avr8-gnu-toolchain/bin/../lib/gcc/avr/4.8.1/../../../../avr/lib/avr6\libc.a
END GROUP

.hash
 *(.hash)

.dynsym
 *(.dynsym)

.dynstr
 *(.dynstr)

.gnu.version
 *(.gnu.version)

.gnu.version_d
 *(.gnu.version_d)

.gnu.version_r
 *(.gnu.version_r)

.rel.init
 *(.rel.init)

.rela.init
 *(.rela.init)

.rel.text
 *(.rel.text)
 *(.rel.text.*)
 *(.rel.gnu.linkonce.t*)

.rela.text
 *(.rela.text)
 *(.rela.text.*)
 *(.rela.gnu.linkonce.t*)

.rel.fini
 *(.rel.fini)

.rela.fini
 *(.rela.fini)

.rel.rodata
 *(.rel.rodata)
 *(.rel.rodata.*)
 *(.rel.gnu.linkonce.r*)

.rela.rodata
 *(.rela.rodata)
 *(.rela.rodata.*)
 *(.rela.gnu.linkonce.r*)

.rel.data
 *(.rel.data)
 *(.rel.data.*)
 *(.rel.gnu.linkonce.d*)

.rela.data
 *(.rela.data)
 *(.rela.data.*)
 *(.rela.gnu.linkonce.d*)

.rel.ctors
 *(.rel.ctors)

.rela.ctors
 *(.rela.ctors)

.rel.dtors
 *(.rel.dtors)

.rela.dtors
 *(.rela.dtors)

.rel.got
 *(.rel.got)

.rela.got
 *(.rela.got)

.rel.bss
 *(.rel.bss)

.rela.bss
 *(.rela.bss)

.rel.plt
 *(.rel.plt)

.rela.plt
 *(.rela.plt)

.text           0x00000000     0x1eec
 *(.vectors)
 .vectors       0x00000000       0xe4 c:/program files (x86)/atmel/atmel toolchain/avr8 gcc/native/3.4.1061/avr8-gnu-toolchain/bin/../lib/gcc/avr/4.8.1/../../../../avr/lib/avr6/crtm2560.o
                0x00000000                __vector_default
                0x00000000                __vectors
 *(.vectors)
 *(.progmem.gcc*)
                0x000000e4                . = ALIGN (0x2)
                0x000000e4                __trampolines_start = .
 *(.trampolines)
 .trampolines   0x000000e4        0x0 linker stubs
 *(.trampolines*)
                0x000000e4                __trampolines_end = .
 *(.progmem*)
                0x000000e4                . = ALIGN (0x2)
 *(.jumptables)
 *(.jumptables*)
 *(.lowtext)
 *(.lowtext*)
                0x000000e4                __ctors_start = .
 *(.ctors)
                0x000000e4                __ctors_end = .
                0x000000e4                __dtors_start = .
 *(.dtors)
                0x000000e4                __dtors_end = .
 SORT(*)(.ctors)
 SORT(*)(.dtors)
 *(.init0)
 .init0         0x000000e4        0x0 c:/program files (x86)/atmel/atmel toolchain/avr8 gcc/native/3.4.1061/avr8-gnu-toolchain/bin/../lib/gcc/avr/4.8.1/../../../../avr/lib/avr6/crtm2560.o
                0x000000e4                __init
 *(.init0)
 *(.init1)
 *(.init1)
 *(.init2)
 .init2         0x000000e4       0x10 c:/program files (x86)/atmel/atmel toolchain/avr8 gcc/native/3.4.1061/avr8-gnu-toolchain/bin/../lib/gcc/avr/4.8.1/../../../../avr/lib/avr6/crtm2560.o
 *(.init2)
 *(.init3)
 *(.init3)
 *(.init4)
 .init4         0x000000f4       0x1a c:/program files (x86)/atmel/atmel toolchain/avr8 gcc/native/3.4.1061/avr8-gnu-toolchain/bin/../lib/gcc/avr/4.8.1/avr6\libgcc.a(_copy_data.o)
                0x000000f4                __do_copy_data
 .init4         0x0000010e       0x10 c:/program files (x86)/atmel/atmel toolchain/avr8 gcc/native/3.4.1061/avr8-gnu-toolchain/bin/../lib/gcc/avr/4.8.1/avr6\libgcc.a(_clear_bss.o)
                0x0000010e                __do_clear_bss
 *(.init4)
 *(.init5)
 *(.init5)
 *(.init6)
 *(.init6)
 *(.init7)
 *(.init7)
 *(.init8)
 *(.init8)
 *(.init9)
 .init9         0x0000011e        0x6 c:/program files (x86)/atmel/atmel toolchain/avr8 gcc/native/3.4.1061/avr8-gnu-toolchain/bin/../lib/gcc/avr/4.8.1/../../../../avr/lib/avr6/crtm2560.o
 *(.init9)
 *(.text)
 .text          0x00000124        0x2 c:/program files (x86)/atmel/atmel toolchain/avr8 gcc/native/3.4.1061/avr8-gnu-toolchain/bin/../lib/gcc/avr/4.8.1/../../../../avr/lib/avr6/crtm2560.o
                0x00000124                __vector_38
                0x00000124                __vector_22
                0x00000124                __vector_28
                0x00000124                __vector_1
                0x00000124                __vector_32
                0x00000124                __vector_34
                0x00000124                __vector_24
                0x00000124                __vector_12
                0x00000124                __vector_55
                0x00000124                __vector_46
                0x00000124                __bad_interrupt
                0x00000124                __vector_6
                0x00000124                __vector_31
                0x00000124                __vector_35
                0x00000124                __vector_39
                0x00000124                __vector_3
                0x00000124                __vector_23
                0x00000124                __vector_30
                0x00000124                __vector_45
                0x00000124                __vector_11
                0x00000124                __vector_54
                0x00000124                __vector_13
                0x00000124                __vector_17
                0x00000124                __vector_19
                0x00000124                __vector_56
                0x00000124                __vector_7
                0x00000124                __vector_49
                0x00000124                __vector_41
                0x00000124                __vector_43
                0x00000124                __vector_27
                0x00000124                __vector_5
                0x00000124                __vector_33
                0x00000124                __vector_47
                0x00000124                __vector_52
                0x00000124                __vector_4
                0x00000124                __vector_44
                0x00000124                __vector_51
                0x00000124                __vector_9
                0x00000124                __vector_2
                0x00000124                __vector_15
                0x00000124                __vector_40
                0x00000124                __vector_8
                0x00000124                __vector_48
                0x00000124                __vector_14
                0x00000124                __vector_53
                0x00000124                __vector_10
                0x00000124                __vector_50
                0x00000124                __vector_16
                0x00000124                __vector_18
                0x00000124                __vector_20
                0x00000124                __vector_42
                0x00000126                . = ALIGN (0x2)
 *(.text.*)
 .text.task1    0x00000126       0x18 FreeRTOS2560.o
                0x00000126                task1
 .text.task2    0x0000013e       0x18 FreeRTOS2560.o
                0x0000013e                task2
 .text.RPI_receiveTask
                0x00000156        0xa FreeRTOS2560.o
                0x00000156                RPI_receiveTask
 .text.RPI_sendTask
                0x00000160        0xa FreeRTOS2560.o
                0x00000160                RPI_sendTask
 .text.maxSonarTask
                0x0000016a       0xe2 FreeRTOS2560.o
                0x0000016a                maxSonarTask
 .text.myTimerTask
                0x0000024c        0x6 FreeRTOS2560.o
                0x0000024c                myTimerTask
 .text.setPowerReduction
                0x00000252        0xe FreeRTOS2560.o
                0x00000252                setPowerReduction
 .text.clearTimer
                0x00000260       0x3e FreeRTOS2560.o
                0x00000260                clearTimer
 .text.init     0x0000029e       0x20 FreeRTOS2560.o
                0x0000029e                init
 .text.main     0x000002be       0xc8 FreeRTOS2560.o
                0x000002be                main
 .text.pvPortMalloc
                0x00000386       0x6a heap_1.o
                0x00000386                pvPortMalloc
 .text.vPortFree
                0x000003f0        0x2 heap_1.o
                0x000003f0                vPortFree
 .text.vListInitialise
                0x000003f2       0x1c list.o
                0x000003f2                vListInitialise
 .text.vListInitialiseItem
                0x0000040e        0x8 list.o
                0x0000040e                vListInitialiseItem
 .text.vListInsertEnd
                0x00000416       0x42 list.o
                0x00000416                vListInsertEnd
 .text.vListInsert
                0x00000458       0x62 list.o
                0x00000458                vListInsert
 .text.uxListRemove
                0x000004ba       0x4c list.o
                0x000004ba                uxListRemove
 .text.MaxSonar_Start
                0x00000506        0xe myMaxSonar.o
                0x00000506                MaxSonar_Start
 .text.MaxSonar_Read
                0x00000514       0x14 myMaxSonar.o
                0x00000514                MaxSonar_Read
 .text.__vector_29
                0x00000528       0x68 myADC.o
                0x00000528                __vector_29
 .text.ADC_Init
                0x00000590       0x3a myADC.o
                0x00000590                ADC_Init
 .text.startADC
                0x000005ca       0x52 myADC.o
                0x000005ca                startADC
 .text.readADC  0x0000061c       0x2e myADC.o
                0x0000061c                readADC
 .text.analogRead
                0x0000064a        0xe myADC.o
                0x0000064a                analogRead
 .text.MyTimer_Init
                0x00000658       0x24 myTimer.o
                0x00000658                MyTimer_Init
 .text.delayMicro
                0x0000067c       0x40 myTimer.o
                0x0000067c                delayMicro
 .text.delayMicroCheck
                0x000006bc       0x30 myTimer.o
                0x000006bc                delayMicroCheck
 .text.__vector_36
                0x000006ec       0x70 myUSART.o
                0x000006ec                __vector_36
 .text.__vector_25
                0x0000075c       0x70 myUSART.o
                0x0000075c                __vector_25
 .text.__vector_37
                0x000007cc       0x6c myUSART.o
                0x000007cc                __vector_37
 .text.__vector_26
                0x00000838       0x6c myUSART.o
                0x00000838                __vector_26
 .text.USART0_Init
                0x000008a4       0x40 myUSART.o
                0x000008a4                USART0_Init
 .text.USART1_Init
                0x000008e4       0x40 myUSART.o
                0x000008e4                USART1_Init
 .text.transmitUSART0_c
                0x00000924       0x2e myUSART.o
                0x00000924                transmitUSART0_c
 .text.transmitUSART1_c
                0x00000952       0x2e myUSART.o
                0x00000952                transmitUSART1_c
 .text.transmitUSART0
                0x00000980       0x1c myUSART.o
                0x00000980                transmitUSART0
 .text.receiveUSART1
                0x0000099c       0x42 myUSART.o
                0x0000099c                receiveUSART1
 .text.startHandShake
                0x000009de       0x16 myUSART.o
                0x000009de                startHandShake
 .text.waitForHandshake
                0x000009f4       0x1e myUSART.o
                0x000009f4                waitForHandshake
 .text.pxPortInitialiseStack
                0x00000a12       0xe4 port.o
                0x00000a12                pxPortInitialiseStack
 .text.xPortStartScheduler
                0x00000af6       0x7a port.o
                0x00000af6                xPortStartScheduler
 .text.vPortYield
                0x00000b70       0xc0 port.o
                0x00000b70                vPortYield
 .text.vPortYieldFromTick
                0x00000c30       0xc4 port.o
                0x00000c30                vPortYieldFromTick
 .text.__vector_21
                0x00000cf4        0x4 port.o
                0x00000cf4                __vector_21
 .text.prvCopyDataToQueue
                0x00000cf8       0xc4 queue.o
 .text.prvCopyDataFromQueue
                0x00000dbc       0x34 queue.o
 .text.prvUnlockQueue
                0x00000df0       0x8c queue.o
 .text.xQueueGenericReset
                0x00000e7c       0x72 queue.o
                0x00000e7c                xQueueGenericReset
 .text.xQueueGenericCreate
                0x00000eee       0x54 queue.o
                0x00000eee                xQueueGenericCreate
 .text.xQueueGenericSend
                0x00000f42      0x126 queue.o
                0x00000f42                xQueueGenericSend
 .text.xQueueCreateMutex
                0x00001068       0x50 queue.o
                0x00001068                xQueueCreateMutex
 .text.xQueueGenericSendFromISR
                0x000010b8       0x74 queue.o
                0x000010b8                xQueueGenericSendFromISR
 .text.xQueueGenericReceive
                0x0000112c      0x166 queue.o
                0x0000112c                xQueueGenericReceive
 .text.ringBufferInit
                0x00001292        0xe ringBuffer.o
                0x00001292                ringBufferInit
 .text.ringBufferPop
                0x000012a0       0x24 ringBuffer.o
                0x000012a0                ringBufferPop
 .text.ringBufferPush
                0x000012c4       0x2c ringBuffer.o
                0x000012c4                ringBufferPush
 .text.ringBufferFull
                0x000012f0        0xe ringBuffer.o
                0x000012f0                ringBufferFull
 .text.ringBufferNotEmpty
                0x000012fe       0x10 ringBuffer.o
                0x000012fe                ringBufferNotEmpty
 .text.prvResetNextTaskUnblockTime
                0x0000130e       0x3e tasks.o
 .text.prvAddCurrentTaskToDelayedList
                0x0000134c       0x6a tasks.o
 .text.xTaskGenericCreate
                0x000013b6      0x22a tasks.o
                0x000013b6                xTaskGenericCreate
 .text.vTaskResume
                0x000015e0       0x96 tasks.o
                0x000015e0                vTaskResume
 .text.vTaskStartScheduler
                0x00001676       0x52 tasks.o
                0x00001676                vTaskStartScheduler
 .text.vTaskSuspendAll
                0x000016c8        0xc tasks.o
                0x000016c8                vTaskSuspendAll
 .text.xTaskIncrementTick
                0x000016d4      0x17c tasks.o
                0x000016d4                xTaskIncrementTick
 .text.xTaskResumeAll
                0x00001850      0x102 tasks.o
                0x00001850                xTaskResumeAll
 .text.vTaskDelay
                0x00001952       0x38 tasks.o
                0x00001952                vTaskDelay
 .text.prvIdleTask
                0x0000198a       0x72 tasks.o
 .text.vTaskSwitchContext
                0x000019fc       0xbc tasks.o
                0x000019fc                vTaskSwitchContext
 .text.vTaskSuspend
                0x00001ab8       0x98 tasks.o
                0x00001ab8                vTaskSuspend
 .text.vTaskPlaceOnEventList
                0x00001b50       0x56 tasks.o
                0x00001b50                vTaskPlaceOnEventList
 .text.xTaskRemoveFromEventList
                0x00001ba6       0x90 tasks.o
                0x00001ba6                xTaskRemoveFromEventList
 .text.vTaskSetTimeOutState
                0x00001c36       0x16 tasks.o
                0x00001c36                vTaskSetTimeOutState
 .text.xTaskCheckForTimeOut
                0x00001c4c       0x70 tasks.o
                0x00001c4c                xTaskCheckForTimeOut
 .text.vTaskMissedYield
                0x00001cbc        0x8 tasks.o
                0x00001cbc                vTaskMissedYield
 .text.vTaskPriorityInherit
                0x00001cc4       0xbc tasks.o
                0x00001cc4                vTaskPriorityInherit
 .text.xTaskPriorityDisinherit
                0x00001d80       0x7e tasks.o
                0x00001d80                xTaskPriorityDisinherit
 .text.pvTaskIncrementMutexHeldCount
                0x00001dfe       0x24 tasks.o
                0x00001dfe                pvTaskIncrementMutexHeldCount
 .text.libgcc.div
                0x00001e22       0x26 c:/program files (x86)/atmel/atmel toolchain/avr8 gcc/native/3.4.1061/avr8-gnu-toolchain/bin/../lib/gcc/avr/4.8.1/avr6\libgcc.a(_divmodhi4.o)
                0x00001e22                _div
                0x00001e22                __divmodhi4
 .text.libgcc.div
                0x00001e48       0x28 c:/program files (x86)/atmel/atmel toolchain/avr8 gcc/native/3.4.1061/avr8-gnu-toolchain/bin/../lib/gcc/avr/4.8.1/avr6\libgcc.a(_udivmodhi4.o)
                0x00001e48                __udivmodhi4
 .text.avr-libc
                0x00001e70       0x12 c:/program files (x86)/atmel/atmel toolchain/avr8 gcc/native/3.4.1061/avr8-gnu-toolchain/bin/../lib/gcc/avr/4.8.1/../../../../avr/lib/avr6\libc.a(memcpy.o)
                0x00001e70                memcpy
 .text.avr-libc
                0x00001e82       0x14 c:/program files (x86)/atmel/atmel toolchain/avr8 gcc/native/3.4.1061/avr8-gnu-toolchain/bin/../lib/gcc/avr/4.8.1/../../../../avr/lib/avr6\libc.a(itoa_ncheck.o)
                0x00001e82                __itoa_ncheck
 .text.avr-libc
                0x00001e96       0x32 c:/program files (x86)/atmel/atmel toolchain/avr8 gcc/native/3.4.1061/avr8-gnu-toolchain/bin/../lib/gcc/avr/4.8.1/../../../../avr/lib/avr6\libc.a(utoa_ncheck.o)
                0x00001e96                __utoa_ncheck
                0x00001e98                __utoa_common
 .text.avr-libc
                0x00001ec8       0x20 c:/program files (x86)/atmel/atmel toolchain/avr8 gcc/native/3.4.1061/avr8-gnu-toolchain/bin/../lib/gcc/avr/4.8.1/../../../../avr/lib/avr6\libc.a(strrev.o)
                0x00001ec8                strrev
                0x00001ee8                . = ALIGN (0x2)
 *(.fini9)
 .fini9         0x00001ee8        0x0 c:/program files (x86)/atmel/atmel toolchain/avr8 gcc/native/3.4.1061/avr8-gnu-toolchain/bin/../lib/gcc/avr/4.8.1/avr6\libgcc.a(_exit.o)
                0x00001ee8                _exit
                0x00001ee8                exit
 *(.fini9)
 *(.fini8)
 *(.fini8)
 *(.fini7)
 *(.fini7)
 *(.fini6)
 *(.fini6)
 *(.fini5)
 *(.fini5)
 *(.fini4)
 *(.fini4)
 *(.fini3)
 *(.fini3)
 *(.fini2)
 *(.fini2)
 *(.fini1)
 *(.fini1)
 *(.fini0)
 .fini0         0x00001ee8        0x4 c:/program files (x86)/atmel/atmel toolchain/avr8 gcc/native/3.4.1061/avr8-gnu-toolchain/bin/../lib/gcc/avr/4.8.1/avr6\libgcc.a(_exit.o)
 *(.fini0)
                0x00001eec                _etext = .

.data           0x00800200       0x8c load address 0x00001eec
                0x00800200                PROVIDE (__data_start, .)
 *(.data)
 *(.data*)
 .data.expectedTick
                0x00800200        0x1 myTimer.o
                0x00800200                expectedTick
 .data.xNextTaskUnblockTime
                0x00800201        0x2 tasks.o
 *(.rodata)
 *(.rodata*)
 .rodata.str1.1
                0x00800203       0x83 FreeRTOS2560.o
 .rodata.str1.1
                0x00800286        0x5 tasks.o
 *(.gnu.linkonce.d*)
                0x0080028c                . = ALIGN (0x2)
 *fill*         0x0080028b        0x1 
                0x0080028c                _edata = .
                0x0080028c                PROVIDE (__data_end, .)

.bss            0x0080028c      0x6ec
                0x0080028c                PROVIDE (__bss_start, .)
 *(.bss)
 *(.bss*)
 .bss.pucAlignedHeap.1837
                0x0080028c        0x2 heap_1.o
 .bss.xNextFreeByte
                0x0080028e        0x2 heap_1.o
 .bss.ucHeap    0x00800290      0x5dc heap_1.o
 .bss.uxSchedulerSuspended
                0x0080086c        0x1 tasks.o
 .bss.uxTaskNumber
                0x0080086d        0x1 tasks.o
 .bss.xNumOfOverflows
                0x0080086e        0x1 tasks.o
 .bss.xYieldPending
                0x0080086f        0x1 tasks.o
 .bss.uxPendedTicks
                0x00800870        0x1 tasks.o
 .bss.xSchedulerRunning
                0x00800871        0x1 tasks.o
 .bss.uxTopReadyPriority
                0x00800872        0x1 tasks.o
 .bss.xTickCount
                0x00800873        0x2 tasks.o
 .bss.uxCurrentNumberOfTasks
                0x00800875        0x1 tasks.o
 .bss.xSuspendedTaskList
                0x00800876        0x9 tasks.o
 .bss.uxTasksDeleted
                0x0080087f        0x1 tasks.o
 .bss.xTasksWaitingTermination
                0x00800880        0x9 tasks.o
 .bss.xPendingReadyList
                0x00800889        0x9 tasks.o
 .bss.pxOverflowDelayedTaskList
                0x00800892        0x2 tasks.o
 .bss.pxDelayedTaskList
                0x00800894        0x2 tasks.o
 .bss.xDelayedTaskList2
                0x00800896        0x9 tasks.o
 .bss.xDelayedTaskList1
                0x0080089f        0x9 tasks.o
 .bss.pxReadyTasksLists
                0x008008a8       0x2d tasks.o
 .bss.pxCurrentTCB
                0x008008d5        0x2 tasks.o
                0x008008d5                pxCurrentTCB
 *(COMMON)
 COMMON         0x008008d7        0x5 myADC.o
                0x008008d7                adcReading
                0x008008d8                semaGuardStartADC
                0x008008da                semaReadADC
 COMMON         0x008008dc        0x4 myTimer.o
                0x008008dc                semaDelayMicro
                0x008008de                timerTask
 COMMON         0x008008e0       0x98 myUSART.o
                0x008008e0                uart1_rxBuffer
                0x00800900                uart0_rxRingBuffer
                0x00800905                uart0_txBuffer
                0x00800925                uart0_rxBuffer
                0x00800945                uart1_txBuffer
                0x00800965                semaUsart0Receive
                0x00800967                semaUsart1Receive
                0x00800969                uart1_txRingBuffer
                0x0080096e                uart0_txRingBuffer
                0x00800973                uart1_rxRingBuffer
                0x00800978                PROVIDE (__bss_end, .)
                0x00001eec                __data_load_start = LOADADDR (.data)
                0x00001f78                __data_load_end = (__data_load_start + SIZEOF (.data))

.noinit         0x00800978        0x0
                0x00800978                PROVIDE (__noinit_start, .)
 *(.noinit*)
                0x00800978                PROVIDE (__noinit_end, .)
                0x00800978                _end = .
                0x00800978                PROVIDE (__heap_start, .)

.eeprom         0x00810000        0x0
 *(.eeprom*)
                0x00810000                __eeprom_end = .

.fuse
 *(.fuse)
 *(.lfuse)
 *(.hfuse)
 *(.efuse)

.lock
 *(.lock*)

.signature
 *(.signature*)

.user_signatures
 *(.user_signatures*)

.stab
 *(.stab)

.stabstr
 *(.stabstr)

.stab.excl
 *(.stab.excl)

.stab.exclstr
 *(.stab.exclstr)

.stab.index
 *(.stab.index)

.stab.indexstr
 *(.stab.indexstr)

.comment        0x00000000       0x30
 *(.comment)
 .comment       0x00000000       0x30 FreeRTOS2560.o
                                 0x31 (size before relaxing)
 .comment       0x00000000       0x31 heap_1.o
 .comment       0x00000000       0x31 list.o
 .comment       0x00000000       0x31 myMaxSonar.o
 .comment       0x00000000       0x31 myADC.o
 .comment       0x00000000       0x31 myTimer.o
 .comment       0x00000000       0x31 myUSART.o
 .comment       0x00000000       0x31 port.o
 .comment       0x00000000       0x31 queue.o
 .comment       0x00000000       0x31 ringBuffer.o
 .comment       0x00000000       0x31 tasks.o

.note.gnu.build-id
 *(.note.gnu.build-id)

.debug
 *(.debug)

.line
 *(.line)

.debug_srcinfo
 *(.debug_srcinfo)

.debug_sfnames
 *(.debug_sfnames)

.debug_aranges  0x00000000      0x478
 *(.debug_aranges)
 .debug_aranges
                0x00000000       0x78 FreeRTOS2560.o
 .debug_aranges
                0x00000078       0x38 heap_1.o
 .debug_aranges
                0x000000b0       0x40 list.o
 .debug_aranges
                0x000000f0       0x30 myMaxSonar.o
 .debug_aranges
                0x00000120       0x40 myADC.o
 .debug_aranges
                0x00000160       0x38 myTimer.o
 .debug_aranges
                0x00000198       0xa0 myUSART.o
 .debug_aranges
                0x00000238       0x48 port.o
 .debug_aranges
                0x00000280       0xa0 queue.o
 .debug_aranges
                0x00000320       0x48 ringBuffer.o
 .debug_aranges
                0x00000368      0x110 tasks.o

.debug_pubnames
 *(.debug_pubnames)

.debug_info     0x00000000     0x4dc2
 *(.debug_info .gnu.linkonce.wi.*)
 .debug_info    0x00000000      0xbfd FreeRTOS2560.o
 .debug_info    0x00000bfd      0x1ad heap_1.o
 .debug_info    0x00000daa      0x2c6 list.o
 .debug_info    0x00001070      0x14f myMaxSonar.o
 .debug_info    0x000011bf      0x39d myADC.o
 .debug_info    0x0000155c      0x2fc myTimer.o
 .debug_info    0x00001858      0x9bd myUSART.o
 .debug_info    0x00002215      0x20d port.o
 .debug_info    0x00002422     0x1023 queue.o
 .debug_info    0x00003445      0x20d ringBuffer.o
 .debug_info    0x00003652     0x1770 tasks.o

.debug_abbrev   0x00000000     0x1232
 *(.debug_abbrev)
 .debug_abbrev  0x00000000      0x30d FreeRTOS2560.o
 .debug_abbrev  0x0000030d      0x12e heap_1.o
 .debug_abbrev  0x0000043b       0xf8 list.o
 .debug_abbrev  0x00000533       0xc0 myMaxSonar.o
 .debug_abbrev  0x000005f3      0x126 myADC.o
 .debug_abbrev  0x00000719      0x149 myTimer.o
 .debug_abbrev  0x00000862      0x1f9 myUSART.o
 .debug_abbrev  0x00000a5b      0x13d port.o
 .debug_abbrev  0x00000b98      0x2b6 queue.o
 .debug_abbrev  0x00000e4e       0xd9 ringBuffer.o
 .debug_abbrev  0x00000f27      0x30b tasks.o

.debug_line     0x00000000     0x2f25
 *(.debug_line .debug_line.* .debug_line_end)
 .debug_line    0x00000000      0x590 FreeRTOS2560.o
 .debug_line    0x00000590      0x26e heap_1.o
 .debug_line    0x000007fe      0x282 list.o
 .debug_line    0x00000a80      0x155 myMaxSonar.o
 .debug_line    0x00000bd5      0x232 myADC.o
 .debug_line    0x00000e07      0x209 myTimer.o
 .debug_line    0x00001010      0x4ac myUSART.o
 .debug_line    0x000014bc      0x343 port.o
 .debug_line    0x000017ff      0x8f0 queue.o
 .debug_line    0x000020ef      0x14f ringBuffer.o
 .debug_line    0x0000223e      0xce7 tasks.o

.debug_frame    0x00000000      0xc88
 *(.debug_frame)
 .debug_frame   0x00000000       0xfc FreeRTOS2560.o
 .debug_frame   0x000000fc       0x60 heap_1.o
 .debug_frame   0x0000015c       0x88 list.o
 .debug_frame   0x000001e4       0x44 myMaxSonar.o
 .debug_frame   0x00000228       0xbc myADC.o
 .debug_frame   0x000002e4       0x54 myTimer.o
 .debug_frame   0x00000338      0x27c myUSART.o
 .debug_frame   0x000005b4       0x74 port.o
 .debug_frame   0x00000628      0x23c queue.o
 .debug_frame   0x00000864       0x74 ringBuffer.o
 .debug_frame   0x000008d8      0x3b0 tasks.o

.debug_str      0x00000000     0x1335
 *(.debug_str)
 .debug_str     0x00000000      0x3e1 FreeRTOS2560.o
                                0x42a (size before relaxing)
 .debug_str     0x000003e1       0xaf heap_1.o
                                0x226 (size before relaxing)
 .debug_str     0x00000490      0x129 list.o
                                0x2a1 (size before relaxing)
 .debug_str     0x000005b9       0x47 myMaxSonar.o
                                0x1c7 (size before relaxing)
 .debug_str     0x00000600       0xe1 myADC.o
                                0x283 (size before relaxing)
 .debug_str     0x000006e1       0x69 myTimer.o
                                0x28d (size before relaxing)
 .debug_str     0x0000074a      0x201 myUSART.o
                                0x44a (size before relaxing)
 .debug_str     0x0000094b       0xda port.o
                                0x277 (size before relaxing)
 .debug_str     0x00000a25      0x3b9 queue.o
                                0x6ea (size before relaxing)
 .debug_str     0x00000dde       0x36 ringBuffer.o
                                0x20c (size before relaxing)
 .debug_str     0x00000e14      0x521 tasks.o
                                0xa53 (size before relaxing)

.debug_loc      0x00000000     0x3533
 *(.debug_loc)
 .debug_loc     0x00000000      0x1f0 FreeRTOS2560.o
 .debug_loc     0x000001f0       0xf1 heap_1.o
 .debug_loc     0x000002e1      0x155 list.o
 .debug_loc     0x00000436       0x42 myMaxSonar.o
 .debug_loc     0x00000478      0x188 myADC.o
 .debug_loc     0x00000600       0x6d myTimer.o
 .debug_loc     0x0000066d      0x5af myUSART.o
 .debug_loc     0x00000c1c      0x29b port.o
 .debug_loc     0x00000eb7     0x10b5 queue.o
 .debug_loc     0x00001f6c       0xbe ringBuffer.o
 .debug_loc     0x0000202a     0x1509 tasks.o

.debug_macinfo
 *(.debug_macinfo)

.debug_weaknames
 *(.debug_weaknames)

.debug_funcnames
 *(.debug_funcnames)

.debug_typenames
 *(.debug_typenames)

.debug_varnames
 *(.debug_varnames)

.debug_pubtypes
 *(.debug_pubtypes)

.debug_ranges   0x00000000      0x438
 *(.debug_ranges)
 .debug_ranges  0x00000000       0x68 FreeRTOS2560.o
 .debug_ranges  0x00000068       0x28 heap_1.o
 .debug_ranges  0x00000090       0x30 list.o
 .debug_ranges  0x000000c0       0x20 myMaxSonar.o
 .debug_ranges  0x000000e0       0x30 myADC.o
 .debug_ranges  0x00000110       0x28 myTimer.o
 .debug_ranges  0x00000138       0x90 myUSART.o
 .debug_ranges  0x000001c8       0x38 port.o
 .debug_ranges  0x00000200       0x90 queue.o
 .debug_ranges  0x00000290       0x38 ringBuffer.o
 .debug_ranges  0x000002c8      0x170 tasks.o

.debug_macro
 *(.debug_macro)
OUTPUT(FreeRTOS2560.elf elf32-avr)
LOAD linker stubs
