Archive member included because of file (symbol)

c:/program files (x86)/atmel/atmel toolchain/avr8 gcc/native/3.4.1061/avr8-gnu-toolchain/bin/../lib/gcc/avr/4.8.1/avr6\libgcc.a(_divmodhi4.o)
                              myHcSonar.o (__divmodhi4)
c:/program files (x86)/atmel/atmel toolchain/avr8 gcc/native/3.4.1061/avr8-gnu-toolchain/bin/../lib/gcc/avr/4.8.1/avr6\libgcc.a(_exit.o)
                              c:/program files (x86)/atmel/atmel toolchain/avr8 gcc/native/3.4.1061/avr8-gnu-toolchain/bin/../lib/gcc/avr/4.8.1/../../../../avr/lib/avr6/crtm2560.o (exit)
c:/program files (x86)/atmel/atmel toolchain/avr8 gcc/native/3.4.1061/avr8-gnu-toolchain/bin/../lib/gcc/avr/4.8.1/avr6\libgcc.a(_copy_data.o)
                              FreeRTOS2560.o (__do_copy_data)
c:/program files (x86)/atmel/atmel toolchain/avr8 gcc/native/3.4.1061/avr8-gnu-toolchain/bin/../lib/gcc/avr/4.8.1/avr6\libgcc.a(_clear_bss.o)
                              FreeRTOS2560.o (__do_clear_bss)
c:/program files (x86)/atmel/atmel toolchain/avr8 gcc/native/3.4.1061/avr8-gnu-toolchain/bin/../lib/gcc/avr/4.8.1/avr6\libgcc.a(_udivmodhi4.o)
                              c:/program files (x86)/atmel/atmel toolchain/avr8 gcc/native/3.4.1061/avr8-gnu-toolchain/bin/../lib/gcc/avr/4.8.1/avr6\libgcc.a(_divmodhi4.o) (__udivmodhi4)
c:/program files (x86)/atmel/atmel toolchain/avr8 gcc/native/3.4.1061/avr8-gnu-toolchain/bin/../lib/gcc/avr/4.8.1/../../../../avr/lib/avr6\libc.a(memcpy.o)
                              queue.o (memcpy)
c:/program files (x86)/atmel/atmel toolchain/avr8 gcc/native/3.4.1061/avr8-gnu-toolchain/bin/../lib/gcc/avr/4.8.1/../../../../avr/lib/avr6\libc.a(itoa_ncheck.o)
                              FreeRTOS2560.o (__itoa_ncheck)
c:/program files (x86)/atmel/atmel toolchain/avr8 gcc/native/3.4.1061/avr8-gnu-toolchain/bin/../lib/gcc/avr/4.8.1/../../../../avr/lib/avr6\libc.a(utoa_ncheck.o)
                              c:/program files (x86)/atmel/atmel toolchain/avr8 gcc/native/3.4.1061/avr8-gnu-toolchain/bin/../lib/gcc/avr/4.8.1/../../../../avr/lib/avr6\libc.a(itoa_ncheck.o) (__utoa_common)
c:/program files (x86)/atmel/atmel toolchain/avr8 gcc/native/3.4.1061/avr8-gnu-toolchain/bin/../lib/gcc/avr/4.8.1/../../../../avr/lib/avr6\libc.a(strrev.o)
                              c:/program files (x86)/atmel/atmel toolchain/avr8 gcc/native/3.4.1061/avr8-gnu-toolchain/bin/../lib/gcc/avr/4.8.1/../../../../avr/lib/avr6\libc.a(utoa_ncheck.o) (strrev)

Allocating common symbols
Common symbol       size              file

uart1_rxBuffer      0x20              myUSART.o
uart0_rxRingBuffer  0x5               myUSART.o
uart0_txBuffer      0x20              myUSART.o
ms_tickStart        0x2               myHcSonar.o
queueObstacleNumber
                    0x2               FreeRTOS2560.o
adcReading          0x1               myADC.o
ms_tickLapsed       0x2               myHcSonar.o
uart0_rxBuffer      0x20              myUSART.o
semaGuardStartADC   0x2               myADC.o
uart1_txBuffer      0x20              myUSART.o
us_tickStart        0x2               myHcSonar.o
semaUsart0Receive   0x2               myUSART.o
semaUsart1Receive   0x2               myUSART.o
us_tickLapsed       0x2               myHcSonar.o
uart1_txRingBuffer  0x5               myUSART.o
semaDelayMicro      0x2               myTimer.o
semaReadReady       0x2               myHcSonar.o
uart0_txRingBuffer  0x5               myUSART.o
uart1_rxRingBuffer  0x5               myUSART.o
semaReadADC         0x2               myADC.o
semaDelayMicro2     0x2               myTimer.o
queueObstacleData   0x2               FreeRTOS2560.o
timerTask           0x2               myTimer.o
us_tickEnd          0x2               myHcSonar.o

Discarded input sections

 .data          0x00000000        0x0 c:/program files (x86)/atmel/atmel toolchain/avr8 gcc/native/3.4.1061/avr8-gnu-toolchain/bin/../lib/gcc/avr/4.8.1/../../../../avr/lib/avr6/crtm2560.o
 .bss           0x00000000        0x0 c:/program files (x86)/atmel/atmel toolchain/avr8 gcc/native/3.4.1061/avr8-gnu-toolchain/bin/../lib/gcc/avr/4.8.1/../../../../avr/lib/avr6/crtm2560.o
 .text          0x00000000        0x0 debugPrint.o
 .data          0x00000000        0x0 debugPrint.o
 .bss           0x00000000        0x0 debugPrint.o
 .debug_line    0x00000000        0x0 debugPrint.o
 .debug_str     0x00000000        0x0 debugPrint.o
 .comment       0x00000000       0x31 debugPrint.o
 .text          0x00000000        0x0 FreeRTOS2560.o
 .data          0x00000000        0x0 FreeRTOS2560.o
 .bss           0x00000000        0x0 FreeRTOS2560.o
 .text.vApplicationIdleHook
                0x00000000        0x2 FreeRTOS2560.o
 .text.setDigitalInputPowerReduction
                0x00000000        0x2 FreeRTOS2560.o
 .text          0x00000000        0x0 heap_1.o
 .data          0x00000000        0x0 heap_1.o
 .bss           0x00000000        0x0 heap_1.o
 .text.vPortInitialiseBlocks
                0x00000000        0xa heap_1.o
 .text.xPortGetFreeHeapSize
                0x00000000       0x12 heap_1.o
 .text          0x00000000        0x0 list.o
 .data          0x00000000        0x0 list.o
 .bss           0x00000000        0x0 list.o
 .text          0x00000000        0x0 myHcSonar.o
 .data          0x00000000        0x0 myHcSonar.o
 .bss           0x00000000        0x0 myHcSonar.o
 .text          0x00000000        0x0 myMaxSonar.o
 .data          0x00000000        0x0 myMaxSonar.o
 .bss           0x00000000        0x0 myMaxSonar.o
 .text.myMaxSonar_ReadRaw
                0x00000000        0x8 myMaxSonar.o
 .text          0x00000000        0x0 myADC.o
 .data          0x00000000        0x0 myADC.o
 .bss           0x00000000        0x0 myADC.o
 .text          0x00000000        0x0 myTimer.o
 .data          0x00000000        0x0 myTimer.o
 .bss           0x00000000        0x0 myTimer.o
 .text          0x00000000        0x0 myUSART.o
 .data          0x00000000        0x0 myUSART.o
 .bss           0x00000000        0x0 myUSART.o
 .text.myUSART_transmitUSART1
                0x00000000       0x1e myUSART.o
 .text.myUSART_receiveUSART0
                0x00000000       0x4a myUSART.o
 .text.myUSART_startHandShake
                0x00000000       0x1c myUSART.o
 .text.myUSART_receiveHandShakeAck
                0x00000000        0xc myUSART.o
 .text.myUSART_receiveHandShakeStart
                0x00000000        0xa myUSART.o
 .text.myUSART_receiveHandShakeFin
                0x00000000        0xc myUSART.o
 .text          0x00000000        0x0 port.o
 .data          0x00000000        0x0 port.o
 .bss           0x00000000        0x0 port.o
 .text.vPortEndScheduler
                0x00000000        0x2 port.o
 .text          0x00000000        0x0 queue.o
 .data          0x00000000        0x0 queue.o
 .bss           0x00000000        0x0 queue.o
 .text.xQueueReceiveFromISR
                0x00000000       0x66 queue.o
 .text.xQueuePeekFromISR
                0x00000000       0x2e queue.o
 .text.uxQueueMessagesWaiting
                0x00000000       0x10 queue.o
 .text.uxQueueSpacesAvailable
                0x00000000       0x16 queue.o
 .text.uxQueueMessagesWaitingFromISR
                0x00000000        0x6 queue.o
 .text.vQueueDelete
                0x00000000       0x1e queue.o
 .text.xQueueIsQueueEmptyFromISR
                0x00000000        0xc queue.o
 .text.xQueueIsQueueFullFromISR
                0x00000000        0xe queue.o
 .text          0x00000000        0x0 ringBuffer.o
 .data          0x00000000        0x0 ringBuffer.o
 .bss           0x00000000        0x0 ringBuffer.o
 .text.ringBufferClear
                0x00000000        0x6 ringBuffer.o
 .text          0x00000000        0x0 tasks.o
 .data          0x00000000        0x0 tasks.o
 .bss           0x00000000        0x0 tasks.o
 .text.vTaskDelete
                0x00000000       0x8e tasks.o
 .text.xTaskResumeFromISR
                0x00000000       0xaa tasks.o
 .text.vTaskEndScheduler
                0x00000000        0xc tasks.o
 .text.uxTaskGetNumberOfTasks
                0x00000000        0x6 tasks.o
 .text.vTaskPlaceOnUnorderedEventList
                0x00000000       0x66 tasks.o
 .text.xTaskRemoveFromUnorderedEventList
                0x00000000       0x74 tasks.o
 .text.xTaskGetCurrentTaskHandle
                0x00000000        0xa tasks.o
 .text.uxTaskResetEventItemValue
                0x00000000       0x2e tasks.o
 .text          0x00000000        0x0 c:/program files (x86)/atmel/atmel toolchain/avr8 gcc/native/3.4.1061/avr8-gnu-toolchain/bin/../lib/gcc/avr/4.8.1/avr6\libgcc.a(_divmodhi4.o)
 .data          0x00000000        0x0 c:/program files (x86)/atmel/atmel toolchain/avr8 gcc/native/3.4.1061/avr8-gnu-toolchain/bin/../lib/gcc/avr/4.8.1/avr6\libgcc.a(_divmodhi4.o)
 .bss           0x00000000        0x0 c:/program files (x86)/atmel/atmel toolchain/avr8 gcc/native/3.4.1061/avr8-gnu-toolchain/bin/../lib/gcc/avr/4.8.1/avr6\libgcc.a(_divmodhi4.o)
 .text.libgcc.mul
                0x00000000        0x0 c:/program files (x86)/atmel/atmel toolchain/avr8 gcc/native/3.4.1061/avr8-gnu-toolchain/bin/../lib/gcc/avr/4.8.1/avr6\libgcc.a(_divmodhi4.o)
 .text.libgcc   0x00000000        0x0 c:/program files (x86)/atmel/atmel toolchain/avr8 gcc/native/3.4.1061/avr8-gnu-toolchain/bin/../lib/gcc/avr/4.8.1/avr6\libgcc.a(_divmodhi4.o)
 .text.libgcc.prologue
                0x00000000        0x0 c:/program files (x86)/atmel/atmel toolchain/avr8 gcc/native/3.4.1061/avr8-gnu-toolchain/bin/../lib/gcc/avr/4.8.1/avr6\libgcc.a(_divmodhi4.o)
 .text.libgcc.builtins
                0x00000000        0x0 c:/program files (x86)/atmel/atmel toolchain/avr8 gcc/native/3.4.1061/avr8-gnu-toolchain/bin/../lib/gcc/avr/4.8.1/avr6\libgcc.a(_divmodhi4.o)
 .text.libgcc.fmul
                0x00000000        0x0 c:/program files (x86)/atmel/atmel toolchain/avr8 gcc/native/3.4.1061/avr8-gnu-toolchain/bin/../lib/gcc/avr/4.8.1/avr6\libgcc.a(_divmodhi4.o)
 .text.libgcc.fixed
                0x00000000        0x0 c:/program files (x86)/atmel/atmel toolchain/avr8 gcc/native/3.4.1061/avr8-gnu-toolchain/bin/../lib/gcc/avr/4.8.1/avr6\libgcc.a(_divmodhi4.o)
 .text          0x00000000        0x0 c:/program files (x86)/atmel/atmel toolchain/avr8 gcc/native/3.4.1061/avr8-gnu-toolchain/bin/../lib/gcc/avr/4.8.1/avr6\libgcc.a(_exit.o)
 .data          0x00000000        0x0 c:/program files (x86)/atmel/atmel toolchain/avr8 gcc/native/3.4.1061/avr8-gnu-toolchain/bin/../lib/gcc/avr/4.8.1/avr6\libgcc.a(_exit.o)
 .bss           0x00000000        0x0 c:/program files (x86)/atmel/atmel toolchain/avr8 gcc/native/3.4.1061/avr8-gnu-toolchain/bin/../lib/gcc/avr/4.8.1/avr6\libgcc.a(_exit.o)
 .text.libgcc.mul
                0x00000000        0x0 c:/program files (x86)/atmel/atmel toolchain/avr8 gcc/native/3.4.1061/avr8-gnu-toolchain/bin/../lib/gcc/avr/4.8.1/avr6\libgcc.a(_exit.o)
 .text.libgcc.div
                0x00000000        0x0 c:/program files (x86)/atmel/atmel toolchain/avr8 gcc/native/3.4.1061/avr8-gnu-toolchain/bin/../lib/gcc/avr/4.8.1/avr6\libgcc.a(_exit.o)
 .text.libgcc   0x00000000        0x0 c:/program files (x86)/atmel/atmel toolchain/avr8 gcc/native/3.4.1061/avr8-gnu-toolchain/bin/../lib/gcc/avr/4.8.1/avr6\libgcc.a(_exit.o)
 .text.libgcc.prologue
                0x00000000        0x0 c:/program files (x86)/atmel/atmel toolchain/avr8 gcc/native/3.4.1061/avr8-gnu-toolchain/bin/../lib/gcc/avr/4.8.1/avr6\libgcc.a(_exit.o)
 .text.libgcc.builtins
                0x00000000        0x0 c:/program files (x86)/atmel/atmel toolchain/avr8 gcc/native/3.4.1061/avr8-gnu-toolchain/bin/../lib/gcc/avr/4.8.1/avr6\libgcc.a(_exit.o)
 .text.libgcc.fmul
                0x00000000        0x0 c:/program files (x86)/atmel/atmel toolchain/avr8 gcc/native/3.4.1061/avr8-gnu-toolchain/bin/../lib/gcc/avr/4.8.1/avr6\libgcc.a(_exit.o)
 .text.libgcc.fixed
                0x00000000        0x0 c:/program files (x86)/atmel/atmel toolchain/avr8 gcc/native/3.4.1061/avr8-gnu-toolchain/bin/../lib/gcc/avr/4.8.1/avr6\libgcc.a(_exit.o)
 .text          0x00000000        0x0 c:/program files (x86)/atmel/atmel toolchain/avr8 gcc/native/3.4.1061/avr8-gnu-toolchain/bin/../lib/gcc/avr/4.8.1/avr6\libgcc.a(_copy_data.o)
 .data          0x00000000        0x0 c:/program files (x86)/atmel/atmel toolchain/avr8 gcc/native/3.4.1061/avr8-gnu-toolchain/bin/../lib/gcc/avr/4.8.1/avr6\libgcc.a(_copy_data.o)
 .bss           0x00000000        0x0 c:/program files (x86)/atmel/atmel toolchain/avr8 gcc/native/3.4.1061/avr8-gnu-toolchain/bin/../lib/gcc/avr/4.8.1/avr6\libgcc.a(_copy_data.o)
 .text.libgcc.mul
                0x00000000        0x0 c:/program files (x86)/atmel/atmel toolchain/avr8 gcc/native/3.4.1061/avr8-gnu-toolchain/bin/../lib/gcc/avr/4.8.1/avr6\libgcc.a(_copy_data.o)
 .text.libgcc.div
                0x00000000        0x0 c:/program files (x86)/atmel/atmel toolchain/avr8 gcc/native/3.4.1061/avr8-gnu-toolchain/bin/../lib/gcc/avr/4.8.1/avr6\libgcc.a(_copy_data.o)
 .text.libgcc   0x00000000        0x0 c:/program files (x86)/atmel/atmel toolchain/avr8 gcc/native/3.4.1061/avr8-gnu-toolchain/bin/../lib/gcc/avr/4.8.1/avr6\libgcc.a(_copy_data.o)
 .text.libgcc.prologue
                0x00000000        0x0 c:/program files (x86)/atmel/atmel toolchain/avr8 gcc/native/3.4.1061/avr8-gnu-toolchain/bin/../lib/gcc/avr/4.8.1/avr6\libgcc.a(_copy_data.o)
 .text.libgcc.builtins
                0x00000000        0x0 c:/program files (x86)/atmel/atmel toolchain/avr8 gcc/native/3.4.1061/avr8-gnu-toolchain/bin/../lib/gcc/avr/4.8.1/avr6\libgcc.a(_copy_data.o)
 .text.libgcc.fmul
                0x00000000        0x0 c:/program files (x86)/atmel/atmel toolchain/avr8 gcc/native/3.4.1061/avr8-gnu-toolchain/bin/../lib/gcc/avr/4.8.1/avr6\libgcc.a(_copy_data.o)
 .text.libgcc.fixed
                0x00000000        0x0 c:/program files (x86)/atmel/atmel toolchain/avr8 gcc/native/3.4.1061/avr8-gnu-toolchain/bin/../lib/gcc/avr/4.8.1/avr6\libgcc.a(_copy_data.o)
 .text          0x00000000        0x0 c:/program files (x86)/atmel/atmel toolchain/avr8 gcc/native/3.4.1061/avr8-gnu-toolchain/bin/../lib/gcc/avr/4.8.1/avr6\libgcc.a(_clear_bss.o)
 .data          0x00000000        0x0 c:/program files (x86)/atmel/atmel toolchain/avr8 gcc/native/3.4.1061/avr8-gnu-toolchain/bin/../lib/gcc/avr/4.8.1/avr6\libgcc.a(_clear_bss.o)
 .bss           0x00000000        0x0 c:/program files (x86)/atmel/atmel toolchain/avr8 gcc/native/3.4.1061/avr8-gnu-toolchain/bin/../lib/gcc/avr/4.8.1/avr6\libgcc.a(_clear_bss.o)
 .text.libgcc.mul
                0x00000000        0x0 c:/program files (x86)/atmel/atmel toolchain/avr8 gcc/native/3.4.1061/avr8-gnu-toolchain/bin/../lib/gcc/avr/4.8.1/avr6\libgcc.a(_clear_bss.o)
 .text.libgcc.div
                0x00000000        0x0 c:/program files (x86)/atmel/atmel toolchain/avr8 gcc/native/3.4.1061/avr8-gnu-toolchain/bin/../lib/gcc/avr/4.8.1/avr6\libgcc.a(_clear_bss.o)
 .text.libgcc   0x00000000        0x0 c:/program files (x86)/atmel/atmel toolchain/avr8 gcc/native/3.4.1061/avr8-gnu-toolchain/bin/../lib/gcc/avr/4.8.1/avr6\libgcc.a(_clear_bss.o)
 .text.libgcc.prologue
                0x00000000        0x0 c:/program files (x86)/atmel/atmel toolchain/avr8 gcc/native/3.4.1061/avr8-gnu-toolchain/bin/../lib/gcc/avr/4.8.1/avr6\libgcc.a(_clear_bss.o)
 .text.libgcc.builtins
                0x00000000        0x0 c:/program files (x86)/atmel/atmel toolchain/avr8 gcc/native/3.4.1061/avr8-gnu-toolchain/bin/../lib/gcc/avr/4.8.1/avr6\libgcc.a(_clear_bss.o)
 .text.libgcc.fmul
                0x00000000        0x0 c:/program files (x86)/atmel/atmel toolchain/avr8 gcc/native/3.4.1061/avr8-gnu-toolchain/bin/../lib/gcc/avr/4.8.1/avr6\libgcc.a(_clear_bss.o)
 .text.libgcc.fixed
                0x00000000        0x0 c:/program files (x86)/atmel/atmel toolchain/avr8 gcc/native/3.4.1061/avr8-gnu-toolchain/bin/../lib/gcc/avr/4.8.1/avr6\libgcc.a(_clear_bss.o)
 .text          0x00000000        0x0 c:/program files (x86)/atmel/atmel toolchain/avr8 gcc/native/3.4.1061/avr8-gnu-toolchain/bin/../lib/gcc/avr/4.8.1/avr6\libgcc.a(_udivmodhi4.o)
 .data          0x00000000        0x0 c:/program files (x86)/atmel/atmel toolchain/avr8 gcc/native/3.4.1061/avr8-gnu-toolchain/bin/../lib/gcc/avr/4.8.1/avr6\libgcc.a(_udivmodhi4.o)
 .bss           0x00000000        0x0 c:/program files (x86)/atmel/atmel toolchain/avr8 gcc/native/3.4.1061/avr8-gnu-toolchain/bin/../lib/gcc/avr/4.8.1/avr6\libgcc.a(_udivmodhi4.o)
 .text.libgcc.mul
                0x00000000        0x0 c:/program files (x86)/atmel/atmel toolchain/avr8 gcc/native/3.4.1061/avr8-gnu-toolchain/bin/../lib/gcc/avr/4.8.1/avr6\libgcc.a(_udivmodhi4.o)
 .text.libgcc   0x00000000        0x0 c:/program files (x86)/atmel/atmel toolchain/avr8 gcc/native/3.4.1061/avr8-gnu-toolchain/bin/../lib/gcc/avr/4.8.1/avr6\libgcc.a(_udivmodhi4.o)
 .text.libgcc.prologue
                0x00000000        0x0 c:/program files (x86)/atmel/atmel toolchain/avr8 gcc/native/3.4.1061/avr8-gnu-toolchain/bin/../lib/gcc/avr/4.8.1/avr6\libgcc.a(_udivmodhi4.o)
 .text.libgcc.builtins
                0x00000000        0x0 c:/program files (x86)/atmel/atmel toolchain/avr8 gcc/native/3.4.1061/avr8-gnu-toolchain/bin/../lib/gcc/avr/4.8.1/avr6\libgcc.a(_udivmodhi4.o)
 .text.libgcc.fmul
                0x00000000        0x0 c:/program files (x86)/atmel/atmel toolchain/avr8 gcc/native/3.4.1061/avr8-gnu-toolchain/bin/../lib/gcc/avr/4.8.1/avr6\libgcc.a(_udivmodhi4.o)
 .text.libgcc.fixed
                0x00000000        0x0 c:/program files (x86)/atmel/atmel toolchain/avr8 gcc/native/3.4.1061/avr8-gnu-toolchain/bin/../lib/gcc/avr/4.8.1/avr6\libgcc.a(_udivmodhi4.o)
 .text          0x00000000        0x0 c:/program files (x86)/atmel/atmel toolchain/avr8 gcc/native/3.4.1061/avr8-gnu-toolchain/bin/../lib/gcc/avr/4.8.1/../../../../avr/lib/avr6\libc.a(memcpy.o)
 .data          0x00000000        0x0 c:/program files (x86)/atmel/atmel toolchain/avr8 gcc/native/3.4.1061/avr8-gnu-toolchain/bin/../lib/gcc/avr/4.8.1/../../../../avr/lib/avr6\libc.a(memcpy.o)
 .bss           0x00000000        0x0 c:/program files (x86)/atmel/atmel toolchain/avr8 gcc/native/3.4.1061/avr8-gnu-toolchain/bin/../lib/gcc/avr/4.8.1/../../../../avr/lib/avr6\libc.a(memcpy.o)
 .text          0x00000000        0x0 c:/program files (x86)/atmel/atmel toolchain/avr8 gcc/native/3.4.1061/avr8-gnu-toolchain/bin/../lib/gcc/avr/4.8.1/../../../../avr/lib/avr6\libc.a(itoa_ncheck.o)
 .data          0x00000000        0x0 c:/program files (x86)/atmel/atmel toolchain/avr8 gcc/native/3.4.1061/avr8-gnu-toolchain/bin/../lib/gcc/avr/4.8.1/../../../../avr/lib/avr6\libc.a(itoa_ncheck.o)
 .bss           0x00000000        0x0 c:/program files (x86)/atmel/atmel toolchain/avr8 gcc/native/3.4.1061/avr8-gnu-toolchain/bin/../lib/gcc/avr/4.8.1/../../../../avr/lib/avr6\libc.a(itoa_ncheck.o)
 .text          0x00000000        0x0 c:/program files (x86)/atmel/atmel toolchain/avr8 gcc/native/3.4.1061/avr8-gnu-toolchain/bin/../lib/gcc/avr/4.8.1/../../../../avr/lib/avr6\libc.a(utoa_ncheck.o)
 .data          0x00000000        0x0 c:/program files (x86)/atmel/atmel toolchain/avr8 gcc/native/3.4.1061/avr8-gnu-toolchain/bin/../lib/gcc/avr/4.8.1/../../../../avr/lib/avr6\libc.a(utoa_ncheck.o)
 .bss           0x00000000        0x0 c:/program files (x86)/atmel/atmel toolchain/avr8 gcc/native/3.4.1061/avr8-gnu-toolchain/bin/../lib/gcc/avr/4.8.1/../../../../avr/lib/avr6\libc.a(utoa_ncheck.o)
 .text          0x00000000        0x0 c:/program files (x86)/atmel/atmel toolchain/avr8 gcc/native/3.4.1061/avr8-gnu-toolchain/bin/../lib/gcc/avr/4.8.1/../../../../avr/lib/avr6\libc.a(strrev.o)
 .data          0x00000000        0x0 c:/program files (x86)/atmel/atmel toolchain/avr8 gcc/native/3.4.1061/avr8-gnu-toolchain/bin/../lib/gcc/avr/4.8.1/../../../../avr/lib/avr6\libc.a(strrev.o)
 .bss           0x00000000        0x0 c:/program files (x86)/atmel/atmel toolchain/avr8 gcc/native/3.4.1061/avr8-gnu-toolchain/bin/../lib/gcc/avr/4.8.1/../../../../avr/lib/avr6\libc.a(strrev.o)

Memory Configuration

Name             Origin             Length             Attributes
text             0x00000000         0x00100000         xr
data             0x00800200         0x0000fe00         rw !x
eeprom           0x00810000         0x00010000         rw !x
fuse             0x00820000         0x00000400         rw !x
lock             0x00830000         0x00000400         rw !x
signature        0x00840000         0x00000400         rw !x
user_signatures  0x00850000         0x00000400         rw !x
*default*        0x00000000         0xffffffff

Linker script and memory map

Address of section .data set to 0x800200
LOAD c:/program files (x86)/atmel/atmel toolchain/avr8 gcc/native/3.4.1061/avr8-gnu-toolchain/bin/../lib/gcc/avr/4.8.1/../../../../avr/lib/avr6/crtm2560.o
LOAD debugPrint.o
LOAD FreeRTOS2560.o
LOAD heap_1.o
LOAD list.o
LOAD myHcSonar.o
LOAD myMaxSonar.o
LOAD myADC.o
LOAD myTimer.o
LOAD myUSART.o
LOAD port.o
LOAD queue.o
LOAD ringBuffer.o
LOAD tasks.o
START GROUP
LOAD c:/program files (x86)/atmel/atmel toolchain/avr8 gcc/native/3.4.1061/avr8-gnu-toolchain/bin/../lib/gcc/avr/4.8.1/../../../../avr/lib/avr6\libm.a
LOAD C:\Users\tienlong\Desktop\CG3002\Project\arduino\Arduino\Debug\libarduino.a
END GROUP
START GROUP
LOAD c:/program files (x86)/atmel/atmel toolchain/avr8 gcc/native/3.4.1061/avr8-gnu-toolchain/bin/../lib/gcc/avr/4.8.1/avr6\libgcc.a
LOAD c:/program files (x86)/atmel/atmel toolchain/avr8 gcc/native/3.4.1061/avr8-gnu-toolchain/bin/../lib/gcc/avr/4.8.1/../../../../avr/lib/avr6\libm.a
LOAD c:/program files (x86)/atmel/atmel toolchain/avr8 gcc/native/3.4.1061/avr8-gnu-toolchain/bin/../lib/gcc/avr/4.8.1/../../../../avr/lib/avr6\libc.a
END GROUP

.hash
 *(.hash)

.dynsym
 *(.dynsym)

.dynstr
 *(.dynstr)

.gnu.version
 *(.gnu.version)

.gnu.version_d
 *(.gnu.version_d)

.gnu.version_r
 *(.gnu.version_r)

.rel.init
 *(.rel.init)

.rela.init
 *(.rela.init)

.rel.text
 *(.rel.text)
 *(.rel.text.*)
 *(.rel.gnu.linkonce.t*)

.rela.text
 *(.rela.text)
 *(.rela.text.*)
 *(.rela.gnu.linkonce.t*)

.rel.fini
 *(.rel.fini)

.rela.fini
 *(.rela.fini)

.rel.rodata
 *(.rel.rodata)
 *(.rel.rodata.*)
 *(.rel.gnu.linkonce.r*)

.rela.rodata
 *(.rela.rodata)
 *(.rela.rodata.*)
 *(.rela.gnu.linkonce.r*)

.rel.data
 *(.rel.data)
 *(.rel.data.*)
 *(.rel.gnu.linkonce.d*)

.rela.data
 *(.rela.data)
 *(.rela.data.*)
 *(.rela.gnu.linkonce.d*)

.rel.ctors
 *(.rel.ctors)

.rela.ctors
 *(.rela.ctors)

.rel.dtors
 *(.rel.dtors)

.rela.dtors
 *(.rela.dtors)

.rel.got
 *(.rel.got)

.rela.got
 *(.rela.got)

.rel.bss
 *(.rel.bss)

.rela.bss
 *(.rela.bss)

.rel.plt
 *(.rel.plt)

.rela.plt
 *(.rela.plt)

.text           0x00000000     0x2226
 *(.vectors)
 .vectors       0x00000000       0xe4 c:/program files (x86)/atmel/atmel toolchain/avr8 gcc/native/3.4.1061/avr8-gnu-toolchain/bin/../lib/gcc/avr/4.8.1/../../../../avr/lib/avr6/crtm2560.o
                0x00000000                __vector_default
                0x00000000                __vectors
 *(.vectors)
 *(.progmem.gcc*)
                0x000000e4                . = ALIGN (0x2)
                0x000000e4                __trampolines_start = .
 *(.trampolines)
 .trampolines   0x000000e4        0x0 linker stubs
 *(.trampolines*)
                0x000000e4                __trampolines_end = .
 *(.progmem*)
                0x000000e4                . = ALIGN (0x2)
 *(.jumptables)
 *(.jumptables*)
 *(.lowtext)
 *(.lowtext*)
                0x000000e4                __ctors_start = .
 *(.ctors)
                0x000000e4                __ctors_end = .
                0x000000e4                __dtors_start = .
 *(.dtors)
                0x000000e4                __dtors_end = .
 SORT(*)(.ctors)
 SORT(*)(.dtors)
 *(.init0)
 .init0         0x000000e4        0x0 c:/program files (x86)/atmel/atmel toolchain/avr8 gcc/native/3.4.1061/avr8-gnu-toolchain/bin/../lib/gcc/avr/4.8.1/../../../../avr/lib/avr6/crtm2560.o
                0x000000e4                __init
 *(.init0)
 *(.init1)
 *(.init1)
 *(.init2)
 .init2         0x000000e4       0x10 c:/program files (x86)/atmel/atmel toolchain/avr8 gcc/native/3.4.1061/avr8-gnu-toolchain/bin/../lib/gcc/avr/4.8.1/../../../../avr/lib/avr6/crtm2560.o
 *(.init2)
 *(.init3)
 *(.init3)
 *(.init4)
 .init4         0x000000f4       0x1a c:/program files (x86)/atmel/atmel toolchain/avr8 gcc/native/3.4.1061/avr8-gnu-toolchain/bin/../lib/gcc/avr/4.8.1/avr6\libgcc.a(_copy_data.o)
                0x000000f4                __do_copy_data
 .init4         0x0000010e       0x10 c:/program files (x86)/atmel/atmel toolchain/avr8 gcc/native/3.4.1061/avr8-gnu-toolchain/bin/../lib/gcc/avr/4.8.1/avr6\libgcc.a(_clear_bss.o)
                0x0000010e                __do_clear_bss
 *(.init4)
 *(.init5)
 *(.init5)
 *(.init6)
 *(.init6)
 *(.init7)
 *(.init7)
 *(.init8)
 *(.init8)
 *(.init9)
 .init9         0x0000011e        0x6 c:/program files (x86)/atmel/atmel toolchain/avr8 gcc/native/3.4.1061/avr8-gnu-toolchain/bin/../lib/gcc/avr/4.8.1/../../../../avr/lib/avr6/crtm2560.o
 *(.init9)
 *(.text)
 .text          0x00000124        0x2 c:/program files (x86)/atmel/atmel toolchain/avr8 gcc/native/3.4.1061/avr8-gnu-toolchain/bin/../lib/gcc/avr/4.8.1/../../../../avr/lib/avr6/crtm2560.o
                0x00000124                __vector_38
                0x00000124                __vector_22
                0x00000124                __vector_28
                0x00000124                __vector_1
                0x00000124                __vector_32
                0x00000124                __vector_34
                0x00000124                __vector_24
                0x00000124                __vector_12
                0x00000124                __vector_55
                0x00000124                __vector_46
                0x00000124                __bad_interrupt
                0x00000124                __vector_6
                0x00000124                __vector_31
                0x00000124                __vector_35
                0x00000124                __vector_39
                0x00000124                __vector_3
                0x00000124                __vector_23
                0x00000124                __vector_30
                0x00000124                __vector_45
                0x00000124                __vector_11
                0x00000124                __vector_54
                0x00000124                __vector_13
                0x00000124                __vector_17
                0x00000124                __vector_19
                0x00000124                __vector_56
                0x00000124                __vector_7
                0x00000124                __vector_49
                0x00000124                __vector_41
                0x00000124                __vector_43
                0x00000124                __vector_27
                0x00000124                __vector_5
                0x00000124                __vector_33
                0x00000124                __vector_47
                0x00000124                __vector_52
                0x00000124                __vector_4
                0x00000124                __vector_44
                0x00000124                __vector_51
                0x00000124                __vector_2
                0x00000124                __vector_15
                0x00000124                __vector_40
                0x00000124                __vector_8
                0x00000124                __vector_48
                0x00000124                __vector_14
                0x00000124                __vector_53
                0x00000124                __vector_10
                0x00000124                __vector_50
                0x00000124                __vector_16
                0x00000124                __vector_18
                0x00000124                __vector_20
                0x00000124                __vector_42
                0x00000126                . = ALIGN (0x2)
 *(.text.*)
 .text.RPI_receiveTask
                0x00000126        0xa FreeRTOS2560.o
                0x00000126                RPI_receiveTask
 .text.RPI_sendTask
                0x00000130       0x78 FreeRTOS2560.o
                0x00000130                RPI_sendTask
 .text.task1    0x000001a8       0x18 FreeRTOS2560.o
                0x000001a8                task1
 .text.myTimerTask
                0x000001c0        0x6 FreeRTOS2560.o
                0x000001c0                myTimerTask
 .text.obstacleSend
                0x000001c6       0x4e FreeRTOS2560.o
                0x000001c6                obstacleSend
 .text.Sonar_Task
                0x00000214       0x82 FreeRTOS2560.o
                0x00000214                Sonar_Task
 .text.setPowerReduction
                0x00000296        0xe FreeRTOS2560.o
                0x00000296                setPowerReduction
 .text.clearTimer
                0x000002a4       0x3e FreeRTOS2560.o
                0x000002a4                clearTimer
 .text.init     0x000002e2       0x42 FreeRTOS2560.o
                0x000002e2                init
 .text.main     0x00000324       0xae FreeRTOS2560.o
                0x00000324                main
 .text.pvPortMalloc
                0x000003d2       0x6a heap_1.o
                0x000003d2                pvPortMalloc
 .text.vPortFree
                0x0000043c        0x2 heap_1.o
                0x0000043c                vPortFree
 .text.vListInitialise
                0x0000043e       0x1c list.o
                0x0000043e                vListInitialise
 .text.vListInitialiseItem
                0x0000045a        0x8 list.o
                0x0000045a                vListInitialiseItem
 .text.vListInsertEnd
                0x00000462       0x42 list.o
                0x00000462                vListInsertEnd
 .text.vListInsert
                0x000004a4       0x62 list.o
                0x000004a4                vListInsert
 .text.uxListRemove
                0x00000506       0x4c list.o
                0x00000506                uxListRemove
 .text.__vector_9
                0x00000552       0xe0 myHcSonar.o
                0x00000552                __vector_9
 .text.myHcSonar_Init
                0x00000632       0x2a myHcSonar.o
                0x00000632                myHcSonar_Init
 .text.myHcSonar_Start
                0x0000065c        0xc myHcSonar.o
                0x0000065c                myHcSonar_Start
 .text.myHcSonar_Read
                0x00000668       0x40 myHcSonar.o
                0x00000668                myHcSonar_Read
 .text.myMaxSonar_Start
                0x000006a8        0xc myMaxSonar.o
                0x000006a8                myMaxSonar_Start
 .text.myMaxSonar_Read
                0x000006b4       0x14 myMaxSonar.o
                0x000006b4                myMaxSonar_Read
 .text.__vector_29
                0x000006c8       0x68 myADC.o
                0x000006c8                __vector_29
 .text.myADC_Init
                0x00000730       0x3a myADC.o
                0x00000730                myADC_Init
 .text.myADC_startADC
                0x0000076a       0x52 myADC.o
                0x0000076a                myADC_startADC
 .text.myADC_readADC
                0x000007bc       0x2e myADC.o
                0x000007bc                myADC_readADC
 .text.myADC_analogRead
                0x000007ea        0xe myADC.o
                0x000007ea                myADC_analogRead
 .text.myTimer_Init
                0x000007f8       0x34 myTimer.o
                0x000007f8                myTimer_Init
 .text.myTimer_Read
                0x0000082c        0x4 myTimer.o
                0x0000082c                myTimer_Read
 .text.myTimer_DelayMicro
                0x00000830       0x48 myTimer.o
                0x00000830                myTimer_DelayMicro
 .text.myTimer_DelayMicro2
                0x00000878       0x46 myTimer.o
                0x00000878                myTimer_DelayMicro2
 .text.myTimer_DelayChecker
                0x000008be       0xde myTimer.o
                0x000008be                myTimer_DelayChecker
 .text.__vector_36
                0x0000099c       0x70 myUSART.o
                0x0000099c                __vector_36
 .text.__vector_25
                0x00000a0c       0x70 myUSART.o
                0x00000a0c                __vector_25
 .text.__vector_37
                0x00000a7c       0x6c myUSART.o
                0x00000a7c                __vector_37
 .text.__vector_26
                0x00000ae8       0x6c myUSART.o
                0x00000ae8                __vector_26
 .text.myUSART_USART0_Init
                0x00000b54       0x40 myUSART.o
                0x00000b54                myUSART_USART0_Init
 .text.myUSART_USART1_Init
                0x00000b94       0x40 myUSART.o
                0x00000b94                myUSART_USART1_Init
 .text.myUSART_transmitUSART0_c
                0x00000bd4       0x2e myUSART.o
                0x00000bd4                myUSART_transmitUSART0_c
 .text.myUSART_transmitUSART1_c
                0x00000c02       0x2e myUSART.o
                0x00000c02                myUSART_transmitUSART1_c
 .text.myUSART_transmitUSART0
                0x00000c30       0x1c myUSART.o
                0x00000c30                myUSART_transmitUSART0
 .text.myUSART_receiveUSART1
                0x00000c4c       0x42 myUSART.o
                0x00000c4c                myUSART_receiveUSART1
 .text.myUSART_waitForHandshake
                0x00000c8e       0x1e myUSART.o
                0x00000c8e                myUSART_waitForHandshake
 .text.pxPortInitialiseStack
                0x00000cac       0xe4 port.o
                0x00000cac                pxPortInitialiseStack
 .text.xPortStartScheduler
                0x00000d90       0x7a port.o
                0x00000d90                xPortStartScheduler
 .text.vPortYield
                0x00000e0a       0xc0 port.o
                0x00000e0a                vPortYield
 .text.vPortYieldFromTick
                0x00000eca       0xc4 port.o
                0x00000eca                vPortYieldFromTick
 .text.__vector_21
                0x00000f8e        0x4 port.o
                0x00000f8e                __vector_21
 .text.prvCopyDataToQueue
                0x00000f92       0xc4 queue.o
 .text.prvCopyDataFromQueue
                0x00001056       0x34 queue.o
 .text.prvUnlockQueue
                0x0000108a       0x8c queue.o
 .text.xQueueGenericReset
                0x00001116       0x72 queue.o
                0x00001116                xQueueGenericReset
 .text.xQueueGenericCreate
                0x00001188       0x54 queue.o
                0x00001188                xQueueGenericCreate
 .text.xQueueGenericSend
                0x000011dc      0x126 queue.o
                0x000011dc                xQueueGenericSend
 .text.xQueueCreateMutex
                0x00001302       0x50 queue.o
                0x00001302                xQueueCreateMutex
 .text.xQueueGenericSendFromISR
                0x00001352       0x74 queue.o
                0x00001352                xQueueGenericSendFromISR
 .text.xQueueGenericReceive
                0x000013c6      0x166 queue.o
                0x000013c6                xQueueGenericReceive
 .text.ringBufferInit
                0x0000152c        0xe ringBuffer.o
                0x0000152c                ringBufferInit
 .text.ringBufferPop
                0x0000153a       0x24 ringBuffer.o
                0x0000153a                ringBufferPop
 .text.ringBufferPush
                0x0000155e       0x2c ringBuffer.o
                0x0000155e                ringBufferPush
 .text.ringBufferFull
                0x0000158a        0xe ringBuffer.o
                0x0000158a                ringBufferFull
 .text.ringBufferNotEmpty
                0x00001598       0x10 ringBuffer.o
                0x00001598                ringBufferNotEmpty
 .text.prvResetNextTaskUnblockTime
                0x000015a8       0x3e tasks.o
 .text.prvAddCurrentTaskToDelayedList
                0x000015e6       0x6e tasks.o
 .text.xTaskGenericCreate
                0x00001654      0x22a tasks.o
                0x00001654                xTaskGenericCreate
 .text.vTaskResume
                0x0000187e       0x96 tasks.o
                0x0000187e                vTaskResume
 .text.vTaskStartScheduler
                0x00001914       0x52 tasks.o
                0x00001914                vTaskStartScheduler
 .text.vTaskSuspendAll
                0x00001966        0xc tasks.o
                0x00001966                vTaskSuspendAll
 .text.xTaskGetTickCount
                0x00001972       0x14 tasks.o
                0x00001972                xTaskGetTickCount
 .text.xTaskGetTickCountFromISR
                0x00001986        0xa tasks.o
                0x00001986                xTaskGetTickCountFromISR
 .text.xTaskIncrementTick
                0x00001990      0x17c tasks.o
                0x00001990                xTaskIncrementTick
 .text.xTaskResumeAll
                0x00001b0c      0x102 tasks.o
                0x00001b0c                xTaskResumeAll
 .text.vTaskDelayUntil
                0x00001c0e       0x7c tasks.o
                0x00001c0e                vTaskDelayUntil
 .text.vTaskDelay
                0x00001c8a       0x38 tasks.o
                0x00001c8a                vTaskDelay
 .text.prvIdleTask
                0x00001cc2       0x72 tasks.o
 .text.vTaskSwitchContext
                0x00001d34       0xbc tasks.o
                0x00001d34                vTaskSwitchContext
 .text.vTaskSuspend
                0x00001df0       0x9a tasks.o
                0x00001df0                vTaskSuspend
 .text.vTaskPlaceOnEventList
                0x00001e8a       0x56 tasks.o
                0x00001e8a                vTaskPlaceOnEventList
 .text.xTaskRemoveFromEventList
                0x00001ee0       0x90 tasks.o
                0x00001ee0                xTaskRemoveFromEventList
 .text.vTaskSetTimeOutState
                0x00001f70       0x16 tasks.o
                0x00001f70                vTaskSetTimeOutState
 .text.xTaskCheckForTimeOut
                0x00001f86       0x70 tasks.o
                0x00001f86                xTaskCheckForTimeOut
 .text.vTaskMissedYield
                0x00001ff6        0x8 tasks.o
                0x00001ff6                vTaskMissedYield
 .text.vTaskPriorityInherit
                0x00001ffe       0xbc tasks.o
                0x00001ffe                vTaskPriorityInherit
 .text.xTaskPriorityDisinherit
                0x000020ba       0x7e tasks.o
                0x000020ba                xTaskPriorityDisinherit
 .text.pvTaskIncrementMutexHeldCount
                0x00002138       0x24 tasks.o
                0x00002138                pvTaskIncrementMutexHeldCount
 .text.libgcc.div
                0x0000215c       0x26 c:/program files (x86)/atmel/atmel toolchain/avr8 gcc/native/3.4.1061/avr8-gnu-toolchain/bin/../lib/gcc/avr/4.8.1/avr6\libgcc.a(_divmodhi4.o)
                0x0000215c                _div
                0x0000215c                __divmodhi4
 .text.libgcc.div
                0x00002182       0x28 c:/program files (x86)/atmel/atmel toolchain/avr8 gcc/native/3.4.1061/avr8-gnu-toolchain/bin/../lib/gcc/avr/4.8.1/avr6\libgcc.a(_udivmodhi4.o)
                0x00002182                __udivmodhi4
 .text.avr-libc
                0x000021aa       0x12 c:/program files (x86)/atmel/atmel toolchain/avr8 gcc/native/3.4.1061/avr8-gnu-toolchain/bin/../lib/gcc/avr/4.8.1/../../../../avr/lib/avr6\libc.a(memcpy.o)
                0x000021aa                memcpy
 .text.avr-libc
                0x000021bc       0x14 c:/program files (x86)/atmel/atmel toolchain/avr8 gcc/native/3.4.1061/avr8-gnu-toolchain/bin/../lib/gcc/avr/4.8.1/../../../../avr/lib/avr6\libc.a(itoa_ncheck.o)
                0x000021bc                __itoa_ncheck
 .text.avr-libc
                0x000021d0       0x32 c:/program files (x86)/atmel/atmel toolchain/avr8 gcc/native/3.4.1061/avr8-gnu-toolchain/bin/../lib/gcc/avr/4.8.1/../../../../avr/lib/avr6\libc.a(utoa_ncheck.o)
                0x000021d0                __utoa_ncheck
                0x000021d2                __utoa_common
 .text.avr-libc
                0x00002202       0x20 c:/program files (x86)/atmel/atmel toolchain/avr8 gcc/native/3.4.1061/avr8-gnu-toolchain/bin/../lib/gcc/avr/4.8.1/../../../../avr/lib/avr6\libc.a(strrev.o)
                0x00002202                strrev
                0x00002222                . = ALIGN (0x2)
 *(.fini9)
 .fini9         0x00002222        0x0 c:/program files (x86)/atmel/atmel toolchain/avr8 gcc/native/3.4.1061/avr8-gnu-toolchain/bin/../lib/gcc/avr/4.8.1/avr6\libgcc.a(_exit.o)
                0x00002222                _exit
                0x00002222                exit
 *(.fini9)
 *(.fini8)
 *(.fini8)
 *(.fini7)
 *(.fini7)
 *(.fini6)
 *(.fini6)
 *(.fini5)
 *(.fini5)
 *(.fini4)
 *(.fini4)
 *(.fini3)
 *(.fini3)
 *(.fini2)
 *(.fini2)
 *(.fini1)
 *(.fini1)
 *(.fini0)
 .fini0         0x00002222        0x4 c:/program files (x86)/atmel/atmel toolchain/avr8 gcc/native/3.4.1061/avr8-gnu-toolchain/bin/../lib/gcc/avr/4.8.1/avr6\libgcc.a(_exit.o)
 *(.fini0)
                0x00002226                _etext = .

.data           0x00800200       0x56 load address 0x00002226
                0x00800200                PROVIDE (__data_start, .)
 *(.data)
 *(.data*)
 .data.expectedTick2
                0x00800200        0x2 myTimer.o
                0x00800200                expectedTick2
 .data.expectedTick
                0x00800202        0x2 myTimer.o
                0x00800202                expectedTick
 .data.xNextTaskUnblockTime
                0x00800204        0x2 tasks.o
 *(.rodata)
 *(.rodata*)
 .rodata.str1.1
                0x00800206       0x4a FreeRTOS2560.o
 .rodata.str1.1
                0x00800250        0x5 tasks.o
 *(.gnu.linkonce.d*)
                0x00800256                . = ALIGN (0x2)
 *fill*         0x00800255        0x1 
                0x00800256                _edata = .
                0x00800256                PROVIDE (__data_end, .)

.bss            0x00800256      0x6fe
                0x00800256                PROVIDE (__bss_start, .)
 *(.bss)
 *(.bss*)
 .bss.pucAlignedHeap.1837
                0x00800256        0x2 heap_1.o
 .bss.xNextFreeByte
                0x00800258        0x2 heap_1.o
 .bss.ucHeap    0x0080025a      0x5dc heap_1.o
 .bss.uxSchedulerSuspended
                0x00800836        0x1 tasks.o
 .bss.uxTaskNumber
                0x00800837        0x1 tasks.o
 .bss.xNumOfOverflows
                0x00800838        0x1 tasks.o
 .bss.xYieldPending
                0x00800839        0x1 tasks.o
 .bss.uxPendedTicks
                0x0080083a        0x1 tasks.o
 .bss.xSchedulerRunning
                0x0080083b        0x1 tasks.o
 .bss.uxTopReadyPriority
                0x0080083c        0x1 tasks.o
 .bss.xTickCount
                0x0080083d        0x2 tasks.o
 .bss.uxCurrentNumberOfTasks
                0x0080083f        0x1 tasks.o
 .bss.xSuspendedTaskList
                0x00800840        0x9 tasks.o
 .bss.uxTasksDeleted
                0x00800849        0x1 tasks.o
 .bss.xTasksWaitingTermination
                0x0080084a        0x9 tasks.o
 .bss.xPendingReadyList
                0x00800853        0x9 tasks.o
 .bss.pxOverflowDelayedTaskList
                0x0080085c        0x2 tasks.o
 .bss.pxDelayedTaskList
                0x0080085e        0x2 tasks.o
 .bss.xDelayedTaskList2
                0x00800860        0x9 tasks.o
 .bss.xDelayedTaskList1
                0x00800869        0x9 tasks.o
 .bss.pxReadyTasksLists
                0x00800872       0x2d tasks.o
 .bss.pxCurrentTCB
                0x0080089f        0x2 tasks.o
                0x0080089f                pxCurrentTCB
 *(COMMON)
 COMMON         0x008008a1        0x4 FreeRTOS2560.o
                0x008008a1                queueObstacleNumber
                0x008008a3                queueObstacleData
 COMMON         0x008008a5        0xc myHcSonar.o
                0x008008a5                ms_tickStart
                0x008008a7                ms_tickLapsed
                0x008008a9                us_tickStart
                0x008008ab                us_tickLapsed
                0x008008ad                semaReadReady
                0x008008af                us_tickEnd
 COMMON         0x008008b1        0x5 myADC.o
                0x008008b1                adcReading
                0x008008b2                semaGuardStartADC
                0x008008b4                semaReadADC
 COMMON         0x008008b6        0x6 myTimer.o
                0x008008b6                semaDelayMicro
                0x008008b8                semaDelayMicro2
                0x008008ba                timerTask
 COMMON         0x008008bc       0x98 myUSART.o
                0x008008bc                uart1_rxBuffer
                0x008008dc                uart0_rxRingBuffer
                0x008008e1                uart0_txBuffer
                0x00800901                uart0_rxBuffer
                0x00800921                uart1_txBuffer
                0x00800941                semaUsart0Receive
                0x00800943                semaUsart1Receive
                0x00800945                uart1_txRingBuffer
                0x0080094a                uart0_txRingBuffer
                0x0080094f                uart1_rxRingBuffer
                0x00800954                PROVIDE (__bss_end, .)
                0x00002226                __data_load_start = LOADADDR (.data)
                0x0000227c                __data_load_end = (__data_load_start + SIZEOF (.data))

.noinit         0x00800954        0x0
                0x00800954                PROVIDE (__noinit_start, .)
 *(.noinit*)
                0x00800954                PROVIDE (__noinit_end, .)
                0x00800954                _end = .
                0x00800954                PROVIDE (__heap_start, .)

.eeprom         0x00810000        0x0
 *(.eeprom*)
                0x00810000                __eeprom_end = .

.fuse
 *(.fuse)
 *(.lfuse)
 *(.hfuse)
 *(.efuse)

.lock
 *(.lock*)

.signature
 *(.signature*)

.user_signatures
 *(.user_signatures*)

.stab
 *(.stab)

.stabstr
 *(.stabstr)

.stab.excl
 *(.stab.excl)

.stab.exclstr
 *(.stab.exclstr)

.stab.index
 *(.stab.index)

.stab.indexstr
 *(.stab.indexstr)

.comment        0x00000000       0x30
 *(.comment)
 .comment       0x00000000       0x30 FreeRTOS2560.o
                                 0x31 (size before relaxing)
 .comment       0x00000000       0x31 heap_1.o
 .comment       0x00000000       0x31 list.o
 .comment       0x00000000       0x31 myHcSonar.o
 .comment       0x00000000       0x31 myMaxSonar.o
 .comment       0x00000000       0x31 myADC.o
 .comment       0x00000000       0x31 myTimer.o
 .comment       0x00000000       0x31 myUSART.o
 .comment       0x00000000       0x31 port.o
 .comment       0x00000000       0x31 queue.o
 .comment       0x00000000       0x31 ringBuffer.o
 .comment       0x00000000       0x31 tasks.o

.note.gnu.build-id
 *(.note.gnu.build-id)

.debug
 *(.debug)

.line
 *(.line)

.debug_srcinfo
 *(.debug_srcinfo)

.debug_sfnames
 *(.debug_sfnames)

.debug_aranges  0x00000000      0x4b8
 *(.debug_aranges)
 .debug_aranges
                0x00000000       0x78 FreeRTOS2560.o
 .debug_aranges
                0x00000078       0x38 heap_1.o
 .debug_aranges
                0x000000b0       0x40 list.o
 .debug_aranges
                0x000000f0       0x38 myHcSonar.o
 .debug_aranges
                0x00000128       0x30 myMaxSonar.o
 .debug_aranges
                0x00000158       0x40 myADC.o
 .debug_aranges
                0x00000198       0x40 myTimer.o
 .debug_aranges
                0x000001d8       0xa0 myUSART.o
 .debug_aranges
                0x00000278       0x48 port.o
 .debug_aranges
                0x000002c0       0xa0 queue.o
 .debug_aranges
                0x00000360       0x48 ringBuffer.o
 .debug_aranges
                0x000003a8      0x110 tasks.o

.debug_pubnames
 *(.debug_pubnames)

.debug_info     0x00000000     0x52e0
 *(.debug_info .gnu.linkonce.wi.*)
 .debug_info    0x00000000      0xcfb FreeRTOS2560.o
 .debug_info    0x00000cfb      0x1ad heap_1.o
 .debug_info    0x00000ea8      0x2c6 list.o
 .debug_info    0x0000116e      0x33b myHcSonar.o
 .debug_info    0x000014a9      0x14f myMaxSonar.o
 .debug_info    0x000015f8      0x39d myADC.o
 .debug_info    0x00001995      0x3e1 myTimer.o
 .debug_info    0x00001d76      0x9bd myUSART.o
 .debug_info    0x00002733      0x20d port.o
 .debug_info    0x00002940     0x1023 queue.o
 .debug_info    0x00003963      0x20d ringBuffer.o
 .debug_info    0x00003b70     0x1770 tasks.o

.debug_abbrev   0x00000000     0x1412
 *(.debug_abbrev)
 .debug_abbrev  0x00000000      0x39a FreeRTOS2560.o
 .debug_abbrev  0x0000039a      0x12e heap_1.o
 .debug_abbrev  0x000004c8       0xf8 list.o
 .debug_abbrev  0x000005c0      0x153 myHcSonar.o
 .debug_abbrev  0x00000713       0xc0 myMaxSonar.o
 .debug_abbrev  0x000007d3      0x126 myADC.o
 .debug_abbrev  0x000008f9      0x149 myTimer.o
 .debug_abbrev  0x00000a42      0x1f9 myUSART.o
 .debug_abbrev  0x00000c3b      0x13d port.o
 .debug_abbrev  0x00000d78      0x2b6 queue.o
 .debug_abbrev  0x0000102e       0xd9 ringBuffer.o
 .debug_abbrev  0x00001107      0x30b tasks.o

.debug_line     0x00000000     0x323b
 *(.debug_line .debug_line.* .debug_line_end)
 .debug_line    0x00000000      0x587 FreeRTOS2560.o
 .debug_line    0x00000587      0x26e heap_1.o
 .debug_line    0x000007f5      0x282 list.o
 .debug_line    0x00000a77      0x297 myHcSonar.o
 .debug_line    0x00000d0e      0x155 myMaxSonar.o
 .debug_line    0x00000e63      0x232 myADC.o
 .debug_line    0x00001095      0x291 myTimer.o
 .debug_line    0x00001326      0x4ac myUSART.o
 .debug_line    0x000017d2      0x343 port.o
 .debug_line    0x00001b15      0x8f0 queue.o
 .debug_line    0x00002405      0x14f ringBuffer.o
 .debug_line    0x00002554      0xce7 tasks.o

.debug_frame    0x00000000      0xd68
 *(.debug_frame)
 .debug_frame   0x00000000      0x124 FreeRTOS2560.o
 .debug_frame   0x00000124       0x60 heap_1.o
 .debug_frame   0x00000184       0x88 list.o
 .debug_frame   0x0000020c       0x9c myHcSonar.o
 .debug_frame   0x000002a8       0x44 myMaxSonar.o
 .debug_frame   0x000002ec       0xbc myADC.o
 .debug_frame   0x000003a8       0x70 myTimer.o
 .debug_frame   0x00000418      0x27c myUSART.o
 .debug_frame   0x00000694       0x74 port.o
 .debug_frame   0x00000708      0x23c queue.o
 .debug_frame   0x00000944       0x74 ringBuffer.o
 .debug_frame   0x000009b8      0x3b0 tasks.o

.debug_str      0x00000000     0x150f
 *(.debug_str)
 .debug_str     0x00000000      0x50f FreeRTOS2560.o
                                0x558 (size before relaxing)
 .debug_str     0x0000050f       0xaf heap_1.o
                                0x226 (size before relaxing)
 .debug_str     0x000005be      0x129 list.o
                                0x2a1 (size before relaxing)
 .debug_str     0x000006e7       0xf2 myHcSonar.o
                                0x2d5 (size before relaxing)
 .debug_str     0x000007d9       0x57 myMaxSonar.o
                                0x1db (size before relaxing)
 .debug_str     0x00000830       0x79 myADC.o
                                0x297 (size before relaxing)
 .debug_str     0x000008a9       0x7d myTimer.o
                                0x2cf (size before relaxing)
 .debug_str     0x00000926      0x23a myUSART.o
                                0x4b2 (size before relaxing)
 .debug_str     0x00000b60       0xda port.o
                                0x277 (size before relaxing)
 .debug_str     0x00000c3a      0x3b9 queue.o
                                0x6ea (size before relaxing)
 .debug_str     0x00000ff3       0x36 ringBuffer.o
                                0x20c (size before relaxing)
 .debug_str     0x00001029      0x4e6 tasks.o
                                0xa53 (size before relaxing)

.debug_loc      0x00000000     0x37fa
 *(.debug_loc)
 .debug_loc     0x00000000      0x35f FreeRTOS2560.o
 .debug_loc     0x0000035f       0xf1 heap_1.o
 .debug_loc     0x00000450      0x155 list.o
 .debug_loc     0x000005a5       0xf2 myHcSonar.o
 .debug_loc     0x00000697       0x42 myMaxSonar.o
 .debug_loc     0x000006d9      0x188 myADC.o
 .debug_loc     0x00000861       0xd3 myTimer.o
 .debug_loc     0x00000934      0x5af myUSART.o
 .debug_loc     0x00000ee3      0x29b port.o
 .debug_loc     0x0000117e     0x10b5 queue.o
 .debug_loc     0x00002233       0xbe ringBuffer.o
 .debug_loc     0x000022f1     0x1509 tasks.o

.debug_macinfo
 *(.debug_macinfo)

.debug_weaknames
 *(.debug_weaknames)

.debug_funcnames
 *(.debug_funcnames)

.debug_typenames
 *(.debug_typenames)

.debug_varnames
 *(.debug_varnames)

.debug_pubtypes
 *(.debug_pubtypes)

.debug_ranges   0x00000000      0x468
 *(.debug_ranges)
 .debug_ranges  0x00000000       0x68 FreeRTOS2560.o
 .debug_ranges  0x00000068       0x28 heap_1.o
 .debug_ranges  0x00000090       0x30 list.o
 .debug_ranges  0x000000c0       0x28 myHcSonar.o
 .debug_ranges  0x000000e8       0x20 myMaxSonar.o
 .debug_ranges  0x00000108       0x30 myADC.o
 .debug_ranges  0x00000138       0x30 myTimer.o
 .debug_ranges  0x00000168       0x90 myUSART.o
 .debug_ranges  0x000001f8       0x38 port.o
 .debug_ranges  0x00000230       0x90 queue.o
 .debug_ranges  0x000002c0       0x38 ringBuffer.o
 .debug_ranges  0x000002f8      0x170 tasks.o

.debug_macro
 *(.debug_macro)
OUTPUT(FreeRTOS2560.elf elf32-avr)
LOAD linker stubs
