Archive member included because of file (symbol)

c:/program files (x86)/atmel/atmel toolchain/avr8 gcc/native/3.4.1061/avr8-gnu-toolchain/bin/../lib/gcc/avr/4.8.1/../../../../avr/lib/avr6\libm.a(addsf3.o)
                              mySharpIR.o (__subsf3)
c:/program files (x86)/atmel/atmel toolchain/avr8 gcc/native/3.4.1061/avr8-gnu-toolchain/bin/../lib/gcc/avr/4.8.1/../../../../avr/lib/avr6\libm.a(addsf3x.o)
                              c:/program files (x86)/atmel/atmel toolchain/avr8 gcc/native/3.4.1061/avr8-gnu-toolchain/bin/../lib/gcc/avr/4.8.1/../../../../avr/lib/avr6\libm.a(addsf3.o) (__addsf3x)
c:/program files (x86)/atmel/atmel toolchain/avr8 gcc/native/3.4.1061/avr8-gnu-toolchain/bin/../lib/gcc/avr/4.8.1/../../../../avr/lib/avr6\libm.a(fixsfsi.o)
                              mySharpIR.o (__fixsfsi)
c:/program files (x86)/atmel/atmel toolchain/avr8 gcc/native/3.4.1061/avr8-gnu-toolchain/bin/../lib/gcc/avr/4.8.1/../../../../avr/lib/avr6\libm.a(fixunssfsi.o)
                              c:/program files (x86)/atmel/atmel toolchain/avr8 gcc/native/3.4.1061/avr8-gnu-toolchain/bin/../lib/gcc/avr/4.8.1/../../../../avr/lib/avr6\libm.a(fixsfsi.o) (__fixunssfsi)
c:/program files (x86)/atmel/atmel toolchain/avr8 gcc/native/3.4.1061/avr8-gnu-toolchain/bin/../lib/gcc/avr/4.8.1/../../../../avr/lib/avr6\libm.a(floatsisf.o)
                              mySharpIR.o (__floatsisf)
c:/program files (x86)/atmel/atmel toolchain/avr8 gcc/native/3.4.1061/avr8-gnu-toolchain/bin/../lib/gcc/avr/4.8.1/../../../../avr/lib/avr6\libm.a(fp_inf.o)
                              c:/program files (x86)/atmel/atmel toolchain/avr8 gcc/native/3.4.1061/avr8-gnu-toolchain/bin/../lib/gcc/avr/4.8.1/../../../../avr/lib/avr6\libm.a(addsf3x.o) (__fp_inf)
c:/program files (x86)/atmel/atmel toolchain/avr8 gcc/native/3.4.1061/avr8-gnu-toolchain/bin/../lib/gcc/avr/4.8.1/../../../../avr/lib/avr6\libm.a(fp_nan.o)
                              c:/program files (x86)/atmel/atmel toolchain/avr8 gcc/native/3.4.1061/avr8-gnu-toolchain/bin/../lib/gcc/avr/4.8.1/../../../../avr/lib/avr6\libm.a(addsf3x.o) (__fp_nan)
c:/program files (x86)/atmel/atmel toolchain/avr8 gcc/native/3.4.1061/avr8-gnu-toolchain/bin/../lib/gcc/avr/4.8.1/../../../../avr/lib/avr6\libm.a(fp_pscA.o)
                              c:/program files (x86)/atmel/atmel toolchain/avr8 gcc/native/3.4.1061/avr8-gnu-toolchain/bin/../lib/gcc/avr/4.8.1/../../../../avr/lib/avr6\libm.a(addsf3x.o) (__fp_pscA)
c:/program files (x86)/atmel/atmel toolchain/avr8 gcc/native/3.4.1061/avr8-gnu-toolchain/bin/../lib/gcc/avr/4.8.1/../../../../avr/lib/avr6\libm.a(fp_pscB.o)
                              c:/program files (x86)/atmel/atmel toolchain/avr8 gcc/native/3.4.1061/avr8-gnu-toolchain/bin/../lib/gcc/avr/4.8.1/../../../../avr/lib/avr6\libm.a(addsf3x.o) (__fp_pscB)
c:/program files (x86)/atmel/atmel toolchain/avr8 gcc/native/3.4.1061/avr8-gnu-toolchain/bin/../lib/gcc/avr/4.8.1/../../../../avr/lib/avr6\libm.a(fp_round.o)
                              c:/program files (x86)/atmel/atmel toolchain/avr8 gcc/native/3.4.1061/avr8-gnu-toolchain/bin/../lib/gcc/avr/4.8.1/../../../../avr/lib/avr6\libm.a(addsf3.o) (__fp_round)
c:/program files (x86)/atmel/atmel toolchain/avr8 gcc/native/3.4.1061/avr8-gnu-toolchain/bin/../lib/gcc/avr/4.8.1/../../../../avr/lib/avr6\libm.a(fp_split3.o)
                              c:/program files (x86)/atmel/atmel toolchain/avr8 gcc/native/3.4.1061/avr8-gnu-toolchain/bin/../lib/gcc/avr/4.8.1/../../../../avr/lib/avr6\libm.a(addsf3x.o) (__fp_split3)
c:/program files (x86)/atmel/atmel toolchain/avr8 gcc/native/3.4.1061/avr8-gnu-toolchain/bin/../lib/gcc/avr/4.8.1/../../../../avr/lib/avr6\libm.a(fp_zero.o)
                              c:/program files (x86)/atmel/atmel toolchain/avr8 gcc/native/3.4.1061/avr8-gnu-toolchain/bin/../lib/gcc/avr/4.8.1/../../../../avr/lib/avr6\libm.a(addsf3x.o) (__fp_zero)
c:/program files (x86)/atmel/atmel toolchain/avr8 gcc/native/3.4.1061/avr8-gnu-toolchain/bin/../lib/gcc/avr/4.8.1/../../../../avr/lib/avr6\libm.a(mulsf3.o)
                              mySharpIR.o (__mulsf3)
c:/program files (x86)/atmel/atmel toolchain/avr8 gcc/native/3.4.1061/avr8-gnu-toolchain/bin/../lib/gcc/avr/4.8.1/../../../../avr/lib/avr6\libm.a(mulsf3x.o)
                              c:/program files (x86)/atmel/atmel toolchain/avr8 gcc/native/3.4.1061/avr8-gnu-toolchain/bin/../lib/gcc/avr/4.8.1/../../../../avr/lib/avr6\libm.a(mulsf3.o) (__mulsf3x)
c:/program files (x86)/atmel/atmel toolchain/avr8 gcc/native/3.4.1061/avr8-gnu-toolchain/bin/../lib/gcc/avr/4.8.1/../../../../avr/lib/avr6\libm.a(pow.o)
                              mySharpIR.o (pow)
c:/program files (x86)/atmel/atmel toolchain/avr8 gcc/native/3.4.1061/avr8-gnu-toolchain/bin/../lib/gcc/avr/4.8.1/../../../../avr/lib/avr6\libm.a(exp.o)
                              c:/program files (x86)/atmel/atmel toolchain/avr8 gcc/native/3.4.1061/avr8-gnu-toolchain/bin/../lib/gcc/avr/4.8.1/../../../../avr/lib/avr6\libm.a(pow.o) (exp)
c:/program files (x86)/atmel/atmel toolchain/avr8 gcc/native/3.4.1061/avr8-gnu-toolchain/bin/../lib/gcc/avr/4.8.1/../../../../avr/lib/avr6\libm.a(fp_powser.o)
                              c:/program files (x86)/atmel/atmel toolchain/avr8 gcc/native/3.4.1061/avr8-gnu-toolchain/bin/../lib/gcc/avr/4.8.1/../../../../avr/lib/avr6\libm.a(exp.o) (__fp_powser)
c:/program files (x86)/atmel/atmel toolchain/avr8 gcc/native/3.4.1061/avr8-gnu-toolchain/bin/../lib/gcc/avr/4.8.1/../../../../avr/lib/avr6\libm.a(inverse.o)
                              c:/program files (x86)/atmel/atmel toolchain/avr8 gcc/native/3.4.1061/avr8-gnu-toolchain/bin/../lib/gcc/avr/4.8.1/../../../../avr/lib/avr6\libm.a(exp.o) (inverse)
c:/program files (x86)/atmel/atmel toolchain/avr8 gcc/native/3.4.1061/avr8-gnu-toolchain/bin/../lib/gcc/avr/4.8.1/../../../../avr/lib/avr6\libm.a(ldexp.o)
                              c:/program files (x86)/atmel/atmel toolchain/avr8 gcc/native/3.4.1061/avr8-gnu-toolchain/bin/../lib/gcc/avr/4.8.1/../../../../avr/lib/avr6\libm.a(exp.o) (ldexp)
c:/program files (x86)/atmel/atmel toolchain/avr8 gcc/native/3.4.1061/avr8-gnu-toolchain/bin/../lib/gcc/avr/4.8.1/../../../../avr/lib/avr6\libm.a(log.o)
                              c:/program files (x86)/atmel/atmel toolchain/avr8 gcc/native/3.4.1061/avr8-gnu-toolchain/bin/../lib/gcc/avr/4.8.1/../../../../avr/lib/avr6\libm.a(pow.o) (log)
c:/program files (x86)/atmel/atmel toolchain/avr8 gcc/native/3.4.1061/avr8-gnu-toolchain/bin/../lib/gcc/avr/4.8.1/../../../../avr/lib/avr6\libm.a(modf.o)
                              c:/program files (x86)/atmel/atmel toolchain/avr8 gcc/native/3.4.1061/avr8-gnu-toolchain/bin/../lib/gcc/avr/4.8.1/../../../../avr/lib/avr6\libm.a(exp.o) (modf)
c:/program files (x86)/atmel/atmel toolchain/avr8 gcc/native/3.4.1061/avr8-gnu-toolchain/bin/../lib/gcc/avr/4.8.1/../../../../avr/lib/avr6\libm.a(divsf3.o)
                              c:/program files (x86)/atmel/atmel toolchain/avr8 gcc/native/3.4.1061/avr8-gnu-toolchain/bin/../lib/gcc/avr/4.8.1/../../../../avr/lib/avr6\libm.a(inverse.o) (__divsf3)
c:/program files (x86)/atmel/atmel toolchain/avr8 gcc/native/3.4.1061/avr8-gnu-toolchain/bin/../lib/gcc/avr/4.8.1/../../../../avr/lib/avr6\libm.a(divsf3x.o)
                              c:/program files (x86)/atmel/atmel toolchain/avr8 gcc/native/3.4.1061/avr8-gnu-toolchain/bin/../lib/gcc/avr/4.8.1/../../../../avr/lib/avr6\libm.a(divsf3.o) (__divsf3x)
c:/program files (x86)/atmel/atmel toolchain/avr8 gcc/native/3.4.1061/avr8-gnu-toolchain/bin/../lib/gcc/avr/4.8.1/../../../../avr/lib/avr6\libm.a(fp_mpack.o)
                              c:/program files (x86)/atmel/atmel toolchain/avr8 gcc/native/3.4.1061/avr8-gnu-toolchain/bin/../lib/gcc/avr/4.8.1/../../../../avr/lib/avr6\libm.a(ldexp.o) (__fp_mpack)
c:/program files (x86)/atmel/atmel toolchain/avr8 gcc/native/3.4.1061/avr8-gnu-toolchain/bin/../lib/gcc/avr/4.8.1/avr6\libgcc.a(_divmodhi4.o)
                              FreeRTOS2560.o (__divmodhi4)
c:/program files (x86)/atmel/atmel toolchain/avr8 gcc/native/3.4.1061/avr8-gnu-toolchain/bin/../lib/gcc/avr/4.8.1/avr6\libgcc.a(_exit.o)
                              c:/program files (x86)/atmel/atmel toolchain/avr8 gcc/native/3.4.1061/avr8-gnu-toolchain/bin/../lib/gcc/avr/4.8.1/../../../../avr/lib/avr6/crtm2560.o (exit)
c:/program files (x86)/atmel/atmel toolchain/avr8 gcc/native/3.4.1061/avr8-gnu-toolchain/bin/../lib/gcc/avr/4.8.1/avr6\libgcc.a(_copy_data.o)
                              FreeRTOS2560.o (__do_copy_data)
c:/program files (x86)/atmel/atmel toolchain/avr8 gcc/native/3.4.1061/avr8-gnu-toolchain/bin/../lib/gcc/avr/4.8.1/avr6\libgcc.a(_clear_bss.o)
                              FreeRTOS2560.o (__do_clear_bss)
c:/program files (x86)/atmel/atmel toolchain/avr8 gcc/native/3.4.1061/avr8-gnu-toolchain/bin/../lib/gcc/avr/4.8.1/avr6\libgcc.a(_udivmodhi4.o)
                              c:/program files (x86)/atmel/atmel toolchain/avr8 gcc/native/3.4.1061/avr8-gnu-toolchain/bin/../lib/gcc/avr/4.8.1/avr6\libgcc.a(_divmodhi4.o) (__udivmodhi4)
c:/program files (x86)/atmel/atmel toolchain/avr8 gcc/native/3.4.1061/avr8-gnu-toolchain/bin/../lib/gcc/avr/4.8.1/../../../../avr/lib/avr6\libc.a(memcpy.o)
                              queue.o (memcpy)

Allocating common symbols
Common symbol       size              file

adcReading_L        0x1               myADC.o
uart1_rxBuffer      0x20              myUSART.o
uart0_rxRingBuffer  0x5               myUSART.o
uart0_txBuffer      0x20              myUSART.o
ms_tickStart        0x2               myHcSonar.o
queueObstacleNumber
                    0x2               FreeRTOS2560.o
ms_tickLapsed       0x2               myHcSonar.o
adcReading_H        0x1               myADC.o
uart0_rxBuffer      0x20              myUSART.o
semaGuardStartADC   0x2               myADC.o
uart1_txBuffer      0x20              myUSART.o
us_tickStart        0x2               myHcSonar.o
us_tickLapsed       0x2               myHcSonar.o
uart1_txRingBuffer  0x5               myUSART.o
semaDelayMicro      0x2               myTimer.o
semaReadReady       0x2               myHcSonar.o
uart0_txRingBuffer  0x5               myUSART.o
uart1_rxRingBuffer  0x5               myUSART.o
semaReadADC         0x2               myADC.o
semaDelayMicro2     0x2               myTimer.o
ms_tickEnd          0x2               myHcSonar.o
queueObstacleData   0x2               FreeRTOS2560.o
timerTask           0x2               myTimer.o
us_tickEnd          0x2               myHcSonar.o

Discarded input sections

 .data          0x00000000        0x0 c:/program files (x86)/atmel/atmel toolchain/avr8 gcc/native/3.4.1061/avr8-gnu-toolchain/bin/../lib/gcc/avr/4.8.1/../../../../avr/lib/avr6/crtm2560.o
 .bss           0x00000000        0x0 c:/program files (x86)/atmel/atmel toolchain/avr8 gcc/native/3.4.1061/avr8-gnu-toolchain/bin/../lib/gcc/avr/4.8.1/../../../../avr/lib/avr6/crtm2560.o
 .text          0x00000000        0x0 debugPrint.o
 .data          0x00000000        0x0 debugPrint.o
 .bss           0x00000000        0x0 debugPrint.o
 .debug_line    0x00000000        0x0 debugPrint.o
 .debug_str     0x00000000        0x0 debugPrint.o
 .comment       0x00000000       0x31 debugPrint.o
 .text          0x00000000        0x0 FreeRTOS2560.o
 .data          0x00000000        0x0 FreeRTOS2560.o
 .bss           0x00000000        0x0 FreeRTOS2560.o
 .text.vApplicationIdleHook
                0x00000000        0x2 FreeRTOS2560.o
 .text          0x00000000        0x0 heap_1.o
 .data          0x00000000        0x0 heap_1.o
 .bss           0x00000000        0x0 heap_1.o
 .text.vPortInitialiseBlocks
                0x00000000        0xa heap_1.o
 .text.xPortGetFreeHeapSize
                0x00000000       0x12 heap_1.o
 .text          0x00000000        0x0 list.o
 .data          0x00000000        0x0 list.o
 .bss           0x00000000        0x0 list.o
 .text          0x00000000        0x0 myHcSonar.o
 .data          0x00000000        0x0 myHcSonar.o
 .bss           0x00000000        0x0 myHcSonar.o
 .text.myHcSonar_Init
                0x00000000       0x2c myHcSonar.o
 .text.myHcSonar_Start
                0x00000000        0xe myHcSonar.o
 .text.myHcSonar_Read
                0x00000000       0x46 myHcSonar.o
 .text          0x00000000        0x0 myMaxSonar.o
 .data          0x00000000        0x0 myMaxSonar.o
 .bss           0x00000000        0x0 myMaxSonar.o
 .text.myMaxSonar_ReadRaw
                0x00000000        0x6 myMaxSonar.o
 .text          0x00000000        0x0 myADC.o
 .data          0x00000000        0x0 myADC.o
 .bss           0x00000000        0x0 myADC.o
 .text          0x00000000        0x0 myObstacleHandler.o
 .data          0x00000000        0x0 myObstacleHandler.o
 .bss           0x00000000        0x0 myObstacleHandler.o
 .text.possibleStairs
                0x00000000       0x18 myObstacleHandler.o
 .text          0x00000000        0x0 mySharpIR.o
 .data          0x00000000        0x0 mySharpIR.o
 .bss           0x00000000        0x0 mySharpIR.o
 .text          0x00000000        0x0 myTimer.o
 .data          0x00000000        0x0 myTimer.o
 .bss           0x00000000        0x0 myTimer.o
 .text.myTimer_DelayMicro
                0x00000000       0x4a myTimer.o
 .text.myTimer_DelayMicro2
                0x00000000       0x4a myTimer.o
 .text          0x00000000        0x0 myUSART.o
 .data          0x00000000        0x0 myUSART.o
 .bss           0x00000000        0x0 myUSART.o
 .text.myUSART_receiveUSART0
                0x00000000       0x4a myUSART.o
 .text.myUSART_peekReceiveUSART1
                0x00000000       0x4a myUSART.o
 .text          0x00000000        0x0 port.o
 .data          0x00000000        0x0 port.o
 .bss           0x00000000        0x0 port.o
 .text.vPortEndScheduler
                0x00000000        0x2 port.o
 .text          0x00000000        0x0 queue.o
 .data          0x00000000        0x0 queue.o
 .bss           0x00000000        0x0 queue.o
 .text.xQueueReceiveFromISR
                0x00000000       0x66 queue.o
 .text.xQueuePeekFromISR
                0x00000000       0x2e queue.o
 .text.uxQueueMessagesWaiting
                0x00000000       0x10 queue.o
 .text.uxQueueSpacesAvailable
                0x00000000       0x16 queue.o
 .text.uxQueueMessagesWaitingFromISR
                0x00000000        0x6 queue.o
 .text.vQueueDelete
                0x00000000       0x1e queue.o
 .text.xQueueIsQueueEmptyFromISR
                0x00000000        0xc queue.o
 .text.xQueueIsQueueFullFromISR
                0x00000000        0xe queue.o
 .text          0x00000000        0x0 ringBuffer.o
 .data          0x00000000        0x0 ringBuffer.o
 .bss           0x00000000        0x0 ringBuffer.o
 .text.ringBufferPeek
                0x00000000       0x14 ringBuffer.o
 .text.ringBufferClear
                0x00000000        0x6 ringBuffer.o
 .text          0x00000000        0x0 tasks.o
 .data          0x00000000        0x0 tasks.o
 .bss           0x00000000        0x0 tasks.o
 .text.vTaskDelete
                0x00000000       0x8e tasks.o
 .text.vTaskResume
                0x00000000       0x98 tasks.o
 .text.xTaskResumeFromISR
                0x00000000       0xaa tasks.o
 .text.vTaskEndScheduler
                0x00000000        0xc tasks.o
 .text.uxTaskGetNumberOfTasks
                0x00000000        0x6 tasks.o
 .text.vTaskPlaceOnUnorderedEventList
                0x00000000       0x66 tasks.o
 .text.xTaskRemoveFromUnorderedEventList
                0x00000000       0x74 tasks.o
 .text.xTaskGetCurrentTaskHandle
                0x00000000        0xa tasks.o
 .text.uxTaskResetEventItemValue
                0x00000000       0x2e tasks.o
 .text          0x00000000        0x0 c:/program files (x86)/atmel/atmel toolchain/avr8 gcc/native/3.4.1061/avr8-gnu-toolchain/bin/../lib/gcc/avr/4.8.1/../../../../avr/lib/avr6\libm.a(addsf3.o)
 .data          0x00000000        0x0 c:/program files (x86)/atmel/atmel toolchain/avr8 gcc/native/3.4.1061/avr8-gnu-toolchain/bin/../lib/gcc/avr/4.8.1/../../../../avr/lib/avr6\libm.a(addsf3.o)
 .bss           0x00000000        0x0 c:/program files (x86)/atmel/atmel toolchain/avr8 gcc/native/3.4.1061/avr8-gnu-toolchain/bin/../lib/gcc/avr/4.8.1/../../../../avr/lib/avr6\libm.a(addsf3.o)
 .text          0x00000000        0x0 c:/program files (x86)/atmel/atmel toolchain/avr8 gcc/native/3.4.1061/avr8-gnu-toolchain/bin/../lib/gcc/avr/4.8.1/../../../../avr/lib/avr6\libm.a(addsf3x.o)
 .data          0x00000000        0x0 c:/program files (x86)/atmel/atmel toolchain/avr8 gcc/native/3.4.1061/avr8-gnu-toolchain/bin/../lib/gcc/avr/4.8.1/../../../../avr/lib/avr6\libm.a(addsf3x.o)
 .bss           0x00000000        0x0 c:/program files (x86)/atmel/atmel toolchain/avr8 gcc/native/3.4.1061/avr8-gnu-toolchain/bin/../lib/gcc/avr/4.8.1/../../../../avr/lib/avr6\libm.a(addsf3x.o)
 .text          0x00000000        0x0 c:/program files (x86)/atmel/atmel toolchain/avr8 gcc/native/3.4.1061/avr8-gnu-toolchain/bin/../lib/gcc/avr/4.8.1/../../../../avr/lib/avr6\libm.a(fixsfsi.o)
 .data          0x00000000        0x0 c:/program files (x86)/atmel/atmel toolchain/avr8 gcc/native/3.4.1061/avr8-gnu-toolchain/bin/../lib/gcc/avr/4.8.1/../../../../avr/lib/avr6\libm.a(fixsfsi.o)
 .bss           0x00000000        0x0 c:/program files (x86)/atmel/atmel toolchain/avr8 gcc/native/3.4.1061/avr8-gnu-toolchain/bin/../lib/gcc/avr/4.8.1/../../../../avr/lib/avr6\libm.a(fixsfsi.o)
 .text          0x00000000        0x0 c:/program files (x86)/atmel/atmel toolchain/avr8 gcc/native/3.4.1061/avr8-gnu-toolchain/bin/../lib/gcc/avr/4.8.1/../../../../avr/lib/avr6\libm.a(fixunssfsi.o)
 .data          0x00000000        0x0 c:/program files (x86)/atmel/atmel toolchain/avr8 gcc/native/3.4.1061/avr8-gnu-toolchain/bin/../lib/gcc/avr/4.8.1/../../../../avr/lib/avr6\libm.a(fixunssfsi.o)
 .bss           0x00000000        0x0 c:/program files (x86)/atmel/atmel toolchain/avr8 gcc/native/3.4.1061/avr8-gnu-toolchain/bin/../lib/gcc/avr/4.8.1/../../../../avr/lib/avr6\libm.a(fixunssfsi.o)
 .text          0x00000000        0x0 c:/program files (x86)/atmel/atmel toolchain/avr8 gcc/native/3.4.1061/avr8-gnu-toolchain/bin/../lib/gcc/avr/4.8.1/../../../../avr/lib/avr6\libm.a(floatsisf.o)
 .data          0x00000000        0x0 c:/program files (x86)/atmel/atmel toolchain/avr8 gcc/native/3.4.1061/avr8-gnu-toolchain/bin/../lib/gcc/avr/4.8.1/../../../../avr/lib/avr6\libm.a(floatsisf.o)
 .bss           0x00000000        0x0 c:/program files (x86)/atmel/atmel toolchain/avr8 gcc/native/3.4.1061/avr8-gnu-toolchain/bin/../lib/gcc/avr/4.8.1/../../../../avr/lib/avr6\libm.a(floatsisf.o)
 .text          0x00000000        0x0 c:/program files (x86)/atmel/atmel toolchain/avr8 gcc/native/3.4.1061/avr8-gnu-toolchain/bin/../lib/gcc/avr/4.8.1/../../../../avr/lib/avr6\libm.a(fp_inf.o)
 .data          0x00000000        0x0 c:/program files (x86)/atmel/atmel toolchain/avr8 gcc/native/3.4.1061/avr8-gnu-toolchain/bin/../lib/gcc/avr/4.8.1/../../../../avr/lib/avr6\libm.a(fp_inf.o)
 .bss           0x00000000        0x0 c:/program files (x86)/atmel/atmel toolchain/avr8 gcc/native/3.4.1061/avr8-gnu-toolchain/bin/../lib/gcc/avr/4.8.1/../../../../avr/lib/avr6\libm.a(fp_inf.o)
 .text          0x00000000        0x0 c:/program files (x86)/atmel/atmel toolchain/avr8 gcc/native/3.4.1061/avr8-gnu-toolchain/bin/../lib/gcc/avr/4.8.1/../../../../avr/lib/avr6\libm.a(fp_nan.o)
 .data          0x00000000        0x0 c:/program files (x86)/atmel/atmel toolchain/avr8 gcc/native/3.4.1061/avr8-gnu-toolchain/bin/../lib/gcc/avr/4.8.1/../../../../avr/lib/avr6\libm.a(fp_nan.o)
 .bss           0x00000000        0x0 c:/program files (x86)/atmel/atmel toolchain/avr8 gcc/native/3.4.1061/avr8-gnu-toolchain/bin/../lib/gcc/avr/4.8.1/../../../../avr/lib/avr6\libm.a(fp_nan.o)
 .text          0x00000000        0x0 c:/program files (x86)/atmel/atmel toolchain/avr8 gcc/native/3.4.1061/avr8-gnu-toolchain/bin/../lib/gcc/avr/4.8.1/../../../../avr/lib/avr6\libm.a(fp_pscA.o)
 .data          0x00000000        0x0 c:/program files (x86)/atmel/atmel toolchain/avr8 gcc/native/3.4.1061/avr8-gnu-toolchain/bin/../lib/gcc/avr/4.8.1/../../../../avr/lib/avr6\libm.a(fp_pscA.o)
 .bss           0x00000000        0x0 c:/program files (x86)/atmel/atmel toolchain/avr8 gcc/native/3.4.1061/avr8-gnu-toolchain/bin/../lib/gcc/avr/4.8.1/../../../../avr/lib/avr6\libm.a(fp_pscA.o)
 .text          0x00000000        0x0 c:/program files (x86)/atmel/atmel toolchain/avr8 gcc/native/3.4.1061/avr8-gnu-toolchain/bin/../lib/gcc/avr/4.8.1/../../../../avr/lib/avr6\libm.a(fp_pscB.o)
 .data          0x00000000        0x0 c:/program files (x86)/atmel/atmel toolchain/avr8 gcc/native/3.4.1061/avr8-gnu-toolchain/bin/../lib/gcc/avr/4.8.1/../../../../avr/lib/avr6\libm.a(fp_pscB.o)
 .bss           0x00000000        0x0 c:/program files (x86)/atmel/atmel toolchain/avr8 gcc/native/3.4.1061/avr8-gnu-toolchain/bin/../lib/gcc/avr/4.8.1/../../../../avr/lib/avr6\libm.a(fp_pscB.o)
 .text          0x00000000        0x0 c:/program files (x86)/atmel/atmel toolchain/avr8 gcc/native/3.4.1061/avr8-gnu-toolchain/bin/../lib/gcc/avr/4.8.1/../../../../avr/lib/avr6\libm.a(fp_round.o)
 .data          0x00000000        0x0 c:/program files (x86)/atmel/atmel toolchain/avr8 gcc/native/3.4.1061/avr8-gnu-toolchain/bin/../lib/gcc/avr/4.8.1/../../../../avr/lib/avr6\libm.a(fp_round.o)
 .bss           0x00000000        0x0 c:/program files (x86)/atmel/atmel toolchain/avr8 gcc/native/3.4.1061/avr8-gnu-toolchain/bin/../lib/gcc/avr/4.8.1/../../../../avr/lib/avr6\libm.a(fp_round.o)
 .text          0x00000000        0x0 c:/program files (x86)/atmel/atmel toolchain/avr8 gcc/native/3.4.1061/avr8-gnu-toolchain/bin/../lib/gcc/avr/4.8.1/../../../../avr/lib/avr6\libm.a(fp_split3.o)
 .data          0x00000000        0x0 c:/program files (x86)/atmel/atmel toolchain/avr8 gcc/native/3.4.1061/avr8-gnu-toolchain/bin/../lib/gcc/avr/4.8.1/../../../../avr/lib/avr6\libm.a(fp_split3.o)
 .bss           0x00000000        0x0 c:/program files (x86)/atmel/atmel toolchain/avr8 gcc/native/3.4.1061/avr8-gnu-toolchain/bin/../lib/gcc/avr/4.8.1/../../../../avr/lib/avr6\libm.a(fp_split3.o)
 .text          0x00000000        0x0 c:/program files (x86)/atmel/atmel toolchain/avr8 gcc/native/3.4.1061/avr8-gnu-toolchain/bin/../lib/gcc/avr/4.8.1/../../../../avr/lib/avr6\libm.a(fp_zero.o)
 .data          0x00000000        0x0 c:/program files (x86)/atmel/atmel toolchain/avr8 gcc/native/3.4.1061/avr8-gnu-toolchain/bin/../lib/gcc/avr/4.8.1/../../../../avr/lib/avr6\libm.a(fp_zero.o)
 .bss           0x00000000        0x0 c:/program files (x86)/atmel/atmel toolchain/avr8 gcc/native/3.4.1061/avr8-gnu-toolchain/bin/../lib/gcc/avr/4.8.1/../../../../avr/lib/avr6\libm.a(fp_zero.o)
 .text          0x00000000        0x0 c:/program files (x86)/atmel/atmel toolchain/avr8 gcc/native/3.4.1061/avr8-gnu-toolchain/bin/../lib/gcc/avr/4.8.1/../../../../avr/lib/avr6\libm.a(mulsf3.o)
 .data          0x00000000        0x0 c:/program files (x86)/atmel/atmel toolchain/avr8 gcc/native/3.4.1061/avr8-gnu-toolchain/bin/../lib/gcc/avr/4.8.1/../../../../avr/lib/avr6\libm.a(mulsf3.o)
 .bss           0x00000000        0x0 c:/program files (x86)/atmel/atmel toolchain/avr8 gcc/native/3.4.1061/avr8-gnu-toolchain/bin/../lib/gcc/avr/4.8.1/../../../../avr/lib/avr6\libm.a(mulsf3.o)
 .text          0x00000000        0x0 c:/program files (x86)/atmel/atmel toolchain/avr8 gcc/native/3.4.1061/avr8-gnu-toolchain/bin/../lib/gcc/avr/4.8.1/../../../../avr/lib/avr6\libm.a(mulsf3x.o)
 .data          0x00000000        0x0 c:/program files (x86)/atmel/atmel toolchain/avr8 gcc/native/3.4.1061/avr8-gnu-toolchain/bin/../lib/gcc/avr/4.8.1/../../../../avr/lib/avr6\libm.a(mulsf3x.o)
 .bss           0x00000000        0x0 c:/program files (x86)/atmel/atmel toolchain/avr8 gcc/native/3.4.1061/avr8-gnu-toolchain/bin/../lib/gcc/avr/4.8.1/../../../../avr/lib/avr6\libm.a(mulsf3x.o)
 .text          0x00000000        0x0 c:/program files (x86)/atmel/atmel toolchain/avr8 gcc/native/3.4.1061/avr8-gnu-toolchain/bin/../lib/gcc/avr/4.8.1/../../../../avr/lib/avr6\libm.a(pow.o)
 .data          0x00000000        0x0 c:/program files (x86)/atmel/atmel toolchain/avr8 gcc/native/3.4.1061/avr8-gnu-toolchain/bin/../lib/gcc/avr/4.8.1/../../../../avr/lib/avr6\libm.a(pow.o)
 .bss           0x00000000        0x0 c:/program files (x86)/atmel/atmel toolchain/avr8 gcc/native/3.4.1061/avr8-gnu-toolchain/bin/../lib/gcc/avr/4.8.1/../../../../avr/lib/avr6\libm.a(pow.o)
 .text          0x00000000        0x0 c:/program files (x86)/atmel/atmel toolchain/avr8 gcc/native/3.4.1061/avr8-gnu-toolchain/bin/../lib/gcc/avr/4.8.1/../../../../avr/lib/avr6\libm.a(exp.o)
 .data          0x00000000        0x0 c:/program files (x86)/atmel/atmel toolchain/avr8 gcc/native/3.4.1061/avr8-gnu-toolchain/bin/../lib/gcc/avr/4.8.1/../../../../avr/lib/avr6\libm.a(exp.o)
 .bss           0x00000000        0x0 c:/program files (x86)/atmel/atmel toolchain/avr8 gcc/native/3.4.1061/avr8-gnu-toolchain/bin/../lib/gcc/avr/4.8.1/../../../../avr/lib/avr6\libm.a(exp.o)
 .text          0x00000000        0x0 c:/program files (x86)/atmel/atmel toolchain/avr8 gcc/native/3.4.1061/avr8-gnu-toolchain/bin/../lib/gcc/avr/4.8.1/../../../../avr/lib/avr6\libm.a(fp_powser.o)
 .data          0x00000000        0x0 c:/program files (x86)/atmel/atmel toolchain/avr8 gcc/native/3.4.1061/avr8-gnu-toolchain/bin/../lib/gcc/avr/4.8.1/../../../../avr/lib/avr6\libm.a(fp_powser.o)
 .bss           0x00000000        0x0 c:/program files (x86)/atmel/atmel toolchain/avr8 gcc/native/3.4.1061/avr8-gnu-toolchain/bin/../lib/gcc/avr/4.8.1/../../../../avr/lib/avr6\libm.a(fp_powser.o)
 .text          0x00000000        0x0 c:/program files (x86)/atmel/atmel toolchain/avr8 gcc/native/3.4.1061/avr8-gnu-toolchain/bin/../lib/gcc/avr/4.8.1/../../../../avr/lib/avr6\libm.a(inverse.o)
 .data          0x00000000        0x0 c:/program files (x86)/atmel/atmel toolchain/avr8 gcc/native/3.4.1061/avr8-gnu-toolchain/bin/../lib/gcc/avr/4.8.1/../../../../avr/lib/avr6\libm.a(inverse.o)
 .bss           0x00000000        0x0 c:/program files (x86)/atmel/atmel toolchain/avr8 gcc/native/3.4.1061/avr8-gnu-toolchain/bin/../lib/gcc/avr/4.8.1/../../../../avr/lib/avr6\libm.a(inverse.o)
 .text          0x00000000        0x0 c:/program files (x86)/atmel/atmel toolchain/avr8 gcc/native/3.4.1061/avr8-gnu-toolchain/bin/../lib/gcc/avr/4.8.1/../../../../avr/lib/avr6\libm.a(ldexp.o)
 .data          0x00000000        0x0 c:/program files (x86)/atmel/atmel toolchain/avr8 gcc/native/3.4.1061/avr8-gnu-toolchain/bin/../lib/gcc/avr/4.8.1/../../../../avr/lib/avr6\libm.a(ldexp.o)
 .bss           0x00000000        0x0 c:/program files (x86)/atmel/atmel toolchain/avr8 gcc/native/3.4.1061/avr8-gnu-toolchain/bin/../lib/gcc/avr/4.8.1/../../../../avr/lib/avr6\libm.a(ldexp.o)
 .text          0x00000000        0x0 c:/program files (x86)/atmel/atmel toolchain/avr8 gcc/native/3.4.1061/avr8-gnu-toolchain/bin/../lib/gcc/avr/4.8.1/../../../../avr/lib/avr6\libm.a(log.o)
 .data          0x00000000        0x0 c:/program files (x86)/atmel/atmel toolchain/avr8 gcc/native/3.4.1061/avr8-gnu-toolchain/bin/../lib/gcc/avr/4.8.1/../../../../avr/lib/avr6\libm.a(log.o)
 .bss           0x00000000        0x0 c:/program files (x86)/atmel/atmel toolchain/avr8 gcc/native/3.4.1061/avr8-gnu-toolchain/bin/../lib/gcc/avr/4.8.1/../../../../avr/lib/avr6\libm.a(log.o)
 .text          0x00000000        0x0 c:/program files (x86)/atmel/atmel toolchain/avr8 gcc/native/3.4.1061/avr8-gnu-toolchain/bin/../lib/gcc/avr/4.8.1/../../../../avr/lib/avr6\libm.a(modf.o)
 .data          0x00000000        0x0 c:/program files (x86)/atmel/atmel toolchain/avr8 gcc/native/3.4.1061/avr8-gnu-toolchain/bin/../lib/gcc/avr/4.8.1/../../../../avr/lib/avr6\libm.a(modf.o)
 .bss           0x00000000        0x0 c:/program files (x86)/atmel/atmel toolchain/avr8 gcc/native/3.4.1061/avr8-gnu-toolchain/bin/../lib/gcc/avr/4.8.1/../../../../avr/lib/avr6\libm.a(modf.o)
 .text          0x00000000        0x0 c:/program files (x86)/atmel/atmel toolchain/avr8 gcc/native/3.4.1061/avr8-gnu-toolchain/bin/../lib/gcc/avr/4.8.1/../../../../avr/lib/avr6\libm.a(divsf3.o)
 .data          0x00000000        0x0 c:/program files (x86)/atmel/atmel toolchain/avr8 gcc/native/3.4.1061/avr8-gnu-toolchain/bin/../lib/gcc/avr/4.8.1/../../../../avr/lib/avr6\libm.a(divsf3.o)
 .bss           0x00000000        0x0 c:/program files (x86)/atmel/atmel toolchain/avr8 gcc/native/3.4.1061/avr8-gnu-toolchain/bin/../lib/gcc/avr/4.8.1/../../../../avr/lib/avr6\libm.a(divsf3.o)
 .text          0x00000000        0x0 c:/program files (x86)/atmel/atmel toolchain/avr8 gcc/native/3.4.1061/avr8-gnu-toolchain/bin/../lib/gcc/avr/4.8.1/../../../../avr/lib/avr6\libm.a(divsf3x.o)
 .data          0x00000000        0x0 c:/program files (x86)/atmel/atmel toolchain/avr8 gcc/native/3.4.1061/avr8-gnu-toolchain/bin/../lib/gcc/avr/4.8.1/../../../../avr/lib/avr6\libm.a(divsf3x.o)
 .bss           0x00000000        0x0 c:/program files (x86)/atmel/atmel toolchain/avr8 gcc/native/3.4.1061/avr8-gnu-toolchain/bin/../lib/gcc/avr/4.8.1/../../../../avr/lib/avr6\libm.a(divsf3x.o)
 .text          0x00000000        0x0 c:/program files (x86)/atmel/atmel toolchain/avr8 gcc/native/3.4.1061/avr8-gnu-toolchain/bin/../lib/gcc/avr/4.8.1/../../../../avr/lib/avr6\libm.a(fp_mpack.o)
 .data          0x00000000        0x0 c:/program files (x86)/atmel/atmel toolchain/avr8 gcc/native/3.4.1061/avr8-gnu-toolchain/bin/../lib/gcc/avr/4.8.1/../../../../avr/lib/avr6\libm.a(fp_mpack.o)
 .bss           0x00000000        0x0 c:/program files (x86)/atmel/atmel toolchain/avr8 gcc/native/3.4.1061/avr8-gnu-toolchain/bin/../lib/gcc/avr/4.8.1/../../../../avr/lib/avr6\libm.a(fp_mpack.o)
 .text          0x00000000        0x0 c:/program files (x86)/atmel/atmel toolchain/avr8 gcc/native/3.4.1061/avr8-gnu-toolchain/bin/../lib/gcc/avr/4.8.1/avr6\libgcc.a(_divmodhi4.o)
 .data          0x00000000        0x0 c:/program files (x86)/atmel/atmel toolchain/avr8 gcc/native/3.4.1061/avr8-gnu-toolchain/bin/../lib/gcc/avr/4.8.1/avr6\libgcc.a(_divmodhi4.o)
 .bss           0x00000000        0x0 c:/program files (x86)/atmel/atmel toolchain/avr8 gcc/native/3.4.1061/avr8-gnu-toolchain/bin/../lib/gcc/avr/4.8.1/avr6\libgcc.a(_divmodhi4.o)
 .text.libgcc.mul
                0x00000000        0x0 c:/program files (x86)/atmel/atmel toolchain/avr8 gcc/native/3.4.1061/avr8-gnu-toolchain/bin/../lib/gcc/avr/4.8.1/avr6\libgcc.a(_divmodhi4.o)
 .text.libgcc   0x00000000        0x0 c:/program files (x86)/atmel/atmel toolchain/avr8 gcc/native/3.4.1061/avr8-gnu-toolchain/bin/../lib/gcc/avr/4.8.1/avr6\libgcc.a(_divmodhi4.o)
 .text.libgcc.prologue
                0x00000000        0x0 c:/program files (x86)/atmel/atmel toolchain/avr8 gcc/native/3.4.1061/avr8-gnu-toolchain/bin/../lib/gcc/avr/4.8.1/avr6\libgcc.a(_divmodhi4.o)
 .text.libgcc.builtins
                0x00000000        0x0 c:/program files (x86)/atmel/atmel toolchain/avr8 gcc/native/3.4.1061/avr8-gnu-toolchain/bin/../lib/gcc/avr/4.8.1/avr6\libgcc.a(_divmodhi4.o)
 .text.libgcc.fmul
                0x00000000        0x0 c:/program files (x86)/atmel/atmel toolchain/avr8 gcc/native/3.4.1061/avr8-gnu-toolchain/bin/../lib/gcc/avr/4.8.1/avr6\libgcc.a(_divmodhi4.o)
 .text.libgcc.fixed
                0x00000000        0x0 c:/program files (x86)/atmel/atmel toolchain/avr8 gcc/native/3.4.1061/avr8-gnu-toolchain/bin/../lib/gcc/avr/4.8.1/avr6\libgcc.a(_divmodhi4.o)
 .text          0x00000000        0x0 c:/program files (x86)/atmel/atmel toolchain/avr8 gcc/native/3.4.1061/avr8-gnu-toolchain/bin/../lib/gcc/avr/4.8.1/avr6\libgcc.a(_exit.o)
 .data          0x00000000        0x0 c:/program files (x86)/atmel/atmel toolchain/avr8 gcc/native/3.4.1061/avr8-gnu-toolchain/bin/../lib/gcc/avr/4.8.1/avr6\libgcc.a(_exit.o)
 .bss           0x00000000        0x0 c:/program files (x86)/atmel/atmel toolchain/avr8 gcc/native/3.4.1061/avr8-gnu-toolchain/bin/../lib/gcc/avr/4.8.1/avr6\libgcc.a(_exit.o)
 .text.libgcc.mul
                0x00000000        0x0 c:/program files (x86)/atmel/atmel toolchain/avr8 gcc/native/3.4.1061/avr8-gnu-toolchain/bin/../lib/gcc/avr/4.8.1/avr6\libgcc.a(_exit.o)
 .text.libgcc.div
                0x00000000        0x0 c:/program files (x86)/atmel/atmel toolchain/avr8 gcc/native/3.4.1061/avr8-gnu-toolchain/bin/../lib/gcc/avr/4.8.1/avr6\libgcc.a(_exit.o)
 .text.libgcc   0x00000000        0x0 c:/program files (x86)/atmel/atmel toolchain/avr8 gcc/native/3.4.1061/avr8-gnu-toolchain/bin/../lib/gcc/avr/4.8.1/avr6\libgcc.a(_exit.o)
 .text.libgcc.prologue
                0x00000000        0x0 c:/program files (x86)/atmel/atmel toolchain/avr8 gcc/native/3.4.1061/avr8-gnu-toolchain/bin/../lib/gcc/avr/4.8.1/avr6\libgcc.a(_exit.o)
 .text.libgcc.builtins
                0x00000000        0x0 c:/program files (x86)/atmel/atmel toolchain/avr8 gcc/native/3.4.1061/avr8-gnu-toolchain/bin/../lib/gcc/avr/4.8.1/avr6\libgcc.a(_exit.o)
 .text.libgcc.fmul
                0x00000000        0x0 c:/program files (x86)/atmel/atmel toolchain/avr8 gcc/native/3.4.1061/avr8-gnu-toolchain/bin/../lib/gcc/avr/4.8.1/avr6\libgcc.a(_exit.o)
 .text.libgcc.fixed
                0x00000000        0x0 c:/program files (x86)/atmel/atmel toolchain/avr8 gcc/native/3.4.1061/avr8-gnu-toolchain/bin/../lib/gcc/avr/4.8.1/avr6\libgcc.a(_exit.o)
 .text          0x00000000        0x0 c:/program files (x86)/atmel/atmel toolchain/avr8 gcc/native/3.4.1061/avr8-gnu-toolchain/bin/../lib/gcc/avr/4.8.1/avr6\libgcc.a(_copy_data.o)
 .data          0x00000000        0x0 c:/program files (x86)/atmel/atmel toolchain/avr8 gcc/native/3.4.1061/avr8-gnu-toolchain/bin/../lib/gcc/avr/4.8.1/avr6\libgcc.a(_copy_data.o)
 .bss           0x00000000        0x0 c:/program files (x86)/atmel/atmel toolchain/avr8 gcc/native/3.4.1061/avr8-gnu-toolchain/bin/../lib/gcc/avr/4.8.1/avr6\libgcc.a(_copy_data.o)
 .text.libgcc.mul
                0x00000000        0x0 c:/program files (x86)/atmel/atmel toolchain/avr8 gcc/native/3.4.1061/avr8-gnu-toolchain/bin/../lib/gcc/avr/4.8.1/avr6\libgcc.a(_copy_data.o)
 .text.libgcc.div
                0x00000000        0x0 c:/program files (x86)/atmel/atmel toolchain/avr8 gcc/native/3.4.1061/avr8-gnu-toolchain/bin/../lib/gcc/avr/4.8.1/avr6\libgcc.a(_copy_data.o)
 .text.libgcc   0x00000000        0x0 c:/program files (x86)/atmel/atmel toolchain/avr8 gcc/native/3.4.1061/avr8-gnu-toolchain/bin/../lib/gcc/avr/4.8.1/avr6\libgcc.a(_copy_data.o)
 .text.libgcc.prologue
                0x00000000        0x0 c:/program files (x86)/atmel/atmel toolchain/avr8 gcc/native/3.4.1061/avr8-gnu-toolchain/bin/../lib/gcc/avr/4.8.1/avr6\libgcc.a(_copy_data.o)
 .text.libgcc.builtins
                0x00000000        0x0 c:/program files (x86)/atmel/atmel toolchain/avr8 gcc/native/3.4.1061/avr8-gnu-toolchain/bin/../lib/gcc/avr/4.8.1/avr6\libgcc.a(_copy_data.o)
 .text.libgcc.fmul
                0x00000000        0x0 c:/program files (x86)/atmel/atmel toolchain/avr8 gcc/native/3.4.1061/avr8-gnu-toolchain/bin/../lib/gcc/avr/4.8.1/avr6\libgcc.a(_copy_data.o)
 .text.libgcc.fixed
                0x00000000        0x0 c:/program files (x86)/atmel/atmel toolchain/avr8 gcc/native/3.4.1061/avr8-gnu-toolchain/bin/../lib/gcc/avr/4.8.1/avr6\libgcc.a(_copy_data.o)
 .text          0x00000000        0x0 c:/program files (x86)/atmel/atmel toolchain/avr8 gcc/native/3.4.1061/avr8-gnu-toolchain/bin/../lib/gcc/avr/4.8.1/avr6\libgcc.a(_clear_bss.o)
 .data          0x00000000        0x0 c:/program files (x86)/atmel/atmel toolchain/avr8 gcc/native/3.4.1061/avr8-gnu-toolchain/bin/../lib/gcc/avr/4.8.1/avr6\libgcc.a(_clear_bss.o)
 .bss           0x00000000        0x0 c:/program files (x86)/atmel/atmel toolchain/avr8 gcc/native/3.4.1061/avr8-gnu-toolchain/bin/../lib/gcc/avr/4.8.1/avr6\libgcc.a(_clear_bss.o)
 .text.libgcc.mul
                0x00000000        0x0 c:/program files (x86)/atmel/atmel toolchain/avr8 gcc/native/3.4.1061/avr8-gnu-toolchain/bin/../lib/gcc/avr/4.8.1/avr6\libgcc.a(_clear_bss.o)
 .text.libgcc.div
                0x00000000        0x0 c:/program files (x86)/atmel/atmel toolchain/avr8 gcc/native/3.4.1061/avr8-gnu-toolchain/bin/../lib/gcc/avr/4.8.1/avr6\libgcc.a(_clear_bss.o)
 .text.libgcc   0x00000000        0x0 c:/program files (x86)/atmel/atmel toolchain/avr8 gcc/native/3.4.1061/avr8-gnu-toolchain/bin/../lib/gcc/avr/4.8.1/avr6\libgcc.a(_clear_bss.o)
 .text.libgcc.prologue
                0x00000000        0x0 c:/program files (x86)/atmel/atmel toolchain/avr8 gcc/native/3.4.1061/avr8-gnu-toolchain/bin/../lib/gcc/avr/4.8.1/avr6\libgcc.a(_clear_bss.o)
 .text.libgcc.builtins
                0x00000000        0x0 c:/program files (x86)/atmel/atmel toolchain/avr8 gcc/native/3.4.1061/avr8-gnu-toolchain/bin/../lib/gcc/avr/4.8.1/avr6\libgcc.a(_clear_bss.o)
 .text.libgcc.fmul
                0x00000000        0x0 c:/program files (x86)/atmel/atmel toolchain/avr8 gcc/native/3.4.1061/avr8-gnu-toolchain/bin/../lib/gcc/avr/4.8.1/avr6\libgcc.a(_clear_bss.o)
 .text.libgcc.fixed
                0x00000000        0x0 c:/program files (x86)/atmel/atmel toolchain/avr8 gcc/native/3.4.1061/avr8-gnu-toolchain/bin/../lib/gcc/avr/4.8.1/avr6\libgcc.a(_clear_bss.o)
 .text          0x00000000        0x0 c:/program files (x86)/atmel/atmel toolchain/avr8 gcc/native/3.4.1061/avr8-gnu-toolchain/bin/../lib/gcc/avr/4.8.1/avr6\libgcc.a(_udivmodhi4.o)
 .data          0x00000000        0x0 c:/program files (x86)/atmel/atmel toolchain/avr8 gcc/native/3.4.1061/avr8-gnu-toolchain/bin/../lib/gcc/avr/4.8.1/avr6\libgcc.a(_udivmodhi4.o)
 .bss           0x00000000        0x0 c:/program files (x86)/atmel/atmel toolchain/avr8 gcc/native/3.4.1061/avr8-gnu-toolchain/bin/../lib/gcc/avr/4.8.1/avr6\libgcc.a(_udivmodhi4.o)
 .text.libgcc.mul
                0x00000000        0x0 c:/program files (x86)/atmel/atmel toolchain/avr8 gcc/native/3.4.1061/avr8-gnu-toolchain/bin/../lib/gcc/avr/4.8.1/avr6\libgcc.a(_udivmodhi4.o)
 .text.libgcc   0x00000000        0x0 c:/program files (x86)/atmel/atmel toolchain/avr8 gcc/native/3.4.1061/avr8-gnu-toolchain/bin/../lib/gcc/avr/4.8.1/avr6\libgcc.a(_udivmodhi4.o)
 .text.libgcc.prologue
                0x00000000        0x0 c:/program files (x86)/atmel/atmel toolchain/avr8 gcc/native/3.4.1061/avr8-gnu-toolchain/bin/../lib/gcc/avr/4.8.1/avr6\libgcc.a(_udivmodhi4.o)
 .text.libgcc.builtins
                0x00000000        0x0 c:/program files (x86)/atmel/atmel toolchain/avr8 gcc/native/3.4.1061/avr8-gnu-toolchain/bin/../lib/gcc/avr/4.8.1/avr6\libgcc.a(_udivmodhi4.o)
 .text.libgcc.fmul
                0x00000000        0x0 c:/program files (x86)/atmel/atmel toolchain/avr8 gcc/native/3.4.1061/avr8-gnu-toolchain/bin/../lib/gcc/avr/4.8.1/avr6\libgcc.a(_udivmodhi4.o)
 .text.libgcc.fixed
                0x00000000        0x0 c:/program files (x86)/atmel/atmel toolchain/avr8 gcc/native/3.4.1061/avr8-gnu-toolchain/bin/../lib/gcc/avr/4.8.1/avr6\libgcc.a(_udivmodhi4.o)
 .text          0x00000000        0x0 c:/program files (x86)/atmel/atmel toolchain/avr8 gcc/native/3.4.1061/avr8-gnu-toolchain/bin/../lib/gcc/avr/4.8.1/../../../../avr/lib/avr6\libc.a(memcpy.o)
 .data          0x00000000        0x0 c:/program files (x86)/atmel/atmel toolchain/avr8 gcc/native/3.4.1061/avr8-gnu-toolchain/bin/../lib/gcc/avr/4.8.1/../../../../avr/lib/avr6\libc.a(memcpy.o)
 .bss           0x00000000        0x0 c:/program files (x86)/atmel/atmel toolchain/avr8 gcc/native/3.4.1061/avr8-gnu-toolchain/bin/../lib/gcc/avr/4.8.1/../../../../avr/lib/avr6\libc.a(memcpy.o)

Memory Configuration

Name             Origin             Length             Attributes
text             0x00000000         0x00100000         xr
data             0x00800200         0x0000fe00         rw !x
eeprom           0x00810000         0x00010000         rw !x
fuse             0x00820000         0x00000400         rw !x
lock             0x00830000         0x00000400         rw !x
signature        0x00840000         0x00000400         rw !x
user_signatures  0x00850000         0x00000400         rw !x
*default*        0x00000000         0xffffffff

Linker script and memory map

Address of section .data set to 0x800200
LOAD c:/program files (x86)/atmel/atmel toolchain/avr8 gcc/native/3.4.1061/avr8-gnu-toolchain/bin/../lib/gcc/avr/4.8.1/../../../../avr/lib/avr6/crtm2560.o
LOAD debugPrint.o
LOAD FreeRTOS2560.o
LOAD heap_1.o
LOAD list.o
LOAD myHcSonar.o
LOAD myMaxSonar.o
LOAD myADC.o
LOAD myObstacleHandler.o
LOAD mySharpIR.o
LOAD myTimer.o
LOAD myUSART.o
LOAD port.o
LOAD queue.o
LOAD ringBuffer.o
LOAD tasks.o
START GROUP
LOAD c:/program files (x86)/atmel/atmel toolchain/avr8 gcc/native/3.4.1061/avr8-gnu-toolchain/bin/../lib/gcc/avr/4.8.1/../../../../avr/lib/avr6\libm.a
LOAD C:\Users\tienlong\Desktop\CG3002\Project\arduino\Arduino\Debug\libarduino.a
END GROUP
START GROUP
LOAD c:/program files (x86)/atmel/atmel toolchain/avr8 gcc/native/3.4.1061/avr8-gnu-toolchain/bin/../lib/gcc/avr/4.8.1/avr6\libgcc.a
LOAD c:/program files (x86)/atmel/atmel toolchain/avr8 gcc/native/3.4.1061/avr8-gnu-toolchain/bin/../lib/gcc/avr/4.8.1/../../../../avr/lib/avr6\libm.a
LOAD c:/program files (x86)/atmel/atmel toolchain/avr8 gcc/native/3.4.1061/avr8-gnu-toolchain/bin/../lib/gcc/avr/4.8.1/../../../../avr/lib/avr6\libc.a
END GROUP

.hash
 *(.hash)

.dynsym
 *(.dynsym)

.dynstr
 *(.dynstr)

.gnu.version
 *(.gnu.version)

.gnu.version_d
 *(.gnu.version_d)

.gnu.version_r
 *(.gnu.version_r)

.rel.init
 *(.rel.init)

.rela.init
 *(.rela.init)

.rel.text
 *(.rel.text)
 *(.rel.text.*)
 *(.rel.gnu.linkonce.t*)

.rela.text
 *(.rela.text)
 *(.rela.text.*)
 *(.rela.gnu.linkonce.t*)

.rel.fini
 *(.rel.fini)

.rela.fini
 *(.rela.fini)

.rel.rodata
 *(.rel.rodata)
 *(.rel.rodata.*)
 *(.rel.gnu.linkonce.r*)

.rela.rodata
 *(.rela.rodata)
 *(.rela.rodata.*)
 *(.rela.gnu.linkonce.r*)

.rel.data
 *(.rel.data)
 *(.rel.data.*)
 *(.rel.gnu.linkonce.d*)

.rela.data
 *(.rela.data)
 *(.rela.data.*)
 *(.rela.gnu.linkonce.d*)

.rel.ctors
 *(.rel.ctors)

.rela.ctors
 *(.rela.ctors)

.rel.dtors
 *(.rel.dtors)

.rela.dtors
 *(.rela.dtors)

.rel.got
 *(.rel.got)

.rela.got
 *(.rela.got)

.rel.bss
 *(.rel.bss)

.rela.bss
 *(.rela.bss)

.rel.plt
 *(.rel.plt)

.rela.plt
 *(.rela.plt)

.text           0x00000000     0x2e84
 *(.vectors)
 .vectors       0x00000000       0xe4 c:/program files (x86)/atmel/atmel toolchain/avr8 gcc/native/3.4.1061/avr8-gnu-toolchain/bin/../lib/gcc/avr/4.8.1/../../../../avr/lib/avr6/crtm2560.o
                0x00000000                __vector_default
                0x00000000                __vectors
 *(.vectors)
 *(.progmem.gcc*)
 .progmem.gcc_fplib
                0x000000e4       0x28 c:/program files (x86)/atmel/atmel toolchain/avr8 gcc/native/3.4.1061/avr8-gnu-toolchain/bin/../lib/gcc/avr/4.8.1/../../../../avr/lib/avr6\libm.a(exp.o)
 .progmem.gcc_fplib
                0x0000010c       0x5a c:/program files (x86)/atmel/atmel toolchain/avr8 gcc/native/3.4.1061/avr8-gnu-toolchain/bin/../lib/gcc/avr/4.8.1/../../../../avr/lib/avr6\libm.a(log.o)
                0x00000166                . = ALIGN (0x2)
                0x00000166                __trampolines_start = .
 *(.trampolines)
 .trampolines   0x00000166        0x0 linker stubs
 *(.trampolines*)
                0x00000166                __trampolines_end = .
 *(.progmem*)
                0x00000166                . = ALIGN (0x2)
 *(.jumptables)
 *(.jumptables*)
 *(.lowtext)
 *(.lowtext*)
                0x00000166                __ctors_start = .
 *(.ctors)
                0x00000166                __ctors_end = .
                0x00000166                __dtors_start = .
 *(.dtors)
                0x00000166                __dtors_end = .
 SORT(*)(.ctors)
 SORT(*)(.dtors)
 *(.init0)
 .init0         0x00000166        0x0 c:/program files (x86)/atmel/atmel toolchain/avr8 gcc/native/3.4.1061/avr8-gnu-toolchain/bin/../lib/gcc/avr/4.8.1/../../../../avr/lib/avr6/crtm2560.o
                0x00000166                __init
 *(.init0)
 *(.init1)
 *(.init1)
 *(.init2)
 .init2         0x00000166       0x10 c:/program files (x86)/atmel/atmel toolchain/avr8 gcc/native/3.4.1061/avr8-gnu-toolchain/bin/../lib/gcc/avr/4.8.1/../../../../avr/lib/avr6/crtm2560.o
 *(.init2)
 *(.init3)
 *(.init3)
 *(.init4)
 .init4         0x00000176       0x1a c:/program files (x86)/atmel/atmel toolchain/avr8 gcc/native/3.4.1061/avr8-gnu-toolchain/bin/../lib/gcc/avr/4.8.1/avr6\libgcc.a(_copy_data.o)
                0x00000176                __do_copy_data
 .init4         0x00000190       0x10 c:/program files (x86)/atmel/atmel toolchain/avr8 gcc/native/3.4.1061/avr8-gnu-toolchain/bin/../lib/gcc/avr/4.8.1/avr6\libgcc.a(_clear_bss.o)
                0x00000190                __do_clear_bss
 *(.init4)
 *(.init5)
 *(.init5)
 *(.init6)
 *(.init6)
 *(.init7)
 *(.init7)
 *(.init8)
 *(.init8)
 *(.init9)
 .init9         0x000001a0        0x6 c:/program files (x86)/atmel/atmel toolchain/avr8 gcc/native/3.4.1061/avr8-gnu-toolchain/bin/../lib/gcc/avr/4.8.1/../../../../avr/lib/avr6/crtm2560.o
 *(.init9)
 *(.text)
 .text          0x000001a6        0x2 c:/program files (x86)/atmel/atmel toolchain/avr8 gcc/native/3.4.1061/avr8-gnu-toolchain/bin/../lib/gcc/avr/4.8.1/../../../../avr/lib/avr6/crtm2560.o
                0x000001a6                __vector_38
                0x000001a6                __vector_22
                0x000001a6                __vector_28
                0x000001a6                __vector_1
                0x000001a6                __vector_32
                0x000001a6                __vector_34
                0x000001a6                __vector_24
                0x000001a6                __vector_12
                0x000001a6                __vector_55
                0x000001a6                __vector_46
                0x000001a6                __bad_interrupt
                0x000001a6                __vector_6
                0x000001a6                __vector_31
                0x000001a6                __vector_35
                0x000001a6                __vector_39
                0x000001a6                __vector_3
                0x000001a6                __vector_23
                0x000001a6                __vector_30
                0x000001a6                __vector_45
                0x000001a6                __vector_11
                0x000001a6                __vector_54
                0x000001a6                __vector_13
                0x000001a6                __vector_17
                0x000001a6                __vector_19
                0x000001a6                __vector_56
                0x000001a6                __vector_7
                0x000001a6                __vector_49
                0x000001a6                __vector_41
                0x000001a6                __vector_43
                0x000001a6                __vector_27
                0x000001a6                __vector_5
                0x000001a6                __vector_33
                0x000001a6                __vector_47
                0x000001a6                __vector_52
                0x000001a6                __vector_4
                0x000001a6                __vector_44
                0x000001a6                __vector_51
                0x000001a6                __vector_2
                0x000001a6                __vector_15
                0x000001a6                __vector_40
                0x000001a6                __vector_8
                0x000001a6                __vector_48
                0x000001a6                __vector_14
                0x000001a6                __vector_53
                0x000001a6                __vector_10
                0x000001a6                __vector_50
                0x000001a6                __vector_16
                0x000001a6                __vector_18
                0x000001a6                __vector_20
                0x000001a6                __vector_42
                0x000001a8                . = ALIGN (0x2)
 *(.text.*)
 .text.RPI_receiveTask
                0x000001a8       0x68 FreeRTOS2560.o
                0x000001a8                RPI_receiveTask
 .text.RPI_sendTask
                0x00000210       0x8e FreeRTOS2560.o
                0x00000210                RPI_sendTask
 .text.myTimerTask
                0x0000029e        0x6 FreeRTOS2560.o
                0x0000029e                myTimerTask
 .text.setDigitalInputPowerReduction
                0x000002a4       0x16 FreeRTOS2560.o
                0x000002a4                setDigitalInputPowerReduction
 .text.setPowerReduction
                0x000002ba       0x10 FreeRTOS2560.o
                0x000002ba                setPowerReduction
 .text.clearTimer
                0x000002ca       0x3e FreeRTOS2560.o
                0x000002ca                clearTimer
 .text.init     0x00000308       0x52 FreeRTOS2560.o
                0x00000308                init
 .text.main     0x0000035a       0x92 FreeRTOS2560.o
                0x0000035a                main
 .text.myItoa   0x000003ec       0x4a FreeRTOS2560.o
                0x000003ec                myItoa
 .text.obstacleSend
                0x00000436       0x4c FreeRTOS2560.o
                0x00000436                obstacleSend
 .text.sendObstacleDetected
                0x00000482       0x94 FreeRTOS2560.o
                0x00000482                sendObstacleDetected
 .text.Sonar_Task
                0x00000516      0x14c FreeRTOS2560.o
                0x00000516                Sonar_Task
 .text.pvPortMalloc
                0x00000662       0x6a heap_1.o
                0x00000662                pvPortMalloc
 .text.vPortFree
                0x000006cc        0x2 heap_1.o
                0x000006cc                vPortFree
 .text.vListInitialise
                0x000006ce       0x1c list.o
                0x000006ce                vListInitialise
 .text.vListInitialiseItem
                0x000006ea        0x8 list.o
                0x000006ea                vListInitialiseItem
 .text.vListInsertEnd
                0x000006f2       0x42 list.o
                0x000006f2                vListInsertEnd
 .text.vListInsert
                0x00000734       0x62 list.o
                0x00000734                vListInsert
 .text.uxListRemove
                0x00000796       0x4c list.o
                0x00000796                uxListRemove
 .text.__vector_9
                0x000007e2      0x116 myHcSonar.o
                0x000007e2                __vector_9
 .text.myMaxSonar_BtmStart
                0x000008f8        0xe myMaxSonar.o
                0x000008f8                myMaxSonar_BtmStart
 .text.myMaxSonar_TopStart
                0x00000906        0xe myMaxSonar.o
                0x00000906                myMaxSonar_TopStart
 .text.myMaxSonar_extractMedian
                0x00000914       0x3e myMaxSonar.o
                0x00000914                myMaxSonar_extractMedian
 .text.myMaxSonar_Stabilizer
                0x00000952       0x1c myMaxSonar.o
                0x00000952                myMaxSonar_Stabilizer
 .text.myMaxSonar_AddSample
                0x0000096e       0x48 myMaxSonar.o
                0x0000096e                myMaxSonar_AddSample
 .text.myMaxSonar_getFilteredReading
                0x000009b6       0x12 myMaxSonar.o
                0x000009b6                myMaxSonar_getFilteredReading
 .text.myMaxSonar_Read
                0x000009c8       0x24 myMaxSonar.o
                0x000009c8                myMaxSonar_Read
 .text.__vector_29
                0x000009ec       0x70 myADC.o
                0x000009ec                __vector_29
 .text.myADC_Init
                0x00000a5c       0x3a myADC.o
                0x00000a5c                myADC_Init
 .text.myADC_startADC
                0x00000a96       0x52 myADC.o
                0x00000a96                myADC_startADC
 .text.myADC_readADC
                0x00000ae8       0x48 myADC.o
                0x00000ae8                myADC_readADC
 .text.myADC_analogRead
                0x00000b30        0xe myADC.o
                0x00000b30                myADC_analogRead
 .text.detectStairs
                0x00000b3e       0x20 myObstacleHandler.o
                0x00000b3e                detectStairs
 .text.obstacleAvoidance
                0x00000b5e       0xc4 myObstacleHandler.o
                0x00000b5e                obstacleAvoidance
 .text.cheatPrintAll
                0x00000c22       0x22 myObstacleHandler.o
                0x00000c22                cheatPrintAll
 .text.obstacleDetection
                0x00000c44       0xb0 myObstacleHandler.o
                0x00000c44                obstacleDetection
 .text.mySharpIR_Read
                0x00000cf4       0x48 mySharpIR.o
                0x00000cf4                mySharpIR_Read
 .text.checkOutOfRange
                0x00000d3c       0x2a mySharpIR.o
                0x00000d3c                checkOutOfRange
 .text.mySharpIR_ReCalibrate
                0x00000d66       0xde mySharpIR.o
                0x00000d66                mySharpIR_ReCalibrate
 .text.myTimer_Init
                0x00000e44       0x34 myTimer.o
                0x00000e44                myTimer_Init
 .text.myTimer_Read
                0x00000e78        0x4 myTimer.o
                0x00000e78                myTimer_Read
 .text.myTimer_DelayChecker
                0x00000e7c       0xde myTimer.o
                0x00000e7c                myTimer_DelayChecker
 .text.__vector_36
                0x00000f5a       0x70 myUSART.o
                0x00000f5a                __vector_36
 .text.__vector_25
                0x00000fca       0x70 myUSART.o
                0x00000fca                __vector_25
 .text.__vector_37
                0x0000103a       0x80 myUSART.o
                0x0000103a                __vector_37
 .text.__vector_26
                0x000010ba       0x80 myUSART.o
                0x000010ba                __vector_26
 .text.myUSART_USART0_Init
                0x0000113a       0x4c myUSART.o
                0x0000113a                myUSART_USART0_Init
 .text.myUSART_USART1_Init
                0x00001186       0x5c myUSART.o
                0x00001186                myUSART_USART1_Init
 .text.myUSART_transmitUSART0_c
                0x000011e2       0x42 myUSART.o
                0x000011e2                myUSART_transmitUSART0_c
 .text.myUSART_transmitUSART1_c
                0x00001224       0x42 myUSART.o
                0x00001224                myUSART_transmitUSART1_c
 .text.myUSART_transmitUSART1
                0x00001266       0x1c myUSART.o
                0x00001266                myUSART_transmitUSART1
 .text.myUSART_transmitUSART0
                0x00001282       0x1c myUSART.o
                0x00001282                myUSART_transmitUSART0
 .text.myUSART_receiveUSART1
                0x0000129e       0x42 myUSART.o
                0x0000129e                myUSART_receiveUSART1
 .text.myUSART_startHandShake
                0x000012e0       0x28 myUSART.o
                0x000012e0                myUSART_startHandShake
 .text.myUSART_completeHandShake
                0x00001308       0x16 myUSART.o
                0x00001308                myUSART_completeHandShake
 .text.myUSART_receiveHandShakeAck
                0x0000131e        0xc myUSART.o
                0x0000131e                myUSART_receiveHandShakeAck
 .text.myUSART_receiveHandShakeStart
                0x0000132a        0xc myUSART.o
                0x0000132a                myUSART_receiveHandShakeStart
 .text.myUSART_receiveHandShakeFin
                0x00001336        0xc myUSART.o
                0x00001336                myUSART_receiveHandShakeFin
 .text.myUSART_receiveMessageACK
                0x00001342        0xc myUSART.o
                0x00001342                myUSART_receiveMessageACK
 .text.pxPortInitialiseStack
                0x0000134e       0xe4 port.o
                0x0000134e                pxPortInitialiseStack
 .text.xPortStartScheduler
                0x00001432       0x7a port.o
                0x00001432                xPortStartScheduler
 .text.vPortYield
                0x000014ac       0xc0 port.o
                0x000014ac                vPortYield
 .text.vPortYieldFromTick
                0x0000156c       0xc4 port.o
                0x0000156c                vPortYieldFromTick
 .text.__vector_21
                0x00001630        0x4 port.o
                0x00001630                __vector_21
 .text.prvCopyDataToQueue
                0x00001634       0xc4 queue.o
 .text.prvCopyDataFromQueue
                0x000016f8       0x34 queue.o
 .text.prvUnlockQueue
                0x0000172c       0x8c queue.o
 .text.xQueueGenericReset
                0x000017b8       0x76 queue.o
                0x000017b8                xQueueGenericReset
 .text.xQueueGenericCreate
                0x0000182e       0x5a queue.o
                0x0000182e                xQueueGenericCreate
 .text.xQueueGenericSend
                0x00001888      0x126 queue.o
                0x00001888                xQueueGenericSend
 .text.xQueueCreateMutex
                0x000019ae       0x56 queue.o
                0x000019ae                xQueueCreateMutex
 .text.xQueueGenericSendFromISR
                0x00001a04       0x74 queue.o
                0x00001a04                xQueueGenericSendFromISR
 .text.xQueueGenericReceive
                0x00001a78      0x166 queue.o
                0x00001a78                xQueueGenericReceive
 .text.ringBufferInit
                0x00001bde        0xe ringBuffer.o
                0x00001bde                ringBufferInit
 .text.ringBufferPop
                0x00001bec       0x24 ringBuffer.o
                0x00001bec                ringBufferPop
 .text.ringBufferPush
                0x00001c10       0x2e ringBuffer.o
                0x00001c10                ringBufferPush
 .text.ringBufferFull
                0x00001c3e        0xe ringBuffer.o
                0x00001c3e                ringBufferFull
 .text.ringBufferNotEmpty
                0x00001c4c       0x10 ringBuffer.o
                0x00001c4c                ringBufferNotEmpty
 .text.prvResetNextTaskUnblockTime
                0x00001c5c       0x3e tasks.o
 .text.prvAddCurrentTaskToDelayedList
                0x00001c9a       0x6e tasks.o
 .text.xTaskGenericCreate
                0x00001d08      0x22a tasks.o
                0x00001d08                xTaskGenericCreate
 .text.vTaskStartScheduler
                0x00001f32       0x52 tasks.o
                0x00001f32                vTaskStartScheduler
 .text.vTaskSuspendAll
                0x00001f84        0xc tasks.o
                0x00001f84                vTaskSuspendAll
 .text.xTaskGetTickCount
                0x00001f90       0x14 tasks.o
                0x00001f90                xTaskGetTickCount
 .text.xTaskGetTickCountFromISR
                0x00001fa4        0xa tasks.o
                0x00001fa4                xTaskGetTickCountFromISR
 .text.xTaskIncrementTick
                0x00001fae      0x17c tasks.o
                0x00001fae                xTaskIncrementTick
 .text.xTaskResumeAll
                0x0000212a      0x102 tasks.o
                0x0000212a                xTaskResumeAll
 .text.vTaskDelayUntil
                0x0000222c       0x7c tasks.o
                0x0000222c                vTaskDelayUntil
 .text.vTaskDelay
                0x000022a8       0x38 tasks.o
                0x000022a8                vTaskDelay
 .text.prvIdleTask
                0x000022e0       0x72 tasks.o
 .text.vTaskSwitchContext
                0x00002352       0xbc tasks.o
                0x00002352                vTaskSwitchContext
 .text.vTaskSuspend
                0x0000240e       0x98 tasks.o
                0x0000240e                vTaskSuspend
 .text.vTaskPlaceOnEventList
                0x000024a6       0x56 tasks.o
                0x000024a6                vTaskPlaceOnEventList
 .text.xTaskRemoveFromEventList
                0x000024fc       0x90 tasks.o
                0x000024fc                xTaskRemoveFromEventList
 .text.vTaskSetTimeOutState
                0x0000258c       0x16 tasks.o
                0x0000258c                vTaskSetTimeOutState
 .text.xTaskCheckForTimeOut
                0x000025a2       0x70 tasks.o
                0x000025a2                xTaskCheckForTimeOut
 .text.vTaskMissedYield
                0x00002612        0x8 tasks.o
                0x00002612                vTaskMissedYield
 .text.vTaskPriorityInherit
                0x0000261a       0xbc tasks.o
                0x0000261a                vTaskPriorityInherit
 .text.xTaskPriorityDisinherit
                0x000026d6       0x7e tasks.o
                0x000026d6                xTaskPriorityDisinherit
 .text.pvTaskIncrementMutexHeldCount
                0x00002754       0x24 tasks.o
                0x00002754                pvTaskIncrementMutexHeldCount
 .text.avr-libc.fplib
                0x00002778        0xa c:/program files (x86)/atmel/atmel toolchain/avr8 gcc/native/3.4.1061/avr8-gnu-toolchain/bin/../lib/gcc/avr/4.8.1/../../../../avr/lib/avr6\libm.a(addsf3.o)
                0x00002778                __subsf3
                0x0000277a                __addsf3
 .text.avr-libc.fplib
                0x00002782       0xc0 c:/program files (x86)/atmel/atmel toolchain/avr8 gcc/native/3.4.1061/avr8-gnu-toolchain/bin/../lib/gcc/avr/4.8.1/../../../../avr/lib/avr6\libm.a(addsf3x.o)
                0x0000279c                __addsf3x
 .text.avr-libc.fplib
                0x00002842        0xa c:/program files (x86)/atmel/atmel toolchain/avr8 gcc/native/3.4.1061/avr8-gnu-toolchain/bin/../lib/gcc/avr/4.8.1/../../../../avr/lib/avr6\libm.a(fixsfsi.o)
                0x00002842                __fixsfsi
 .text.avr-libc.fplib
                0x0000284c       0x58 c:/program files (x86)/atmel/atmel toolchain/avr8 gcc/native/3.4.1061/avr8-gnu-toolchain/bin/../lib/gcc/avr/4.8.1/../../../../avr/lib/avr6\libm.a(fixunssfsi.o)
                0x0000284c                __fixunssfsi
 .text.avr-libc.fplib
                0x000028a4       0x7a c:/program files (x86)/atmel/atmel toolchain/avr8 gcc/native/3.4.1061/avr8-gnu-toolchain/bin/../lib/gcc/avr/4.8.1/../../../../avr/lib/avr6\libm.a(floatsisf.o)
                0x000028a4                __floatunsisf
                0x000028a8                __floatsisf
 .text.avr-libc.fplib
                0x0000291e        0xc c:/program files (x86)/atmel/atmel toolchain/avr8 gcc/native/3.4.1061/avr8-gnu-toolchain/bin/../lib/gcc/avr/4.8.1/../../../../avr/lib/avr6\libm.a(fp_inf.o)
                0x0000291e                __fp_inf
 .text.avr-libc.fplib
                0x0000292a        0x6 c:/program files (x86)/atmel/atmel toolchain/avr8 gcc/native/3.4.1061/avr8-gnu-toolchain/bin/../lib/gcc/avr/4.8.1/../../../../avr/lib/avr6\libm.a(fp_nan.o)
                0x0000292a                __fp_nan
 .text.avr-libc.fplib
                0x00002930        0xe c:/program files (x86)/atmel/atmel toolchain/avr8 gcc/native/3.4.1061/avr8-gnu-toolchain/bin/../lib/gcc/avr/4.8.1/../../../../avr/lib/avr6\libm.a(fp_pscA.o)
                0x00002930                __fp_pscA
 .text.avr-libc.fplib
                0x0000293e        0xe c:/program files (x86)/atmel/atmel toolchain/avr8 gcc/native/3.4.1061/avr8-gnu-toolchain/bin/../lib/gcc/avr/4.8.1/../../../../avr/lib/avr6\libm.a(fp_pscB.o)
                0x0000293e                __fp_pscB
 .text.avr-libc.fplib
                0x0000294c       0x22 c:/program files (x86)/atmel/atmel toolchain/avr8 gcc/native/3.4.1061/avr8-gnu-toolchain/bin/../lib/gcc/avr/4.8.1/../../../../avr/lib/avr6\libm.a(fp_round.o)
                0x0000294c                __fp_round
 .text.avr-libc.fplib
                0x0000296e       0x44 c:/program files (x86)/atmel/atmel toolchain/avr8 gcc/native/3.4.1061/avr8-gnu-toolchain/bin/../lib/gcc/avr/4.8.1/../../../../avr/lib/avr6\libm.a(fp_split3.o)
                0x0000296e                __fp_split3
                0x0000297e                __fp_splitA
 .text.avr-libc.fplib
                0x000029b2        0xe c:/program files (x86)/atmel/atmel toolchain/avr8 gcc/native/3.4.1061/avr8-gnu-toolchain/bin/../lib/gcc/avr/4.8.1/../../../../avr/lib/avr6\libm.a(fp_zero.o)
                0x000029b2                __fp_zero
                0x000029b4                __fp_szero
 .text.avr-libc.fplib
                0x000029c0        0x4 c:/program files (x86)/atmel/atmel toolchain/avr8 gcc/native/3.4.1061/avr8-gnu-toolchain/bin/../lib/gcc/avr/4.8.1/../../../../avr/lib/avr6\libm.a(mulsf3.o)
                0x000029c0                __mulsf3
 .text.avr-libc.fplib
                0x000029c4       0xc2 c:/program files (x86)/atmel/atmel toolchain/avr8 gcc/native/3.4.1061/avr8-gnu-toolchain/bin/../lib/gcc/avr/4.8.1/../../../../avr/lib/avr6\libm.a(mulsf3x.o)
                0x000029d8                __mulsf3x
                0x000029dc                __mulsf3_pse
 .text.avr-libc.fplib
                0x00002a86       0x98 c:/program files (x86)/atmel/atmel toolchain/avr8 gcc/native/3.4.1061/avr8-gnu-toolchain/bin/../lib/gcc/avr/4.8.1/../../../../avr/lib/avr6\libm.a(pow.o)
                0x00002a86                pow
 .text.avr-libc.fplib
                0x00002b1e       0x62 c:/program files (x86)/atmel/atmel toolchain/avr8 gcc/native/3.4.1061/avr8-gnu-toolchain/bin/../lib/gcc/avr/4.8.1/../../../../avr/lib/avr6\libm.a(exp.o)
                0x00002b28                exp
 .text.avr-libc.fplib
                0x00002b80       0x4a c:/program files (x86)/atmel/atmel toolchain/avr8 gcc/native/3.4.1061/avr8-gnu-toolchain/bin/../lib/gcc/avr/4.8.1/../../../../avr/lib/avr6\libm.a(fp_powser.o)
                0x00002b80                __fp_powser
 .text.avr-libc.fplib
                0x00002bca        0xe c:/program files (x86)/atmel/atmel toolchain/avr8 gcc/native/3.4.1061/avr8-gnu-toolchain/bin/../lib/gcc/avr/4.8.1/../../../../avr/lib/avr6\libm.a(inverse.o)
                0x00002bca                inverse
 .text.avr-libc.fplib
                0x00002bd8       0x6c c:/program files (x86)/atmel/atmel toolchain/avr8 gcc/native/3.4.1061/avr8-gnu-toolchain/bin/../lib/gcc/avr/4.8.1/../../../../avr/lib/avr6\libm.a(ldexp.o)
                0x00002bdc                ldexp
 .text.avr-libc.fplib
                0x00002c44       0x8a c:/program files (x86)/atmel/atmel toolchain/avr8 gcc/native/3.4.1061/avr8-gnu-toolchain/bin/../lib/gcc/avr/4.8.1/../../../../avr/lib/avr6\libm.a(log.o)
                0x00002c4e                log
 .text.avr-libc.fplib
                0x00002cce       0x66 c:/program files (x86)/atmel/atmel toolchain/avr8 gcc/native/3.4.1061/avr8-gnu-toolchain/bin/../lib/gcc/avr/4.8.1/../../../../avr/lib/avr6\libm.a(modf.o)
                0x00002cce                modf
                0x00002cce                modff
 .text.avr-libc.fplib
                0x00002d34        0x4 c:/program files (x86)/atmel/atmel toolchain/avr8 gcc/native/3.4.1061/avr8-gnu-toolchain/bin/../lib/gcc/avr/4.8.1/../../../../avr/lib/avr6\libm.a(divsf3.o)
                0x00002d34                __divsf3
 .text.avr-libc.fplib
                0x00002d38       0xcc c:/program files (x86)/atmel/atmel toolchain/avr8 gcc/native/3.4.1061/avr8-gnu-toolchain/bin/../lib/gcc/avr/4.8.1/../../../../avr/lib/avr6\libm.a(divsf3x.o)
                0x00002d4e                __divsf3x
                0x00002d52                __divsf3_pse
 .text.avr-libc.fplib
                0x00002e04       0x1c c:/program files (x86)/atmel/atmel toolchain/avr8 gcc/native/3.4.1061/avr8-gnu-toolchain/bin/../lib/gcc/avr/4.8.1/../../../../avr/lib/avr6\libm.a(fp_mpack.o)
                0x00002e04                __fp_mpack
                0x00002e08                __fp_mpack_finite
 .text.libgcc.div
                0x00002e20       0x26 c:/program files (x86)/atmel/atmel toolchain/avr8 gcc/native/3.4.1061/avr8-gnu-toolchain/bin/../lib/gcc/avr/4.8.1/avr6\libgcc.a(_divmodhi4.o)
                0x00002e20                _div
                0x00002e20                __divmodhi4
 .text.libgcc.div
                0x00002e46       0x28 c:/program files (x86)/atmel/atmel toolchain/avr8 gcc/native/3.4.1061/avr8-gnu-toolchain/bin/../lib/gcc/avr/4.8.1/avr6\libgcc.a(_udivmodhi4.o)
                0x00002e46                __udivmodhi4
 .text.avr-libc
                0x00002e6e       0x12 c:/program files (x86)/atmel/atmel toolchain/avr8 gcc/native/3.4.1061/avr8-gnu-toolchain/bin/../lib/gcc/avr/4.8.1/../../../../avr/lib/avr6\libc.a(memcpy.o)
                0x00002e6e                memcpy
                0x00002e80                . = ALIGN (0x2)
 *(.fini9)
 .fini9         0x00002e80        0x0 c:/program files (x86)/atmel/atmel toolchain/avr8 gcc/native/3.4.1061/avr8-gnu-toolchain/bin/../lib/gcc/avr/4.8.1/avr6\libgcc.a(_exit.o)
                0x00002e80                _exit
                0x00002e80                exit
 *(.fini9)
 *(.fini8)
 *(.fini8)
 *(.fini7)
 *(.fini7)
 *(.fini6)
 *(.fini6)
 *(.fini5)
 *(.fini5)
 *(.fini4)
 *(.fini4)
 *(.fini3)
 *(.fini3)
 *(.fini2)
 *(.fini2)
 *(.fini1)
 *(.fini1)
 *(.fini0)
 .fini0         0x00002e80        0x4 c:/program files (x86)/atmel/atmel toolchain/avr8 gcc/native/3.4.1061/avr8-gnu-toolchain/bin/../lib/gcc/avr/4.8.1/avr6\libgcc.a(_exit.o)
 *(.fini0)
                0x00002e84                _etext = .

.data           0x00800200       0x36 load address 0x00002e84
                0x00800200                PROVIDE (__data_start, .)
 *(.data)
 *(.data*)
 .data.i.1832   0x00800200        0x1 myMaxSonar.o
 .data.expectedTick2
                0x00800201        0x2 myTimer.o
                0x00800201                expectedTick2
 .data.expectedTick
                0x00800203        0x2 myTimer.o
                0x00800203                expectedTick
 .data.xNextTaskUnblockTime
                0x00800205        0x2 tasks.o
 *(.rodata)
 *(.rodata*)
 .rodata.str1.1
                0x00800207       0x2a FreeRTOS2560.o
 .rodata.str1.1
                0x00800231        0x5 tasks.o
 *(.gnu.linkonce.d*)
                0x00800236                . = ALIGN (0x2)
                0x00800236                _edata = .
                0x00800236                PROVIDE (__data_end, .)

.bss            0x00800236      0x708
                0x00800236                PROVIDE (__bss_start, .)
 *(.bss)
 *(.bss*)
 .bss.receiveState.1930
                0x00800236        0x1 FreeRTOS2560.o
 .bss.pucAlignedHeap.1837
                0x00800237        0x2 heap_1.o
 .bss.xNextFreeByte
                0x00800239        0x2 heap_1.o
 .bss.ucHeap    0x0080023b      0x5dc heap_1.o
 .bss.mutexUsart1Transmit
                0x00800817        0x2 myUSART.o
                0x00800817                mutexUsart1Transmit
 .bss.mutexUsart0Transmit
                0x00800819        0x2 myUSART.o
                0x00800819                mutexUsart0Transmit
 .bss.semaUsart1HandShake
                0x0080081b        0x2 myUSART.o
                0x0080081b                semaUsart1HandShake
 .bss.semaUsart0Receive
                0x0080081d        0x2 myUSART.o
                0x0080081d                semaUsart0Receive
 .bss.semaUsart1Receive
                0x0080081f        0x2 myUSART.o
                0x0080081f                semaUsart1Receive
 .bss.uxSchedulerSuspended
                0x00800821        0x1 tasks.o
 .bss.uxTaskNumber
                0x00800822        0x1 tasks.o
 .bss.xNumOfOverflows
                0x00800823        0x1 tasks.o
 .bss.xYieldPending
                0x00800824        0x1 tasks.o
 .bss.uxPendedTicks
                0x00800825        0x1 tasks.o
 .bss.xSchedulerRunning
                0x00800826        0x1 tasks.o
 .bss.uxTopReadyPriority
                0x00800827        0x1 tasks.o
 .bss.xTickCount
                0x00800828        0x2 tasks.o
 .bss.uxCurrentNumberOfTasks
                0x0080082a        0x1 tasks.o
 .bss.xSuspendedTaskList
                0x0080082b        0x9 tasks.o
 .bss.uxTasksDeleted
                0x00800834        0x1 tasks.o
 .bss.xTasksWaitingTermination
                0x00800835        0x9 tasks.o
 .bss.xPendingReadyList
                0x0080083e        0x9 tasks.o
 .bss.pxOverflowDelayedTaskList
                0x00800847        0x2 tasks.o
 .bss.pxDelayedTaskList
                0x00800849        0x2 tasks.o
 .bss.xDelayedTaskList2
                0x0080084b        0x9 tasks.o
 .bss.xDelayedTaskList1
                0x00800854        0x9 tasks.o
 .bss.pxReadyTasksLists
                0x0080085d       0x2d tasks.o
 .bss.pxCurrentTCB
                0x0080088a        0x2 tasks.o
                0x0080088a                pxCurrentTCB
 *(COMMON)
 COMMON         0x0080088c        0x4 FreeRTOS2560.o
                0x0080088c                queueObstacleNumber
                0x0080088e                queueObstacleData
 COMMON         0x00800890        0xe myHcSonar.o
                0x00800890                ms_tickStart
                0x00800892                ms_tickLapsed
                0x00800894                us_tickStart
                0x00800896                us_tickLapsed
                0x00800898                semaReadReady
                0x0080089a                ms_tickEnd
                0x0080089c                us_tickEnd
 COMMON         0x0080089e        0x6 myADC.o
                0x0080089e                adcReading_L
                0x0080089f                adcReading_H
                0x008008a0                semaGuardStartADC
                0x008008a2                semaReadADC
 COMMON         0x008008a4        0x6 myTimer.o
                0x008008a4                semaDelayMicro
                0x008008a6                semaDelayMicro2
                0x008008a8                timerTask
 COMMON         0x008008aa       0x94 myUSART.o
                0x008008aa                uart1_rxBuffer
                0x008008ca                uart0_rxRingBuffer
                0x008008cf                uart0_txBuffer
                0x008008ef                uart0_rxBuffer
                0x0080090f                uart1_txBuffer
                0x0080092f                uart1_txRingBuffer
                0x00800934                uart0_txRingBuffer
                0x00800939                uart1_rxRingBuffer
                0x0080093e                PROVIDE (__bss_end, .)
                0x00002e84                __data_load_start = LOADADDR (.data)
                0x00002eba                __data_load_end = (__data_load_start + SIZEOF (.data))

.noinit         0x0080093e        0x0
                0x0080093e                PROVIDE (__noinit_start, .)
 *(.noinit*)
                0x0080093e                PROVIDE (__noinit_end, .)
                0x0080093e                _end = .
                0x0080093e                PROVIDE (__heap_start, .)

.eeprom         0x00810000        0x0
 *(.eeprom*)
                0x00810000                __eeprom_end = .

.fuse
 *(.fuse)
 *(.lfuse)
 *(.hfuse)
 *(.efuse)

.lock
 *(.lock*)

.signature
 *(.signature*)

.user_signatures
 *(.user_signatures*)

.stab
 *(.stab)

.stabstr
 *(.stabstr)

.stab.excl
 *(.stab.excl)

.stab.exclstr
 *(.stab.exclstr)

.stab.index
 *(.stab.index)

.stab.indexstr
 *(.stab.indexstr)

.comment        0x00000000       0x30
 *(.comment)
 .comment       0x00000000       0x30 FreeRTOS2560.o
                                 0x31 (size before relaxing)
 .comment       0x00000000       0x31 heap_1.o
 .comment       0x00000000       0x31 list.o
 .comment       0x00000000       0x31 myHcSonar.o
 .comment       0x00000000       0x31 myMaxSonar.o
 .comment       0x00000000       0x31 myADC.o
 .comment       0x00000000       0x31 myObstacleHandler.o
 .comment       0x00000000       0x31 mySharpIR.o
 .comment       0x00000000       0x31 myTimer.o
 .comment       0x00000000       0x31 myUSART.o
 .comment       0x00000000       0x31 port.o
 .comment       0x00000000       0x31 queue.o
 .comment       0x00000000       0x31 ringBuffer.o
 .comment       0x00000000       0x31 tasks.o

.note.gnu.build-id
 *(.note.gnu.build-id)

.debug
 *(.debug)

.line
 *(.line)

.debug_srcinfo
 *(.debug_srcinfo)

.debug_sfnames
 *(.debug_sfnames)

.debug_aranges  0x00000000      0x570
 *(.debug_aranges)
 .debug_aranges
                0x00000000       0x80 FreeRTOS2560.o
 .debug_aranges
                0x00000080       0x38 heap_1.o
 .debug_aranges
                0x000000b8       0x40 list.o
 .debug_aranges
                0x000000f8       0x38 myHcSonar.o
 .debug_aranges
                0x00000130       0x58 myMaxSonar.o
 .debug_aranges
                0x00000188       0x40 myADC.o
 .debug_aranges
                0x000001c8       0x40 myObstacleHandler.o
 .debug_aranges
                0x00000208       0x30 mySharpIR.o
 .debug_aranges
                0x00000238       0x40 myTimer.o
 .debug_aranges
                0x00000278       0xb0 myUSART.o
 .debug_aranges
                0x00000328       0x48 port.o
 .debug_aranges
                0x00000370       0xa0 queue.o
 .debug_aranges
                0x00000410       0x50 ringBuffer.o
 .debug_aranges
                0x00000460      0x110 tasks.o

.debug_pubnames
 *(.debug_pubnames)

.debug_info     0x00000000     0x60d0
 *(.debug_info .gnu.linkonce.wi.*)
 .debug_info    0x00000000     0x11b2 FreeRTOS2560.o
 .debug_info    0x000011b2      0x1ad heap_1.o
 .debug_info    0x0000135f      0x2c6 list.o
 .debug_info    0x00001625      0x344 myHcSonar.o
 .debug_info    0x00001969      0x305 myMaxSonar.o
 .debug_info    0x00001c6e      0x3bf myADC.o
 .debug_info    0x0000202d      0x28e myObstacleHandler.o
 .debug_info    0x000022bb      0x278 mySharpIR.o
 .debug_info    0x00002533      0x3e1 myTimer.o
 .debug_info    0x00002914      0xbe1 myUSART.o
 .debug_info    0x000034f5      0x20d port.o
 .debug_info    0x00003702     0x1023 queue.o
 .debug_info    0x00004725      0x23b ringBuffer.o
 .debug_info    0x00004960     0x1770 tasks.o

.debug_abbrev   0x00000000     0x1657
 *(.debug_abbrev)
 .debug_abbrev  0x00000000      0x347 FreeRTOS2560.o
 .debug_abbrev  0x00000347      0x12e heap_1.o
 .debug_abbrev  0x00000475       0xf8 list.o
 .debug_abbrev  0x0000056d      0x153 myHcSonar.o
 .debug_abbrev  0x000006c0      0x140 myMaxSonar.o
 .debug_abbrev  0x00000800      0x119 myADC.o
 .debug_abbrev  0x00000919       0xe8 myObstacleHandler.o
 .debug_abbrev  0x00000a01      0x10e mySharpIR.o
 .debug_abbrev  0x00000b0f      0x149 myTimer.o
 .debug_abbrev  0x00000c58      0x228 myUSART.o
 .debug_abbrev  0x00000e80      0x13d port.o
 .debug_abbrev  0x00000fbd      0x2b6 queue.o
 .debug_abbrev  0x00001273       0xd9 ringBuffer.o
 .debug_abbrev  0x0000134c      0x30b tasks.o

.debug_line     0x00000000     0x3a43
 *(.debug_line .debug_line.* .debug_line_end)
 .debug_line    0x00000000      0x6b2 FreeRTOS2560.o
 .debug_line    0x000006b2      0x26e heap_1.o
 .debug_line    0x00000920      0x282 list.o
 .debug_line    0x00000ba2      0x2a4 myHcSonar.o
 .debug_line    0x00000e46      0x2ee myMaxSonar.o
 .debug_line    0x00001134      0x23e myADC.o
 .debug_line    0x00001372      0x2b6 myObstacleHandler.o
 .debug_line    0x00001628      0x1f9 mySharpIR.o
 .debug_line    0x00001821      0x291 myTimer.o
 .debug_line    0x00001ab2      0x50b myUSART.o
 .debug_line    0x00001fbd      0x343 port.o
 .debug_line    0x00002300      0x8f0 queue.o
 .debug_line    0x00002bf0      0x16c ringBuffer.o
 .debug_line    0x00002d5c      0xce7 tasks.o

.debug_frame    0x00000000      0xfb4
 *(.debug_frame)
 .debug_frame   0x00000000      0x180 FreeRTOS2560.o
 .debug_frame   0x00000180       0x60 heap_1.o
 .debug_frame   0x000001e0       0x88 list.o
 .debug_frame   0x00000268       0x9c myHcSonar.o
 .debug_frame   0x00000304       0xb4 myMaxSonar.o
 .debug_frame   0x000003b8       0xc8 myADC.o
 .debug_frame   0x00000480       0xbc myObstacleHandler.o
 .debug_frame   0x0000053c       0x80 mySharpIR.o
 .debug_frame   0x000005bc       0x70 myTimer.o
 .debug_frame   0x0000062c      0x2a4 myUSART.o
 .debug_frame   0x000008d0       0x74 port.o
 .debug_frame   0x00000944      0x23c queue.o
 .debug_frame   0x00000b80       0x84 ringBuffer.o
 .debug_frame   0x00000c04      0x3b0 tasks.o

.debug_str      0x00000000     0x182b
 *(.debug_str)
 .debug_str     0x00000000      0x70c FreeRTOS2560.o
                                0x750 (size before relaxing)
 .debug_str     0x0000070c       0xaf heap_1.o
                                0x226 (size before relaxing)
 .debug_str     0x000007bb      0x129 list.o
                                0x2a1 (size before relaxing)
 .debug_str     0x000008e4      0x11b myHcSonar.o
                                0x2e0 (size before relaxing)
 .debug_str     0x000009ff       0xc0 myMaxSonar.o
                                0x295 (size before relaxing)
 .debug_str     0x00000abf       0x88 myADC.o
                                0x2b1 (size before relaxing)
 .debug_str     0x00000b47       0x35 myObstacleHandler.o
                                0x22e (size before relaxing)
 .debug_str     0x00000b7c       0x8b mySharpIR.o
                                0x23c (size before relaxing)
 .debug_str     0x00000c07       0x90 myTimer.o
                                0x2cf (size before relaxing)
 .debug_str     0x00000c97      0x1ec myUSART.o
                                0x544 (size before relaxing)
 .debug_str     0x00000e83       0xda port.o
                                0x277 (size before relaxing)
 .debug_str     0x00000f5d      0x3b9 queue.o
                                0x6ea (size before relaxing)
 .debug_str     0x00001316       0x2f ringBuffer.o
                                0x21b (size before relaxing)
 .debug_str     0x00001345      0x4e6 tasks.o
                                0xa53 (size before relaxing)

.debug_loc      0x00000000     0x4546
 *(.debug_loc)
 .debug_loc     0x00000000      0x6d6 FreeRTOS2560.o
 .debug_loc     0x000006d6       0xf1 heap_1.o
 .debug_loc     0x000007c7      0x155 list.o
 .debug_loc     0x0000091c       0xf2 myHcSonar.o
 .debug_loc     0x00000a0e      0x21c myMaxSonar.o
 .debug_loc     0x00000c2a      0x1eb myADC.o
 .debug_loc     0x00000e15      0x44e myObstacleHandler.o
 .debug_loc     0x00001263      0x2b6 mySharpIR.o
 .debug_loc     0x00001519       0xd3 myTimer.o
 .debug_loc     0x000015ec      0x61b myUSART.o
 .debug_loc     0x00001c07      0x29b port.o
 .debug_loc     0x00001ea2     0x10b5 queue.o
 .debug_loc     0x00002f57       0xe6 ringBuffer.o
 .debug_loc     0x0000303d     0x1509 tasks.o

.debug_macinfo
 *(.debug_macinfo)

.debug_weaknames
 *(.debug_weaknames)

.debug_funcnames
 *(.debug_funcnames)

.debug_typenames
 *(.debug_typenames)

.debug_varnames
 *(.debug_varnames)

.debug_pubtypes
 *(.debug_pubtypes)

.debug_ranges   0x00000000      0x500
 *(.debug_ranges)
 .debug_ranges  0x00000000       0x70 FreeRTOS2560.o
 .debug_ranges  0x00000070       0x28 heap_1.o
 .debug_ranges  0x00000098       0x30 list.o
 .debug_ranges  0x000000c8       0x28 myHcSonar.o
 .debug_ranges  0x000000f0       0x48 myMaxSonar.o
 .debug_ranges  0x00000138       0x30 myADC.o
 .debug_ranges  0x00000168       0x30 myObstacleHandler.o
 .debug_ranges  0x00000198       0x20 mySharpIR.o
 .debug_ranges  0x000001b8       0x30 myTimer.o
 .debug_ranges  0x000001e8       0xa0 myUSART.o
 .debug_ranges  0x00000288       0x38 port.o
 .debug_ranges  0x000002c0       0x90 queue.o
 .debug_ranges  0x00000350       0x40 ringBuffer.o
 .debug_ranges  0x00000390      0x170 tasks.o

.debug_macro
 *(.debug_macro)
OUTPUT(FreeRTOS2560.elf elf32-avr)
LOAD linker stubs
