Archive member included because of file (symbol)

c:/program files (x86)/atmel/atmel toolchain/avr8 gcc/native/3.4.1061/avr8-gnu-toolchain/bin/../lib/gcc/avr/4.8.1/avr6\libgcc.a(_divmodhi4.o)
                              ringBuffer.o (__divmodhi4)
c:/program files (x86)/atmel/atmel toolchain/avr8 gcc/native/3.4.1061/avr8-gnu-toolchain/bin/../lib/gcc/avr/4.8.1/avr6\libgcc.a(_exit.o)
                              c:/program files (x86)/atmel/atmel toolchain/avr8 gcc/native/3.4.1061/avr8-gnu-toolchain/bin/../lib/gcc/avr/4.8.1/../../../../avr/lib/avr6/crtm2560.o (exit)
c:/program files (x86)/atmel/atmel toolchain/avr8 gcc/native/3.4.1061/avr8-gnu-toolchain/bin/../lib/gcc/avr/4.8.1/avr6\libgcc.a(_copy_data.o)
                              FreeRTOS2560.o (__do_copy_data)
c:/program files (x86)/atmel/atmel toolchain/avr8 gcc/native/3.4.1061/avr8-gnu-toolchain/bin/../lib/gcc/avr/4.8.1/avr6\libgcc.a(_clear_bss.o)
                              heap_1.o (__do_clear_bss)
c:/program files (x86)/atmel/atmel toolchain/avr8 gcc/native/3.4.1061/avr8-gnu-toolchain/bin/../lib/gcc/avr/4.8.1/avr6\libgcc.a(_udivmodhi4.o)
                              c:/program files (x86)/atmel/atmel toolchain/avr8 gcc/native/3.4.1061/avr8-gnu-toolchain/bin/../lib/gcc/avr/4.8.1/avr6\libgcc.a(_divmodhi4.o) (__udivmodhi4)
c:/program files (x86)/atmel/atmel toolchain/avr8 gcc/native/3.4.1061/avr8-gnu-toolchain/bin/../lib/gcc/avr/4.8.1/../../../../avr/lib/avr6\libc.a(memcpy.o)
                              queue.o (memcpy)
c:/program files (x86)/atmel/atmel toolchain/avr8 gcc/native/3.4.1061/avr8-gnu-toolchain/bin/../lib/gcc/avr/4.8.1/../../../../avr/lib/avr6\libc.a(itoa_ncheck.o)
                              FreeRTOS2560.o (__itoa_ncheck)
c:/program files (x86)/atmel/atmel toolchain/avr8 gcc/native/3.4.1061/avr8-gnu-toolchain/bin/../lib/gcc/avr/4.8.1/../../../../avr/lib/avr6\libc.a(utoa_ncheck.o)
                              c:/program files (x86)/atmel/atmel toolchain/avr8 gcc/native/3.4.1061/avr8-gnu-toolchain/bin/../lib/gcc/avr/4.8.1/../../../../avr/lib/avr6\libc.a(itoa_ncheck.o) (__utoa_common)
c:/program files (x86)/atmel/atmel toolchain/avr8 gcc/native/3.4.1061/avr8-gnu-toolchain/bin/../lib/gcc/avr/4.8.1/../../../../avr/lib/avr6\libc.a(strrev.o)
                              c:/program files (x86)/atmel/atmel toolchain/avr8 gcc/native/3.4.1061/avr8-gnu-toolchain/bin/../lib/gcc/avr/4.8.1/../../../../avr/lib/avr6\libc.a(utoa_ncheck.o) (strrev)

Allocating common symbols
Common symbol       size              file

uart1_rxBuffer      0x20              myUSART.o
uart0_rxRingBuffer  0x5               myUSART.o
uart0_txBuffer      0x20              myUSART.o
adcReading          0x1               myADC.o
uart0_rxBuffer      0x20              myUSART.o
semaGuardStartADC   0x2               myADC.o
uart1_txBuffer      0x20              myUSART.o
semaUsart0Receive   0x2               myUSART.o
semaUsart1Receive   0x2               myUSART.o
uart1_txRingBuffer  0x5               myUSART.o
uart0_txRingBuffer  0x5               myUSART.o
uart1_rxRingBuffer  0x5               myUSART.o
semaReadADC         0x2               myADC.o

Discarded input sections

 .data          0x00000000        0x0 c:/program files (x86)/atmel/atmel toolchain/avr8 gcc/native/3.4.1061/avr8-gnu-toolchain/bin/../lib/gcc/avr/4.8.1/../../../../avr/lib/avr6/crtm2560.o
 .bss           0x00000000        0x0 c:/program files (x86)/atmel/atmel toolchain/avr8 gcc/native/3.4.1061/avr8-gnu-toolchain/bin/../lib/gcc/avr/4.8.1/../../../../avr/lib/avr6/crtm2560.o
 .text          0x00000000        0x0 debugPrint.o
 .data          0x00000000        0x0 debugPrint.o
 .bss           0x00000000        0x0 debugPrint.o
 .debug_line    0x00000000        0x0 debugPrint.o
 .debug_str     0x00000000        0x0 debugPrint.o
 .comment       0x00000000       0x31 debugPrint.o
 .text          0x00000000        0x0 FreeRTOS2560.o
 .data          0x00000000        0x0 FreeRTOS2560.o
 .bss           0x00000000        0x0 FreeRTOS2560.o
 .text.vApplicationIdleHook
                0x00000000        0x2 FreeRTOS2560.o
 .text.setDigitalInputPowerReduction
                0x00000000        0x2 FreeRTOS2560.o
 .text          0x00000000        0x0 heap_1.o
 .data          0x00000000        0x0 heap_1.o
 .bss           0x00000000        0x0 heap_1.o
 .text.vPortInitialiseBlocks
                0x00000000        0xa heap_1.o
 .text.xPortGetFreeHeapSize
                0x00000000       0x12 heap_1.o
 .text          0x00000000        0x0 list.o
 .data          0x00000000        0x0 list.o
 .bss           0x00000000        0x0 list.o
 .text          0x00000000        0x0 maxSonar.o
 .data          0x00000000        0x0 maxSonar.o
 .bss           0x00000000        0x0 maxSonar.o
 .text.MaxSonar_ReadRaw
                0x00000000        0x8 maxSonar.o
 .text          0x00000000        0x0 myADC.o
 .data          0x00000000        0x0 myADC.o
 .bss           0x00000000        0x0 myADC.o
 .text          0x00000000        0x0 myUSART.o
 .data          0x00000000        0x0 myUSART.o
 .bss           0x00000000        0x0 myUSART.o
 .text.transmitUSART1
                0x00000000       0x1e myUSART.o
 .text.receiveUSART0
                0x00000000       0x4a myUSART.o
 .text.receiveHandShakeAck
                0x00000000        0xc myUSART.o
 .text.receiveHandShakeStart
                0x00000000        0xa myUSART.o
 .text.receiveHandShakeFin
                0x00000000        0xc myUSART.o
 .text          0x00000000        0x0 port.o
 .data          0x00000000        0x0 port.o
 .bss           0x00000000        0x0 port.o
 .text.vPortEndScheduler
                0x00000000        0x2 port.o
 .text          0x00000000        0x0 queue.o
 .data          0x00000000        0x0 queue.o
 .bss           0x00000000        0x0 queue.o
 .text.xQueueReceiveFromISR
                0x00000000       0x66 queue.o
 .text.xQueuePeekFromISR
                0x00000000       0x2e queue.o
 .text.uxQueueMessagesWaiting
                0x00000000       0x10 queue.o
 .text.uxQueueSpacesAvailable
                0x00000000       0x16 queue.o
 .text.uxQueueMessagesWaitingFromISR
                0x00000000        0x6 queue.o
 .text.vQueueDelete
                0x00000000       0x1e queue.o
 .text.xQueueIsQueueEmptyFromISR
                0x00000000        0xc queue.o
 .text.xQueueIsQueueFullFromISR
                0x00000000        0xe queue.o
 .text          0x00000000        0x0 ringBuffer.o
 .data          0x00000000        0x0 ringBuffer.o
 .bss           0x00000000        0x0 ringBuffer.o
 .text.ringBufferClear
                0x00000000        0x6 ringBuffer.o
 .text          0x00000000        0x0 tasks.o
 .data          0x00000000        0x0 tasks.o
 .bss           0x00000000        0x0 tasks.o
 .text.vTaskDelete
                0x00000000       0x8e tasks.o
 .text.vTaskResume
                0x00000000       0x98 tasks.o
 .text.xTaskResumeFromISR
                0x00000000       0xaa tasks.o
 .text.vTaskEndScheduler
                0x00000000        0xc tasks.o
 .text.xTaskGetTickCount
                0x00000000       0x14 tasks.o
 .text.xTaskGetTickCountFromISR
                0x00000000        0xa tasks.o
 .text.uxTaskGetNumberOfTasks
                0x00000000        0x6 tasks.o
 .text.vTaskDelayUntil
                0x00000000       0x84 tasks.o
 .text.vTaskSuspend
                0x00000000       0x9e tasks.o
 .text.vTaskPlaceOnUnorderedEventList
                0x00000000       0x66 tasks.o
 .text.xTaskRemoveFromUnorderedEventList
                0x00000000       0x74 tasks.o
 .text.xTaskGetCurrentTaskHandle
                0x00000000        0xa tasks.o
 .text.uxTaskResetEventItemValue
                0x00000000       0x2e tasks.o
 .text          0x00000000        0x0 c:/program files (x86)/atmel/atmel toolchain/avr8 gcc/native/3.4.1061/avr8-gnu-toolchain/bin/../lib/gcc/avr/4.8.1/avr6\libgcc.a(_divmodhi4.o)
 .data          0x00000000        0x0 c:/program files (x86)/atmel/atmel toolchain/avr8 gcc/native/3.4.1061/avr8-gnu-toolchain/bin/../lib/gcc/avr/4.8.1/avr6\libgcc.a(_divmodhi4.o)
 .bss           0x00000000        0x0 c:/program files (x86)/atmel/atmel toolchain/avr8 gcc/native/3.4.1061/avr8-gnu-toolchain/bin/../lib/gcc/avr/4.8.1/avr6\libgcc.a(_divmodhi4.o)
 .text.libgcc.mul
                0x00000000        0x0 c:/program files (x86)/atmel/atmel toolchain/avr8 gcc/native/3.4.1061/avr8-gnu-toolchain/bin/../lib/gcc/avr/4.8.1/avr6\libgcc.a(_divmodhi4.o)
 .text.libgcc   0x00000000        0x0 c:/program files (x86)/atmel/atmel toolchain/avr8 gcc/native/3.4.1061/avr8-gnu-toolchain/bin/../lib/gcc/avr/4.8.1/avr6\libgcc.a(_divmodhi4.o)
 .text.libgcc.prologue
                0x00000000        0x0 c:/program files (x86)/atmel/atmel toolchain/avr8 gcc/native/3.4.1061/avr8-gnu-toolchain/bin/../lib/gcc/avr/4.8.1/avr6\libgcc.a(_divmodhi4.o)
 .text.libgcc.builtins
                0x00000000        0x0 c:/program files (x86)/atmel/atmel toolchain/avr8 gcc/native/3.4.1061/avr8-gnu-toolchain/bin/../lib/gcc/avr/4.8.1/avr6\libgcc.a(_divmodhi4.o)
 .text.libgcc.fmul
                0x00000000        0x0 c:/program files (x86)/atmel/atmel toolchain/avr8 gcc/native/3.4.1061/avr8-gnu-toolchain/bin/../lib/gcc/avr/4.8.1/avr6\libgcc.a(_divmodhi4.o)
 .text.libgcc.fixed
                0x00000000        0x0 c:/program files (x86)/atmel/atmel toolchain/avr8 gcc/native/3.4.1061/avr8-gnu-toolchain/bin/../lib/gcc/avr/4.8.1/avr6\libgcc.a(_divmodhi4.o)
 .text          0x00000000        0x0 c:/program files (x86)/atmel/atmel toolchain/avr8 gcc/native/3.4.1061/avr8-gnu-toolchain/bin/../lib/gcc/avr/4.8.1/avr6\libgcc.a(_exit.o)
 .data          0x00000000        0x0 c:/program files (x86)/atmel/atmel toolchain/avr8 gcc/native/3.4.1061/avr8-gnu-toolchain/bin/../lib/gcc/avr/4.8.1/avr6\libgcc.a(_exit.o)
 .bss           0x00000000        0x0 c:/program files (x86)/atmel/atmel toolchain/avr8 gcc/native/3.4.1061/avr8-gnu-toolchain/bin/../lib/gcc/avr/4.8.1/avr6\libgcc.a(_exit.o)
 .text.libgcc.mul
                0x00000000        0x0 c:/program files (x86)/atmel/atmel toolchain/avr8 gcc/native/3.4.1061/avr8-gnu-toolchain/bin/../lib/gcc/avr/4.8.1/avr6\libgcc.a(_exit.o)
 .text.libgcc.div
                0x00000000        0x0 c:/program files (x86)/atmel/atmel toolchain/avr8 gcc/native/3.4.1061/avr8-gnu-toolchain/bin/../lib/gcc/avr/4.8.1/avr6\libgcc.a(_exit.o)
 .text.libgcc   0x00000000        0x0 c:/program files (x86)/atmel/atmel toolchain/avr8 gcc/native/3.4.1061/avr8-gnu-toolchain/bin/../lib/gcc/avr/4.8.1/avr6\libgcc.a(_exit.o)
 .text.libgcc.prologue
                0x00000000        0x0 c:/program files (x86)/atmel/atmel toolchain/avr8 gcc/native/3.4.1061/avr8-gnu-toolchain/bin/../lib/gcc/avr/4.8.1/avr6\libgcc.a(_exit.o)
 .text.libgcc.builtins
                0x00000000        0x0 c:/program files (x86)/atmel/atmel toolchain/avr8 gcc/native/3.4.1061/avr8-gnu-toolchain/bin/../lib/gcc/avr/4.8.1/avr6\libgcc.a(_exit.o)
 .text.libgcc.fmul
                0x00000000        0x0 c:/program files (x86)/atmel/atmel toolchain/avr8 gcc/native/3.4.1061/avr8-gnu-toolchain/bin/../lib/gcc/avr/4.8.1/avr6\libgcc.a(_exit.o)
 .text.libgcc.fixed
                0x00000000        0x0 c:/program files (x86)/atmel/atmel toolchain/avr8 gcc/native/3.4.1061/avr8-gnu-toolchain/bin/../lib/gcc/avr/4.8.1/avr6\libgcc.a(_exit.o)
 .text          0x00000000        0x0 c:/program files (x86)/atmel/atmel toolchain/avr8 gcc/native/3.4.1061/avr8-gnu-toolchain/bin/../lib/gcc/avr/4.8.1/avr6\libgcc.a(_copy_data.o)
 .data          0x00000000        0x0 c:/program files (x86)/atmel/atmel toolchain/avr8 gcc/native/3.4.1061/avr8-gnu-toolchain/bin/../lib/gcc/avr/4.8.1/avr6\libgcc.a(_copy_data.o)
 .bss           0x00000000        0x0 c:/program files (x86)/atmel/atmel toolchain/avr8 gcc/native/3.4.1061/avr8-gnu-toolchain/bin/../lib/gcc/avr/4.8.1/avr6\libgcc.a(_copy_data.o)
 .text.libgcc.mul
                0x00000000        0x0 c:/program files (x86)/atmel/atmel toolchain/avr8 gcc/native/3.4.1061/avr8-gnu-toolchain/bin/../lib/gcc/avr/4.8.1/avr6\libgcc.a(_copy_data.o)
 .text.libgcc.div
                0x00000000        0x0 c:/program files (x86)/atmel/atmel toolchain/avr8 gcc/native/3.4.1061/avr8-gnu-toolchain/bin/../lib/gcc/avr/4.8.1/avr6\libgcc.a(_copy_data.o)
 .text.libgcc   0x00000000        0x0 c:/program files (x86)/atmel/atmel toolchain/avr8 gcc/native/3.4.1061/avr8-gnu-toolchain/bin/../lib/gcc/avr/4.8.1/avr6\libgcc.a(_copy_data.o)
 .text.libgcc.prologue
                0x00000000        0x0 c:/program files (x86)/atmel/atmel toolchain/avr8 gcc/native/3.4.1061/avr8-gnu-toolchain/bin/../lib/gcc/avr/4.8.1/avr6\libgcc.a(_copy_data.o)
 .text.libgcc.builtins
                0x00000000        0x0 c:/program files (x86)/atmel/atmel toolchain/avr8 gcc/native/3.4.1061/avr8-gnu-toolchain/bin/../lib/gcc/avr/4.8.1/avr6\libgcc.a(_copy_data.o)
 .text.libgcc.fmul
                0x00000000        0x0 c:/program files (x86)/atmel/atmel toolchain/avr8 gcc/native/3.4.1061/avr8-gnu-toolchain/bin/../lib/gcc/avr/4.8.1/avr6\libgcc.a(_copy_data.o)
 .text.libgcc.fixed
                0x00000000        0x0 c:/program files (x86)/atmel/atmel toolchain/avr8 gcc/native/3.4.1061/avr8-gnu-toolchain/bin/../lib/gcc/avr/4.8.1/avr6\libgcc.a(_copy_data.o)
 .text          0x00000000        0x0 c:/program files (x86)/atmel/atmel toolchain/avr8 gcc/native/3.4.1061/avr8-gnu-toolchain/bin/../lib/gcc/avr/4.8.1/avr6\libgcc.a(_clear_bss.o)
 .data          0x00000000        0x0 c:/program files (x86)/atmel/atmel toolchain/avr8 gcc/native/3.4.1061/avr8-gnu-toolchain/bin/../lib/gcc/avr/4.8.1/avr6\libgcc.a(_clear_bss.o)
 .bss           0x00000000        0x0 c:/program files (x86)/atmel/atmel toolchain/avr8 gcc/native/3.4.1061/avr8-gnu-toolchain/bin/../lib/gcc/avr/4.8.1/avr6\libgcc.a(_clear_bss.o)
 .text.libgcc.mul
                0x00000000        0x0 c:/program files (x86)/atmel/atmel toolchain/avr8 gcc/native/3.4.1061/avr8-gnu-toolchain/bin/../lib/gcc/avr/4.8.1/avr6\libgcc.a(_clear_bss.o)
 .text.libgcc.div
                0x00000000        0x0 c:/program files (x86)/atmel/atmel toolchain/avr8 gcc/native/3.4.1061/avr8-gnu-toolchain/bin/../lib/gcc/avr/4.8.1/avr6\libgcc.a(_clear_bss.o)
 .text.libgcc   0x00000000        0x0 c:/program files (x86)/atmel/atmel toolchain/avr8 gcc/native/3.4.1061/avr8-gnu-toolchain/bin/../lib/gcc/avr/4.8.1/avr6\libgcc.a(_clear_bss.o)
 .text.libgcc.prologue
                0x00000000        0x0 c:/program files (x86)/atmel/atmel toolchain/avr8 gcc/native/3.4.1061/avr8-gnu-toolchain/bin/../lib/gcc/avr/4.8.1/avr6\libgcc.a(_clear_bss.o)
 .text.libgcc.builtins
                0x00000000        0x0 c:/program files (x86)/atmel/atmel toolchain/avr8 gcc/native/3.4.1061/avr8-gnu-toolchain/bin/../lib/gcc/avr/4.8.1/avr6\libgcc.a(_clear_bss.o)
 .text.libgcc.fmul
                0x00000000        0x0 c:/program files (x86)/atmel/atmel toolchain/avr8 gcc/native/3.4.1061/avr8-gnu-toolchain/bin/../lib/gcc/avr/4.8.1/avr6\libgcc.a(_clear_bss.o)
 .text.libgcc.fixed
                0x00000000        0x0 c:/program files (x86)/atmel/atmel toolchain/avr8 gcc/native/3.4.1061/avr8-gnu-toolchain/bin/../lib/gcc/avr/4.8.1/avr6\libgcc.a(_clear_bss.o)
 .text          0x00000000        0x0 c:/program files (x86)/atmel/atmel toolchain/avr8 gcc/native/3.4.1061/avr8-gnu-toolchain/bin/../lib/gcc/avr/4.8.1/avr6\libgcc.a(_udivmodhi4.o)
 .data          0x00000000        0x0 c:/program files (x86)/atmel/atmel toolchain/avr8 gcc/native/3.4.1061/avr8-gnu-toolchain/bin/../lib/gcc/avr/4.8.1/avr6\libgcc.a(_udivmodhi4.o)
 .bss           0x00000000        0x0 c:/program files (x86)/atmel/atmel toolchain/avr8 gcc/native/3.4.1061/avr8-gnu-toolchain/bin/../lib/gcc/avr/4.8.1/avr6\libgcc.a(_udivmodhi4.o)
 .text.libgcc.mul
                0x00000000        0x0 c:/program files (x86)/atmel/atmel toolchain/avr8 gcc/native/3.4.1061/avr8-gnu-toolchain/bin/../lib/gcc/avr/4.8.1/avr6\libgcc.a(_udivmodhi4.o)
 .text.libgcc   0x00000000        0x0 c:/program files (x86)/atmel/atmel toolchain/avr8 gcc/native/3.4.1061/avr8-gnu-toolchain/bin/../lib/gcc/avr/4.8.1/avr6\libgcc.a(_udivmodhi4.o)
 .text.libgcc.prologue
                0x00000000        0x0 c:/program files (x86)/atmel/atmel toolchain/avr8 gcc/native/3.4.1061/avr8-gnu-toolchain/bin/../lib/gcc/avr/4.8.1/avr6\libgcc.a(_udivmodhi4.o)
 .text.libgcc.builtins
                0x00000000        0x0 c:/program files (x86)/atmel/atmel toolchain/avr8 gcc/native/3.4.1061/avr8-gnu-toolchain/bin/../lib/gcc/avr/4.8.1/avr6\libgcc.a(_udivmodhi4.o)
 .text.libgcc.fmul
                0x00000000        0x0 c:/program files (x86)/atmel/atmel toolchain/avr8 gcc/native/3.4.1061/avr8-gnu-toolchain/bin/../lib/gcc/avr/4.8.1/avr6\libgcc.a(_udivmodhi4.o)
 .text.libgcc.fixed
                0x00000000        0x0 c:/program files (x86)/atmel/atmel toolchain/avr8 gcc/native/3.4.1061/avr8-gnu-toolchain/bin/../lib/gcc/avr/4.8.1/avr6\libgcc.a(_udivmodhi4.o)
 .text          0x00000000        0x0 c:/program files (x86)/atmel/atmel toolchain/avr8 gcc/native/3.4.1061/avr8-gnu-toolchain/bin/../lib/gcc/avr/4.8.1/../../../../avr/lib/avr6\libc.a(memcpy.o)
 .data          0x00000000        0x0 c:/program files (x86)/atmel/atmel toolchain/avr8 gcc/native/3.4.1061/avr8-gnu-toolchain/bin/../lib/gcc/avr/4.8.1/../../../../avr/lib/avr6\libc.a(memcpy.o)
 .bss           0x00000000        0x0 c:/program files (x86)/atmel/atmel toolchain/avr8 gcc/native/3.4.1061/avr8-gnu-toolchain/bin/../lib/gcc/avr/4.8.1/../../../../avr/lib/avr6\libc.a(memcpy.o)
 .text          0x00000000        0x0 c:/program files (x86)/atmel/atmel toolchain/avr8 gcc/native/3.4.1061/avr8-gnu-toolchain/bin/../lib/gcc/avr/4.8.1/../../../../avr/lib/avr6\libc.a(itoa_ncheck.o)
 .data          0x00000000        0x0 c:/program files (x86)/atmel/atmel toolchain/avr8 gcc/native/3.4.1061/avr8-gnu-toolchain/bin/../lib/gcc/avr/4.8.1/../../../../avr/lib/avr6\libc.a(itoa_ncheck.o)
 .bss           0x00000000        0x0 c:/program files (x86)/atmel/atmel toolchain/avr8 gcc/native/3.4.1061/avr8-gnu-toolchain/bin/../lib/gcc/avr/4.8.1/../../../../avr/lib/avr6\libc.a(itoa_ncheck.o)
 .text          0x00000000        0x0 c:/program files (x86)/atmel/atmel toolchain/avr8 gcc/native/3.4.1061/avr8-gnu-toolchain/bin/../lib/gcc/avr/4.8.1/../../../../avr/lib/avr6\libc.a(utoa_ncheck.o)
 .data          0x00000000        0x0 c:/program files (x86)/atmel/atmel toolchain/avr8 gcc/native/3.4.1061/avr8-gnu-toolchain/bin/../lib/gcc/avr/4.8.1/../../../../avr/lib/avr6\libc.a(utoa_ncheck.o)
 .bss           0x00000000        0x0 c:/program files (x86)/atmel/atmel toolchain/avr8 gcc/native/3.4.1061/avr8-gnu-toolchain/bin/../lib/gcc/avr/4.8.1/../../../../avr/lib/avr6\libc.a(utoa_ncheck.o)
 .text          0x00000000        0x0 c:/program files (x86)/atmel/atmel toolchain/avr8 gcc/native/3.4.1061/avr8-gnu-toolchain/bin/../lib/gcc/avr/4.8.1/../../../../avr/lib/avr6\libc.a(strrev.o)
 .data          0x00000000        0x0 c:/program files (x86)/atmel/atmel toolchain/avr8 gcc/native/3.4.1061/avr8-gnu-toolchain/bin/../lib/gcc/avr/4.8.1/../../../../avr/lib/avr6\libc.a(strrev.o)
 .bss           0x00000000        0x0 c:/program files (x86)/atmel/atmel toolchain/avr8 gcc/native/3.4.1061/avr8-gnu-toolchain/bin/../lib/gcc/avr/4.8.1/../../../../avr/lib/avr6\libc.a(strrev.o)

Memory Configuration

Name             Origin             Length             Attributes
text             0x00000000         0x00100000         xr
data             0x00800200         0x0000fe00         rw !x
eeprom           0x00810000         0x00010000         rw !x
fuse             0x00820000         0x00000400         rw !x
lock             0x00830000         0x00000400         rw !x
signature        0x00840000         0x00000400         rw !x
user_signatures  0x00850000         0x00000400         rw !x
*default*        0x00000000         0xffffffff

Linker script and memory map

Address of section .data set to 0x800200
LOAD c:/program files (x86)/atmel/atmel toolchain/avr8 gcc/native/3.4.1061/avr8-gnu-toolchain/bin/../lib/gcc/avr/4.8.1/../../../../avr/lib/avr6/crtm2560.o
LOAD debugPrint.o
LOAD FreeRTOS2560.o
LOAD heap_1.o
LOAD list.o
LOAD maxSonar.o
LOAD myADC.o
LOAD myUSART.o
LOAD port.o
LOAD queue.o
LOAD ringBuffer.o
LOAD tasks.o
START GROUP
LOAD c:/program files (x86)/atmel/atmel toolchain/avr8 gcc/native/3.4.1061/avr8-gnu-toolchain/bin/../lib/gcc/avr/4.8.1/../../../../avr/lib/avr6\libm.a
LOAD C:\Users\tienlong\Desktop\CG3002\Project\arduino\Arduino\Debug\libarduino.a
END GROUP
START GROUP
LOAD c:/program files (x86)/atmel/atmel toolchain/avr8 gcc/native/3.4.1061/avr8-gnu-toolchain/bin/../lib/gcc/avr/4.8.1/avr6\libgcc.a
LOAD c:/program files (x86)/atmel/atmel toolchain/avr8 gcc/native/3.4.1061/avr8-gnu-toolchain/bin/../lib/gcc/avr/4.8.1/../../../../avr/lib/avr6\libm.a
LOAD c:/program files (x86)/atmel/atmel toolchain/avr8 gcc/native/3.4.1061/avr8-gnu-toolchain/bin/../lib/gcc/avr/4.8.1/../../../../avr/lib/avr6\libc.a
END GROUP

.hash
 *(.hash)

.dynsym
 *(.dynsym)

.dynstr
 *(.dynstr)

.gnu.version
 *(.gnu.version)

.gnu.version_d
 *(.gnu.version_d)

.gnu.version_r
 *(.gnu.version_r)

.rel.init
 *(.rel.init)

.rela.init
 *(.rela.init)

.rel.text
 *(.rel.text)
 *(.rel.text.*)
 *(.rel.gnu.linkonce.t*)

.rela.text
 *(.rela.text)
 *(.rela.text.*)
 *(.rela.gnu.linkonce.t*)

.rel.fini
 *(.rel.fini)

.rela.fini
 *(.rela.fini)

.rel.rodata
 *(.rel.rodata)
 *(.rel.rodata.*)
 *(.rel.gnu.linkonce.r*)

.rela.rodata
 *(.rela.rodata)
 *(.rela.rodata.*)
 *(.rela.gnu.linkonce.r*)

.rel.data
 *(.rel.data)
 *(.rel.data.*)
 *(.rel.gnu.linkonce.d*)

.rela.data
 *(.rela.data)
 *(.rela.data.*)
 *(.rela.gnu.linkonce.d*)

.rel.ctors
 *(.rel.ctors)

.rela.ctors
 *(.rela.ctors)

.rel.dtors
 *(.rel.dtors)

.rela.dtors
 *(.rela.dtors)

.rel.got
 *(.rel.got)

.rela.got
 *(.rela.got)

.rel.bss
 *(.rel.bss)

.rela.bss
 *(.rela.bss)

.rel.plt
 *(.rel.plt)

.rela.plt
 *(.rela.plt)

.text           0x00000000     0x1ce6
 *(.vectors)
 .vectors       0x00000000       0xe4 c:/program files (x86)/atmel/atmel toolchain/avr8 gcc/native/3.4.1061/avr8-gnu-toolchain/bin/../lib/gcc/avr/4.8.1/../../../../avr/lib/avr6/crtm2560.o
                0x00000000                __vector_default
                0x00000000                __vectors
 *(.vectors)
 *(.progmem.gcc*)
                0x000000e4                . = ALIGN (0x2)
                0x000000e4                __trampolines_start = .
 *(.trampolines)
 .trampolines   0x000000e4        0x0 linker stubs
 *(.trampolines*)
                0x000000e4                __trampolines_end = .
 *(.progmem*)
                0x000000e4                . = ALIGN (0x2)
 *(.jumptables)
 *(.jumptables*)
 *(.lowtext)
 *(.lowtext*)
                0x000000e4                __ctors_start = .
 *(.ctors)
                0x000000e4                __ctors_end = .
                0x000000e4                __dtors_start = .
 *(.dtors)
                0x000000e4                __dtors_end = .
 SORT(*)(.ctors)
 SORT(*)(.dtors)
 *(.init0)
 .init0         0x000000e4        0x0 c:/program files (x86)/atmel/atmel toolchain/avr8 gcc/native/3.4.1061/avr8-gnu-toolchain/bin/../lib/gcc/avr/4.8.1/../../../../avr/lib/avr6/crtm2560.o
                0x000000e4                __init
 *(.init0)
 *(.init1)
 *(.init1)
 *(.init2)
 .init2         0x000000e4       0x10 c:/program files (x86)/atmel/atmel toolchain/avr8 gcc/native/3.4.1061/avr8-gnu-toolchain/bin/../lib/gcc/avr/4.8.1/../../../../avr/lib/avr6/crtm2560.o
 *(.init2)
 *(.init3)
 *(.init3)
 *(.init4)
 .init4         0x000000f4       0x1a c:/program files (x86)/atmel/atmel toolchain/avr8 gcc/native/3.4.1061/avr8-gnu-toolchain/bin/../lib/gcc/avr/4.8.1/avr6\libgcc.a(_copy_data.o)
                0x000000f4                __do_copy_data
 .init4         0x0000010e       0x10 c:/program files (x86)/atmel/atmel toolchain/avr8 gcc/native/3.4.1061/avr8-gnu-toolchain/bin/../lib/gcc/avr/4.8.1/avr6\libgcc.a(_clear_bss.o)
                0x0000010e                __do_clear_bss
 *(.init4)
 *(.init5)
 *(.init5)
 *(.init6)
 *(.init6)
 *(.init7)
 *(.init7)
 *(.init8)
 *(.init8)
 *(.init9)
 .init9         0x0000011e        0x6 c:/program files (x86)/atmel/atmel toolchain/avr8 gcc/native/3.4.1061/avr8-gnu-toolchain/bin/../lib/gcc/avr/4.8.1/../../../../avr/lib/avr6/crtm2560.o
 *(.init9)
 *(.text)
 .text          0x00000124        0x2 c:/program files (x86)/atmel/atmel toolchain/avr8 gcc/native/3.4.1061/avr8-gnu-toolchain/bin/../lib/gcc/avr/4.8.1/../../../../avr/lib/avr6/crtm2560.o
                0x00000124                __vector_38
                0x00000124                __vector_22
                0x00000124                __vector_28
                0x00000124                __vector_1
                0x00000124                __vector_32
                0x00000124                __vector_34
                0x00000124                __vector_24
                0x00000124                __vector_12
                0x00000124                __vector_55
                0x00000124                __vector_46
                0x00000124                __bad_interrupt
                0x00000124                __vector_6
                0x00000124                __vector_31
                0x00000124                __vector_35
                0x00000124                __vector_39
                0x00000124                __vector_3
                0x00000124                __vector_23
                0x00000124                __vector_30
                0x00000124                __vector_45
                0x00000124                __vector_11
                0x00000124                __vector_54
                0x00000124                __vector_13
                0x00000124                __vector_17
                0x00000124                __vector_19
                0x00000124                __vector_56
                0x00000124                __vector_7
                0x00000124                __vector_49
                0x00000124                __vector_41
                0x00000124                __vector_43
                0x00000124                __vector_27
                0x00000124                __vector_5
                0x00000124                __vector_33
                0x00000124                __vector_47
                0x00000124                __vector_52
                0x00000124                __vector_4
                0x00000124                __vector_44
                0x00000124                __vector_51
                0x00000124                __vector_9
                0x00000124                __vector_2
                0x00000124                __vector_15
                0x00000124                __vector_40
                0x00000124                __vector_8
                0x00000124                __vector_48
                0x00000124                __vector_14
                0x00000124                __vector_53
                0x00000124                __vector_10
                0x00000124                __vector_50
                0x00000124                __vector_16
                0x00000124                __vector_18
                0x00000124                __vector_20
                0x00000124                __vector_42
                0x00000126                . = ALIGN (0x2)
 *(.text.*)
 .text.task1    0x00000126       0x18 FreeRTOS2560.o
                0x00000126                task1
 .text.task2    0x0000013e       0x18 FreeRTOS2560.o
                0x0000013e                task2
 .text.RPI_receiveTask
                0x00000156        0xa FreeRTOS2560.o
                0x00000156                RPI_receiveTask
 .text.RPI_sendTask
                0x00000160        0xa FreeRTOS2560.o
                0x00000160                RPI_sendTask
 .text.maxSonarTask
                0x0000016a       0xe2 FreeRTOS2560.o
                0x0000016a                maxSonarTask
 .text.setPowerReduction
                0x0000024c        0xe FreeRTOS2560.o
                0x0000024c                setPowerReduction
 .text.clearTimer
                0x0000025a       0x3e FreeRTOS2560.o
                0x0000025a                clearTimer
 .text.init     0x00000298       0x20 FreeRTOS2560.o
                0x00000298                init
 .text.main     0x000002b8       0xa6 FreeRTOS2560.o
                0x000002b8                main
 .text.pvPortMalloc
                0x0000035e       0x6a heap_1.o
                0x0000035e                pvPortMalloc
 .text.vPortFree
                0x000003c8        0x2 heap_1.o
                0x000003c8                vPortFree
 .text.vListInitialise
                0x000003ca       0x1c list.o
                0x000003ca                vListInitialise
 .text.vListInitialiseItem
                0x000003e6        0x8 list.o
                0x000003e6                vListInitialiseItem
 .text.vListInsertEnd
                0x000003ee       0x42 list.o
                0x000003ee                vListInsertEnd
 .text.vListInsert
                0x00000430       0x62 list.o
                0x00000430                vListInsert
 .text.uxListRemove
                0x00000492       0x4c list.o
                0x00000492                uxListRemove
 .text.MaxSonar_Start
                0x000004de       0x10 maxSonar.o
                0x000004de                MaxSonar_Start
 .text.MaxSonar_Read
                0x000004ee       0x14 maxSonar.o
                0x000004ee                MaxSonar_Read
 .text.__vector_29
                0x00000502       0x68 myADC.o
                0x00000502                __vector_29
 .text.ADC_Init
                0x0000056a       0x3a myADC.o
                0x0000056a                ADC_Init
 .text.startADC
                0x000005a4       0x52 myADC.o
                0x000005a4                startADC
 .text.readADC  0x000005f6       0x2e myADC.o
                0x000005f6                readADC
 .text.analogRead
                0x00000624        0xe myADC.o
                0x00000624                analogRead
 .text.__vector_36
                0x00000632       0x70 myUSART.o
                0x00000632                __vector_36
 .text.__vector_25
                0x000006a2       0x70 myUSART.o
                0x000006a2                __vector_25
 .text.__vector_37
                0x00000712       0x6c myUSART.o
                0x00000712                __vector_37
 .text.__vector_26
                0x0000077e       0x6c myUSART.o
                0x0000077e                __vector_26
 .text.USART0_Init
                0x000007ea       0x40 myUSART.o
                0x000007ea                USART0_Init
 .text.USART1_Init
                0x0000082a       0x40 myUSART.o
                0x0000082a                USART1_Init
 .text.transmitUSART0_c
                0x0000086a       0x2e myUSART.o
                0x0000086a                transmitUSART0_c
 .text.transmitUSART1_c
                0x00000898       0x2e myUSART.o
                0x00000898                transmitUSART1_c
 .text.transmitUSART0
                0x000008c6       0x1c myUSART.o
                0x000008c6                transmitUSART0
 .text.receiveUSART1
                0x000008e2       0x42 myUSART.o
                0x000008e2                receiveUSART1
 .text.startHandShake
                0x00000924       0x16 myUSART.o
                0x00000924                startHandShake
 .text.waitForHandshake
                0x0000093a       0x1e myUSART.o
                0x0000093a                waitForHandshake
 .text.pxPortInitialiseStack
                0x00000958       0xe4 port.o
                0x00000958                pxPortInitialiseStack
 .text.xPortStartScheduler
                0x00000a3c       0x7a port.o
                0x00000a3c                xPortStartScheduler
 .text.vPortYield
                0x00000ab6       0xc0 port.o
                0x00000ab6                vPortYield
 .text.vPortYieldFromTick
                0x00000b76       0xc4 port.o
                0x00000b76                vPortYieldFromTick
 .text.__vector_21
                0x00000c3a        0x4 port.o
                0x00000c3a                __vector_21
 .text.prvCopyDataToQueue
                0x00000c3e       0xbe queue.o
 .text.prvCopyDataFromQueue
                0x00000cfc       0x32 queue.o
 .text.prvUnlockQueue
                0x00000d2e       0x8c queue.o
 .text.xQueueGenericReset
                0x00000dba       0x72 queue.o
                0x00000dba                xQueueGenericReset
 .text.xQueueGenericCreate
                0x00000e2c       0x54 queue.o
                0x00000e2c                xQueueGenericCreate
 .text.xQueueGenericSend
                0x00000e80      0x126 queue.o
                0x00000e80                xQueueGenericSend
 .text.xQueueCreateMutex
                0x00000fa6       0x50 queue.o
                0x00000fa6                xQueueCreateMutex
 .text.xQueueGenericSendFromISR
                0x00000ff6       0x74 queue.o
                0x00000ff6                xQueueGenericSendFromISR
 .text.xQueueGenericReceive
                0x0000106a      0x166 queue.o
                0x0000106a                xQueueGenericReceive
 .text.ringBufferInit
                0x000011d0        0xe ringBuffer.o
                0x000011d0                ringBufferInit
 .text.ringBufferPop
                0x000011de       0x24 ringBuffer.o
                0x000011de                ringBufferPop
 .text.ringBufferPush
                0x00001202       0x2c ringBuffer.o
                0x00001202                ringBufferPush
 .text.ringBufferFull
                0x0000122e        0xe ringBuffer.o
                0x0000122e                ringBufferFull
 .text.ringBufferNotEmpty
                0x0000123c       0x10 ringBuffer.o
                0x0000123c                ringBufferNotEmpty
 .text.prvResetNextTaskUnblockTime
                0x0000124c       0x3e tasks.o
 .text.prvAddCurrentTaskToDelayedList
                0x0000128a       0x6a tasks.o
 .text.xTaskGenericCreate
                0x000012f4      0x214 tasks.o
                0x000012f4                xTaskGenericCreate
 .text.vTaskStartScheduler
                0x00001508       0x52 tasks.o
                0x00001508                vTaskStartScheduler
 .text.vTaskSuspendAll
                0x0000155a        0xc tasks.o
                0x0000155a                vTaskSuspendAll
 .text.xTaskIncrementTick
                0x00001566      0x17c tasks.o
                0x00001566                xTaskIncrementTick
 .text.xTaskResumeAll
                0x000016e2      0x102 tasks.o
                0x000016e2                xTaskResumeAll
 .text.vTaskDelay
                0x000017e4       0x38 tasks.o
                0x000017e4                vTaskDelay
 .text.prvIdleTask
                0x0000181c       0x72 tasks.o
 .text.vTaskSwitchContext
                0x0000188e       0xbc tasks.o
                0x0000188e                vTaskSwitchContext
 .text.vTaskPlaceOnEventList
                0x0000194a       0x56 tasks.o
                0x0000194a                vTaskPlaceOnEventList
 .text.xTaskRemoveFromEventList
                0x000019a0       0x90 tasks.o
                0x000019a0                xTaskRemoveFromEventList
 .text.vTaskSetTimeOutState
                0x00001a30       0x16 tasks.o
                0x00001a30                vTaskSetTimeOutState
 .text.xTaskCheckForTimeOut
                0x00001a46       0x70 tasks.o
                0x00001a46                xTaskCheckForTimeOut
 .text.vTaskMissedYield
                0x00001ab6        0x8 tasks.o
                0x00001ab6                vTaskMissedYield
 .text.vTaskPriorityInherit
                0x00001abe       0xbc tasks.o
                0x00001abe                vTaskPriorityInherit
 .text.xTaskPriorityDisinherit
                0x00001b7a       0x7e tasks.o
                0x00001b7a                xTaskPriorityDisinherit
 .text.pvTaskIncrementMutexHeldCount
                0x00001bf8       0x24 tasks.o
                0x00001bf8                pvTaskIncrementMutexHeldCount
 .text.libgcc.div
                0x00001c1c       0x26 c:/program files (x86)/atmel/atmel toolchain/avr8 gcc/native/3.4.1061/avr8-gnu-toolchain/bin/../lib/gcc/avr/4.8.1/avr6\libgcc.a(_divmodhi4.o)
                0x00001c1c                _div
                0x00001c1c                __divmodhi4
 .text.libgcc.div
                0x00001c42       0x28 c:/program files (x86)/atmel/atmel toolchain/avr8 gcc/native/3.4.1061/avr8-gnu-toolchain/bin/../lib/gcc/avr/4.8.1/avr6\libgcc.a(_udivmodhi4.o)
                0x00001c42                __udivmodhi4
 .text.avr-libc
                0x00001c6a       0x12 c:/program files (x86)/atmel/atmel toolchain/avr8 gcc/native/3.4.1061/avr8-gnu-toolchain/bin/../lib/gcc/avr/4.8.1/../../../../avr/lib/avr6\libc.a(memcpy.o)
                0x00001c6a                memcpy
 .text.avr-libc
                0x00001c7c       0x14 c:/program files (x86)/atmel/atmel toolchain/avr8 gcc/native/3.4.1061/avr8-gnu-toolchain/bin/../lib/gcc/avr/4.8.1/../../../../avr/lib/avr6\libc.a(itoa_ncheck.o)
                0x00001c7c                __itoa_ncheck
 .text.avr-libc
                0x00001c90       0x32 c:/program files (x86)/atmel/atmel toolchain/avr8 gcc/native/3.4.1061/avr8-gnu-toolchain/bin/../lib/gcc/avr/4.8.1/../../../../avr/lib/avr6\libc.a(utoa_ncheck.o)
                0x00001c90                __utoa_ncheck
                0x00001c92                __utoa_common
 .text.avr-libc
                0x00001cc2       0x20 c:/program files (x86)/atmel/atmel toolchain/avr8 gcc/native/3.4.1061/avr8-gnu-toolchain/bin/../lib/gcc/avr/4.8.1/../../../../avr/lib/avr6\libc.a(strrev.o)
                0x00001cc2                strrev
                0x00001ce2                . = ALIGN (0x2)
 *(.fini9)
 .fini9         0x00001ce2        0x0 c:/program files (x86)/atmel/atmel toolchain/avr8 gcc/native/3.4.1061/avr8-gnu-toolchain/bin/../lib/gcc/avr/4.8.1/avr6\libgcc.a(_exit.o)
                0x00001ce2                _exit
                0x00001ce2                exit
 *(.fini9)
 *(.fini8)
 *(.fini8)
 *(.fini7)
 *(.fini7)
 *(.fini6)
 *(.fini6)
 *(.fini5)
 *(.fini5)
 *(.fini4)
 *(.fini4)
 *(.fini3)
 *(.fini3)
 *(.fini2)
 *(.fini2)
 *(.fini1)
 *(.fini1)
 *(.fini0)
 .fini0         0x00001ce2        0x4 c:/program files (x86)/atmel/atmel toolchain/avr8 gcc/native/3.4.1061/avr8-gnu-toolchain/bin/../lib/gcc/avr/4.8.1/avr6\libgcc.a(_exit.o)
 *(.fini0)
                0x00001ce6                _etext = .

.data           0x00800200       0x7a load address 0x00001ce6
                0x00800200                PROVIDE (__data_start, .)
 *(.data)
 *(.data*)
 .data.xNextTaskUnblockTime
                0x00800200        0x2 tasks.o
 *(.rodata)
 *(.rodata*)
 .rodata.str1.1
                0x00800202       0x73 FreeRTOS2560.o
 .rodata.str1.1
                0x00800275        0x5 tasks.o
 *(.gnu.linkonce.d*)
                0x0080027a                . = ALIGN (0x2)
                0x0080027a                _edata = .
                0x0080027a                PROVIDE (__data_end, .)

.bss            0x0080027a      0x6df
                0x0080027a                PROVIDE (__bss_start, .)
 *(.bss)
 *(.bss*)
 .bss.pucAlignedHeap.1837
                0x0080027a        0x2 heap_1.o
 .bss.xNextFreeByte
                0x0080027c        0x2 heap_1.o
 .bss.ucHeap    0x0080027e      0x5dc heap_1.o
 .bss.uxSchedulerSuspended
                0x0080085a        0x1 tasks.o
 .bss.uxTaskNumber
                0x0080085b        0x1 tasks.o
 .bss.xNumOfOverflows
                0x0080085c        0x1 tasks.o
 .bss.xYieldPending
                0x0080085d        0x1 tasks.o
 .bss.uxPendedTicks
                0x0080085e        0x1 tasks.o
 .bss.xSchedulerRunning
                0x0080085f        0x1 tasks.o
 .bss.uxTopReadyPriority
                0x00800860        0x1 tasks.o
 .bss.xTickCount
                0x00800861        0x2 tasks.o
 .bss.uxCurrentNumberOfTasks
                0x00800863        0x1 tasks.o
 .bss.xSuspendedTaskList
                0x00800864        0x9 tasks.o
 .bss.uxTasksDeleted
                0x0080086d        0x1 tasks.o
 .bss.xTasksWaitingTermination
                0x0080086e        0x9 tasks.o
 .bss.xPendingReadyList
                0x00800877        0x9 tasks.o
 .bss.pxOverflowDelayedTaskList
                0x00800880        0x2 tasks.o
 .bss.pxDelayedTaskList
                0x00800882        0x2 tasks.o
 .bss.xDelayedTaskList2
                0x00800884        0x9 tasks.o
 .bss.xDelayedTaskList1
                0x0080088d        0x9 tasks.o
 .bss.pxReadyTasksLists
                0x00800896       0x24 tasks.o
 .bss.pxCurrentTCB
                0x008008ba        0x2 tasks.o
                0x008008ba                pxCurrentTCB
 *(COMMON)
 COMMON         0x008008bc        0x5 myADC.o
                0x008008bc                adcReading
                0x008008bd                semaGuardStartADC
                0x008008bf                semaReadADC
 COMMON         0x008008c1       0x98 myUSART.o
                0x008008c1                uart1_rxBuffer
                0x008008e1                uart0_rxRingBuffer
                0x008008e6                uart0_txBuffer
                0x00800906                uart0_rxBuffer
                0x00800926                uart1_txBuffer
                0x00800946                semaUsart0Receive
                0x00800948                semaUsart1Receive
                0x0080094a                uart1_txRingBuffer
                0x0080094f                uart0_txRingBuffer
                0x00800954                uart1_rxRingBuffer
                0x00800959                PROVIDE (__bss_end, .)
                0x00001ce6                __data_load_start = LOADADDR (.data)
                0x00001d60                __data_load_end = (__data_load_start + SIZEOF (.data))

.noinit         0x00800959        0x0
                0x00800959                PROVIDE (__noinit_start, .)
 *(.noinit*)
                0x00800959                PROVIDE (__noinit_end, .)
                0x00800959                _end = .
                0x00800959                PROVIDE (__heap_start, .)

.eeprom         0x00810000        0x0
 *(.eeprom*)
                0x00810000                __eeprom_end = .

.fuse
 *(.fuse)
 *(.lfuse)
 *(.hfuse)
 *(.efuse)

.lock
 *(.lock*)

.signature
 *(.signature*)

.user_signatures
 *(.user_signatures*)

.stab
 *(.stab)

.stabstr
 *(.stabstr)

.stab.excl
 *(.stab.excl)

.stab.exclstr
 *(.stab.exclstr)

.stab.index
 *(.stab.index)

.stab.indexstr
 *(.stab.indexstr)

.comment        0x00000000       0x30
 *(.comment)
 .comment       0x00000000       0x30 FreeRTOS2560.o
                                 0x31 (size before relaxing)
 .comment       0x00000000       0x31 heap_1.o
 .comment       0x00000000       0x31 list.o
 .comment       0x00000000       0x31 maxSonar.o
 .comment       0x00000000       0x31 myADC.o
 .comment       0x00000000       0x31 myUSART.o
 .comment       0x00000000       0x31 port.o
 .comment       0x00000000       0x31 queue.o
 .comment       0x00000000       0x31 ringBuffer.o
 .comment       0x00000000       0x31 tasks.o

.note.gnu.build-id
 *(.note.gnu.build-id)

.debug
 *(.debug)

.line
 *(.line)

.debug_srcinfo
 *(.debug_srcinfo)

.debug_sfnames
 *(.debug_sfnames)

.debug_aranges  0x00000000      0x438
 *(.debug_aranges)
 .debug_aranges
                0x00000000       0x70 FreeRTOS2560.o
 .debug_aranges
                0x00000070       0x38 heap_1.o
 .debug_aranges
                0x000000a8       0x40 list.o
 .debug_aranges
                0x000000e8       0x30 maxSonar.o
 .debug_aranges
                0x00000118       0x40 myADC.o
 .debug_aranges
                0x00000158       0xa0 myUSART.o
 .debug_aranges
                0x000001f8       0x48 port.o
 .debug_aranges
                0x00000240       0xa0 queue.o
 .debug_aranges
                0x000002e0       0x48 ringBuffer.o
 .debug_aranges
                0x00000328      0x110 tasks.o

.debug_pubnames
 *(.debug_pubnames)

.debug_info     0x00000000     0x4a2f
 *(.debug_info .gnu.linkonce.wi.*)
 .debug_info    0x00000000      0xaef FreeRTOS2560.o
 .debug_info    0x00000aef      0x1ad heap_1.o
 .debug_info    0x00000c9c      0x2c6 list.o
 .debug_info    0x00000f62      0x16b maxSonar.o
 .debug_info    0x000010cd      0x39d myADC.o
 .debug_info    0x0000146a      0x9bd myUSART.o
 .debug_info    0x00001e27      0x20d port.o
 .debug_info    0x00002034     0x1023 queue.o
 .debug_info    0x00003057      0x20d ringBuffer.o
 .debug_info    0x00003264     0x17cb tasks.o

.debug_abbrev   0x00000000     0x10da
 *(.debug_abbrev)
 .debug_abbrev  0x00000000      0x2fe FreeRTOS2560.o
 .debug_abbrev  0x000002fe      0x12e heap_1.o
 .debug_abbrev  0x0000042c       0xf8 list.o
 .debug_abbrev  0x00000524       0xc7 maxSonar.o
 .debug_abbrev  0x000005eb      0x126 myADC.o
 .debug_abbrev  0x00000711      0x1f9 myUSART.o
 .debug_abbrev  0x0000090a      0x13d port.o
 .debug_abbrev  0x00000a47      0x2b6 queue.o
 .debug_abbrev  0x00000cfd       0xd9 ringBuffer.o
 .debug_abbrev  0x00000dd6      0x304 tasks.o

.debug_line     0x00000000     0x2d89
 *(.debug_line .debug_line.* .debug_line_end)
 .debug_line    0x00000000      0x557 FreeRTOS2560.o
 .debug_line    0x00000557      0x26e heap_1.o
 .debug_line    0x000007c5      0x282 list.o
 .debug_line    0x00000a47      0x201 maxSonar.o
 .debug_line    0x00000c48      0x232 myADC.o
 .debug_line    0x00000e7a      0x4ac myUSART.o
 .debug_line    0x00001326      0x343 port.o
 .debug_line    0x00001669      0x8f0 queue.o
 .debug_line    0x00001f59      0x14f ringBuffer.o
 .debug_line    0x000020a8      0xce1 tasks.o

.debug_frame    0x00000000      0xc24
 *(.debug_frame)
 .debug_frame   0x00000000       0xec FreeRTOS2560.o
 .debug_frame   0x000000ec       0x60 heap_1.o
 .debug_frame   0x0000014c       0x88 list.o
 .debug_frame   0x000001d4       0x44 maxSonar.o
 .debug_frame   0x00000218       0xbc myADC.o
 .debug_frame   0x000002d4      0x27c myUSART.o
 .debug_frame   0x00000550       0x74 port.o
 .debug_frame   0x000005c4      0x23c queue.o
 .debug_frame   0x00000800       0x74 ringBuffer.o
 .debug_frame   0x00000874      0x3b0 tasks.o

.debug_str      0x00000000     0x128d
 *(.debug_str)
 .debug_str     0x00000000      0x396 FreeRTOS2560.o
                                0x3df (size before relaxing)
 .debug_str     0x00000396       0xaf heap_1.o
                                0x226 (size before relaxing)
 .debug_str     0x00000445      0x129 list.o
                                0x2a1 (size before relaxing)
 .debug_str     0x0000056e       0x3a maxSonar.o
                                0x1d9 (size before relaxing)
 .debug_str     0x000005a8       0xe1 myADC.o
                                0x283 (size before relaxing)
 .debug_str     0x00000689      0x201 myUSART.o
                                0x44a (size before relaxing)
 .debug_str     0x0000088a       0xda port.o
                                0x277 (size before relaxing)
 .debug_str     0x00000964      0x3b9 queue.o
                                0x6ea (size before relaxing)
 .debug_str     0x00000d1d       0x36 ringBuffer.o
                                0x20c (size before relaxing)
 .debug_str     0x00000d53      0x53a tasks.o
                                0xa53 (size before relaxing)

.debug_loc      0x00000000     0x3484
 *(.debug_loc)
 .debug_loc     0x00000000      0x1b6 FreeRTOS2560.o
 .debug_loc     0x000001b6       0xf1 heap_1.o
 .debug_loc     0x000002a7      0x155 list.o
 .debug_loc     0x000003fc       0x42 maxSonar.o
 .debug_loc     0x0000043e      0x188 myADC.o
 .debug_loc     0x000005c6      0x5af myUSART.o
 .debug_loc     0x00000b75      0x29b port.o
 .debug_loc     0x00000e10     0x10b5 queue.o
 .debug_loc     0x00001ec5       0xbe ringBuffer.o
 .debug_loc     0x00001f83     0x1501 tasks.o

.debug_macinfo
 *(.debug_macinfo)

.debug_weaknames
 *(.debug_weaknames)

.debug_funcnames
 *(.debug_funcnames)

.debug_typenames
 *(.debug_typenames)

.debug_varnames
 *(.debug_varnames)

.debug_pubtypes
 *(.debug_pubtypes)

.debug_ranges   0x00000000      0x408
 *(.debug_ranges)
 .debug_ranges  0x00000000       0x60 FreeRTOS2560.o
 .debug_ranges  0x00000060       0x28 heap_1.o
 .debug_ranges  0x00000088       0x30 list.o
 .debug_ranges  0x000000b8       0x20 maxSonar.o
 .debug_ranges  0x000000d8       0x30 myADC.o
 .debug_ranges  0x00000108       0x90 myUSART.o
 .debug_ranges  0x00000198       0x38 port.o
 .debug_ranges  0x000001d0       0x90 queue.o
 .debug_ranges  0x00000260       0x38 ringBuffer.o
 .debug_ranges  0x00000298      0x170 tasks.o

.debug_macro
 *(.debug_macro)
OUTPUT(FreeRTOS2560.elf elf32-avr)
LOAD linker stubs
